{
  "direct_native": [
    {
      "group": "cycle_four",
      "landmark": "ONE_END",
      "trained_generator_displacement_nmse": 0.5826258528604744,
      "random_generator_displacement_nmse": 0.3541918920784888,
      "seeds_better_than_random": 0,
      "trained_composite_displacement_nmse": 0.5512034970887355,
      "random_composite_displacement_nmse": 0.503327625276672,
      "numeric_null_generator_displacement_nmse": 0.5839813106206501,
      "law_consistency_nmse": 0.42801360629124646,
      "wrong_order_gap": 0.0003464672886025861
    },
    {
      "group": "cycle_four",
      "landmark": "source_query_concat",
      "trained_generator_displacement_nmse": 0.607276654221963,
      "random_generator_displacement_nmse": 0.35509403094263026,
      "seeds_better_than_random": 0,
      "trained_composite_displacement_nmse": 2.772763331347487,
      "random_composite_displacement_nmse": 0.5041615343648345,
      "numeric_null_generator_displacement_nmse": 0.6046483804065607,
      "law_consistency_nmse": 0.3794583725904314,
      "wrong_order_gap": -5.148489005804416e-05
    },
    {
      "group": "cycle_none",
      "landmark": "ONE_END",
      "trained_generator_displacement_nmse": 0.44497006927467364,
      "random_generator_displacement_nmse": 0.3541918920784888,
      "seeds_better_than_random": 0,
      "trained_composite_displacement_nmse": 0.6171282566740655,
      "random_composite_displacement_nmse": 0.503327625276672,
      "numeric_null_generator_displacement_nmse": 0.42691584199434646,
      "law_consistency_nmse": 0.43951291513572716,
      "wrong_order_gap": 0.024816427063515802
    },
    {
      "group": "cycle_none",
      "landmark": "source_query_concat",
      "trained_generator_displacement_nmse": 0.4934814138743859,
      "random_generator_displacement_nmse": 0.3550963315126103,
      "seeds_better_than_random": 0,
      "trained_composite_displacement_nmse": 1.5080102243411357,
      "random_composite_displacement_nmse": 0.504160908458783,
      "numeric_null_generator_displacement_nmse": 0.49397807501296387,
      "law_consistency_nmse": 0.5009979971281772,
      "wrong_order_gap": 0.006366751232762142
    },
    {
      "group": "cycle_three",
      "landmark": "ONE_END",
      "trained_generator_displacement_nmse": 0.5754375443278034,
      "random_generator_displacement_nmse": 0.3541918943011931,
      "seeds_better_than_random": 0,
      "trained_composite_displacement_nmse": 0.5482545327614728,
      "random_composite_displacement_nmse": 0.503327625265404,
      "numeric_null_generator_displacement_nmse": 0.578028108571239,
      "law_consistency_nmse": 0.40181286648523235,
      "wrong_order_gap": 0.002808537843365324
    },
    {
      "group": "cycle_three",
      "landmark": "source_query_concat",
      "trained_generator_displacement_nmse": 0.6053473391326755,
      "random_generator_displacement_nmse": 0.3551096261648348,
      "seeds_better_than_random": 0,
      "trained_composite_displacement_nmse": 1.9413633155784566,
      "random_composite_displacement_nmse": 0.5041728302939424,
      "numeric_null_generator_displacement_nmse": 0.5966142571063484,
      "law_consistency_nmse": 0.37580159051335454,
      "wrong_order_gap": 0.0002890117232884725
    },
    {
      "group": "interior_four",
      "landmark": "ONE_END",
      "trained_generator_displacement_nmse": 0.4867871951487773,
      "random_generator_displacement_nmse": 0.3541918980836307,
      "seeds_better_than_random": 0,
      "trained_composite_displacement_nmse": 0.5322371270817304,
      "random_composite_displacement_nmse": 0.503327627703723,
      "numeric_null_generator_displacement_nmse": 0.4490651405839928,
      "law_consistency_nmse": 0.4899994600449736,
      "wrong_order_gap": 0.0005507465371672815
    },
    {
      "group": "interior_four",
      "landmark": "source_query_concat",
      "trained_generator_displacement_nmse": 0.44798982364710066,
      "random_generator_displacement_nmse": 0.35513439275098224,
      "seeds_better_than_random": 0,
      "trained_composite_displacement_nmse": 0.5316379929166531,
      "random_composite_displacement_nmse": 0.5042082101911647,
      "numeric_null_generator_displacement_nmse": 0.449995594593157,
      "law_consistency_nmse": 0.39150489724607834,
      "wrong_order_gap": 0.0003820966109745935
    },
    {
      "group": "interior_none",
      "landmark": "ONE_END",
      "trained_generator_displacement_nmse": 0.43962335938465896,
      "random_generator_displacement_nmse": 0.3541918920784888,
      "seeds_better_than_random": 0,
      "trained_composite_displacement_nmse": 0.5166652789043286,
      "random_composite_displacement_nmse": 0.503327625276672,
      "numeric_null_generator_displacement_nmse": 0.363162873178925,
      "law_consistency_nmse": 0.4454549006538901,
      "wrong_order_gap": 0.04010646008358036
    },
    {
      "group": "interior_none",
      "landmark": "source_query_concat",
      "trained_generator_displacement_nmse": 0.3640454027279338,
      "random_generator_displacement_nmse": 0.35511752092285126,
      "seeds_better_than_random": 1,
      "trained_composite_displacement_nmse": 0.5097171649209842,
      "random_composite_displacement_nmse": 0.5041906004837778,
      "numeric_null_generator_displacement_nmse": 0.33348657229268214,
      "law_consistency_nmse": 0.4082271939975353,
      "wrong_order_gap": 0.0754943967535091
    },
    {
      "group": "position_four",
      "landmark": "ONE_END",
      "trained_generator_displacement_nmse": 0.46111504209196413,
      "random_generator_displacement_nmse": 0.3541918980836307,
      "seeds_better_than_random": 0,
      "trained_composite_displacement_nmse": 0.6063081552770311,
      "random_composite_displacement_nmse": 0.503327627703723,
      "numeric_null_generator_displacement_nmse": 0.43616887172671864,
      "law_consistency_nmse": 0.4740735709921611,
      "wrong_order_gap": 0.010585295398586112
    },
    {
      "group": "position_four",
      "landmark": "source_query_concat",
      "trained_generator_displacement_nmse": 0.3557603057459917,
      "random_generator_displacement_nmse": 0.3551257679509856,
      "seeds_better_than_random": 1,
      "trained_composite_displacement_nmse": 2.1126370315961944,
      "random_composite_displacement_nmse": 0.5042028088580509,
      "numeric_null_generator_displacement_nmse": 0.4294224313719546,
      "law_consistency_nmse": 0.382398707964043,
      "wrong_order_gap": 0.005605555505073487
    },
    {
      "group": "position_none",
      "landmark": "ONE_END",
      "trained_generator_displacement_nmse": 0.48165378874299963,
      "random_generator_displacement_nmse": 0.3541918980836307,
      "seeds_better_than_random": 0,
      "trained_composite_displacement_nmse": 0.5447156586466323,
      "random_composite_displacement_nmse": 0.503327627703723,
      "numeric_null_generator_displacement_nmse": 0.456065162378322,
      "law_consistency_nmse": 0.45027635873506616,
      "wrong_order_gap": 0.0059584342723716065
    },
    {
      "group": "position_none",
      "landmark": "source_query_concat",
      "trained_generator_displacement_nmse": 0.4717674459876859,
      "random_generator_displacement_nmse": 0.3551475641598709,
      "seeds_better_than_random": 0,
      "trained_composite_displacement_nmse": 0.5396918317728389,
      "random_composite_displacement_nmse": 0.5042109916811761,
      "numeric_null_generator_displacement_nmse": 0.4556507743010883,
      "law_consistency_nmse": 0.3875962366233063,
      "wrong_order_gap": 0.010767375280890048
    },
    {
      "group": "position_three",
      "landmark": "ONE_END",
      "trained_generator_displacement_nmse": 0.40986929811414236,
      "random_generator_displacement_nmse": 0.3541918980836307,
      "seeds_better_than_random": 0,
      "trained_composite_displacement_nmse": 0.5820542877196122,
      "random_composite_displacement_nmse": 0.503327627703723,
      "numeric_null_generator_displacement_nmse": 0.3647300764318815,
      "law_consistency_nmse": 0.4376268612293958,
      "wrong_order_gap": 0.05233252296667474
    },
    {
      "group": "position_three",
      "landmark": "source_query_concat",
      "trained_generator_displacement_nmse": 0.39872370119680517,
      "random_generator_displacement_nmse": 0.35507767365971815,
      "seeds_better_than_random": 0,
      "trained_composite_displacement_nmse": 1.8598909135663153,
      "random_composite_displacement_nmse": 0.5041709023923445,
      "numeric_null_generator_displacement_nmse": 0.43163511985869657,
      "law_consistency_nmse": 0.4220877852200855,
      "wrong_order_gap": 0.014013709834070557
    }
  ],
  "direct_field": [
    {
      "group": "P",
      "trained_generator_displacement_nmse": 0.5192945572817987,
      "random_generator_displacement_nmse": 0.5401542098994574,
      "trained_composite_displacement_nmse": 0.6244353906815413,
      "random_composite_displacement_nmse": 0.6044749306224284,
      "onehot_generator_displacement_nmse": 1.2849233896991904e-12,
      "law_consistency_nmse": 0.49313386136287224
    },
    {
      "group": "M1",
      "trained_generator_displacement_nmse": 0.5745329226437352,
      "random_generator_displacement_nmse": 0.5401542098994574,
      "trained_composite_displacement_nmse": 0.6584417309624007,
      "random_composite_displacement_nmse": 0.6044749306224284,
      "onehot_generator_displacement_nmse": 0.26894722292495044,
      "law_consistency_nmse": 0.5487020697763549
    },
    {
      "group": "M2",
      "trained_generator_displacement_nmse": 0.5592288455234012,
      "random_generator_displacement_nmse": 0.5401542098994574,
      "trained_composite_displacement_nmse": 0.6420330934824603,
      "random_composite_displacement_nmse": 0.6044749306224284,
      "onehot_generator_displacement_nmse": 0.26584235667809597,
      "law_consistency_nmse": 0.5527929620156691
    }
  ],
  "field": [
    {
      "group": "P",
      "crossed_world_seed_settings": 9,
      "trained_rotation_nmse": 0.7194588256032768,
      "random_rotation_nmse": 0.8666399508312754,
      "trained_cyclic_composite_nmse": 0.8238269840760133,
      "random_cyclic_composite_nmse": 0.9549972152607447,
      "trained_generator_nmse": 0.7309909657422637,
      "random_generator_nmse": 0.8670505890214677,
      "trained_composite_nmse": 0.813050347405451,
      "random_composite_nmse": 0.9480570782823232,
      "trained_law_consistency_nmse": 0.4771080107981818,
      "random_law_consistency_nmse": 0.5755001179351642,
      "trained_wrong_order_gap": 0.45220883762432096,
      "random_wrong_order_gap": 0.06674691095692355,
      "trained_projection_nmse": 0.6562842436161629,
      "random_projection_nmse": 1.0035015832803884,
      "trained_projection_double_nmse": 0.6832172185544153,
      "random_projection_double_nmse": 1.0001119224211579,
      "trained_projection_idempotence_nmse": 0.03407728646685531,
      "random_projection_idempotence_nmse": 0.0002886972684484166,
      "rotation_better_than_random_settings": 8,
      "projection_better_than_random_settings": 9,
      "onehot_generator_nmse": 1.1144635469453849e-12,
      "onehot_projection_nmse": 1.4041002050076643e-12
    },
    {
      "group": "M1",
      "crossed_world_seed_settings": 9,
      "trained_rotation_nmse": 0.8556550587332843,
      "random_rotation_nmse": 0.8666399508312754,
      "trained_cyclic_composite_nmse": 0.96813648512549,
      "random_cyclic_composite_nmse": 0.9549972152607447,
      "trained_generator_nmse": 0.8498891395378907,
      "random_generator_nmse": 0.8670505890214677,
      "trained_composite_nmse": 0.9590427596226812,
      "random_composite_nmse": 0.9480570782823232,
      "trained_law_consistency_nmse": 0.5805162459297775,
      "random_law_consistency_nmse": 0.5755001179351642,
      "trained_wrong_order_gap": 0.1296013338355577,
      "random_wrong_order_gap": 0.06674691095692355,
      "trained_projection_nmse": 0.8219846457023867,
      "random_projection_nmse": 1.0035015832803884,
      "trained_projection_double_nmse": 0.8684965379292041,
      "random_projection_double_nmse": 1.0001119224211579,
      "trained_projection_idempotence_nmse": 0.025297861008943746,
      "random_projection_idempotence_nmse": 0.0002886972684484166,
      "rotation_better_than_random_settings": 5,
      "projection_better_than_random_settings": 9,
      "onehot_generator_nmse": 0.2334196580447154,
      "onehot_projection_nmse": 0.37318833787906824
    },
    {
      "group": "M2",
      "crossed_world_seed_settings": 9,
      "trained_rotation_nmse": 0.8667466481153492,
      "random_rotation_nmse": 0.8666399508312754,
      "trained_cyclic_composite_nmse": 0.9855666478572839,
      "random_cyclic_composite_nmse": 0.9549972152607447,
      "trained_generator_nmse": 0.8599180873423072,
      "random_generator_nmse": 0.8670505890214677,
      "trained_composite_nmse": 0.9745888385670014,
      "random_composite_nmse": 0.9480570782823232,
      "trained_law_consistency_nmse": 0.6011541220785024,
      "random_law_consistency_nmse": 0.5755001179351642,
      "trained_wrong_order_gap": 0.09595050583917926,
      "random_wrong_order_gap": 0.06674691095692355,
      "trained_projection_nmse": 0.7877146719985082,
      "random_projection_nmse": 1.0035015832803884,
      "trained_projection_double_nmse": 0.8330534173960982,
      "random_projection_double_nmse": 1.0001119224211579,
      "trained_projection_idempotence_nmse": 0.028926216998905033,
      "random_projection_idempotence_nmse": 0.0002886972684484166,
      "rotation_better_than_random_settings": 4,
      "projection_better_than_random_settings": 9,
      "onehot_generator_nmse": 0.2972551720902483,
      "onehot_projection_nmse": 0.3731883378790682
    }
  ]
}
