{"completed": "cycle_none_s1009_random", "seconds": 8.95, "prefix_generator_nmse": 0.6896386959176771, "query_generator_nmse": 0.6863940485706762}
{"completed": "cycle_none_s1009_trained", "seconds": 7.51, "prefix_generator_nmse": 0.6765288632731631, "query_generator_nmse": 0.7392309505053477}
{"completed": "cycle_none_s2027_random", "seconds": 7.93, "prefix_generator_nmse": 0.6949288389732381, "query_generator_nmse": 0.6972711354167244}
{"completed": "cycle_none_s2027_trained", "seconds": 7.56, "prefix_generator_nmse": 0.7966127555120162, "query_generator_nmse": 0.7465835811370232}
{"completed": "cycle_none_s3037_random", "seconds": 8.23, "prefix_generator_nmse": 0.7023262123822368, "query_generator_nmse": 0.7118616580462733}
{"completed": "cycle_none_s3037_trained", "seconds": 7.85, "prefix_generator_nmse": 0.6418275168296929, "query_generator_nmse": 0.7438462831104443}
{"completed": "cycle_three_s1009_random", "seconds": 8.5, "prefix_generator_nmse": 0.689638693136501, "query_generator_nmse": 0.686414707933586}
{"completed": "cycle_three_s1009_trained", "seconds": 7.66, "prefix_generator_nmse": 0.6072787699845146, "query_generator_nmse": 0.15404729030380346}
{"completed": "cycle_three_s2027_random", "seconds": 7.96, "prefix_generator_nmse": 0.6949288424095282, "query_generator_nmse": 0.6972308799587364}
{"completed": "cycle_three_s2027_trained", "seconds": 8.04, "prefix_generator_nmse": 0.6732106571333635, "query_generator_nmse": 0.16066220713938822}
{"completed": "cycle_three_s3037_random", "seconds": 7.97, "prefix_generator_nmse": 0.7023262208930136, "query_generator_nmse": 0.7118930784877038}
{"completed": "cycle_three_s3037_trained", "seconds": 7.54, "prefix_generator_nmse": 0.6278003697149845, "query_generator_nmse": 0.16439092191553087}
{"completed": "cycle_four_s1009_random", "seconds": 7.42, "prefix_generator_nmse": 0.6896386959176771, "query_generator_nmse": 0.6864185512986923}
{"completed": "cycle_four_s1009_trained", "seconds": 7.55, "prefix_generator_nmse": 0.6561659402091132, "query_generator_nmse": 0.10540570882050564}
{"completed": "cycle_four_s2027_random", "seconds": 7.25, "prefix_generator_nmse": 0.6949288389732381, "query_generator_nmse": 0.6972174832468147}
{"completed": "cycle_four_s2027_trained", "seconds": 7.62, "prefix_generator_nmse": 0.7251294029642462, "query_generator_nmse": 0.13654765158312965}
{"completed": "cycle_four_s3037_random", "seconds": 7.25, "prefix_generator_nmse": 0.7023262123822368, "query_generator_nmse": 0.7118596555679849}
{"completed": "cycle_four_s3037_trained", "seconds": 7.65, "prefix_generator_nmse": 0.7383779052566347, "query_generator_nmse": 0.11947155478907064}
{"completed": "interior_none_s1009_random", "seconds": 8.22, "prefix_generator_nmse": 0.6896386959176771, "query_generator_nmse": 0.6862312933728024}
{"completed": "interior_none_s1009_trained", "seconds": 7.78, "prefix_generator_nmse": 0.6612503489267202, "query_generator_nmse": 0.41058357837320997}
{"completed": "interior_none_s2027_random", "seconds": 8.2, "prefix_generator_nmse": 0.6949288389732381, "query_generator_nmse": 0.6972353469996859}
{"completed": "interior_none_s2027_trained", "seconds": 7.65, "prefix_generator_nmse": 0.7397634949381425, "query_generator_nmse": 0.49836777377619496}
{"completed": "interior_none_s3037_random", "seconds": 8.12, "prefix_generator_nmse": 0.7023262123822368, "query_generator_nmse": 0.7120829818490858}
{"completed": "interior_none_s3037_trained", "seconds": 7.69, "prefix_generator_nmse": 0.8507441073068369, "query_generator_nmse": 0.5380925034118679}
{"completed": "interior_four_s1009_random", "seconds": 7.69, "prefix_generator_nmse": 0.6896386976099808, "query_generator_nmse": 0.6862261302497}
{"completed": "interior_four_s1009_trained", "seconds": 7.85, "prefix_generator_nmse": 0.857577459241878, "query_generator_nmse": 0.6778497957284574}
{"completed": "interior_four_s2027_random", "seconds": 7.71, "prefix_generator_nmse": 0.6949288502002124, "query_generator_nmse": 0.697101444129734}
{"completed": "interior_four_s2027_trained", "seconds": 7.71, "prefix_generator_nmse": 0.9120177883752975, "query_generator_nmse": 0.6529700984837122}
{"completed": "interior_four_s3037_random", "seconds": 7.63, "prefix_generator_nmse": 0.7023262206250092, "query_generator_nmse": 0.7120581662267612}
{"completed": "interior_four_s3037_trained", "seconds": 7.84, "prefix_generator_nmse": 0.897339734153333, "query_generator_nmse": 0.684385064680931}
{"completed": "position_none_s1009_random", "seconds": 7.72, "prefix_generator_nmse": 0.6896386976099808, "query_generator_nmse": 0.6864407687415756}
{"completed": "position_none_s1009_trained", "seconds": 7.7, "prefix_generator_nmse": 0.7586283024821355, "query_generator_nmse": 0.68773287416902}
{"completed": "position_none_s2027_random", "seconds": 7.92, "prefix_generator_nmse": 0.6949288502002124, "query_generator_nmse": 0.6971239247341204}
{"completed": "position_none_s2027_trained", "seconds": 8.03, "prefix_generator_nmse": 0.9044916699556941, "query_generator_nmse": 0.8206176267231907}
{"completed": "position_none_s3037_random", "seconds": 7.83, "prefix_generator_nmse": 0.7023262206250092, "query_generator_nmse": 0.7118905376684376}
{"completed": "position_none_s3037_trained", "seconds": 8.07, "prefix_generator_nmse": 0.8799188332823551, "query_generator_nmse": 0.7871354200225005}
{"completed": "position_three_s1009_random", "seconds": 7.68, "prefix_generator_nmse": 0.6896386976099808, "query_generator_nmse": 0.6862113127021777}
{"completed": "position_three_s1009_trained", "seconds": 7.58, "prefix_generator_nmse": 0.6932537482805373, "query_generator_nmse": 0.5520274730472967}
{"completed": "position_three_s2027_random", "seconds": 7.75, "prefix_generator_nmse": 0.6949288502002124, "query_generator_nmse": 0.6972320721635413}
{"completed": "position_three_s2027_trained", "seconds": 7.69, "prefix_generator_nmse": 0.7356407652127679, "query_generator_nmse": 0.5505751083624884}
{"completed": "position_three_s3037_random", "seconds": 7.55, "prefix_generator_nmse": 0.7023262206250092, "query_generator_nmse": 0.7118058738811036}
{"completed": "position_three_s3037_trained", "seconds": 7.75, "prefix_generator_nmse": 0.6916196793371726, "query_generator_nmse": 0.550845552485245}
{"completed": "position_four_s1009_random", "seconds": 6.98, "prefix_generator_nmse": 0.6896386976099808, "query_generator_nmse": 0.6863972598608626}
{"completed": "position_four_s1009_trained", "seconds": 7.64, "prefix_generator_nmse": 0.6670108730461228, "query_generator_nmse": 0.49449707178219754}
{"completed": "position_four_s2027_random", "seconds": 6.92, "prefix_generator_nmse": 0.6949288502002124, "query_generator_nmse": 0.6972162471899906}
{"completed": "position_four_s2027_trained", "seconds": 7.61, "prefix_generator_nmse": 0.8057634809968999, "query_generator_nmse": 0.49846639175566104}
{"completed": "position_four_s3037_random", "seconds": 6.89, "prefix_generator_nmse": 0.7023262206250092, "query_generator_nmse": 0.7118921627503352}
{"completed": "position_four_s3037_trained", "seconds": 7.47, "prefix_generator_nmse": 0.9157995959977033, "query_generator_nmse": 0.4973495827150915}
