cycle_four_s1009_random
cycle_four_s1009_trained
cycle_four_s2027_random
cycle_four_s2027_trained
cycle_four_s3037_random
cycle_four_s3037_trained
cycle_none_s1009_random
cycle_none_s1009_trained
cycle_none_s2027_random
cycle_none_s2027_trained
cycle_none_s3037_random
cycle_none_s3037_trained
cycle_three_s1009_random
cycle_three_s1009_trained
cycle_three_s2027_random
cycle_three_s2027_trained
cycle_three_s3037_random
cycle_three_s3037_trained
interior_four_s1009_random
interior_four_s1009_trained
interior_four_s2027_random
interior_four_s2027_trained
interior_four_s3037_random
interior_four_s3037_trained
interior_none_s1009_random
interior_none_s1009_trained
interior_none_s2027_random
interior_none_s2027_trained
interior_none_s3037_random
interior_none_s3037_trained
position_four_s1009_random
position_four_s1009_trained
position_four_s2027_random
position_four_s2027_trained
position_four_s3037_random
position_four_s3037_trained
position_none_s1009_random
position_none_s1009_trained
position_none_s2027_random
position_none_s2027_trained
position_none_s3037_random
position_none_s3037_trained
position_three_s1009_random
position_three_s1009_trained
position_three_s2027_random
position_three_s2027_trained
position_three_s3037_random
position_three_s3037_trained
