{"job": "full_b96_s1009", "step": 1000, "planned_steps": 20000, "validation_mean": 0.30916666666666665}
{"job": "full_b96_s1009", "step": 2000, "planned_steps": 20000, "validation_mean": 0.3408333333333334}
{"job": "full_b96_s1009", "step": 3000, "planned_steps": 20000, "validation_mean": 0.40166666666666667}
{"job": "full_b96_s1009", "step": 4000, "planned_steps": 20000, "validation_mean": 0.47226190476190477}
{"job": "full_b96_s1009", "step": 5000, "planned_steps": 20000, "validation_mean": 0.485952380952381}
{"job": "full_b96_s1009", "step": 6000, "planned_steps": 20000, "validation_mean": 0.533452380952381}
{"job": "full_b96_s1009", "step": 7000, "planned_steps": 20000, "validation_mean": 0.5377380952380952}
{"job": "full_b96_s1009", "step": 8000, "planned_steps": 20000, "validation_mean": 0.5832142857142857}
{"job": "full_b96_s1009", "step": 9000, "planned_steps": 20000, "validation_mean": 0.6025}
{"job": "full_b96_s1009", "step": 10000, "planned_steps": 20000, "validation_mean": 0.6054761904761905}
{"job": "full_b96_s1009", "step": 11000, "planned_steps": 20000, "validation_mean": 0.6288095238095238}
{"job": "full_b96_s1009", "step": 12000, "planned_steps": 20000, "validation_mean": 0.6348809523809524}
{"job": "full_b96_s1009", "step": 13000, "planned_steps": 20000, "validation_mean": 0.645952380952381}
{"job": "full_b96_s1009", "step": 14000, "planned_steps": 20000, "validation_mean": 0.6480952380952381}
{"job": "full_b96_s1009", "step": 15000, "planned_steps": 20000, "validation_mean": 0.6657142857142857}
{"job": "full_b96_s1009", "step": 16000, "planned_steps": 20000, "validation_mean": 0.6672619047619047}
{"job": "full_b96_s1009", "step": 17000, "planned_steps": 20000, "validation_mean": 0.674047619047619}
{"job": "full_b96_s1009", "step": 18000, "planned_steps": 20000, "validation_mean": 0.6790476190476191}
{"job": "full_b96_s1009", "step": 19000, "planned_steps": 20000, "validation_mean": 0.6801190476190476}
{"job": "full_b96_s1009", "step": 20000, "planned_steps": 20000, "validation_mean": 0.6842857142857143}
{"job": "full_b32_s1009", "step": 1000, "planned_steps": 20000, "validation_mean": 0.3163095238095238}
{"job": "full_b32_s1009", "step": 2000, "planned_steps": 20000, "validation_mean": 0.3319047619047619}
{"job": "full_b32_s1009", "step": 3000, "planned_steps": 20000, "validation_mean": 0.36678571428571427}
{"job": "full_b32_s1009", "step": 4000, "planned_steps": 20000, "validation_mean": 0.4095238095238095}
{"job": "full_b32_s1009", "step": 5000, "planned_steps": 20000, "validation_mean": 0.42273809523809525}
{"job": "full_b32_s1009", "step": 6000, "planned_steps": 20000, "validation_mean": 0.4921428571428571}
{"job": "full_b32_s1009", "step": 7000, "planned_steps": 20000, "validation_mean": 0.4788095238095238}
{"job": "full_b32_s1009", "step": 8000, "planned_steps": 20000, "validation_mean": 0.5196428571428571}
{"job": "full_b32_s1009", "step": 9000, "planned_steps": 20000, "validation_mean": 0.5223809523809524}
{"job": "full_b32_s1009", "step": 10000, "planned_steps": 20000, "validation_mean": 0.5255952380952381}
{"job": "full_b32_s1009", "step": 11000, "planned_steps": 20000, "validation_mean": 0.5572619047619047}
{"job": "full_b32_s1009", "step": 12000, "planned_steps": 20000, "validation_mean": 0.5482142857142858}
{"job": "full_b32_s1009", "step": 13000, "planned_steps": 20000, "validation_mean": 0.5684523809523809}
{"job": "full_b32_s1009", "step": 14000, "planned_steps": 20000, "validation_mean": 0.5710714285714286}
{"job": "full_b32_s1009", "step": 15000, "planned_steps": 20000, "validation_mean": 0.5780952380952381}
{"job": "full_b32_s1009", "step": 16000, "planned_steps": 20000, "validation_mean": 0.5829761904761905}
{"job": "full_b32_s1009", "step": 17000, "planned_steps": 20000, "validation_mean": 0.5959523809523809}
{"job": "full_b32_s1009", "step": 18000, "planned_steps": 20000, "validation_mean": 0.5922619047619047}
{"job": "full_b32_s1009", "step": 19000, "planned_steps": 20000, "validation_mean": 0.6054761904761905}
{"job": "full_b32_s1009", "step": 20000, "planned_steps": 20000, "validation_mean": 0.608095238095238}
{"job": "drop_peaks_b96_s1009", "step": 1000, "planned_steps": 20000, "validation_mean": 0.3117460317460317}
{"job": "drop_peaks_b96_s1009", "step": 2000, "planned_steps": 20000, "validation_mean": 0.460952380952381}
{"job": "drop_peaks_b96_s1009", "step": 3000, "planned_steps": 20000, "validation_mean": 0.5266666666666667}
{"job": "drop_peaks_b96_s1009", "step": 4000, "planned_steps": 20000, "validation_mean": 0.5642857142857144}
{"job": "drop_peaks_b96_s1009", "step": 5000, "planned_steps": 20000, "validation_mean": 0.5995238095238095}
{"job": "drop_peaks_b96_s1009", "step": 6000, "planned_steps": 20000, "validation_mean": 0.6377777777777779}
{"job": "drop_peaks_b96_s1009", "step": 7000, "planned_steps": 20000, "validation_mean": 0.6579365079365079}
{"job": "drop_peaks_b96_s1009", "step": 8000, "planned_steps": 20000, "validation_mean": 0.6963492063492064}
{"job": "drop_peaks_b96_s1009", "step": 9000, "planned_steps": 20000, "validation_mean": 0.7355555555555555}
{"job": "drop_peaks_b96_s1009", "step": 10000, "planned_steps": 20000, "validation_mean": 0.7406349206349206}
{"job": "drop_peaks_b96_s1009", "step": 11000, "planned_steps": 20000, "validation_mean": 0.7666666666666666}
{"job": "drop_peaks_b96_s1009", "step": 12000, "planned_steps": 20000, "validation_mean": 0.7780952380952382}
{"job": "drop_peaks_b96_s1009", "step": 13000, "planned_steps": 20000, "validation_mean": 0.791904761904762}
{"job": "drop_peaks_b96_s1009", "step": 14000, "planned_steps": 20000, "validation_mean": 0.8071428571428573}
{"job": "drop_peaks_b96_s1009", "step": 15000, "planned_steps": 20000, "validation_mean": 0.8225396825396825}
{"job": "drop_peaks_b96_s1009", "step": 16000, "planned_steps": 20000, "validation_mean": 0.8387301587301587}
{"job": "drop_peaks_b96_s1009", "step": 17000, "planned_steps": 20000, "validation_mean": 0.8577777777777778}
{"job": "drop_peaks_b96_s1009", "step": 18000, "planned_steps": 20000, "validation_mean": 0.8820634920634921}
{"job": "drop_peaks_b96_s1009", "step": 19000, "planned_steps": 20000, "validation_mean": 0.8925396825396826}
{"job": "drop_peaks_b96_s1009", "step": 20000, "planned_steps": 20000, "validation_mean": 0.9007936507936508}
{"job": "drop_valleys_b96_s1009", "step": 1000, "planned_steps": 20000, "validation_mean": 0.3298412698412699}
{"job": "drop_valleys_b96_s1009", "step": 2000, "planned_steps": 20000, "validation_mean": 0.4785714285714286}
{"job": "drop_valleys_b96_s1009", "step": 3000, "planned_steps": 20000, "validation_mean": 0.5852380952380952}
{"job": "drop_valleys_b96_s1009", "step": 4000, "planned_steps": 20000, "validation_mean": 0.6317460317460317}
{"job": "drop_valleys_b96_s1009", "step": 5000, "planned_steps": 20000, "validation_mean": 0.6319047619047619}
{"job": "drop_valleys_b96_s1009", "step": 6000, "planned_steps": 20000, "validation_mean": 0.7415873015873017}
{"job": "drop_valleys_b96_s1009", "step": 7000, "planned_steps": 20000, "validation_mean": 0.7504761904761904}
{"job": "drop_valleys_b96_s1009", "step": 8000, "planned_steps": 20000, "validation_mean": 0.7542857142857143}
{"job": "drop_valleys_b96_s1009", "step": 9000, "planned_steps": 20000, "validation_mean": 0.7746031746031746}
{"job": "drop_valleys_b96_s1009", "step": 10000, "planned_steps": 20000, "validation_mean": 0.7915873015873016}
{"job": "drop_valleys_b96_s1009", "step": 11000, "planned_steps": 20000, "validation_mean": 0.8042857142857143}
{"job": "drop_valleys_b96_s1009", "step": 12000, "planned_steps": 20000, "validation_mean": 0.8142857142857144}
{"job": "drop_valleys_b96_s1009", "step": 13000, "planned_steps": 20000, "validation_mean": 0.810952380952381}
{"job": "drop_valleys_b96_s1009", "step": 14000, "planned_steps": 20000, "validation_mean": 0.8306349206349206}
{"job": "drop_valleys_b96_s1009", "step": 15000, "planned_steps": 20000, "validation_mean": 0.8403174603174604}
{"job": "drop_valleys_b96_s1009", "step": 16000, "planned_steps": 20000, "validation_mean": 0.8512698412698413}
{"job": "drop_valleys_b96_s1009", "step": 17000, "planned_steps": 20000, "validation_mean": 0.8665079365079364}
{"job": "drop_valleys_b96_s1009", "step": 18000, "planned_steps": 20000, "validation_mean": 0.8815873015873016}
{"job": "drop_valleys_b96_s1009", "step": 19000, "planned_steps": 20000, "validation_mean": 0.8884126984126984}
{"job": "drop_valleys_b96_s1009", "step": 20000, "planned_steps": 20000, "validation_mean": 0.8938095238095238}
{"job": "drop_left_to_right_maxima_b96_s1009", "step": 1000, "planned_steps": 20000, "validation_mean": 0.3403174603174603}
{"job": "drop_left_to_right_maxima_b96_s1009", "step": 2000, "planned_steps": 20000, "validation_mean": 0.4147619047619047}
{"job": "drop_left_to_right_maxima_b96_s1009", "step": 3000, "planned_steps": 20000, "validation_mean": 0.4365079365079365}
{"job": "drop_left_to_right_maxima_b96_s1009", "step": 4000, "planned_steps": 20000, "validation_mean": 0.4423809523809524}
{"job": "drop_left_to_right_maxima_b96_s1009", "step": 5000, "planned_steps": 20000, "validation_mean": 0.449047619047619}
{"job": "drop_left_to_right_maxima_b96_s1009", "step": 6000, "planned_steps": 20000, "validation_mean": 0.47301587301587306}
{"job": "drop_left_to_right_maxima_b96_s1009", "step": 7000, "planned_steps": 20000, "validation_mean": 0.46634920634920646}
{"job": "drop_left_to_right_maxima_b96_s1009", "step": 8000, "planned_steps": 20000, "validation_mean": 0.4720634920634921}
{"job": "drop_left_to_right_maxima_b96_s1009", "step": 9000, "planned_steps": 20000, "validation_mean": 0.49412698412698414}
{"job": "drop_left_to_right_maxima_b96_s1009", "step": 10000, "planned_steps": 20000, "validation_mean": 0.5038095238095238}
{"job": "drop_left_to_right_maxima_b96_s1009", "step": 11000, "planned_steps": 20000, "validation_mean": 0.513015873015873}
{"job": "drop_left_to_right_maxima_b96_s1009", "step": 12000, "planned_steps": 20000, "validation_mean": 0.5322222222222223}
{"job": "drop_left_to_right_maxima_b96_s1009", "step": 13000, "planned_steps": 20000, "validation_mean": 0.5315873015873016}
{"job": "drop_left_to_right_maxima_b96_s1009", "step": 14000, "planned_steps": 20000, "validation_mean": 0.550952380952381}
{"job": "drop_left_to_right_maxima_b96_s1009", "step": 15000, "planned_steps": 20000, "validation_mean": 0.5487301587301587}
{"job": "drop_left_to_right_maxima_b96_s1009", "step": 16000, "planned_steps": 20000, "validation_mean": 0.5558730158730159}
{"job": "drop_left_to_right_maxima_b96_s1009", "step": 17000, "planned_steps": 20000, "validation_mean": 0.5666666666666667}
{"job": "drop_left_to_right_maxima_b96_s1009", "step": 18000, "planned_steps": 20000, "validation_mean": 0.5685714285714285}
{"job": "drop_left_to_right_maxima_b96_s1009", "step": 19000, "planned_steps": 20000, "validation_mean": 0.5631746031746032}
{"job": "drop_left_to_right_maxima_b96_s1009", "step": 20000, "planned_steps": 20000, "validation_mean": 0.5752380952380952}
{"job": "drop_right_to_left_maxima_b96_s1009", "step": 1000, "planned_steps": 20000, "validation_mean": 0.3661904761904762}
{"job": "drop_right_to_left_maxima_b96_s1009", "step": 2000, "planned_steps": 20000, "validation_mean": 0.45222222222222225}
{"job": "drop_right_to_left_maxima_b96_s1009", "step": 3000, "planned_steps": 20000, "validation_mean": 0.5026984126984128}
{"job": "drop_right_to_left_maxima_b96_s1009", "step": 4000, "planned_steps": 20000, "validation_mean": 0.5152380952380953}
{"job": "drop_right_to_left_maxima_b96_s1009", "step": 5000, "planned_steps": 20000, "validation_mean": 0.5304761904761904}
{"job": "drop_right_to_left_maxima_b96_s1009", "step": 6000, "planned_steps": 20000, "validation_mean": 0.5601587301587302}
{"job": "drop_right_to_left_maxima_b96_s1009", "step": 7000, "planned_steps": 20000, "validation_mean": 0.5696825396825397}
{"job": "drop_right_to_left_maxima_b96_s1009", "step": 8000, "planned_steps": 20000, "validation_mean": 0.5768253968253968}
{"job": "drop_right_to_left_maxima_b96_s1009", "step": 9000, "planned_steps": 20000, "validation_mean": 0.59}
{"job": "drop_right_to_left_maxima_b96_s1009", "step": 10000, "planned_steps": 20000, "validation_mean": 0.5963492063492063}
{"job": "drop_right_to_left_maxima_b96_s1009", "step": 11000, "planned_steps": 20000, "validation_mean": 0.5961904761904763}
{"job": "drop_right_to_left_maxima_b96_s1009", "step": 12000, "planned_steps": 20000, "validation_mean": 0.606984126984127}
{"job": "drop_right_to_left_maxima_b96_s1009", "step": 13000, "planned_steps": 20000, "validation_mean": 0.6266666666666666}
{"job": "drop_right_to_left_maxima_b96_s1009", "step": 14000, "planned_steps": 20000, "validation_mean": 0.6285714285714286}
{"job": "drop_right_to_left_maxima_b96_s1009", "step": 15000, "planned_steps": 20000, "validation_mean": 0.6382539682539682}
{"job": "drop_right_to_left_maxima_b96_s1009", "step": 16000, "planned_steps": 20000, "validation_mean": 0.6419047619047619}
{"job": "drop_right_to_left_maxima_b96_s1009", "step": 17000, "planned_steps": 20000, "validation_mean": 0.6531746031746032}
{"job": "drop_right_to_left_maxima_b96_s1009", "step": 18000, "planned_steps": 20000, "validation_mean": 0.6601587301587302}
{"job": "drop_right_to_left_maxima_b96_s1009", "step": 19000, "planned_steps": 20000, "validation_mean": 0.6563492063492063}
{"job": "drop_right_to_left_maxima_b96_s1009", "step": 20000, "planned_steps": 20000, "validation_mean": 0.6655555555555556}
{"job": "single_peaks_b96_s1009", "step": 1000, "planned_steps": 20000, "validation_mean": 0.39476190476190476}
{"job": "single_peaks_b96_s1009", "step": 2000, "planned_steps": 20000, "validation_mean": 0.4157142857142857}
{"job": "single_peaks_b96_s1009", "step": 3000, "planned_steps": 20000, "validation_mean": 0.4361904761904762}
{"job": "single_peaks_b96_s1009", "step": 4000, "planned_steps": 20000, "validation_mean": 0.4604761904761905}
{"job": "single_peaks_b96_s1009", "step": 5000, "planned_steps": 20000, "validation_mean": 0.49238095238095236}
{"job": "single_peaks_b96_s1009", "step": 6000, "planned_steps": 20000, "validation_mean": 0.4533333333333333}
{"job": "single_peaks_b96_s1009", "step": 7000, "planned_steps": 20000, "validation_mean": 0.5538095238095239}
{"job": "single_peaks_b96_s1009", "step": 8000, "planned_steps": 20000, "validation_mean": 0.5795238095238096}
{"job": "single_peaks_b96_s1009", "step": 9000, "planned_steps": 20000, "validation_mean": 0.6271428571428571}
{"job": "single_peaks_b96_s1009", "step": 10000, "planned_steps": 20000, "validation_mean": 0.6671428571428571}
{"job": "single_peaks_b96_s1009", "step": 11000, "planned_steps": 20000, "validation_mean": 0.689047619047619}
{"job": "single_peaks_b96_s1009", "step": 12000, "planned_steps": 20000, "validation_mean": 0.7142857142857143}
{"job": "single_peaks_b96_s1009", "step": 13000, "planned_steps": 20000, "validation_mean": 0.7395238095238095}
{"job": "single_peaks_b96_s1009", "step": 14000, "planned_steps": 20000, "validation_mean": 0.7585714285714286}
{"job": "single_peaks_b96_s1009", "step": 15000, "planned_steps": 20000, "validation_mean": 0.7661904761904762}
{"job": "single_peaks_b96_s1009", "step": 16000, "planned_steps": 20000, "validation_mean": 0.7795238095238095}
{"job": "single_peaks_b96_s1009", "step": 17000, "planned_steps": 20000, "validation_mean": 0.7790476190476191}
{"job": "single_peaks_b96_s1009", "step": 18000, "planned_steps": 20000, "validation_mean": 0.789047619047619}
{"job": "single_peaks_b96_s1009", "step": 19000, "planned_steps": 20000, "validation_mean": 0.7919047619047619}
{"job": "single_peaks_b96_s1009", "step": 20000, "planned_steps": 20000, "validation_mean": 0.7852380952380953}
{"job": "single_valleys_b96_s1009", "step": 1000, "planned_steps": 20000, "validation_mean": 0.3657142857142857}
{"job": "single_valleys_b96_s1009", "step": 2000, "planned_steps": 20000, "validation_mean": 0.3980952380952381}
{"job": "single_valleys_b96_s1009", "step": 3000, "planned_steps": 20000, "validation_mean": 0.43761904761904763}
{"job": "single_valleys_b96_s1009", "step": 4000, "planned_steps": 20000, "validation_mean": 0.48714285714285716}
{"job": "single_valleys_b96_s1009", "step": 5000, "planned_steps": 20000, "validation_mean": 0.5157142857142857}
{"job": "single_valleys_b96_s1009", "step": 6000, "planned_steps": 20000, "validation_mean": 0.5695238095238095}
{"job": "single_valleys_b96_s1009", "step": 7000, "planned_steps": 20000, "validation_mean": 0.6314285714285715}
{"job": "single_valleys_b96_s1009", "step": 8000, "planned_steps": 20000, "validation_mean": 0.6519047619047619}
{"job": "single_valleys_b96_s1009", "step": 9000, "planned_steps": 20000, "validation_mean": 0.7104761904761905}
{"job": "single_valleys_b96_s1009", "step": 10000, "planned_steps": 20000, "validation_mean": 0.7519047619047619}
{"job": "single_valleys_b96_s1009", "step": 11000, "planned_steps": 20000, "validation_mean": 0.7495238095238095}
{"job": "single_valleys_b96_s1009", "step": 12000, "planned_steps": 20000, "validation_mean": 0.7833333333333333}
{"job": "single_valleys_b96_s1009", "step": 13000, "planned_steps": 20000, "validation_mean": 0.8152380952380952}
{"job": "single_valleys_b96_s1009", "step": 14000, "planned_steps": 20000, "validation_mean": 0.8133333333333334}
{"job": "single_valleys_b96_s1009", "step": 15000, "planned_steps": 20000, "validation_mean": 0.8280952380952381}
{"job": "single_valleys_b96_s1009", "step": 16000, "planned_steps": 20000, "validation_mean": 0.8423809523809523}
{"job": "single_valleys_b96_s1009", "step": 17000, "planned_steps": 20000, "validation_mean": 0.8295238095238096}
{"job": "single_valleys_b96_s1009", "step": 18000, "planned_steps": 20000, "validation_mean": 0.8485714285714285}
{"job": "single_valleys_b96_s1009", "step": 19000, "planned_steps": 20000, "validation_mean": 0.8438095238095238}
{"job": "single_valleys_b96_s1009", "step": 20000, "planned_steps": 20000, "validation_mean": 0.8590476190476191}
{"job": "single_left_to_right_maxima_b96_s1009", "step": 1000, "planned_steps": 20000, "validation_mean": 0.5176190476190476}
{"job": "single_left_to_right_maxima_b96_s1009", "step": 2000, "planned_steps": 20000, "validation_mean": 0.9280952380952381}
{"job": "single_left_to_right_maxima_b96_s1009", "step": 3000, "planned_steps": 20000, "validation_mean": 0.9657142857142857}
{"job": "single_left_to_right_maxima_b96_s1009", "step": 4000, "planned_steps": 20000, "validation_mean": 0.9876190476190476}
{"job": "single_left_to_right_maxima_b96_s1009", "step": 5000, "planned_steps": 20000, "validation_mean": 0.9795238095238096}
{"job": "single_left_to_right_maxima_b96_s1009", "step": 6000, "planned_steps": 20000, "validation_mean": 0.9914285714285714}
{"job": "single_left_to_right_maxima_b96_s1009", "step": 7000, "planned_steps": 20000, "validation_mean": 0.9966666666666667}
{"job": "single_left_to_right_maxima_b96_s1009", "step": 8000, "planned_steps": 20000, "validation_mean": 0.9976190476190476}
{"job": "single_left_to_right_maxima_b96_s1009", "step": 9000, "planned_steps": 20000, "validation_mean": 0.9995238095238095}
{"job": "single_left_to_right_maxima_b96_s1009", "step": 10000, "planned_steps": 20000, "validation_mean": 0.9976190476190476}
{"job": "single_left_to_right_maxima_b96_s1009", "step": 11000, "planned_steps": 20000, "validation_mean": 0.9952380952380953}
{"job": "single_left_to_right_maxima_b96_s1009", "step": 12000, "planned_steps": 20000, "validation_mean": 0.9947619047619047}
{"job": "single_left_to_right_maxima_b96_s1009", "step": 13000, "planned_steps": 20000, "validation_mean": 0.9976190476190476}
{"job": "single_left_to_right_maxima_b96_s1009", "step": 14000, "planned_steps": 20000, "validation_mean": 0.9995238095238095}
{"job": "single_left_to_right_maxima_b96_s1009", "step": 15000, "planned_steps": 20000, "validation_mean": 1.0}
{"job": "single_left_to_right_maxima_b96_s1009", "step": 16000, "planned_steps": 20000, "validation_mean": 1.0}
{"job": "single_left_to_right_maxima_b96_s1009", "step": 17000, "planned_steps": 20000, "validation_mean": 1.0}
{"job": "single_left_to_right_maxima_b96_s1009", "step": 18000, "planned_steps": 20000, "validation_mean": 1.0}
{"job": "single_left_to_right_maxima_b96_s1009", "step": 19000, "planned_steps": 20000, "validation_mean": 1.0}
{"job": "single_left_to_right_maxima_b96_s1009", "step": 20000, "planned_steps": 20000, "validation_mean": 1.0}
{"job": "single_right_to_left_maxima_b96_s1009", "step": 1000, "planned_steps": 20000, "validation_mean": 0.4004761904761905}
{"job": "single_right_to_left_maxima_b96_s1009", "step": 2000, "planned_steps": 20000, "validation_mean": 0.6361904761904762}
{"job": "single_right_to_left_maxima_b96_s1009", "step": 3000, "planned_steps": 20000, "validation_mean": 0.7957142857142857}
{"job": "single_right_to_left_maxima_b96_s1009", "step": 4000, "planned_steps": 20000, "validation_mean": 0.929047619047619}
{"job": "single_right_to_left_maxima_b96_s1009", "step": 5000, "planned_steps": 20000, "validation_mean": 0.939047619047619}
{"job": "single_right_to_left_maxima_b96_s1009", "step": 6000, "planned_steps": 20000, "validation_mean": 0.9638095238095238}
{"job": "single_right_to_left_maxima_b96_s1009", "step": 7000, "planned_steps": 20000, "validation_mean": 0.9680952380952381}
{"job": "single_right_to_left_maxima_b96_s1009", "step": 8000, "planned_steps": 20000, "validation_mean": 0.9842857142857143}
{"job": "single_right_to_left_maxima_b96_s1009", "step": 9000, "planned_steps": 20000, "validation_mean": 0.9928571428571429}
{"job": "single_right_to_left_maxima_b96_s1009", "step": 10000, "planned_steps": 20000, "validation_mean": 0.9909523809523809}
{"job": "single_right_to_left_maxima_b96_s1009", "step": 11000, "planned_steps": 20000, "validation_mean": 0.9942857142857143}
{"job": "single_right_to_left_maxima_b96_s1009", "step": 12000, "planned_steps": 20000, "validation_mean": 0.9971428571428571}
{"job": "single_right_to_left_maxima_b96_s1009", "step": 13000, "planned_steps": 20000, "validation_mean": 0.9957142857142857}
{"job": "single_right_to_left_maxima_b96_s1009", "step": 14000, "planned_steps": 20000, "validation_mean": 0.9971428571428571}
{"job": "single_right_to_left_maxima_b96_s1009", "step": 15000, "planned_steps": 20000, "validation_mean": 0.9971428571428571}
{"job": "single_right_to_left_maxima_b96_s1009", "step": 16000, "planned_steps": 20000, "validation_mean": 0.9971428571428571}
{"job": "single_right_to_left_maxima_b96_s1009", "step": 17000, "planned_steps": 20000, "validation_mean": 0.9976190476190476}
{"job": "single_right_to_left_maxima_b96_s1009", "step": 18000, "planned_steps": 20000, "validation_mean": 0.9976190476190476}
{"job": "single_right_to_left_maxima_b96_s1009", "step": 19000, "planned_steps": 20000, "validation_mean": 0.9990476190476191}
{"job": "single_right_to_left_maxima_b96_s1009", "step": 20000, "planned_steps": 20000, "validation_mean": 0.9971428571428571}
{"job": "novel_records_s1009", "step": 1000, "planned_steps": 20000, "validation_mean": 0.3722619047619048}
{"job": "novel_records_s1009", "step": 2000, "planned_steps": 20000, "validation_mean": 0.5930952380952381}
{"job": "novel_records_s1009", "step": 3000, "planned_steps": 20000, "validation_mean": 0.678452380952381}
{"job": "novel_records_s1009", "step": 4000, "planned_steps": 20000, "validation_mean": 0.695952380952381}
{"job": "novel_records_s1009", "step": 5000, "planned_steps": 20000, "validation_mean": 0.7326190476190477}
{"job": "novel_records_s1009", "step": 6000, "planned_steps": 20000, "validation_mean": 0.7303571428571429}
{"job": "novel_records_s1009", "step": 7000, "planned_steps": 20000, "validation_mean": 0.7857142857142857}
{"job": "novel_records_s1009", "step": 8000, "planned_steps": 20000, "validation_mean": 0.8154761904761905}
{"job": "novel_records_s1009", "step": 9000, "planned_steps": 20000, "validation_mean": 0.8271428571428571}
{"job": "novel_records_s1009", "step": 10000, "planned_steps": 20000, "validation_mean": 0.84}
{"job": "novel_records_s1009", "step": 11000, "planned_steps": 20000, "validation_mean": 0.8613095238095239}
{"job": "novel_records_s1009", "step": 12000, "planned_steps": 20000, "validation_mean": 0.8716666666666666}
{"job": "novel_records_s1009", "step": 13000, "planned_steps": 20000, "validation_mean": 0.8766666666666667}
{"job": "novel_records_s1009", "step": 14000, "planned_steps": 20000, "validation_mean": 0.8889285714285714}
{"job": "novel_records_s1009", "step": 15000, "planned_steps": 20000, "validation_mean": 0.8967857142857143}
{"job": "novel_records_s1009", "step": 16000, "planned_steps": 20000, "validation_mean": 0.9003571428571429}
{"job": "novel_records_s1009", "step": 17000, "planned_steps": 20000, "validation_mean": 0.9013095238095237}
{"job": "novel_records_s1009", "step": 18000, "planned_steps": 20000, "validation_mean": 0.9127380952380952}
{"job": "novel_records_s1009", "step": 19000, "planned_steps": 20000, "validation_mean": 0.9142857142857141}
{"job": "novel_records_s1009", "step": 20000, "planned_steps": 20000, "validation_mean": 0.9169047619047619}
{"job": "novel_minima_pair_s1009", "step": 1000, "planned_steps": 20000, "validation_mean": 0.4857142857142857}
{"job": "novel_minima_pair_s1009", "step": 2000, "planned_steps": 20000, "validation_mean": 0.5929761904761904}
{"job": "novel_minima_pair_s1009", "step": 3000, "planned_steps": 20000, "validation_mean": 0.6273809523809524}
{"job": "novel_minima_pair_s1009", "step": 4000, "planned_steps": 20000, "validation_mean": 0.6401190476190476}
{"job": "novel_minima_pair_s1009", "step": 5000, "planned_steps": 20000, "validation_mean": 0.6479761904761905}
{"job": "novel_minima_pair_s1009", "step": 6000, "planned_steps": 20000, "validation_mean": 0.6669047619047619}
{"job": "novel_minima_pair_s1009", "step": 7000, "planned_steps": 20000, "validation_mean": 0.6851190476190476}
{"job": "novel_minima_pair_s1009", "step": 8000, "planned_steps": 20000, "validation_mean": 0.705}
{"job": "novel_minima_pair_s1009", "step": 9000, "planned_steps": 20000, "validation_mean": 0.733452380952381}
{"job": "novel_minima_pair_s1009", "step": 10000, "planned_steps": 20000, "validation_mean": 0.79}
{"job": "novel_minima_pair_s1009", "step": 11000, "planned_steps": 20000, "validation_mean": 0.8532142857142857}
{"job": "novel_minima_pair_s1009", "step": 12000, "planned_steps": 20000, "validation_mean": 0.9204761904761904}
{"job": "novel_minima_pair_s1009", "step": 13000, "planned_steps": 20000, "validation_mean": 0.9048809523809523}
{"job": "novel_minima_pair_s1009", "step": 14000, "planned_steps": 20000, "validation_mean": 0.9614285714285715}
{"job": "novel_minima_pair_s1009", "step": 15000, "planned_steps": 20000, "validation_mean": 0.9709523809523809}
{"job": "novel_minima_pair_s1009", "step": 16000, "planned_steps": 20000, "validation_mean": 0.9829761904761904}
{"job": "novel_minima_pair_s1009", "step": 17000, "planned_steps": 20000, "validation_mean": 0.9828571428571429}
{"job": "novel_minima_pair_s1009", "step": 18000, "planned_steps": 20000, "validation_mean": 0.9866666666666666}
{"job": "novel_minima_pair_s1009", "step": 19000, "planned_steps": 20000, "validation_mean": 0.9892857142857143}
{"job": "novel_minima_pair_s1009", "step": 20000, "planned_steps": 20000, "validation_mean": 0.9883333333333334}
{"job": "novel_peak_mixed_s1009", "step": 1000, "planned_steps": 20000, "validation_mean": 0.4415476190476191}
{"job": "novel_peak_mixed_s1009", "step": 2000, "planned_steps": 20000, "validation_mean": 0.5375}
{"job": "novel_peak_mixed_s1009", "step": 3000, "planned_steps": 20000, "validation_mean": 0.6488095238095238}
{"job": "novel_peak_mixed_s1009", "step": 4000, "planned_steps": 20000, "validation_mean": 0.6622619047619047}
{"job": "novel_peak_mixed_s1009", "step": 5000, "planned_steps": 20000, "validation_mean": 0.7111904761904762}
{"job": "novel_peak_mixed_s1009", "step": 6000, "planned_steps": 20000, "validation_mean": 0.7527380952380953}
{"job": "novel_peak_mixed_s1009", "step": 7000, "planned_steps": 20000, "validation_mean": 0.7685714285714286}
{"job": "novel_peak_mixed_s1009", "step": 8000, "planned_steps": 20000, "validation_mean": 0.7917857142857143}
{"job": "novel_peak_mixed_s1009", "step": 9000, "planned_steps": 20000, "validation_mean": 0.8308333333333333}
{"job": "novel_peak_mixed_s1009", "step": 10000, "planned_steps": 20000, "validation_mean": 0.8173809523809524}
{"job": "novel_peak_mixed_s1009", "step": 11000, "planned_steps": 20000, "validation_mean": 0.8501190476190477}
{"job": "novel_peak_mixed_s1009", "step": 12000, "planned_steps": 20000, "validation_mean": 0.8876190476190476}
{"job": "novel_peak_mixed_s1009", "step": 13000, "planned_steps": 20000, "validation_mean": 0.9130952380952382}
{"job": "novel_peak_mixed_s1009", "step": 14000, "planned_steps": 20000, "validation_mean": 0.9286904761904763}
{"job": "novel_peak_mixed_s1009", "step": 15000, "planned_steps": 20000, "validation_mean": 0.9507142857142857}
{"job": "novel_peak_mixed_s1009", "step": 16000, "planned_steps": 20000, "validation_mean": 0.9594047619047619}
{"job": "novel_peak_mixed_s1009", "step": 17000, "planned_steps": 20000, "validation_mean": 0.9566666666666667}
{"job": "novel_peak_mixed_s1009", "step": 18000, "planned_steps": 20000, "validation_mean": 0.9735714285714285}
{"job": "novel_peak_mixed_s1009", "step": 19000, "planned_steps": 20000, "validation_mean": 0.9729761904761904}
{"job": "novel_peak_mixed_s1009", "step": 20000, "planned_steps": 20000, "validation_mean": 0.98}
{"job": "novel_valley_mixed_s1009", "step": 1000, "planned_steps": 20000, "validation_mean": 0.3436904761904762}
{"job": "novel_valley_mixed_s1009", "step": 2000, "planned_steps": 20000, "validation_mean": 0.5142857142857142}
{"job": "novel_valley_mixed_s1009", "step": 3000, "planned_steps": 20000, "validation_mean": 0.6204761904761905}
Traceback (most recent call last):
  File "<frozen runpy>", line 198, in _run_module_as_main
  File "<frozen runpy>", line 88, in _run_code
  File "/home/yangx/ICML/experiments/native_ablation.py", line 279, in <module>
    args=parser.parse_args();globals()[args.phase]()
                             ~~~~~~~~~~~~~~~~~~~~~^^
  File "/home/yangx/ICML/experiments/native_ablation.py", line 272, in run
    prepare();train();forecast();evaluate()
              ~~~~~^^
  File "/home/yangx/ICML/experiments/native_ablation.py", line 209, in train
    train_one(p,c,r,job,raw,data,names,tokens,device)
    ~~~~~~~~~^^^^^^^^^^^^^^^^^^^^^^^^^^^^^^^^^^^^^^^^
  File "/home/yangx/ICML/experiments/native_ablation.py", line 187, in train_one
    loss.backward();torch.nn.utils.clip_grad_norm_(model.parameters(),1.);optimizer.step()
    ~~~~~~~~~~~~~^^
  File "/home/yangx/miniforge3/lib/python3.13/site-packages/torch/_tensor.py", line 631, in backward
    torch.autograd.backward(
    ~~~~~~~~~~~~~~~~~~~~~~~^
        self, gradient, retain_graph, create_graph, inputs=inputs
        ^^^^^^^^^^^^^^^^^^^^^^^^^^^^^^^^^^^^^^^^^^^^^^^^^^^^^^^^^
    )
    ^
  File "/home/yangx/miniforge3/lib/python3.13/site-packages/torch/autograd/__init__.py", line 381, in backward
    _engine_run_backward(
    ~~~~~~~~~~~~~~~~~~~~^
        tensors,
        ^^^^^^^^
    ...<5 lines>...
        accumulate_grad=True,
        ^^^^^^^^^^^^^^^^^^^^^
    )
    ^
  File "/home/yangx/miniforge3/lib/python3.13/site-packages/torch/autograd/graph.py", line 869, in _engine_run_backward
    return Variable._execution_engine.run_backward(  # Calls into the C++ engine to run the backward pass
           ~~~~~~~~~~~~~~~~~~~~~~~~~~~~~~~~~~~~~~~^^^^^^^^^^^^^^^^^^^^^^^^^^^^^^^^^^^^^^^^^^^^^^^^^^^^^^^
        t_outputs, *args, **kwargs
        ^^^^^^^^^^^^^^^^^^^^^^^^^^
    )  # Calls into the C++ engine to run the backward pass
    ^
KeyboardInterrupt
