{"domain": "operator_capacity_confirmation", "source": 0, "epoch": 100, "native": [1.0, 1.0, 1.0]}
{"domain": "operator_capacity_confirmation", "source": 0, "epoch": 200, "native": [1.0, 1.0, 1.0]}
{"domain": "operator_capacity_confirmation", "source": 0, "epoch": 300, "native": [1.0, 1.0, 1.0]}
{"domain": "operator_capacity_confirmation", "source": 0, "epoch": 400, "native": [1.0, 1.0, 1.0]}
{"domain": "operator_capacity_confirmation", "source": 0, "epoch": 500, "native": [1.0, 1.0, 1.0]}
{"domain": "operator_capacity_confirmation", "fit": "n0_both_correct", "epoch": 100, "native": [1.0, 1.0, 1.0], "generators": [0.953125, 0.71875], "elapsed": 5.587996771995677}
{"domain": "operator_capacity_confirmation", "fit": "n0_both_correct", "epoch": 300, "native": [1.0, 1.0, 1.0], "generators": [1.0, 0.9375], "elapsed": 15.592849099994055}
{"domain": "operator_capacity_confirmation", "fit": "n0_both_correct", "epoch": 900, "native": [1.0, 1.0, 1.0], "generators": [1.0, 1.0], "elapsed": 46.57778945600148}
{"domain": "operator_capacity_confirmation", "source": 1, "epoch": 100, "native": [1.0, 0.96875, 0.984375]}
{"domain": "operator_capacity_confirmation", "source": 1, "epoch": 200, "native": [1.0, 1.0, 1.0]}
{"domain": "operator_capacity_confirmation", "source": 1, "epoch": 300, "native": [1.0, 1.0, 1.0]}
{"domain": "operator_capacity_confirmation", "source": 1, "epoch": 400, "native": [1.0, 1.0, 1.0]}
{"domain": "operator_capacity_confirmation", "source": 1, "epoch": 500, "native": [1.0, 1.0, 1.0]}
{"domain": "operator_capacity_confirmation", "fit": "n1_both_correct", "epoch": 100, "native": [1.0, 1.0, 1.0], "generators": [0.9765625, 0.8203125], "elapsed": 4.831486230992596}
{"domain": "operator_capacity_confirmation", "fit": "n1_both_correct", "epoch": 300, "native": [1.0, 1.0, 1.0], "generators": [1.0, 0.9921875], "elapsed": 14.693964345991844}
{"domain": "operator_capacity_confirmation", "fit": "n1_both_correct", "epoch": 900, "native": [1.0, 1.0, 1.0], "generators": [1.0, 0.9765625], "elapsed": 44.38228279500618}
{"domain": "operator_capacity_confirmation", "source": 2, "epoch": 100, "native": [0.984375, 0.96875, 1.0]}
{"domain": "operator_capacity_confirmation", "source": 2, "epoch": 200, "native": [1.0, 1.0, 1.0]}
{"domain": "operator_capacity_confirmation", "source": 2, "epoch": 300, "native": [1.0, 1.0, 1.0]}
{"domain": "operator_capacity_confirmation", "source": 2, "epoch": 400, "native": [1.0, 1.0, 1.0]}
{"domain": "operator_capacity_confirmation", "source": 2, "epoch": 500, "native": [1.0, 1.0, 1.0]}
{"domain": "operator_capacity_confirmation", "fit": "n2_both_correct", "epoch": 100, "native": [1.0, 1.0, 1.0], "generators": [0.9765625, 0.890625], "elapsed": 4.958104156001355}
{"domain": "operator_capacity_confirmation", "fit": "n2_both_correct", "epoch": 300, "native": [1.0, 1.0, 1.0], "generators": [1.0, 0.9609375], "elapsed": 15.15868550799496}
{"domain": "operator_capacity_confirmation", "fit": "n2_both_correct", "epoch": 900, "native": [1.0, 1.0, 1.0], "generators": [1.0, 1.0], "elapsed": 44.5077770229982}
{"source": 0, "condition": "linear_correct", "step": 500, "output_kd": 0.01526542566716671, "geometry_loss": 0.046747177839279175, "validation_first_state_nmse": 0.05153209716081619, "validation_first_accuracy": 1.0, "elapsed_seconds": 0.682179947005352}
{"source": 0, "condition": "linear_correct", "step": 1000, "output_kd": 0.012666819617152214, "geometry_loss": 0.0420227013528347, "validation_first_state_nmse": 0.050505101680755615, "validation_first_accuracy": 1.0, "elapsed_seconds": 1.3243774820002727}
{"source": 0, "condition": "linear_correct", "step": 1500, "output_kd": 0.013737398199737072, "geometry_loss": 0.04049857705831528, "validation_first_state_nmse": 0.049993593245744705, "validation_first_accuracy": 1.0, "elapsed_seconds": 1.951756540001952}
{"source": 0, "condition": "linear_correct", "step": 2000, "output_kd": 0.01854945719242096, "geometry_loss": 0.05058235302567482, "validation_first_state_nmse": 0.04885328933596611, "validation_first_accuracy": 1.0, "elapsed_seconds": 2.5436383549968014}
{"source": 0, "condition": "linear_wrong", "step": 500, "output_kd": 0.016881480813026428, "geometry_loss": 0.12223067879676819, "validation_first_state_nmse": 0.06668466329574585, "validation_first_accuracy": 1.0, "elapsed_seconds": 0.620574480999494}
{"source": 0, "condition": "linear_wrong", "step": 1000, "output_kd": 0.013952814042568207, "geometry_loss": 0.11064331978559494, "validation_first_state_nmse": 0.07014811784029007, "validation_first_accuracy": 1.0, "elapsed_seconds": 1.2621314389980398}
{"source": 0, "condition": "linear_wrong", "step": 1500, "output_kd": 0.016159800812602043, "geometry_loss": 0.10656789690256119, "validation_first_state_nmse": 0.07380536943674088, "validation_first_accuracy": 1.0, "elapsed_seconds": 1.9002810320089338}
{"source": 0, "condition": "linear_wrong", "step": 2000, "output_kd": 0.01922001875936985, "geometry_loss": 0.13790816068649292, "validation_first_state_nmse": 0.07318910956382751, "validation_first_accuracy": 1.0, "elapsed_seconds": 2.5322806160111213}
{"source": 0, "condition": "nonlinear_correct", "step": 500, "output_kd": 0.005708611570298672, "geometry_loss": 0.03166469559073448, "validation_first_state_nmse": 0.032938774675130844, "validation_first_accuracy": 1.0, "elapsed_seconds": 0.6525096709956415}
{"source": 0, "condition": "nonlinear_correct", "step": 1000, "output_kd": 0.0030427207238972187, "geometry_loss": 0.02045414410531521, "validation_first_state_nmse": 0.023930322378873825, "validation_first_accuracy": 1.0, "elapsed_seconds": 1.3082023079914507}
{"source": 0, "condition": "nonlinear_correct", "step": 1500, "output_kd": 0.002182605443522334, "geometry_loss": 0.01557941734790802, "validation_first_state_nmse": 0.018363846465945244, "validation_first_accuracy": 1.0, "elapsed_seconds": 1.9649216449906817}
{"source": 0, "condition": "nonlinear_correct", "step": 2000, "output_kd": 0.0018614111468195915, "geometry_loss": 0.012286540120840073, "validation_first_state_nmse": 0.014119036495685577, "validation_first_accuracy": 1.0, "elapsed_seconds": 2.606997543000034}
{"source": 0, "condition": "nonlinear_wrong", "step": 500, "output_kd": 0.006131486967206001, "geometry_loss": 0.0876171886920929, "validation_first_state_nmse": 0.06255362182855606, "validation_first_accuracy": 1.0, "elapsed_seconds": 0.666795915007242}
{"source": 0, "condition": "nonlinear_wrong", "step": 1000, "output_kd": 0.004116635303944349, "geometry_loss": 0.06947813928127289, "validation_first_state_nmse": 0.06974954158067703, "validation_first_accuracy": 1.0, "elapsed_seconds": 1.320623906009132}
{"source": 0, "condition": "nonlinear_wrong", "step": 1500, "output_kd": 0.002543663140386343, "geometry_loss": 0.06820517033338547, "validation_first_state_nmse": 0.07416598498821259, "validation_first_accuracy": 1.0, "elapsed_seconds": 1.943959933007136}
{"source": 0, "condition": "nonlinear_wrong", "step": 2000, "output_kd": 0.003853590926155448, "geometry_loss": 0.07055571675300598, "validation_first_state_nmse": 0.07303386926651001, "validation_first_accuracy": 1.0, "elapsed_seconds": 2.5772402650036383}
{"source": 1, "condition": "linear_correct", "step": 500, "output_kd": 0.014128021895885468, "geometry_loss": 0.04821455106139183, "validation_first_state_nmse": 0.045070450752973557, "validation_first_accuracy": 1.0, "elapsed_seconds": 0.6097136790049262}
{"source": 1, "condition": "linear_correct", "step": 1000, "output_kd": 0.013243647292256355, "geometry_loss": 0.0448896549642086, "validation_first_state_nmse": 0.045486461371183395, "validation_first_accuracy": 1.0, "elapsed_seconds": 1.2179139880026923}
{"source": 1, "condition": "linear_correct", "step": 1500, "output_kd": 0.011000314727425575, "geometry_loss": 0.04083551466464996, "validation_first_state_nmse": 0.043866511434316635, "validation_first_accuracy": 1.0, "elapsed_seconds": 1.8338288469967665}
{"source": 1, "condition": "linear_correct", "step": 2000, "output_kd": 0.01375746913254261, "geometry_loss": 0.039277900010347366, "validation_first_state_nmse": 0.04414043575525284, "validation_first_accuracy": 1.0, "elapsed_seconds": 2.432357033001608}
{"source": 1, "condition": "linear_wrong", "step": 500, "output_kd": 0.016023892909288406, "geometry_loss": 0.12927035987377167, "validation_first_state_nmse": 0.06446684896945953, "validation_first_accuracy": 1.0, "elapsed_seconds": 0.6034983980061952}
{"source": 1, "condition": "linear_wrong", "step": 1000, "output_kd": 0.015996450558304787, "geometry_loss": 0.1205592229962349, "validation_first_state_nmse": 0.06695178896188736, "validation_first_accuracy": 1.0, "elapsed_seconds": 1.2121776300045894}
{"source": 1, "condition": "linear_wrong", "step": 1500, "output_kd": 0.012330152094364166, "geometry_loss": 0.11324889212846756, "validation_first_state_nmse": 0.06739524751901627, "validation_first_accuracy": 1.0, "elapsed_seconds": 1.8044034290069249}
{"source": 1, "condition": "linear_wrong", "step": 2000, "output_kd": 0.014818688854575157, "geometry_loss": 0.11581915616989136, "validation_first_state_nmse": 0.06940067559480667, "validation_first_accuracy": 1.0, "elapsed_seconds": 2.4015053830080433}
{"source": 1, "condition": "nonlinear_correct", "step": 500, "output_kd": 0.004492074251174927, "geometry_loss": 0.03069041483104229, "validation_first_state_nmse": 0.030698763206601143, "validation_first_accuracy": 1.0, "elapsed_seconds": 0.611561742000049}
{"source": 1, "condition": "nonlinear_correct", "step": 1000, "output_kd": 0.004815205000340939, "geometry_loss": 0.021877504885196686, "validation_first_state_nmse": 0.022669730708003044, "validation_first_accuracy": 1.0, "elapsed_seconds": 1.250695540002198}
{"source": 1, "condition": "nonlinear_correct", "step": 1500, "output_kd": 0.0018283724784851074, "geometry_loss": 0.01390967145562172, "validation_first_state_nmse": 0.017429456114768982, "validation_first_accuracy": 1.0, "elapsed_seconds": 1.8683983640075894}
{"source": 1, "condition": "nonlinear_correct", "step": 2000, "output_kd": 0.001871987129561603, "geometry_loss": 0.011805882677435875, "validation_first_state_nmse": 0.013995489105582237, "validation_first_accuracy": 1.0, "elapsed_seconds": 2.472536276007304}
{"source": 1, "condition": "nonlinear_wrong", "step": 500, "output_kd": 0.008767740800976753, "geometry_loss": 0.08894513547420502, "validation_first_state_nmse": 0.06547465920448303, "validation_first_accuracy": 1.0, "elapsed_seconds": 0.6323362080001971}
{"source": 1, "condition": "nonlinear_wrong", "step": 1000, "output_kd": 0.005454365164041519, "geometry_loss": 0.07656968384981155, "validation_first_state_nmse": 0.0771745815873146, "validation_first_accuracy": 1.0, "elapsed_seconds": 1.2749229399923934}
{"source": 1, "condition": "nonlinear_wrong", "step": 1500, "output_kd": 0.004012012854218483, "geometry_loss": 0.0696849673986435, "validation_first_state_nmse": 0.08050010353326797, "validation_first_accuracy": 1.0, "elapsed_seconds": 1.9548100889951456}
{"source": 1, "condition": "nonlinear_wrong", "step": 2000, "output_kd": 0.004411286674439907, "geometry_loss": 0.08046383410692215, "validation_first_state_nmse": 0.07715979963541031, "validation_first_accuracy": 1.0, "elapsed_seconds": 2.6027111430012155}
{"source": 2, "condition": "linear_correct", "step": 500, "output_kd": 0.014545103535056114, "geometry_loss": 0.05169001221656799, "validation_first_state_nmse": 0.05185122787952423, "validation_first_accuracy": 1.0, "elapsed_seconds": 0.6466976200026693}
{"source": 2, "condition": "linear_correct", "step": 1000, "output_kd": 0.018167119473218918, "geometry_loss": 0.052378568798303604, "validation_first_state_nmse": 0.050243016332387924, "validation_first_accuracy": 1.0, "elapsed_seconds": 1.2526266170025337}
{"source": 2, "condition": "linear_correct", "step": 1500, "output_kd": 0.013965842314064503, "geometry_loss": 0.04634140059351921, "validation_first_state_nmse": 0.0492645688354969, "validation_first_accuracy": 1.0, "elapsed_seconds": 1.8719288160064025}
{"source": 2, "condition": "linear_correct", "step": 2000, "output_kd": 0.01763654127717018, "geometry_loss": 0.05452774837613106, "validation_first_state_nmse": 0.048126645386219025, "validation_first_accuracy": 1.0, "elapsed_seconds": 2.472452179004904}
{"source": 2, "condition": "linear_wrong", "step": 500, "output_kd": 0.01831907592713833, "geometry_loss": 0.12046976387500763, "validation_first_state_nmse": 0.06833163648843765, "validation_first_accuracy": 1.0, "elapsed_seconds": 0.6006323889887426}
{"source": 2, "condition": "linear_wrong", "step": 1000, "output_kd": 0.020393390208482742, "geometry_loss": 0.12399832159280777, "validation_first_state_nmse": 0.07198721170425415, "validation_first_accuracy": 1.0, "elapsed_seconds": 1.2117747009906452}
{"source": 2, "condition": "linear_wrong", "step": 1500, "output_kd": 0.015208550728857517, "geometry_loss": 0.11708090454339981, "validation_first_state_nmse": 0.07313445210456848, "validation_first_accuracy": 1.0, "elapsed_seconds": 1.8462346750020515}
{"source": 2, "condition": "linear_wrong", "step": 2000, "output_kd": 0.019766222685575485, "geometry_loss": 0.14580702781677246, "validation_first_state_nmse": 0.07439383864402771, "validation_first_accuracy": 1.0, "elapsed_seconds": 2.4513427130004857}
{"source": 2, "condition": "nonlinear_correct", "step": 500, "output_kd": 0.006202105898410082, "geometry_loss": 0.03674575686454773, "validation_first_state_nmse": 0.03729576617479324, "validation_first_accuracy": 1.0, "elapsed_seconds": 0.6315112320007756}
{"source": 2, "condition": "nonlinear_correct", "step": 1000, "output_kd": 0.002415386028587818, "geometry_loss": 0.02591974474489689, "validation_first_state_nmse": 0.027195774018764496, "validation_first_accuracy": 1.0, "elapsed_seconds": 1.2546204209938878}
{"source": 2, "condition": "nonlinear_correct", "step": 1500, "output_kd": 0.002220198744907975, "geometry_loss": 0.01926490105688572, "validation_first_state_nmse": 0.021497022360563278, "validation_first_accuracy": 1.0, "elapsed_seconds": 1.8776365949888714}
{"source": 2, "condition": "nonlinear_correct", "step": 2000, "output_kd": 0.0020946685690432787, "geometry_loss": 0.014337641187012196, "validation_first_state_nmse": 0.01655273139476776, "validation_first_accuracy": 1.0, "elapsed_seconds": 2.5049355480005033}
{"source": 2, "condition": "nonlinear_wrong", "step": 500, "output_kd": 0.008161897771060467, "geometry_loss": 0.08268098533153534, "validation_first_state_nmse": 0.06872709095478058, "validation_first_accuracy": 1.0, "elapsed_seconds": 0.6462570989970118}
{"source": 2, "condition": "nonlinear_wrong", "step": 1000, "output_kd": 0.003238934325054288, "geometry_loss": 0.08477265387773514, "validation_first_state_nmse": 0.07388333231210709, "validation_first_accuracy": 1.0, "elapsed_seconds": 1.2720372559997486}
{"source": 2, "condition": "nonlinear_wrong", "step": 1500, "output_kd": 0.003172900527715683, "geometry_loss": 0.07601047307252884, "validation_first_state_nmse": 0.07392250001430511, "validation_first_accuracy": 1.0, "elapsed_seconds": 1.876985655995668}
{"source": 2, "condition": "nonlinear_wrong", "step": 2000, "output_kd": 0.0027337614446878433, "geometry_loss": 0.08342458307743073, "validation_first_state_nmse": 0.0770820826292038, "validation_first_accuracy": 1.0, "elapsed_seconds": 2.4888090820022626}
