{'independently_replayed': 'n0_ordinary'}
{'independently_replayed': 'n0_correct_geometry'}
{'independently_replayed': 'n0_matched_mismatch'}
{'independently_replayed': 'n0_distillation'}
{'independently_replayed': 'n0_distillation_geometry'}
{'independently_replayed': 'n0_distillation_mismatch'}
{'independently_replayed': 'n1_ordinary'}
{'independently_replayed': 'n1_correct_geometry'}
{'independently_replayed': 'n1_matched_mismatch'}
{'independently_replayed': 'n1_distillation'}
{'independently_replayed': 'n1_distillation_geometry'}
{'independently_replayed': 'n1_distillation_mismatch'}
{'independently_replayed': 'n2_ordinary'}
{'independently_replayed': 'n2_correct_geometry'}
{'independently_replayed': 'n2_matched_mismatch'}
{'independently_replayed': 'n2_distillation'}
{'independently_replayed': 'n2_distillation_geometry'}
{'independently_replayed': 'n2_distillation_mismatch'}
{'independently_replayed': 'n3_ordinary'}
{'independently_replayed': 'n3_correct_geometry'}
{'independently_replayed': 'n3_matched_mismatch'}
{'independently_replayed': 'n3_distillation'}
{'independently_replayed': 'n3_distillation_geometry'}
{'independently_replayed': 'n3_distillation_mismatch'}
{'independently_replayed': 'n4_ordinary'}
{'independently_replayed': 'n4_correct_geometry'}
{'independently_replayed': 'n4_matched_mismatch'}
{'independently_replayed': 'n4_distillation'}
{'independently_replayed': 'n4_distillation_geometry'}
{'independently_replayed': 'n4_distillation_mismatch'}
{'independently_replayed': 'n5_ordinary'}
{'independently_replayed': 'n5_correct_geometry'}
{'independently_replayed': 'n5_matched_mismatch'}
{'independently_replayed': 'n5_distillation'}
{'independently_replayed': 'n5_distillation_geometry'}
{'independently_replayed': 'n5_distillation_mismatch'}
