{'evaluated': 'n0_ordinary', 'fixed_endpoints': [1200, 5000, 10000, 20000, 40000]}
{'evaluated': 'n0_correct_geometry', 'fixed_endpoints': [1200, 5000, 10000, 20000, 40000]}
{'evaluated': 'n0_matched_mismatch', 'fixed_endpoints': [1200, 5000, 10000, 20000, 40000]}
{'evaluated': 'n0_distillation', 'fixed_endpoints': [1200, 5000, 10000, 20000, 40000]}
{'evaluated': 'n0_distillation_geometry', 'fixed_endpoints': [1200, 5000, 10000, 20000, 40000]}
{'evaluated': 'n0_distillation_mismatch', 'fixed_endpoints': [1200, 5000, 10000, 20000, 40000]}
{'evaluated': 'n1_ordinary', 'fixed_endpoints': [1200, 5000, 10000, 20000, 40000]}
{'evaluated': 'n1_correct_geometry', 'fixed_endpoints': [1200, 5000, 10000, 20000, 40000]}
{'evaluated': 'n1_matched_mismatch', 'fixed_endpoints': [1200, 5000, 10000, 20000, 40000]}
{'evaluated': 'n1_distillation', 'fixed_endpoints': [1200, 5000, 10000, 20000, 40000]}
{'evaluated': 'n1_distillation_geometry', 'fixed_endpoints': [1200, 5000, 10000, 20000, 40000]}
{'evaluated': 'n1_distillation_mismatch', 'fixed_endpoints': [1200, 5000, 10000, 20000, 40000]}
{'evaluated': 'n2_ordinary', 'fixed_endpoints': [1200, 5000, 10000, 20000, 40000]}
{'evaluated': 'n2_correct_geometry', 'fixed_endpoints': [1200, 5000, 10000, 20000, 40000]}
{'evaluated': 'n2_matched_mismatch', 'fixed_endpoints': [1200, 5000, 10000, 20000, 40000]}
{'evaluated': 'n2_distillation', 'fixed_endpoints': [1200, 5000, 10000, 20000, 40000]}
{'evaluated': 'n2_distillation_geometry', 'fixed_endpoints': [1200, 5000, 10000, 20000, 40000]}
{'evaluated': 'n2_distillation_mismatch', 'fixed_endpoints': [1200, 5000, 10000, 20000, 40000]}
{'evaluated': 'n3_ordinary', 'fixed_endpoints': [1200, 5000, 10000, 20000, 40000]}
{'evaluated': 'n3_correct_geometry', 'fixed_endpoints': [1200, 5000, 10000, 20000, 40000]}
{'evaluated': 'n3_matched_mismatch', 'fixed_endpoints': [1200, 5000, 10000, 20000, 40000]}
{'evaluated': 'n3_distillation', 'fixed_endpoints': [1200, 5000, 10000, 20000, 40000]}
{'evaluated': 'n3_distillation_geometry', 'fixed_endpoints': [1200, 5000, 10000, 20000, 40000]}
{'evaluated': 'n3_distillation_mismatch', 'fixed_endpoints': [1200, 5000, 10000, 20000, 40000]}
{'evaluated': 'n4_ordinary', 'fixed_endpoints': [1200, 5000, 10000, 20000, 40000]}
{'evaluated': 'n4_correct_geometry', 'fixed_endpoints': [1200, 5000, 10000, 20000, 40000]}
{'evaluated': 'n4_matched_mismatch', 'fixed_endpoints': [1200, 5000, 10000, 20000, 40000]}
{'evaluated': 'n4_distillation', 'fixed_endpoints': [1200, 5000, 10000, 20000, 40000]}
{'evaluated': 'n4_distillation_geometry', 'fixed_endpoints': [1200, 5000, 10000, 20000, 40000]}
{'evaluated': 'n4_distillation_mismatch', 'fixed_endpoints': [1200, 5000, 10000, 20000, 40000]}
{'evaluated': 'n5_ordinary', 'fixed_endpoints': [1200, 5000, 10000, 20000, 40000]}
{'evaluated': 'n5_correct_geometry', 'fixed_endpoints': [1200, 5000, 10000, 20000, 40000]}
{'evaluated': 'n5_matched_mismatch', 'fixed_endpoints': [1200, 5000, 10000, 20000, 40000]}
{'evaluated': 'n5_distillation', 'fixed_endpoints': [1200, 5000, 10000, 20000, 40000]}
{'evaluated': 'n5_distillation_geometry', 'fixed_endpoints': [1200, 5000, 10000, 20000, 40000]}
{'evaluated': 'n5_distillation_mismatch', 'fixed_endpoints': [1200, 5000, 10000, 20000, 40000]}
