[
  {
    "group": "P",
    "generator_nmse": 0.6190852442193114,
    "random_generator_nmse": 0.6023972202497578,
    "cross_prediction_nmse": 0.5669242454947716,
    "cross_consistency_nmse": 0.07007423083956728,
    "wrong_order_gap": 0.054957804436156395
  },
  {
    "group": "M1",
    "generator_nmse": 0.6520108814752572,
    "random_generator_nmse": 0.6023972202497578,
    "cross_prediction_nmse": 0.5910137571617704,
    "cross_consistency_nmse": 0.050916695042441444,
    "wrong_order_gap": 0.026634354993591763
  },
  {
    "group": "M2",
    "generator_nmse": 0.6096294433679962,
    "random_generator_nmse": 0.6023972202497578,
    "cross_prediction_nmse": 0.5436253420422552,
    "cross_consistency_nmse": 0.04837343822131811,
    "wrong_order_gap": 0.05854474470309555
  }
]
