{
  "verification": {
    "conditions": 54,
    "matrix_archives": 189,
    "scalar_values": 5859,
    "numeric_null_checks": 27
  },
  "primary": [
    {
      "group": "P",
      "status": "trained",
      "view": "hidden",
      "crossed_world_seed_cells": 9,
      "generator_nmse": 0.6190852442193113,
      "generator_shuffled_nmse": 0.6852949025201012,
      "cross_nmse": 0.5669242454947716,
      "other_cross_nmse": 0.556050359382968,
      "cross_shuffled_nmse": 0.5933229443249011,
      "cross_consistency_nmse": 0.07007423083956728,
      "wrong_order_gap": 0.054957804436156395,
      "positive_wrong_order_cells": 7
    },
    {
      "group": "M1",
      "status": "trained",
      "view": "hidden",
      "crossed_world_seed_cells": 9,
      "generator_nmse": 0.6520108814752572,
      "generator_shuffled_nmse": 0.7111365606494462,
      "cross_nmse": 0.5910137571617704,
      "other_cross_nmse": 0.567718664864449,
      "cross_shuffled_nmse": 0.6023965074425754,
      "cross_consistency_nmse": 0.05091669504244145,
      "wrong_order_gap": 0.026634354993591767,
      "positive_wrong_order_cells": 6
    },
    {
      "group": "M2",
      "status": "trained",
      "view": "hidden",
      "crossed_world_seed_cells": 9,
      "generator_nmse": 0.6096294433679962,
      "generator_shuffled_nmse": 0.6727821088852076,
      "cross_nmse": 0.5436253420422552,
      "other_cross_nmse": 0.515952758635057,
      "cross_shuffled_nmse": 0.5813532083952702,
      "cross_consistency_nmse": 0.0483734382213181,
      "wrong_order_gap": 0.05854474470309555,
      "positive_wrong_order_cells": 9
    }
  ],
  "predictions": {
    "P_lower_generator_than_both_mixed_groups": false,
    "P_lower_cross_prediction_than_both_mixed_groups": false,
    "P_correct_cross_beats_wrong_order_on_average": true
  }
}
