{
  "primary": [
    {
      "group": "novel_records",
      "view": "source_query_concat",
      "new_source_seeds": 3,
      "source_accuracy": 0.9466666666666667,
      "generator_nmse": 0.12321218044258535,
      "random_generator_nmse": 0.36145015765230976,
      "composite_nmse": 0.16233414967996088,
      "random_composite_nmse": 0.5001072413293052,
      "generator_shuffled_nmse": 0.6479159674197849,
      "composite_shuffled_nmse": 0.6140166260300773,
      "two_inverse_reconstruction_nmse": 0.0583070060878732,
      "inverse_nmse": 0.15378218406472688,
      "random_inverse_nmse": 0.5078284784054277,
      "inverse_displacement_energy": 1.0969970884534181,
      "wrong_order_gap": 0.7082432928579253,
      "all_generators_better_than_identity_seeds": 3,
      "generator_better_than_random_seeds": 3,
      "composite_better_than_random_seeds": 3
    },
    {
      "group": "novel_minima_pair",
      "view": "source_query_concat",
      "new_source_seeds": 3,
      "source_accuracy": 0.9131349206349206,
      "generator_nmse": 0.3459631216248946,
      "random_generator_nmse": 0.36153807558988205,
      "composite_nmse": 0.49714422772673683,
      "random_composite_nmse": 0.5001631407950035,
      "generator_shuffled_nmse": 0.7129839035080906,
      "composite_shuffled_nmse": 0.5945851878986921,
      "two_inverse_reconstruction_nmse": 0.6126096772303105,
      "inverse_nmse": 0.5231305975624959,
      "random_inverse_nmse": 0.5079364420538738,
      "inverse_displacement_energy": 1.3463269915846194,
      "wrong_order_gap": 0.03405173968307313,
      "all_generators_better_than_identity_seeds": 3,
      "generator_better_than_random_seeds": 2,
      "composite_better_than_random_seeds": 2
    },
    {
      "group": "novel_peak_mixed",
      "view": "source_query_concat",
      "new_source_seeds": 3,
      "source_accuracy": 0.9632539682539681,
      "generator_nmse": 0.33228350166325216,
      "random_generator_nmse": 0.36149219587507164,
      "composite_nmse": 0.40163971005989724,
      "random_composite_nmse": 0.5001304180655822,
      "generator_shuffled_nmse": 0.7450513616703289,
      "composite_shuffled_nmse": 0.573268167009758,
      "two_inverse_reconstruction_nmse": 0.4140933731646119,
      "inverse_nmse": 0.5341083997406315,
      "random_inverse_nmse": 0.5078678645070784,
      "inverse_displacement_energy": 0.9496317915978305,
      "wrong_order_gap": 0.2825872005280227,
      "all_generators_better_than_identity_seeds": 3,
      "generator_better_than_random_seeds": 3,
      "composite_better_than_random_seeds": 3
    }
  ],
  "predictions": {
    "lower_mean_generator_than_both_controls": true,
    "lower_mean_composite_than_both_controls": true,
    "lower_generator_and_composite_than_identity_shuffled_random": true,
    "positive_wrong_order_gap": true
  },
  "per_seed": [
    {
      "seed": 2027,
      "records_generator_nmse": 0.10675398834201655,
      "records_composite_nmse": 0.1436195877570568,
      "generator_beats_both_controls": true,
      "composite_beats_both_controls": true,
      "positive_wrong_order_gap": true,
      "two_inverse_reconstruction_nmse": 0.04201507036306639
    },
    {
      "seed": 3037,
      "records_generator_nmse": 0.151376755303497,
      "records_composite_nmse": 0.19409052135679206,
      "generator_beats_both_controls": true,
      "composite_beats_both_controls": true,
      "positive_wrong_order_gap": true,
      "two_inverse_reconstruction_nmse": 0.09003119557238347
    },
    {
      "seed": 4051,
      "records_generator_nmse": 0.11150579768224245,
      "records_composite_nmse": 0.14929233992603375,
      "generator_beats_both_controls": true,
      "composite_beats_both_controls": true,
      "positive_wrong_order_gap": true,
      "two_inverse_reconstruction_nmse": 0.042874752328169764
    }
  ]
}
