{"job": "novel_records_s2027", "step": 1000, "planned_steps": 20000, "validation_mean": 0.3863095238095238}
{"job": "novel_records_s2027", "step": 2000, "planned_steps": 20000, "validation_mean": 0.5826190476190476}
{"job": "novel_records_s2027", "step": 3000, "planned_steps": 20000, "validation_mean": 0.6566666666666666}
{"job": "novel_records_s2027", "step": 4000, "planned_steps": 20000, "validation_mean": 0.7151190476190477}
{"job": "novel_records_s2027", "step": 5000, "planned_steps": 20000, "validation_mean": 0.753452380952381}
{"job": "novel_records_s2027", "step": 6000, "planned_steps": 20000, "validation_mean": 0.7815476190476192}
{"job": "novel_records_s2027", "step": 7000, "planned_steps": 20000, "validation_mean": 0.8196428571428571}
{"job": "novel_records_s2027", "step": 8000, "planned_steps": 20000, "validation_mean": 0.786547619047619}
{"job": "novel_records_s2027", "step": 9000, "planned_steps": 20000, "validation_mean": 0.8677380952380952}
{"job": "novel_records_s2027", "step": 10000, "planned_steps": 20000, "validation_mean": 0.8855952380952381}
{"job": "novel_records_s2027", "step": 11000, "planned_steps": 20000, "validation_mean": 0.8946428571428572}
{"job": "novel_records_s2027", "step": 12000, "planned_steps": 20000, "validation_mean": 0.9167857142857143}
{"job": "novel_records_s2027", "step": 13000, "planned_steps": 20000, "validation_mean": 0.92}
{"job": "novel_records_s2027", "step": 14000, "planned_steps": 20000, "validation_mean": 0.9266666666666666}
{"job": "novel_records_s2027", "step": 15000, "planned_steps": 20000, "validation_mean": 0.9383333333333334}
{"job": "novel_records_s2027", "step": 16000, "planned_steps": 20000, "validation_mean": 0.9436904761904761}
{"job": "novel_records_s2027", "step": 17000, "planned_steps": 20000, "validation_mean": 0.9491666666666667}
{"job": "novel_records_s2027", "step": 18000, "planned_steps": 20000, "validation_mean": 0.9526190476190475}
{"job": "novel_records_s2027", "step": 19000, "planned_steps": 20000, "validation_mean": 0.9576190476190476}
{"job": "novel_records_s2027", "step": 20000, "planned_steps": 20000, "validation_mean": 0.9608333333333333}
{"job": "novel_minima_pair_s2027", "step": 1000, "planned_steps": 20000, "validation_mean": 0.4732142857142857}
{"job": "novel_minima_pair_s2027", "step": 2000, "planned_steps": 20000, "validation_mean": 0.5733333333333334}
{"job": "novel_minima_pair_s2027", "step": 3000, "planned_steps": 20000, "validation_mean": 0.6069047619047618}
{"job": "novel_minima_pair_s2027", "step": 4000, "planned_steps": 20000, "validation_mean": 0.6188095238095238}
{"job": "novel_minima_pair_s2027", "step": 5000, "planned_steps": 20000, "validation_mean": 0.6373809523809524}
{"job": "novel_minima_pair_s2027", "step": 6000, "planned_steps": 20000, "validation_mean": 0.64}
{"job": "novel_minima_pair_s2027", "step": 7000, "planned_steps": 20000, "validation_mean": 0.664047619047619}
{"job": "novel_minima_pair_s2027", "step": 8000, "planned_steps": 20000, "validation_mean": 0.6554761904761905}
{"job": "novel_minima_pair_s2027", "step": 9000, "planned_steps": 20000, "validation_mean": 0.6832142857142858}
{"job": "novel_minima_pair_s2027", "step": 10000, "planned_steps": 20000, "validation_mean": 0.6972619047619047}
{"job": "novel_minima_pair_s2027", "step": 11000, "planned_steps": 20000, "validation_mean": 0.7021428571428572}
{"job": "novel_minima_pair_s2027", "step": 12000, "planned_steps": 20000, "validation_mean": 0.7072619047619046}
{"job": "novel_minima_pair_s2027", "step": 13000, "planned_steps": 20000, "validation_mean": 0.7213095238095238}
{"job": "novel_minima_pair_s2027", "step": 14000, "planned_steps": 20000, "validation_mean": 0.7221428571428572}
{"job": "novel_minima_pair_s2027", "step": 15000, "planned_steps": 20000, "validation_mean": 0.7369047619047618}
{"job": "novel_minima_pair_s2027", "step": 16000, "planned_steps": 20000, "validation_mean": 0.7451190476190476}
{"job": "novel_minima_pair_s2027", "step": 17000, "planned_steps": 20000, "validation_mean": 0.7513095238095239}
{"job": "novel_minima_pair_s2027", "step": 18000, "planned_steps": 20000, "validation_mean": 0.7583333333333333}
{"job": "novel_minima_pair_s2027", "step": 19000, "planned_steps": 20000, "validation_mean": 0.7655952380952382}
{"job": "novel_minima_pair_s2027", "step": 20000, "planned_steps": 20000, "validation_mean": 0.7672619047619047}
{"job": "novel_peak_mixed_s2027", "step": 1000, "planned_steps": 20000, "validation_mean": 0.45642857142857146}
{"job": "novel_peak_mixed_s2027", "step": 2000, "planned_steps": 20000, "validation_mean": 0.5745238095238094}
{"job": "novel_peak_mixed_s2027", "step": 3000, "planned_steps": 20000, "validation_mean": 0.613452380952381}
{"job": "novel_peak_mixed_s2027", "step": 4000, "planned_steps": 20000, "validation_mean": 0.6539285714285714}
{"job": "novel_peak_mixed_s2027", "step": 5000, "planned_steps": 20000, "validation_mean": 0.6749999999999999}
{"job": "novel_peak_mixed_s2027", "step": 6000, "planned_steps": 20000, "validation_mean": 0.7295238095238096}
{"job": "novel_peak_mixed_s2027", "step": 7000, "planned_steps": 20000, "validation_mean": 0.758452380952381}
{"job": "novel_peak_mixed_s2027", "step": 8000, "planned_steps": 20000, "validation_mean": 0.7792857142857142}
{"job": "novel_peak_mixed_s2027", "step": 9000, "planned_steps": 20000, "validation_mean": 0.8127380952380953}
{"job": "novel_peak_mixed_s2027", "step": 10000, "planned_steps": 20000, "validation_mean": 0.8232142857142857}
{"job": "novel_peak_mixed_s2027", "step": 11000, "planned_steps": 20000, "validation_mean": 0.8266666666666667}
{"job": "novel_peak_mixed_s2027", "step": 12000, "planned_steps": 20000, "validation_mean": 0.8466666666666667}
{"job": "novel_peak_mixed_s2027", "step": 13000, "planned_steps": 20000, "validation_mean": 0.8528571428571429}
{"job": "novel_peak_mixed_s2027", "step": 14000, "planned_steps": 20000, "validation_mean": 0.8608333333333333}
{"job": "novel_peak_mixed_s2027", "step": 15000, "planned_steps": 20000, "validation_mean": 0.8748809523809524}
{"job": "novel_peak_mixed_s2027", "step": 16000, "planned_steps": 20000, "validation_mean": 0.8851190476190476}
{"job": "novel_peak_mixed_s2027", "step": 17000, "planned_steps": 20000, "validation_mean": 0.9066666666666666}
{"job": "novel_peak_mixed_s2027", "step": 18000, "planned_steps": 20000, "validation_mean": 0.9185714285714286}
{"job": "novel_peak_mixed_s2027", "step": 19000, "planned_steps": 20000, "validation_mean": 0.9334523809523809}
{"job": "novel_peak_mixed_s2027", "step": 20000, "planned_steps": 20000, "validation_mean": 0.9452380952380952}
{"job": "novel_records_s3037", "step": 1000, "planned_steps": 20000, "validation_mean": 0.37571428571428567}
{"job": "novel_records_s3037", "step": 2000, "planned_steps": 20000, "validation_mean": 0.5697619047619048}
{"job": "novel_records_s3037", "step": 3000, "planned_steps": 20000, "validation_mean": 0.6138095238095238}
{"job": "novel_records_s3037", "step": 4000, "planned_steps": 20000, "validation_mean": 0.6948809523809524}
{"job": "novel_records_s3037", "step": 5000, "planned_steps": 20000, "validation_mean": 0.7486904761904761}
{"job": "novel_records_s3037", "step": 6000, "planned_steps": 20000, "validation_mean": 0.7714285714285714}
{"job": "novel_records_s3037", "step": 7000, "planned_steps": 20000, "validation_mean": 0.8054761904761905}
{"job": "novel_records_s3037", "step": 8000, "planned_steps": 20000, "validation_mean": 0.8269047619047619}
{"job": "novel_records_s3037", "step": 9000, "planned_steps": 20000, "validation_mean": 0.8429761904761905}
{"job": "novel_records_s3037", "step": 10000, "planned_steps": 20000, "validation_mean": 0.8567857142857143}
{"job": "novel_records_s3037", "step": 11000, "planned_steps": 20000, "validation_mean": 0.8638095238095238}
{"job": "novel_records_s3037", "step": 12000, "planned_steps": 20000, "validation_mean": 0.8686904761904762}
{"job": "novel_records_s3037", "step": 13000, "planned_steps": 20000, "validation_mean": 0.8846428571428571}
{"job": "novel_records_s3037", "step": 14000, "planned_steps": 20000, "validation_mean": 0.8947619047619048}
{"job": "novel_records_s3037", "step": 15000, "planned_steps": 20000, "validation_mean": 0.9014285714285714}
{"job": "novel_records_s3037", "step": 16000, "planned_steps": 20000, "validation_mean": 0.8986904761904762}
{"job": "novel_records_s3037", "step": 17000, "planned_steps": 20000, "validation_mean": 0.9085714285714286}
{"job": "novel_records_s3037", "step": 18000, "planned_steps": 20000, "validation_mean": 0.9130952380952381}
{"job": "novel_records_s3037", "step": 19000, "planned_steps": 20000, "validation_mean": 0.9196428571428571}
{"job": "novel_records_s3037", "step": 20000, "planned_steps": 20000, "validation_mean": 0.9201190476190475}
{"job": "novel_minima_pair_s3037", "step": 1000, "planned_steps": 20000, "validation_mean": 0.4990476190476191}
{"job": "novel_minima_pair_s3037", "step": 2000, "planned_steps": 20000, "validation_mean": 0.611904761904762}
{"job": "novel_minima_pair_s3037", "step": 3000, "planned_steps": 20000, "validation_mean": 0.6471428571428571}
{"job": "novel_minima_pair_s3037", "step": 4000, "planned_steps": 20000, "validation_mean": 0.6594047619047619}
{"job": "novel_minima_pair_s3037", "step": 5000, "planned_steps": 20000, "validation_mean": 0.6630952380952382}
{"job": "novel_minima_pair_s3037", "step": 6000, "planned_steps": 20000, "validation_mean": 0.6801190476190476}
{"job": "novel_minima_pair_s3037", "step": 7000, "planned_steps": 20000, "validation_mean": 0.6833333333333333}
{"job": "novel_minima_pair_s3037", "step": 8000, "planned_steps": 20000, "validation_mean": 0.7048809523809524}
{"job": "novel_minima_pair_s3037", "step": 9000, "planned_steps": 20000, "validation_mean": 0.7126190476190476}
{"job": "novel_minima_pair_s3037", "step": 10000, "planned_steps": 20000, "validation_mean": 0.7382142857142857}
{"job": "novel_minima_pair_s3037", "step": 11000, "planned_steps": 20000, "validation_mean": 0.7744047619047618}
{"job": "novel_minima_pair_s3037", "step": 12000, "planned_steps": 20000, "validation_mean": 0.8254761904761905}
{"job": "novel_minima_pair_s3037", "step": 13000, "planned_steps": 20000, "validation_mean": 0.8670238095238095}
{"job": "novel_minima_pair_s3037", "step": 14000, "planned_steps": 20000, "validation_mean": 0.9064285714285714}
{"job": "novel_minima_pair_s3037", "step": 15000, "planned_steps": 20000, "validation_mean": 0.9279761904761905}
{"job": "novel_minima_pair_s3037", "step": 16000, "planned_steps": 20000, "validation_mean": 0.9563095238095238}
{"job": "novel_minima_pair_s3037", "step": 17000, "planned_steps": 20000, "validation_mean": 0.9641666666666666}
{"job": "novel_minima_pair_s3037", "step": 18000, "planned_steps": 20000, "validation_mean": 0.9747619047619048}
{"job": "novel_minima_pair_s3037", "step": 19000, "planned_steps": 20000, "validation_mean": 0.9821428571428571}
{"job": "novel_minima_pair_s3037", "step": 20000, "planned_steps": 20000, "validation_mean": 0.985}
{"job": "novel_peak_mixed_s3037", "step": 1000, "planned_steps": 20000, "validation_mean": 0.44047619047619047}
{"job": "novel_peak_mixed_s3037", "step": 2000, "planned_steps": 20000, "validation_mean": 0.5654761904761905}
{"job": "novel_peak_mixed_s3037", "step": 3000, "planned_steps": 20000, "validation_mean": 0.6448809523809524}
{"job": "novel_peak_mixed_s3037", "step": 4000, "planned_steps": 20000, "validation_mean": 0.6950000000000001}
{"job": "novel_peak_mixed_s3037", "step": 5000, "planned_steps": 20000, "validation_mean": 0.7288095238095238}
{"job": "novel_peak_mixed_s3037", "step": 6000, "planned_steps": 20000, "validation_mean": 0.7467857142857144}
{"job": "novel_peak_mixed_s3037", "step": 7000, "planned_steps": 20000, "validation_mean": 0.7685714285714286}
{"job": "novel_peak_mixed_s3037", "step": 8000, "planned_steps": 20000, "validation_mean": 0.7821428571428571}
{"job": "novel_peak_mixed_s3037", "step": 9000, "planned_steps": 20000, "validation_mean": 0.7971428571428572}
{"job": "novel_peak_mixed_s3037", "step": 10000, "planned_steps": 20000, "validation_mean": 0.7967857142857143}
{"job": "novel_peak_mixed_s3037", "step": 11000, "planned_steps": 20000, "validation_mean": 0.8261904761904761}
{"job": "novel_peak_mixed_s3037", "step": 12000, "planned_steps": 20000, "validation_mean": 0.839047619047619}
{"job": "novel_peak_mixed_s3037", "step": 13000, "planned_steps": 20000, "validation_mean": 0.8610714285714286}
{"job": "novel_peak_mixed_s3037", "step": 14000, "planned_steps": 20000, "validation_mean": 0.8820238095238095}
{"job": "novel_peak_mixed_s3037", "step": 15000, "planned_steps": 20000, "validation_mean": 0.9094047619047619}
{"job": "novel_peak_mixed_s3037", "step": 16000, "planned_steps": 20000, "validation_mean": 0.9259523809523809}
{"job": "novel_peak_mixed_s3037", "step": 17000, "planned_steps": 20000, "validation_mean": 0.9433333333333334}
{"job": "novel_peak_mixed_s3037", "step": 18000, "planned_steps": 20000, "validation_mean": 0.9541666666666666}
{"job": "novel_peak_mixed_s3037", "step": 19000, "planned_steps": 20000, "validation_mean": 0.9627380952380952}
{"job": "novel_peak_mixed_s3037", "step": 20000, "planned_steps": 20000, "validation_mean": 0.9560714285714286}
{"job": "novel_records_s4051", "step": 1000, "planned_steps": 20000, "validation_mean": 0.39988095238095234}
{"job": "novel_records_s4051", "step": 2000, "planned_steps": 20000, "validation_mean": 0.5577380952380953}
{"job": "novel_records_s4051", "step": 3000, "planned_steps": 20000, "validation_mean": 0.6776190476190476}
{"job": "novel_records_s4051", "step": 4000, "planned_steps": 20000, "validation_mean": 0.7246428571428571}
{"job": "novel_records_s4051", "step": 5000, "planned_steps": 20000, "validation_mean": 0.7736904761904762}
{"job": "novel_records_s4051", "step": 6000, "planned_steps": 20000, "validation_mean": 0.8053571428571429}
{"job": "novel_records_s4051", "step": 7000, "planned_steps": 20000, "validation_mean": 0.825952380952381}
{"job": "novel_records_s4051", "step": 8000, "planned_steps": 20000, "validation_mean": 0.8454761904761905}
{"job": "novel_records_s4051", "step": 9000, "planned_steps": 20000, "validation_mean": 0.8563095238095239}
{"job": "novel_records_s4051", "step": 10000, "planned_steps": 20000, "validation_mean": 0.8771428571428572}
{"job": "novel_records_s4051", "step": 11000, "planned_steps": 20000, "validation_mean": 0.8957142857142857}
{"job": "novel_records_s4051", "step": 12000, "planned_steps": 20000, "validation_mean": 0.9066666666666667}
{"job": "novel_records_s4051", "step": 13000, "planned_steps": 20000, "validation_mean": 0.9195238095238094}
{"job": "novel_records_s4051", "step": 14000, "planned_steps": 20000, "validation_mean": 0.9313095238095238}
{"job": "novel_records_s4051", "step": 15000, "planned_steps": 20000, "validation_mean": 0.9389285714285714}
{"job": "novel_records_s4051", "step": 16000, "planned_steps": 20000, "validation_mean": 0.9496428571428571}
{"job": "novel_records_s4051", "step": 17000, "planned_steps": 20000, "validation_mean": 0.9540476190476191}
{"job": "novel_records_s4051", "step": 18000, "planned_steps": 20000, "validation_mean": 0.956547619047619}
{"job": "novel_records_s4051", "step": 19000, "planned_steps": 20000, "validation_mean": 0.96}
{"job": "novel_records_s4051", "step": 20000, "planned_steps": 20000, "validation_mean": 0.9625}
{"job": "novel_minima_pair_s4051", "step": 1000, "planned_steps": 20000, "validation_mean": 0.48345238095238097}
{"job": "novel_minima_pair_s4051", "step": 2000, "planned_steps": 20000, "validation_mean": 0.6064285714285714}
{"job": "novel_minima_pair_s4051", "step": 3000, "planned_steps": 20000, "validation_mean": 0.6321428571428571}
{"job": "novel_minima_pair_s4051", "step": 4000, "planned_steps": 20000, "validation_mean": 0.6613095238095238}
{"job": "novel_minima_pair_s4051", "step": 5000, "planned_steps": 20000, "validation_mean": 0.6682142857142856}
{"job": "novel_minima_pair_s4051", "step": 6000, "planned_steps": 20000, "validation_mean": 0.684404761904762}
{"job": "novel_minima_pair_s4051", "step": 7000, "planned_steps": 20000, "validation_mean": 0.7101190476190476}
{"job": "novel_minima_pair_s4051", "step": 8000, "planned_steps": 20000, "validation_mean": 0.7158333333333333}
{"job": "novel_minima_pair_s4051", "step": 9000, "planned_steps": 20000, "validation_mean": 0.7469047619047618}
{"job": "novel_minima_pair_s4051", "step": 10000, "planned_steps": 20000, "validation_mean": 0.7720238095238094}
{"job": "novel_minima_pair_s4051", "step": 11000, "planned_steps": 20000, "validation_mean": 0.8108333333333333}
{"job": "novel_minima_pair_s4051", "step": 12000, "planned_steps": 20000, "validation_mean": 0.8597619047619047}
{"job": "novel_minima_pair_s4051", "step": 13000, "planned_steps": 20000, "validation_mean": 0.9148809523809525}
{"job": "novel_minima_pair_s4051", "step": 14000, "planned_steps": 20000, "validation_mean": 0.9484523809523808}
{"job": "novel_minima_pair_s4051", "step": 15000, "planned_steps": 20000, "validation_mean": 0.9704761904761905}
{"job": "novel_minima_pair_s4051", "step": 16000, "planned_steps": 20000, "validation_mean": 0.9772619047619047}
{"job": "novel_minima_pair_s4051", "step": 17000, "planned_steps": 20000, "validation_mean": 0.9844047619047619}
{"job": "novel_minima_pair_s4051", "step": 18000, "planned_steps": 20000, "validation_mean": 0.9884523809523809}
{"job": "novel_minima_pair_s4051", "step": 19000, "planned_steps": 20000, "validation_mean": 0.9882142857142857}
{"job": "novel_minima_pair_s4051", "step": 20000, "planned_steps": 20000, "validation_mean": 0.9892857142857143}
{"job": "novel_peak_mixed_s4051", "step": 1000, "planned_steps": 20000, "validation_mean": 0.42523809523809525}
{"job": "novel_peak_mixed_s4051", "step": 2000, "planned_steps": 20000, "validation_mean": 0.533452380952381}
{"job": "novel_peak_mixed_s4051", "step": 3000, "planned_steps": 20000, "validation_mean": 0.6077380952380953}
{"job": "novel_peak_mixed_s4051", "step": 4000, "planned_steps": 20000, "validation_mean": 0.6622619047619047}
{"job": "novel_peak_mixed_s4051", "step": 5000, "planned_steps": 20000, "validation_mean": 0.7194047619047619}
{"job": "novel_peak_mixed_s4051", "step": 6000, "planned_steps": 20000, "validation_mean": 0.743452380952381}
{"job": "novel_peak_mixed_s4051", "step": 7000, "planned_steps": 20000, "validation_mean": 0.7788095238095238}
{"job": "novel_peak_mixed_s4051", "step": 8000, "planned_steps": 20000, "validation_mean": 0.8023809523809524}
{"job": "novel_peak_mixed_s4051", "step": 9000, "planned_steps": 20000, "validation_mean": 0.8099999999999999}
{"job": "novel_peak_mixed_s4051", "step": 10000, "planned_steps": 20000, "validation_mean": 0.8252380952380952}
{"job": "novel_peak_mixed_s4051", "step": 11000, "planned_steps": 20000, "validation_mean": 0.8427380952380953}
{"job": "novel_peak_mixed_s4051", "step": 12000, "planned_steps": 20000, "validation_mean": 0.8628571428571428}
{"job": "novel_peak_mixed_s4051", "step": 13000, "planned_steps": 20000, "validation_mean": 0.8679761904761905}
{"job": "novel_peak_mixed_s4051", "step": 14000, "planned_steps": 20000, "validation_mean": 0.8951190476190477}
{"job": "novel_peak_mixed_s4051", "step": 15000, "planned_steps": 20000, "validation_mean": 0.926547619047619}
{"job": "novel_peak_mixed_s4051", "step": 16000, "planned_steps": 20000, "validation_mean": 0.9295238095238095}
{"job": "novel_peak_mixed_s4051", "step": 17000, "planned_steps": 20000, "validation_mean": 0.9610714285714286}
{"job": "novel_peak_mixed_s4051", "step": 18000, "planned_steps": 20000, "validation_mean": 0.9694047619047619}
{"job": "novel_peak_mixed_s4051", "step": 19000, "planned_steps": 20000, "validation_mean": 0.9788095238095238}
{"job": "novel_peak_mixed_s4051", "step": 20000, "planned_steps": 20000, "validation_mean": 0.9810714285714286}
{"geometry_completed": "novel_records_s1009_random", "generator_nmse": 0.3597112901632255, "composite_nmse": 0.504473339730167}
{"geometry_completed": "novel_records_s1009_trained", "generator_nmse": 0.1362781179702376, "composite_nmse": 0.20326436429501563}
{"geometry_completed": "novel_minima_pair_s1009_random", "generator_nmse": 0.3596725921096218, "composite_nmse": 0.5044336557253872}
{"geometry_completed": "novel_minima_pair_s1009_trained", "generator_nmse": 0.3302899715413535, "composite_nmse": 0.49075458542187766}
{"geometry_completed": "novel_peak_mixed_s1009_random", "generator_nmse": 0.35981367988715635, "composite_nmse": 0.5045283019446344}
{"geometry_completed": "novel_peak_mixed_s1009_trained", "generator_nmse": 0.32307653874293474, "composite_nmse": 0.4022822766129819}
{"geometry_completed": "novel_records_s2027_random", "generator_nmse": 0.36115180206938896, "composite_nmse": 0.4997092227614742}
{"geometry_completed": "novel_records_s2027_trained", "generator_nmse": 0.10675398834201655, "composite_nmse": 0.1436195877570568}
{"geometry_completed": "novel_minima_pair_s2027_random", "generator_nmse": 0.36117989759264923, "composite_nmse": 0.4997480281877169}
{"geometry_completed": "novel_minima_pair_s2027_trained", "generator_nmse": 0.37070940176773165, "composite_nmse": 0.50942808384181}
{"geometry_completed": "novel_peak_mixed_s2027_random", "generator_nmse": 0.3611341648800041, "composite_nmse": 0.49969751394653594}
{"geometry_completed": "novel_peak_mixed_s2027_trained", "generator_nmse": 0.336424653778824, "composite_nmse": 0.40354084387591405}
{"geometry_completed": "novel_records_s3037_random", "generator_nmse": 0.3641615116519709, "composite_nmse": 0.503798001184948}
{"geometry_completed": "novel_records_s3037_trained", "generator_nmse": 0.151376755303497, "composite_nmse": 0.19409052135679206}
{"geometry_completed": "novel_minima_pair_s3037_random", "generator_nmse": 0.3642893559707014, "composite_nmse": 0.503858301079232}
{"geometry_completed": "novel_minima_pair_s3037_trained", "generator_nmse": 0.33790950533434777, "composite_nmse": 0.49448953620772595}
{"geometry_completed": "novel_peak_mixed_s3037_random", "generator_nmse": 0.364259282662125, "composite_nmse": 0.5038540067367211}
{"geometry_completed": "novel_peak_mixed_s3037_trained", "generator_nmse": 0.33092133120747064, "composite_nmse": 0.3934026952457166}
{"geometry_completed": "novel_records_s4051_random", "generator_nmse": 0.35903715923556945, "composite_nmse": 0.4968145000414932}
{"geometry_completed": "novel_records_s4051_trained", "generator_nmse": 0.11150579768224245, "composite_nmse": 0.14929233992603375}
{"geometry_completed": "novel_minima_pair_s4051_random", "generator_nmse": 0.3591449732062954, "composite_nmse": 0.4968830931180618}
{"geometry_completed": "novel_minima_pair_s4051_trained", "generator_nmse": 0.3292704577726045, "composite_nmse": 0.4875150631306744}
{"geometry_completed": "novel_peak_mixed_s4051_random", "generator_nmse": 0.3590831400830859, "composite_nmse": 0.49683973351348976}
{"geometry_completed": "novel_peak_mixed_s4051_trained", "generator_nmse": 0.32950452000346186, "composite_nmse": 0.407975591058061}
