{'source_features_complete': 1, 'sources': 82, 'cohort': 'specialist16', 'task': 'anti_fixed_points', 'seed': '17'}
{'source_features_complete': 2, 'sources': 82, 'cohort': 'specialist16', 'task': 'anti_fixed_points', 'seed': '42'}
{'source_features_complete': 3, 'sources': 82, 'cohort': 'specialist16', 'task': 'anti_fixed_points', 'seed': '101'}
{'source_features_complete': 4, 'sources': 82, 'cohort': 'specialist16', 'task': 'components', 'seed': '17'}
{'source_features_complete': 5, 'sources': 82, 'cohort': 'specialist16', 'task': 'components', 'seed': '42'}
{'source_features_complete': 6, 'sources': 82, 'cohort': 'specialist16', 'task': 'components', 'seed': '101'}
{'source_features_complete': 7, 'sources': 82, 'cohort': 'specialist16', 'task': 'deficiencies', 'seed': '17'}
{'source_features_complete': 8, 'sources': 82, 'cohort': 'specialist16', 'task': 'deficiencies', 'seed': '42'}
{'source_features_complete': 9, 'sources': 82, 'cohort': 'specialist16', 'task': 'deficiencies', 'seed': '101'}
{'source_features_complete': 10, 'sources': 82, 'cohort': 'specialist16', 'task': 'descents', 'seed': '17'}
{'source_features_complete': 11, 'sources': 82, 'cohort': 'specialist16', 'task': 'descents', 'seed': '42'}
{'source_features_complete': 12, 'sources': 82, 'cohort': 'specialist16', 'task': 'descents', 'seed': '101'}
{'source_features_complete': 13, 'sources': 82, 'cohort': 'specialist16', 'task': 'exceedances', 'seed': '17'}
{'source_features_complete': 14, 'sources': 82, 'cohort': 'specialist16', 'task': 'exceedances', 'seed': '42'}
{'source_features_complete': 15, 'sources': 82, 'cohort': 'specialist16', 'task': 'exceedances', 'seed': '101'}
{'source_features_complete': 16, 'sources': 82, 'cohort': 'specialist16', 'task': 'fixed_points', 'seed': '17'}
{'source_features_complete': 17, 'sources': 82, 'cohort': 'specialist16', 'task': 'fixed_points', 'seed': '42'}
{'source_features_complete': 18, 'sources': 82, 'cohort': 'specialist16', 'task': 'fixed_points', 'seed': '101'}
{'source_features_complete': 19, 'sources': 82, 'cohort': 'specialist16', 'task': 'global_descents', 'seed': '17'}
{'source_features_complete': 20, 'sources': 82, 'cohort': 'specialist16', 'task': 'global_descents', 'seed': '42'}
{'source_features_complete': 21, 'sources': 82, 'cohort': 'specialist16', 'task': 'global_descents', 'seed': '101'}
{'source_features_complete': 22, 'sources': 82, 'cohort': 'specialist16', 'task': 'lds_length', 'seed': '17'}
{'source_features_complete': 23, 'sources': 82, 'cohort': 'specialist16', 'task': 'lds_length', 'seed': '42'}
{'source_features_complete': 24, 'sources': 82, 'cohort': 'specialist16', 'task': 'lds_length', 'seed': '101'}
{'source_features_complete': 25, 'sources': 82, 'cohort': 'specialist16', 'task': 'left_to_right_maxima', 'seed': '17'}
{'source_features_complete': 26, 'sources': 82, 'cohort': 'specialist16', 'task': 'left_to_right_maxima', 'seed': '42'}
{'source_features_complete': 27, 'sources': 82, 'cohort': 'specialist16', 'task': 'left_to_right_maxima', 'seed': '101'}
{'source_features_complete': 28, 'sources': 82, 'cohort': 'specialist16', 'task': 'left_to_right_minima', 'seed': '17'}
{'source_features_complete': 29, 'sources': 82, 'cohort': 'specialist16', 'task': 'left_to_right_minima', 'seed': '42'}
{'source_features_complete': 30, 'sources': 82, 'cohort': 'specialist16', 'task': 'left_to_right_minima', 'seed': '101'}
{'source_features_complete': 31, 'sources': 82, 'cohort': 'specialist16', 'task': 'lis_length', 'seed': '17'}
{'source_features_complete': 32, 'sources': 82, 'cohort': 'specialist16', 'task': 'lis_length', 'seed': '42'}
{'source_features_complete': 33, 'sources': 82, 'cohort': 'specialist16', 'task': 'lis_length', 'seed': '101'}
{'source_features_complete': 34, 'sources': 82, 'cohort': 'specialist16', 'task': 'longest_decreasing_run', 'seed': '17'}
{'source_features_complete': 35, 'sources': 82, 'cohort': 'specialist16', 'task': 'longest_decreasing_run', 'seed': '42'}
{'source_features_complete': 36, 'sources': 82, 'cohort': 'specialist16', 'task': 'longest_decreasing_run', 'seed': '101'}
{'source_features_complete': 37, 'sources': 82, 'cohort': 'specialist16', 'task': 'longest_increasing_run', 'seed': '17'}
{'source_features_complete': 38, 'sources': 82, 'cohort': 'specialist16', 'task': 'longest_increasing_run', 'seed': '42'}
{'source_features_complete': 39, 'sources': 82, 'cohort': 'specialist16', 'task': 'longest_increasing_run', 'seed': '101'}
{'source_features_complete': 40, 'sources': 82, 'cohort': 'specialist16', 'task': 'peaks', 'seed': '17'}
{'source_features_complete': 41, 'sources': 82, 'cohort': 'specialist16', 'task': 'peaks', 'seed': '42'}
{'source_features_complete': 42, 'sources': 82, 'cohort': 'specialist16', 'task': 'peaks', 'seed': '101'}
{'source_features_complete': 43, 'sources': 82, 'cohort': 'specialist16', 'task': 'recoils', 'seed': '17'}
{'source_features_complete': 44, 'sources': 82, 'cohort': 'specialist16', 'task': 'recoils', 'seed': '42'}
{'source_features_complete': 45, 'sources': 82, 'cohort': 'specialist16', 'task': 'recoils', 'seed': '101'}
{'source_features_complete': 46, 'sources': 82, 'cohort': 'specialist16', 'task': 'valleys', 'seed': '17'}
{'source_features_complete': 47, 'sources': 82, 'cohort': 'specialist16', 'task': 'valleys', 'seed': '42'}
{'source_features_complete': 48, 'sources': 82, 'cohort': 'specialist16', 'task': 'valleys', 'seed': '101'}
{'source_features_complete': 49, 'sources': 82, 'cohort': 'six_hour_session_single', 'task': 'deficiencies', 'seed': '17'}
{'source_features_complete': 50, 'sources': 82, 'cohort': 'six_hour_session_single', 'task': 'double_ascents', 'seed': '17'}
{'source_features_complete': 51, 'sources': 82, 'cohort': 'six_hour_session_single', 'task': 'double_ascents', 'seed': '42'}
{'source_features_complete': 52, 'sources': 82, 'cohort': 'six_hour_session_single', 'task': 'double_descents', 'seed': '17'}
{'source_features_complete': 53, 'sources': 82, 'cohort': 'six_hour_session_single', 'task': 'double_descents', 'seed': '42'}
{'source_features_complete': 54, 'sources': 82, 'cohort': 'six_hour_session_single', 'task': 'exceedances', 'seed': '17'}
{'source_features_complete': 55, 'sources': 82, 'cohort': 'six_hour_session_single', 'task': 'fixed_points', 'seed': '17'}
{'source_features_complete': 56, 'sources': 82, 'cohort': 'six_hour_session_single', 'task': 'left_to_right_maxima', 'seed': '17'}
{'source_features_complete': 57, 'sources': 82, 'cohort': 'six_hour_session_single', 'task': 'peaks', 'seed': '17'}
{'source_features_complete': 58, 'sources': 82, 'cohort': 'six_hour_session_single', 'task': 'peaks', 'seed': '42'}
{'source_features_complete': 59, 'sources': 82, 'cohort': 'six_hour_session_single', 'task': 'right_to_left_maxima', 'seed': '17'}
{'source_features_complete': 60, 'sources': 82, 'cohort': 'six_hour_session_single', 'task': 'right_to_left_minima', 'seed': '17'}
{'source_features_complete': 61, 'sources': 82, 'cohort': 'six_hour_session_single', 'task': 'valleys', 'seed': '17'}
{'source_features_complete': 62, 'sources': 82, 'cohort': 'six_hour_session_single', 'task': 'valleys', 'seed': '42'}
{'source_features_complete': 63, 'sources': 82, 'cohort': 'native_confirmation_single', 'task': 'left_to_right_maxima', 'seed': '1009'}
{'source_features_complete': 64, 'sources': 82, 'cohort': 'native_confirmation_single', 'task': 'left_to_right_maxima', 'seed': '2027'}
{'source_features_complete': 65, 'sources': 82, 'cohort': 'native_confirmation_single', 'task': 'left_to_right_maxima', 'seed': '3037'}
{'source_features_complete': 66, 'sources': 82, 'cohort': 'native_confirmation_single', 'task': 'left_to_right_maxima', 'seed': '4051'}
{'source_features_complete': 67, 'sources': 82, 'cohort': 'native_confirmation_single', 'task': 'left_to_right_maxima', 'seed': '5059'}
{'source_features_complete': 68, 'sources': 82, 'cohort': 'native_confirmation_single', 'task': 'peaks', 'seed': '1009'}
{'source_features_complete': 69, 'sources': 82, 'cohort': 'native_confirmation_single', 'task': 'peaks', 'seed': '2027'}
{'source_features_complete': 70, 'sources': 82, 'cohort': 'native_confirmation_single', 'task': 'peaks', 'seed': '3037'}
{'source_features_complete': 71, 'sources': 82, 'cohort': 'native_confirmation_single', 'task': 'peaks', 'seed': '4051'}
{'source_features_complete': 72, 'sources': 82, 'cohort': 'native_confirmation_single', 'task': 'peaks', 'seed': '5059'}
{'source_features_complete': 73, 'sources': 82, 'cohort': 'native_confirmation_single', 'task': 'right_to_left_maxima', 'seed': '1009'}
{'source_features_complete': 74, 'sources': 82, 'cohort': 'native_confirmation_single', 'task': 'right_to_left_maxima', 'seed': '2027'}
{'source_features_complete': 75, 'sources': 82, 'cohort': 'native_confirmation_single', 'task': 'right_to_left_maxima', 'seed': '3037'}
{'source_features_complete': 76, 'sources': 82, 'cohort': 'native_confirmation_single', 'task': 'right_to_left_maxima', 'seed': '4051'}
{'source_features_complete': 77, 'sources': 82, 'cohort': 'native_confirmation_single', 'task': 'right_to_left_maxima', 'seed': '5059'}
{'source_features_complete': 78, 'sources': 82, 'cohort': 'native_confirmation_single', 'task': 'valleys', 'seed': '1009'}
{'source_features_complete': 79, 'sources': 82, 'cohort': 'native_confirmation_single', 'task': 'valleys', 'seed': '2027'}
{'source_features_complete': 80, 'sources': 82, 'cohort': 'native_confirmation_single', 'task': 'valleys', 'seed': '3037'}
{'source_features_complete': 81, 'sources': 82, 'cohort': 'native_confirmation_single', 'task': 'valleys', 'seed': '4051'}
{'source_features_complete': 82, 'sources': 82, 'cohort': 'native_confirmation_single', 'task': 'valleys', 'seed': '5059'}
