[
  {
    "cohort": "F13_polynomial_ordinary_sources",
    "logical_positions": 3,
    "completed_records": 3,
    "accessible_weights": 3,
    "distinct_file_sha256": 3,
    "partial": 0,
    "plans_only": 0
  },
  {
    "cohort": "F17_functional_fresh17_local",
    "logical_positions": 17,
    "completed_records": 0,
    "accessible_weights": 17,
    "distinct_file_sha256": 17,
    "partial": 0,
    "plans_only": 0
  },
  {
    "cohort": "F17_functional_original5",
    "logical_positions": 5,
    "completed_records": 0,
    "accessible_weights": 5,
    "distinct_file_sha256": 5,
    "partial": 0,
    "plans_only": 0
  },
  {
    "cohort": "F5_matched_support27",
    "logical_positions": 27,
    "completed_records": 27,
    "accessible_weights": 27,
    "distinct_file_sha256": 27,
    "partial": 0,
    "plans_only": 0
  },
  {
    "cohort": "F5_rank3_pilot24",
    "logical_positions": 24,
    "completed_records": 24,
    "accessible_weights": 24,
    "distinct_file_sha256": 24,
    "partial": 0,
    "plans_only": 0
  },
  {
    "cohort": "F5_rank3_replication48",
    "logical_positions": 48,
    "completed_records": 48,
    "accessible_weights": 48,
    "distinct_file_sha256": 48,
    "partial": 0,
    "plans_only": 0
  },
  {
    "cohort": "F5_rank4_symmetry45",
    "logical_positions": 45,
    "completed_records": 45,
    "accessible_weights": 45,
    "distinct_file_sha256": 45,
    "partial": 0,
    "plans_only": 0
  },
  {
    "cohort": "algebra_structure_replication9",
    "logical_positions": 9,
    "completed_records": 9,
    "accessible_weights": 9,
    "distinct_file_sha256": 9,
    "partial": 0,
    "plans_only": 0
  },
  {
    "cohort": "joint_four_representations",
    "logical_positions": 3,
    "completed_records": 3,
    "accessible_weights": 3,
    "distinct_file_sha256": 3,
    "partial": 0,
    "plans_only": 0
  },
  {
    "cohort": "k16_data_depth",
    "logical_positions": 18,
    "completed_records": 18,
    "accessible_weights": 18,
    "distinct_file_sha256": 18,
    "partial": 0,
    "plans_only": 0
  },
  {
    "cohort": "native_ablation_paused",
    "logical_positions": 42,
    "completed_records": 13,
    "accessible_weights": 14,
    "distinct_file_sha256": 14,
    "partial": 1,
    "plans_only": 28
  },
  {
    "cohort": "native_confirmation_multi",
    "logical_positions": 26,
    "completed_records": 26,
    "accessible_weights": 26,
    "distinct_file_sha256": 26,
    "partial": 0,
    "plans_only": 0
  },
  {
    "cohort": "native_confirmation_single",
    "logical_positions": 20,
    "completed_records": 20,
    "accessible_weights": 20,
    "distinct_file_sha256": 20,
    "partial": 0,
    "plans_only": 0
  },
  {
    "cohort": "ordinary_relation_seed_confirmation",
    "logical_positions": 9,
    "completed_records": 9,
    "accessible_weights": 9,
    "distinct_file_sha256": 9,
    "partial": 0,
    "plans_only": 0
  },
  {
    "cohort": "property32_k",
    "logical_positions": 50,
    "completed_records": 50,
    "accessible_weights": 50,
    "distinct_file_sha256": 50,
    "partial": 0,
    "plans_only": 0
  },
  {
    "cohort": "property_bundles4",
    "logical_positions": 60,
    "completed_records": 60,
    "accessible_weights": 60,
    "distinct_file_sha256": 60,
    "partial": 0,
    "plans_only": 0
  },
  {
    "cohort": "relation_controlled_paused_pilot",
    "logical_positions": 4,
    "completed_records": 4,
    "accessible_weights": 4,
    "distinct_file_sha256": 4,
    "partial": 0,
    "plans_only": 0
  },
  {
    "cohort": "six_hour_session_calibration",
    "logical_positions": 9,
    "completed_records": 9,
    "accessible_weights": 9,
    "distinct_file_sha256": 9,
    "partial": 0,
    "plans_only": 0
  },
  {
    "cohort": "six_hour_session_multi",
    "logical_positions": 24,
    "completed_records": 24,
    "accessible_weights": 24,
    "distinct_file_sha256": 24,
    "partial": 0,
    "plans_only": 0
  },
  {
    "cohort": "six_hour_session_single",
    "logical_positions": 25,
    "completed_records": 24,
    "accessible_weights": 25,
    "distinct_file_sha256": 25,
    "partial": 1,
    "plans_only": 0
  },
  {
    "cohort": "specialist16",
    "logical_positions": 48,
    "completed_records": 48,
    "accessible_weights": 48,
    "distinct_file_sha256": 48,
    "partial": 0,
    "plans_only": 0
  },
  {
    "cohort": "v2_nested",
    "logical_positions": 30,
    "completed_records": 30,
    "accessible_weights": 30,
    "distinct_file_sha256": 30,
    "partial": 0,
    "plans_only": 0
  },
  {
    "cohort": "v3_nested_category",
    "logical_positions": 48,
    "completed_records": 48,
    "accessible_weights": 48,
    "distinct_file_sha256": 48,
    "partial": 0,
    "plans_only": 0
  }
]
