{'metric_pair_complete': 1, 'pairs': 62, 'cohort': 'specialist16', 'relation': 'descent_inverse', 'seed': 17}
{'metric_pair_complete': 2, 'pairs': 62, 'cohort': 'specialist16', 'relation': 'descent_inverse', 'seed': 42}
{'metric_pair_complete': 3, 'pairs': 62, 'cohort': 'specialist16', 'relation': 'descent_inverse', 'seed': 101}
{'metric_pair_complete': 4, 'pairs': 62, 'cohort': 'specialist16', 'relation': 'peak_complement', 'seed': 17}
{'metric_pair_complete': 5, 'pairs': 62, 'cohort': 'specialist16', 'relation': 'peak_complement', 'seed': 42}
{'metric_pair_complete': 6, 'pairs': 62, 'cohort': 'specialist16', 'relation': 'peak_complement', 'seed': 101}
{'metric_pair_complete': 7, 'pairs': 62, 'cohort': 'six_hour_session_single', 'relation': 'peak_complement', 'seed': 17}
{'metric_pair_complete': 8, 'pairs': 62, 'cohort': 'six_hour_session_single', 'relation': 'peak_complement', 'seed': 42}
{'metric_pair_complete': 9, 'pairs': 62, 'cohort': 'native_confirmation_single', 'relation': 'peak_complement', 'seed': 1009}
{'metric_pair_complete': 10, 'pairs': 62, 'cohort': 'native_confirmation_single', 'relation': 'peak_complement', 'seed': 2027}
{'metric_pair_complete': 11, 'pairs': 62, 'cohort': 'native_confirmation_single', 'relation': 'peak_complement', 'seed': 3037}
{'metric_pair_complete': 12, 'pairs': 62, 'cohort': 'native_confirmation_single', 'relation': 'peak_complement', 'seed': 4051}
{'metric_pair_complete': 13, 'pairs': 62, 'cohort': 'native_confirmation_single', 'relation': 'peak_complement', 'seed': 5059}
{'metric_pair_complete': 14, 'pairs': 62, 'cohort': 'specialist16', 'relation': 'fixed_complement', 'seed': 17}
{'metric_pair_complete': 15, 'pairs': 62, 'cohort': 'specialist16', 'relation': 'fixed_complement', 'seed': 42}
{'metric_pair_complete': 16, 'pairs': 62, 'cohort': 'specialist16', 'relation': 'fixed_complement', 'seed': 101}
{'metric_pair_complete': 17, 'pairs': 62, 'cohort': 'specialist16', 'relation': 'exceedance_inverse', 'seed': 17}
{'metric_pair_complete': 18, 'pairs': 62, 'cohort': 'specialist16', 'relation': 'exceedance_inverse', 'seed': 42}
{'metric_pair_complete': 19, 'pairs': 62, 'cohort': 'specialist16', 'relation': 'exceedance_inverse', 'seed': 101}
{'metric_pair_complete': 20, 'pairs': 62, 'cohort': 'six_hour_session_single', 'relation': 'exceedance_inverse', 'seed': 17}
{'metric_pair_complete': 21, 'pairs': 62, 'cohort': 'specialist16', 'relation': 'subsequence_complement', 'seed': 17}
{'metric_pair_complete': 22, 'pairs': 62, 'cohort': 'specialist16', 'relation': 'subsequence_complement', 'seed': 42}
{'metric_pair_complete': 23, 'pairs': 62, 'cohort': 'specialist16', 'relation': 'subsequence_complement', 'seed': 101}
{'metric_pair_complete': 24, 'pairs': 62, 'cohort': 'specialist16', 'relation': 'run_complement', 'seed': 17}
{'metric_pair_complete': 25, 'pairs': 62, 'cohort': 'specialist16', 'relation': 'run_complement', 'seed': 42}
{'metric_pair_complete': 26, 'pairs': 62, 'cohort': 'specialist16', 'relation': 'run_complement', 'seed': 101}
{'metric_pair_complete': 27, 'pairs': 62, 'cohort': 'specialist16', 'relation': 'record_complement', 'seed': 17}
{'metric_pair_complete': 28, 'pairs': 62, 'cohort': 'specialist16', 'relation': 'record_complement', 'seed': 42}
{'metric_pair_complete': 29, 'pairs': 62, 'cohort': 'specialist16', 'relation': 'record_complement', 'seed': 101}
{'metric_pair_complete': 30, 'pairs': 62, 'cohort': 'specialist16', 'relation': 'decomposition_complement', 'seed': 17}
{'metric_pair_complete': 31, 'pairs': 62, 'cohort': 'specialist16', 'relation': 'decomposition_complement', 'seed': 42}
{'metric_pair_complete': 32, 'pairs': 62, 'cohort': 'specialist16', 'relation': 'decomposition_complement', 'seed': 101}
{'metric_pair_complete': 33, 'pairs': 62, 'cohort': 'specialist16', 'relation': 'subsequence_reverse', 'seed': 17}
{'metric_pair_complete': 34, 'pairs': 62, 'cohort': 'specialist16', 'relation': 'subsequence_reverse', 'seed': 42}
{'metric_pair_complete': 35, 'pairs': 62, 'cohort': 'specialist16', 'relation': 'subsequence_reverse', 'seed': 101}
{'metric_pair_complete': 36, 'pairs': 62, 'cohort': 'specialist16', 'relation': 'run_reverse', 'seed': 17}
{'metric_pair_complete': 37, 'pairs': 62, 'cohort': 'specialist16', 'relation': 'run_reverse', 'seed': 42}
{'metric_pair_complete': 38, 'pairs': 62, 'cohort': 'specialist16', 'relation': 'run_reverse', 'seed': 101}
{'metric_pair_complete': 39, 'pairs': 62, 'cohort': 'specialist16', 'relation': 'fixed_reverse', 'seed': 17}
{'metric_pair_complete': 40, 'pairs': 62, 'cohort': 'specialist16', 'relation': 'fixed_reverse', 'seed': 42}
{'metric_pair_complete': 41, 'pairs': 62, 'cohort': 'specialist16', 'relation': 'fixed_reverse', 'seed': 101}
{'metric_pair_complete': 42, 'pairs': 62, 'cohort': 'six_hour_session_single', 'relation': 'max_record_reverse', 'seed': 17}
{'metric_pair_complete': 43, 'pairs': 62, 'cohort': 'native_confirmation_single', 'relation': 'max_record_reverse', 'seed': 1009}
{'metric_pair_complete': 44, 'pairs': 62, 'cohort': 'native_confirmation_single', 'relation': 'max_record_reverse', 'seed': 2027}
{'metric_pair_complete': 45, 'pairs': 62, 'cohort': 'native_confirmation_single', 'relation': 'max_record_reverse', 'seed': 3037}
{'metric_pair_complete': 46, 'pairs': 62, 'cohort': 'native_confirmation_single', 'relation': 'max_record_reverse', 'seed': 4051}
{'metric_pair_complete': 47, 'pairs': 62, 'cohort': 'native_confirmation_single', 'relation': 'max_record_reverse', 'seed': 5059}
{'metric_pair_complete': 48, 'pairs': 62, 'cohort': 'six_hour_session_single', 'relation': 'double_reverse', 'seed': 17}
{'metric_pair_complete': 49, 'pairs': 62, 'cohort': 'six_hour_session_single', 'relation': 'double_reverse', 'seed': 42}
{'metric_pair_complete': 50, 'pairs': 62, 'cohort': 'six_hour_session_single', 'relation': 'max_min_record_inverse', 'seed': 17}
{'metric_pair_complete': 51, 'pairs': 62, 'cohort': 'six_hour_session_single', 'relation': 'double_complement', 'seed': 17}
{'metric_pair_complete': 52, 'pairs': 62, 'cohort': 'six_hour_session_single', 'relation': 'double_complement', 'seed': 42}
{'metric_pair_complete': 53, 'pairs': 62, 'cohort': 'specialist16', 'relation': 'lis_length_inverse_self', 'seed': 17}
{'metric_pair_complete': 54, 'pairs': 62, 'cohort': 'specialist16', 'relation': 'lis_length_inverse_self', 'seed': 42}
{'metric_pair_complete': 55, 'pairs': 62, 'cohort': 'specialist16', 'relation': 'lis_length_inverse_self', 'seed': 101}
{'metric_pair_complete': 56, 'pairs': 62, 'cohort': 'specialist16', 'relation': 'lds_length_inverse_self', 'seed': 17}
{'metric_pair_complete': 57, 'pairs': 62, 'cohort': 'specialist16', 'relation': 'lds_length_inverse_self', 'seed': 42}
{'metric_pair_complete': 58, 'pairs': 62, 'cohort': 'specialist16', 'relation': 'lds_length_inverse_self', 'seed': 101}
{'metric_pair_complete': 59, 'pairs': 62, 'cohort': 'specialist16', 'relation': 'fixed_points_inverse_self', 'seed': 17}
{'metric_pair_complete': 60, 'pairs': 62, 'cohort': 'specialist16', 'relation': 'fixed_points_inverse_self', 'seed': 42}
{'metric_pair_complete': 61, 'pairs': 62, 'cohort': 'specialist16', 'relation': 'fixed_points_inverse_self', 'seed': 101}
{'metric_pair_complete': 62, 'pairs': 62, 'cohort': 'six_hour_session_single', 'relation': 'fixed_points_inverse_self', 'seed': 17}
