/home/yangx/ICML/experiments/downstream_harm_diagnostic.py:26: RuntimeWarning: invalid value encountered in divide
  ratio=np.max(changes/np.maximum(allgap,1e-8),axis=1)
{"domain": "permworld", "replicate": 0, "condition": "both_correct", "status": "diagnosed"}
{"domain": "permworld", "replicate": 0, "condition": "first_correct", "status": "diagnosed"}
{"domain": "permworld", "replicate": 0, "condition": "second_correct", "status": "diagnosed"}
{"domain": "permworld", "replicate": 0, "condition": "both_wrong", "status": "diagnosed"}
{"domain": "permworld", "replicate": 1, "condition": "both_correct", "status": "diagnosed"}
{"domain": "permworld", "replicate": 1, "condition": "first_correct", "status": "diagnosed"}
{"domain": "permworld", "replicate": 1, "condition": "second_correct", "status": "diagnosed"}
{"domain": "permworld", "replicate": 1, "condition": "both_wrong", "status": "diagnosed"}
{"domain": "permworld", "replicate": 2, "condition": "both_correct", "status": "diagnosed"}
{"domain": "permworld", "replicate": 2, "condition": "first_correct", "status": "diagnosed"}
{"domain": "permworld", "replicate": 2, "condition": "second_correct", "status": "diagnosed"}
{"domain": "permworld", "replicate": 2, "condition": "both_wrong", "status": "diagnosed"}
{"domain": "permworld", "replicate": 3, "condition": "both_correct", "status": "diagnosed"}
{"domain": "permworld", "replicate": 3, "condition": "first_correct", "status": "diagnosed"}
{"domain": "permworld", "replicate": 3, "condition": "second_correct", "status": "diagnosed"}
{"domain": "permworld", "replicate": 3, "condition": "both_wrong", "status": "diagnosed"}
{"domain": "permworld", "replicate": 4, "condition": "both_correct", "status": "diagnosed"}
{"domain": "permworld", "replicate": 4, "condition": "first_correct", "status": "diagnosed"}
{"domain": "permworld", "replicate": 4, "condition": "second_correct", "status": "diagnosed"}
{"domain": "permworld", "replicate": 4, "condition": "both_wrong", "status": "diagnosed"}
{"domain": "permworld", "replicate": 5, "condition": "both_correct", "status": "diagnosed"}
{"domain": "permworld", "replicate": 5, "condition": "first_correct", "status": "diagnosed"}
{"domain": "permworld", "replicate": 5, "condition": "second_correct", "status": "diagnosed"}
{"domain": "permworld", "replicate": 5, "condition": "both_wrong", "status": "diagnosed"}
{"domain": "matrix", "replicate": 0, "condition": "both_correct", "status": "diagnosed"}
{"domain": "matrix", "replicate": 0, "condition": "first_correct", "status": "diagnosed"}
{"domain": "matrix", "replicate": 0, "condition": "second_correct", "status": "diagnosed"}
{"domain": "matrix", "replicate": 0, "condition": "both_wrong", "status": "diagnosed"}
{"domain": "matrix", "replicate": 1, "condition": "both_correct", "status": "diagnosed"}
{"domain": "matrix", "replicate": 1, "condition": "first_correct", "status": "diagnosed"}
{"domain": "matrix", "replicate": 1, "condition": "second_correct", "status": "diagnosed"}
{"domain": "matrix", "replicate": 1, "condition": "both_wrong", "status": "diagnosed"}
{"domain": "matrix", "replicate": 2, "condition": "both_correct", "status": "diagnosed"}
{"domain": "matrix", "replicate": 2, "condition": "first_correct", "status": "diagnosed"}
{"domain": "matrix", "replicate": 2, "condition": "second_correct", "status": "diagnosed"}
{"domain": "matrix", "replicate": 2, "condition": "both_wrong", "status": "diagnosed"}
{"domain": "matrix", "replicate": 3, "condition": "both_correct", "status": "diagnosed"}
{"domain": "matrix", "replicate": 3, "condition": "first_correct", "status": "diagnosed"}
{"domain": "matrix", "replicate": 3, "condition": "second_correct", "status": "diagnosed"}
{"domain": "matrix", "replicate": 3, "condition": "both_wrong", "status": "diagnosed"}
{"domain": "matrix", "replicate": 4, "condition": "both_correct", "status": "diagnosed"}
{"domain": "matrix", "replicate": 4, "condition": "first_correct", "status": "diagnosed"}
{"domain": "matrix", "replicate": 4, "condition": "second_correct", "status": "diagnosed"}
{"domain": "matrix", "replicate": 4, "condition": "both_wrong", "status": "diagnosed"}
{"domain": "matrix", "replicate": 5, "condition": "both_correct", "status": "diagnosed"}
{"domain": "matrix", "replicate": 5, "condition": "first_correct", "status": "diagnosed"}
{"domain": "matrix", "replicate": 5, "condition": "second_correct", "status": "diagnosed"}
{"domain": "matrix", "replicate": 5, "condition": "both_wrong", "status": "diagnosed"}
{"status": "complete", "contrasts": [{"domain": "permworld", "split": "iid", "metric": "first_hidden_nmse", "correct_minus_wrong": -0.008532806113464596, "source_differences": [-0.03413188483644101, -0.0026328642456701495, 0.01116633074171737], "source_bootstrap_interval": [-0.03413188483644101, 0.01116633074171737]}, {"domain": "permworld", "split": "iid", "metric": "null_logit_nmse", "correct_minus_wrong": -0.027166233151995473, "source_differences": [-0.021159787202500724, -0.024587101056758154, -0.035751811196727545], "source_bootstrap_interval": [-0.035751811196727545, -0.021159787202500724]}, {"domain": "permworld", "split": "iid", "metric": "null_margin_crossing_fraction", "correct_minus_wrong": 0.0, "source_differences": [0.0, 0.0, 0.0], "source_bootstrap_interval": [0.0, 0.0]}, {"domain": "permworld", "split": "iid", "metric": "composed_accuracy", "correct_minus_wrong": 0.04218750000000001, "source_differences": [0.04140624999999998, 0.05898437500000003, 0.02617187500000001], "source_bootstrap_interval": [0.02617187500000001, 0.05898437500000003]}, {"domain": "permworld", "split": "collisions", "metric": "first_hidden_nmse", "correct_minus_wrong": -0.006971479311471185, "source_differences": [-0.026764638354589296, -0.0015215320214624073, 0.0073717324416381486], "source_bootstrap_interval": [-0.026764638354589296, 0.0073717324416381486]}, {"domain": "permworld", "split": "collisions", "metric": "null_logit_nmse", "correct_minus_wrong": -0.03383339833378798, "source_differences": [-0.02882911429992746, -0.0329910432222964, -0.03968003747914006], "source_bootstrap_interval": [-0.03968003747914006, -0.02882911429992746]}, {"domain": "permworld", "split": "collisions", "metric": "null_margin_crossing_fraction", "correct_minus_wrong": 0.0, "source_differences": [0.0, 0.0, 0.0], "source_bootstrap_interval": [0.0, 0.0]}, {"domain": "permworld", "split": "collisions", "metric": "composed_accuracy", "correct_minus_wrong": 0.06328125, "source_differences": [0.06093749999999998, 0.07070312499999998, 0.05820312500000002], "source_bootstrap_interval": [0.05820312500000002, 0.07070312499999998]}, {"domain": "matrix", "split": "iid", "metric": "first_hidden_nmse", "correct_minus_wrong": -0.01292836448394633, "source_differences": [-0.010666527409088356, -0.011970592138360714, -0.01614797390438992], "source_bootstrap_interval": [-0.01614797390438992, -0.010666527409088356]}, {"domain": "matrix", "split": "iid", "metric": "null_logit_nmse", "correct_minus_wrong": -0.03733993486371475, "source_differences": [-0.015824694052250066, -0.03466592749628328, -0.0615291830426109], "source_bootstrap_interval": [-0.0615291830426109, -0.015824694052250066]}, {"domain": "matrix", "split": "iid", "metric": "null_margin_crossing_fraction", "correct_minus_wrong": 0.0, "source_differences": [0.0, 0.0, 0.0], "source_bootstrap_interval": [0.0, 0.0]}, {"domain": "matrix", "split": "iid", "metric": "composed_accuracy", "correct_minus_wrong": -0.005859375, "source_differences": [-0.009765625, 0.005859375, -0.013671875], "source_bootstrap_interval": [-0.013671875, 0.005859375]}, {"domain": "matrix", "split": "collisions", "metric": "first_hidden_nmse", "correct_minus_wrong": -0.011155516574481772, "source_differences": [-0.007736583282271253, -0.011445183692567903, -0.014284782748606159], "source_bootstrap_interval": [-0.014284782748606159, -0.007736583282271253]}, {"domain": "matrix", "split": "collisions", "metric": "null_logit_nmse", "correct_minus_wrong": -0.034788328750988286, "source_differences": [-0.01748081852920924, -0.04000350819144827, -0.046880659532307356], "source_bootstrap_interval": [-0.046880659532307356, -0.01748081852920924]}, {"domain": "matrix", "split": "collisions", "metric": "null_margin_crossing_fraction", "correct_minus_wrong": 0.0, "source_differences": [0.0, 0.0, 0.0], "source_bootstrap_interval": [0.0, 0.0]}, {"domain": "matrix", "split": "collisions", "metric": "composed_accuracy", "correct_minus_wrong": 0.005208333333333333, "source_differences": [0.0078125, 0.0078125, 0.0], "source_bootstrap_interval": [0.0, 0.0078125]}], "maximum_first_logit_change": 1.7232311391480438e-13}
