{"source": 0, "condition": "linear_correct", "step": 500, "output_kd": 0.012316337786614895, "geometry_loss": 0.05215314403176308, "validation_first_state_nmse": 0.05830403044819832, "validation_first_accuracy": 1.0, "elapsed_seconds": 0.7946236830030102}
{"source": 0, "condition": "linear_correct", "step": 1000, "output_kd": 0.014786766842007637, "geometry_loss": 0.05859653651714325, "validation_first_state_nmse": 0.056460507214069366, "validation_first_accuracy": 1.0, "elapsed_seconds": 1.420777598003042}
{"source": 0, "condition": "linear_correct", "step": 1500, "output_kd": 0.015567159280180931, "geometry_loss": 0.05567734315991402, "validation_first_state_nmse": 0.05453317612409592, "validation_first_accuracy": 1.0, "elapsed_seconds": 2.069910534992232}
{"source": 0, "condition": "linear_correct", "step": 2000, "output_kd": 0.016779787838459015, "geometry_loss": 0.04986545443534851, "validation_first_state_nmse": 0.05394243448972702, "validation_first_accuracy": 1.0, "elapsed_seconds": 2.7177142569998978}
{"source": 0, "condition": "linear_wrong", "step": 500, "output_kd": 0.012912875972688198, "geometry_loss": 0.11305802315473557, "validation_first_state_nmse": 0.07506100088357925, "validation_first_accuracy": 1.0, "elapsed_seconds": 0.6366197329916758}
{"source": 0, "condition": "linear_wrong", "step": 1000, "output_kd": 0.014894871041178703, "geometry_loss": 0.12164748460054398, "validation_first_state_nmse": 0.07722991704940796, "validation_first_accuracy": 1.0, "elapsed_seconds": 1.2910262520017568}
{"source": 0, "condition": "linear_wrong", "step": 1500, "output_kd": 0.016617808490991592, "geometry_loss": 0.10375014692544937, "validation_first_state_nmse": 0.07918877899646759, "validation_first_accuracy": 1.0, "elapsed_seconds": 1.9003682530019432}
{"source": 0, "condition": "linear_wrong", "step": 2000, "output_kd": 0.01898381859064102, "geometry_loss": 0.09579293429851532, "validation_first_state_nmse": 0.08084335923194885, "validation_first_accuracy": 1.0, "elapsed_seconds": 2.591557687992463}
{"source": 0, "condition": "nonlinear_correct", "step": 500, "output_kd": 0.0039010464679449797, "geometry_loss": 0.03751148656010628, "validation_first_state_nmse": 0.041147373616695404, "validation_first_accuracy": 1.0, "elapsed_seconds": 0.6548440499900607}
{"source": 0, "condition": "nonlinear_correct", "step": 1000, "output_kd": 0.0038710213266313076, "geometry_loss": 0.03224223852157593, "validation_first_state_nmse": 0.03379586711525917, "validation_first_accuracy": 1.0, "elapsed_seconds": 1.3146632069983752}
{"source": 0, "condition": "nonlinear_correct", "step": 1500, "output_kd": 0.004416881129145622, "geometry_loss": 0.025690436363220215, "validation_first_state_nmse": 0.027753448113799095, "validation_first_accuracy": 1.0, "elapsed_seconds": 1.957072741992306}
{"source": 0, "condition": "nonlinear_correct", "step": 2000, "output_kd": 0.0021390432957559824, "geometry_loss": 0.017223859205842018, "validation_first_state_nmse": 0.023102309554815292, "validation_first_accuracy": 1.0, "elapsed_seconds": 2.578294195991475}
{"source": 0, "condition": "nonlinear_wrong", "step": 500, "output_kd": 0.004852330312132835, "geometry_loss": 0.07734806835651398, "validation_first_state_nmse": 0.06805329024791718, "validation_first_accuracy": 1.0, "elapsed_seconds": 0.6470384109998122}
{"source": 0, "condition": "nonlinear_wrong", "step": 1000, "output_kd": 0.010494010522961617, "geometry_loss": 0.07499714195728302, "validation_first_state_nmse": 0.07054398953914642, "validation_first_accuracy": 1.0, "elapsed_seconds": 1.2871991249994608}
{"source": 0, "condition": "nonlinear_wrong", "step": 1500, "output_kd": 0.0030541815795004368, "geometry_loss": 0.06010005623102188, "validation_first_state_nmse": 0.07792037725448608, "validation_first_accuracy": 0.9921875, "elapsed_seconds": 1.954635486996267}
{"source": 0, "condition": "nonlinear_wrong", "step": 2000, "output_kd": 0.002527807839214802, "geometry_loss": 0.058934058994054794, "validation_first_state_nmse": 0.07829833030700684, "validation_first_accuracy": 1.0, "elapsed_seconds": 2.6061194609937957}
{"source": 1, "condition": "linear_correct", "step": 500, "output_kd": 0.009893903508782387, "geometry_loss": 0.0438714325428009, "validation_first_state_nmse": 0.0469052791595459, "validation_first_accuracy": 1.0, "elapsed_seconds": 0.6228177659941139}
{"source": 1, "condition": "linear_correct", "step": 1000, "output_kd": 0.008116723969578743, "geometry_loss": 0.040232401341199875, "validation_first_state_nmse": 0.045330848544836044, "validation_first_accuracy": 1.0, "elapsed_seconds": 1.3084406239941018}
{"source": 1, "condition": "linear_correct", "step": 1500, "output_kd": 0.009045480750501156, "geometry_loss": 0.037859272211790085, "validation_first_state_nmse": 0.04424789920449257, "validation_first_accuracy": 1.0, "elapsed_seconds": 1.9443330579961184}
{"source": 1, "condition": "linear_correct", "step": 2000, "output_kd": 0.009013148956000805, "geometry_loss": 0.037633176892995834, "validation_first_state_nmse": 0.04401697590947151, "validation_first_accuracy": 1.0, "elapsed_seconds": 2.5657674229878467}
{"source": 1, "condition": "linear_wrong", "step": 500, "output_kd": 0.010953123681247234, "geometry_loss": 0.10426222532987595, "validation_first_state_nmse": 0.05545521527528763, "validation_first_accuracy": 1.0, "elapsed_seconds": 0.6424245550006162}
{"source": 1, "condition": "linear_wrong", "step": 1000, "output_kd": 0.011737242341041565, "geometry_loss": 0.09050214290618896, "validation_first_state_nmse": 0.05766978859901428, "validation_first_accuracy": 1.0, "elapsed_seconds": 1.2752349190122914}
{"source": 1, "condition": "linear_wrong", "step": 1500, "output_kd": 0.012062018737196922, "geometry_loss": 0.08997003734111786, "validation_first_state_nmse": 0.05873033404350281, "validation_first_accuracy": 1.0, "elapsed_seconds": 1.9272224610031117}
{"source": 1, "condition": "linear_wrong", "step": 2000, "output_kd": 0.011285136453807354, "geometry_loss": 0.0836508721113205, "validation_first_state_nmse": 0.0601772740483284, "validation_first_accuracy": 1.0, "elapsed_seconds": 2.5542968420049874}
{"source": 1, "condition": "nonlinear_correct", "step": 500, "output_kd": 0.004066544119268656, "geometry_loss": 0.028772765770554543, "validation_first_state_nmse": 0.031536564230918884, "validation_first_accuracy": 1.0, "elapsed_seconds": 0.6595767370017711}
{"source": 1, "condition": "nonlinear_correct", "step": 1000, "output_kd": 0.0023049674928188324, "geometry_loss": 0.020067773759365082, "validation_first_state_nmse": 0.02498820051550865, "validation_first_accuracy": 1.0, "elapsed_seconds": 1.3400504939927487}
{"source": 1, "condition": "nonlinear_correct", "step": 1500, "output_kd": 0.0017162930453196168, "geometry_loss": 0.017067430540919304, "validation_first_state_nmse": 0.021477553993463516, "validation_first_accuracy": 1.0, "elapsed_seconds": 2.029601399000967}
{"source": 1, "condition": "nonlinear_correct", "step": 2000, "output_kd": 0.001299109309911728, "geometry_loss": 0.012781336903572083, "validation_first_state_nmse": 0.017846109345555305, "validation_first_accuracy": 1.0, "elapsed_seconds": 2.7105722229898674}
{"source": 1, "condition": "nonlinear_wrong", "step": 500, "output_kd": 0.004327352158725262, "geometry_loss": 0.06521420180797577, "validation_first_state_nmse": 0.055361177772283554, "validation_first_accuracy": 1.0, "elapsed_seconds": 0.6377881009975681}
{"source": 1, "condition": "nonlinear_wrong", "step": 1000, "output_kd": 0.0025899307802319527, "geometry_loss": 0.05819379538297653, "validation_first_state_nmse": 0.059977367520332336, "validation_first_accuracy": 1.0, "elapsed_seconds": 1.2861957629938843}
{"source": 1, "condition": "nonlinear_wrong", "step": 1500, "output_kd": 0.0027615788858383894, "geometry_loss": 0.05589671432971954, "validation_first_state_nmse": 0.061489906162023544, "validation_first_accuracy": 1.0, "elapsed_seconds": 1.9848302679893095}
{"source": 1, "condition": "nonlinear_wrong", "step": 2000, "output_kd": 0.0016923359362408519, "geometry_loss": 0.051922041922807693, "validation_first_state_nmse": 0.06445787847042084, "validation_first_accuracy": 1.0, "elapsed_seconds": 2.683373688996653}
{"source": 2, "condition": "linear_correct", "step": 500, "output_kd": 0.014212137088179588, "geometry_loss": 0.05626879259943962, "validation_first_state_nmse": 0.06214244291186333, "validation_first_accuracy": 1.0, "elapsed_seconds": 0.6285786969965557}
{"source": 2, "condition": "linear_correct", "step": 1000, "output_kd": 0.014489979483187199, "geometry_loss": 0.06092110648751259, "validation_first_state_nmse": 0.05986964330077171, "validation_first_accuracy": 1.0, "elapsed_seconds": 1.3562197819992434}
{"source": 2, "condition": "linear_correct", "step": 1500, "output_kd": 0.011594519019126892, "geometry_loss": 0.048834286630153656, "validation_first_state_nmse": 0.058465804904699326, "validation_first_accuracy": 1.0, "elapsed_seconds": 1.9814482619985938}
{"source": 2, "condition": "linear_correct", "step": 2000, "output_kd": 0.013937685638666153, "geometry_loss": 0.05746355652809143, "validation_first_state_nmse": 0.05732788145542145, "validation_first_accuracy": 1.0, "elapsed_seconds": 2.5923134149925318}
{"source": 2, "condition": "linear_wrong", "step": 500, "output_kd": 0.015811610966920853, "geometry_loss": 0.1545189619064331, "validation_first_state_nmse": 0.07711413502693176, "validation_first_accuracy": 1.0, "elapsed_seconds": 0.683312241002568}
{"source": 2, "condition": "linear_wrong", "step": 1000, "output_kd": 0.016678016632795334, "geometry_loss": 0.1686253398656845, "validation_first_state_nmse": 0.07968256622552872, "validation_first_accuracy": 1.0, "elapsed_seconds": 1.3617752959980862}
{"source": 2, "condition": "linear_wrong", "step": 1500, "output_kd": 0.013942478224635124, "geometry_loss": 0.13174718618392944, "validation_first_state_nmse": 0.08142796903848648, "validation_first_accuracy": 1.0, "elapsed_seconds": 1.9870227520004846}
{"source": 2, "condition": "linear_wrong", "step": 2000, "output_kd": 0.018112100660800934, "geometry_loss": 0.15916967391967773, "validation_first_state_nmse": 0.08238524943590164, "validation_first_accuracy": 1.0, "elapsed_seconds": 2.589973114998429}
{"source": 2, "condition": "nonlinear_correct", "step": 500, "output_kd": 0.004583498928695917, "geometry_loss": 0.03760276362299919, "validation_first_state_nmse": 0.042156584560871124, "validation_first_accuracy": 1.0, "elapsed_seconds": 0.6215957709937356}
{"source": 2, "condition": "nonlinear_correct", "step": 1000, "output_kd": 0.005787116475403309, "geometry_loss": 0.03091912530362606, "validation_first_state_nmse": 0.03309847414493561, "validation_first_accuracy": 1.0, "elapsed_seconds": 1.2578926019923529}
{"source": 2, "condition": "nonlinear_correct", "step": 1500, "output_kd": 0.002337271347641945, "geometry_loss": 0.01967095024883747, "validation_first_state_nmse": 0.025580596178770065, "validation_first_accuracy": 1.0, "elapsed_seconds": 1.8876205859996844}
{"source": 2, "condition": "nonlinear_correct", "step": 2000, "output_kd": 0.0015852547949180007, "geometry_loss": 0.01615733467042446, "validation_first_state_nmse": 0.020522665232419968, "validation_first_accuracy": 1.0, "elapsed_seconds": 2.5819804780039703}
{"source": 2, "condition": "nonlinear_wrong", "step": 500, "output_kd": 0.007559942081570625, "geometry_loss": 0.09619694948196411, "validation_first_state_nmse": 0.07692594081163406, "validation_first_accuracy": 1.0, "elapsed_seconds": 0.6788527850003447}
{"source": 2, "condition": "nonlinear_wrong", "step": 1000, "output_kd": 0.004309153184294701, "geometry_loss": 0.09587135165929794, "validation_first_state_nmse": 0.08431003987789154, "validation_first_accuracy": 1.0, "elapsed_seconds": 1.3173040199908428}
{"source": 2, "condition": "nonlinear_wrong", "step": 1500, "output_kd": 0.003915674518793821, "geometry_loss": 0.08695168793201447, "validation_first_state_nmse": 0.090255968272686, "validation_first_accuracy": 1.0, "elapsed_seconds": 1.9922204699978465}
{"source": 2, "condition": "nonlinear_wrong", "step": 2000, "output_kd": 0.0023960741236805916, "geometry_loss": 0.08640451729297638, "validation_first_state_nmse": 0.09181490540504456, "validation_first_accuracy": 1.0, "elapsed_seconds": 2.652885506991879}
{"source": 3, "condition": "linear_correct", "step": 500, "output_kd": 0.02357039414346218, "geometry_loss": 0.05853010714054108, "validation_first_state_nmse": 0.06476001441478729, "validation_first_accuracy": 1.0, "elapsed_seconds": 0.735982240003068}
{"source": 3, "condition": "linear_correct", "step": 1000, "output_kd": 0.02066687121987343, "geometry_loss": 0.06364338845014572, "validation_first_state_nmse": 0.06380993872880936, "validation_first_accuracy": 1.0, "elapsed_seconds": 1.426324199012015}
{"source": 3, "condition": "linear_correct", "step": 1500, "output_kd": 0.012692074291408062, "geometry_loss": 0.05608328804373741, "validation_first_state_nmse": 0.06277920305728912, "validation_first_accuracy": 1.0, "elapsed_seconds": 2.1070741010044003}
{"source": 3, "condition": "linear_correct", "step": 2000, "output_kd": 0.012656870298087597, "geometry_loss": 0.05366853252053261, "validation_first_state_nmse": 0.0625104084610939, "validation_first_accuracy": 1.0, "elapsed_seconds": 2.746083146004821}
{"source": 3, "condition": "linear_wrong", "step": 500, "output_kd": 0.028378019109368324, "geometry_loss": 0.13324865698814392, "validation_first_state_nmse": 0.08343562483787537, "validation_first_accuracy": 1.0, "elapsed_seconds": 0.6162155479978537}
{"source": 3, "condition": "linear_wrong", "step": 1000, "output_kd": 0.027623556554317474, "geometry_loss": 0.18145465850830078, "validation_first_state_nmse": 0.08885560184717178, "validation_first_accuracy": 1.0, "elapsed_seconds": 1.223008923989255}
{"source": 3, "condition": "linear_wrong", "step": 1500, "output_kd": 0.014630702324211597, "geometry_loss": 0.1330481618642807, "validation_first_state_nmse": 0.09130942821502686, "validation_first_accuracy": 1.0, "elapsed_seconds": 1.8297854279953754}
{"source": 3, "condition": "linear_wrong", "step": 2000, "output_kd": 0.016755128279328346, "geometry_loss": 0.1384391486644745, "validation_first_state_nmse": 0.0909704640507698, "validation_first_accuracy": 1.0, "elapsed_seconds": 2.445464562988491}
{"source": 3, "condition": "nonlinear_correct", "step": 500, "output_kd": 0.0059487344697117805, "geometry_loss": 0.03905274346470833, "validation_first_state_nmse": 0.04402889683842659, "validation_first_accuracy": 1.0, "elapsed_seconds": 0.6556554929993581}
{"source": 3, "condition": "nonlinear_correct", "step": 1000, "output_kd": 0.007838413119316101, "geometry_loss": 0.03153756633400917, "validation_first_state_nmse": 0.035370927304029465, "validation_first_accuracy": 1.0, "elapsed_seconds": 1.2966737799870316}
{"source": 3, "condition": "nonlinear_correct", "step": 1500, "output_kd": 0.002757314359769225, "geometry_loss": 0.024810556322336197, "validation_first_state_nmse": 0.030718958005309105, "validation_first_accuracy": 1.0, "elapsed_seconds": 1.9655245509929955}
{"source": 3, "condition": "nonlinear_correct", "step": 2000, "output_kd": 0.002150412183254957, "geometry_loss": 0.017659669741988182, "validation_first_state_nmse": 0.021969670429825783, "validation_first_accuracy": 1.0, "elapsed_seconds": 2.6037840159988264}
{"source": 3, "condition": "nonlinear_wrong", "step": 500, "output_kd": 0.009788041934370995, "geometry_loss": 0.0907503217458725, "validation_first_state_nmse": 0.07759692519903183, "validation_first_accuracy": 1.0, "elapsed_seconds": 0.6922406049998244}
{"source": 3, "condition": "nonlinear_wrong", "step": 1000, "output_kd": 0.00655393349006772, "geometry_loss": 0.11418650299310684, "validation_first_state_nmse": 0.08128420263528824, "validation_first_accuracy": 1.0, "elapsed_seconds": 1.3212864200031618}
{"source": 3, "condition": "nonlinear_wrong", "step": 1500, "output_kd": 0.002756524831056595, "geometry_loss": 0.07799043506383896, "validation_first_state_nmse": 0.08665847778320312, "validation_first_accuracy": 1.0, "elapsed_seconds": 1.9462670380016789}
{"source": 3, "condition": "nonlinear_wrong", "step": 2000, "output_kd": 0.003281994257122278, "geometry_loss": 0.08537667244672775, "validation_first_state_nmse": 0.09092320501804352, "validation_first_accuracy": 1.0, "elapsed_seconds": 2.5824702230020193}
{"source": 4, "condition": "linear_correct", "step": 500, "output_kd": 0.012517817318439484, "geometry_loss": 0.05025295540690422, "validation_first_state_nmse": 0.04988766089081764, "validation_first_accuracy": 1.0, "elapsed_seconds": 0.6450686659954954}
{"source": 4, "condition": "linear_correct", "step": 1000, "output_kd": 0.012840666808187962, "geometry_loss": 0.05579947307705879, "validation_first_state_nmse": 0.04791227728128433, "validation_first_accuracy": 1.0, "elapsed_seconds": 1.2827523939922685}
{"source": 4, "condition": "linear_correct", "step": 1500, "output_kd": 0.010007760487496853, "geometry_loss": 0.04326796904206276, "validation_first_state_nmse": 0.04682355001568794, "validation_first_accuracy": 1.0, "elapsed_seconds": 1.8871662829915294}
{"source": 4, "condition": "linear_correct", "step": 2000, "output_kd": 0.010686296969652176, "geometry_loss": 0.04516466706991196, "validation_first_state_nmse": 0.04663170501589775, "validation_first_accuracy": 1.0, "elapsed_seconds": 2.487314949001302}
{"source": 4, "condition": "linear_wrong", "step": 500, "output_kd": 0.013851691037416458, "geometry_loss": 0.12532363831996918, "validation_first_state_nmse": 0.06370601058006287, "validation_first_accuracy": 1.0, "elapsed_seconds": 0.6164010689972201}
{"source": 4, "condition": "linear_wrong", "step": 1000, "output_kd": 0.012931791134178638, "geometry_loss": 0.13503913581371307, "validation_first_state_nmse": 0.06441079825162888, "validation_first_accuracy": 1.0, "elapsed_seconds": 1.2360892269934993}
{"source": 4, "condition": "linear_wrong", "step": 1500, "output_kd": 0.011316368356347084, "geometry_loss": 0.09486804902553558, "validation_first_state_nmse": 0.06564176082611084, "validation_first_accuracy": 1.0, "elapsed_seconds": 1.8810624299949268}
{"source": 4, "condition": "linear_wrong", "step": 2000, "output_kd": 0.011358663439750671, "geometry_loss": 0.12283382564783096, "validation_first_state_nmse": 0.06697533279657364, "validation_first_accuracy": 1.0, "elapsed_seconds": 2.508060954991379}
{"source": 4, "condition": "nonlinear_correct", "step": 500, "output_kd": 0.004970741458237171, "geometry_loss": 0.035208094865083694, "validation_first_state_nmse": 0.03473895043134689, "validation_first_accuracy": 1.0, "elapsed_seconds": 0.6243101120053325}
{"source": 4, "condition": "nonlinear_correct", "step": 1000, "output_kd": 0.00321267475374043, "geometry_loss": 0.02552204392850399, "validation_first_state_nmse": 0.026726869866251945, "validation_first_accuracy": 1.0, "elapsed_seconds": 1.2522315840033116}
{"source": 4, "condition": "nonlinear_correct", "step": 1500, "output_kd": 0.0029173989314585924, "geometry_loss": 0.017894797027111053, "validation_first_state_nmse": 0.022108133882284164, "validation_first_accuracy": 1.0, "elapsed_seconds": 1.883899429012672}
{"source": 4, "condition": "nonlinear_correct", "step": 2000, "output_kd": 0.00182477873750031, "geometry_loss": 0.01344817504286766, "validation_first_state_nmse": 0.018042298033833504, "validation_first_accuracy": 1.0, "elapsed_seconds": 2.517899994010804}
{"source": 4, "condition": "nonlinear_wrong", "step": 500, "output_kd": 0.0067125605419278145, "geometry_loss": 0.08699168264865875, "validation_first_state_nmse": 0.05923805385828018, "validation_first_accuracy": 1.0, "elapsed_seconds": 0.6468492920103017}
{"source": 4, "condition": "nonlinear_wrong", "step": 1000, "output_kd": 0.0037541398778557777, "geometry_loss": 0.06461630016565323, "validation_first_state_nmse": 0.06399152427911758, "validation_first_accuracy": 1.0, "elapsed_seconds": 1.2801402220065938}
{"source": 4, "condition": "nonlinear_wrong", "step": 1500, "output_kd": 0.0033504541497677565, "geometry_loss": 0.05384724587202072, "validation_first_state_nmse": 0.06702955067157745, "validation_first_accuracy": 1.0, "elapsed_seconds": 1.9127464690100169}
{"source": 4, "condition": "nonlinear_wrong", "step": 2000, "output_kd": 0.004169420339167118, "geometry_loss": 0.0670124739408493, "validation_first_state_nmse": 0.06866857409477234, "validation_first_accuracy": 1.0, "elapsed_seconds": 2.548036790001788}
{"source": 0, "pairing": "correct", "solver": "ols_initialization", "objective": 0.011344220846164106, "gap_bound": 8.212926403929135e-13, "independent_gap_bound": 8.212419751890392e-13, "converged": true, "iterations": 165}
{"source": 0, "pairing": "correct", "solver": "budget_linear_initialization", "objective": 0.011344220845835262, "gap_bound": 1.671396288735356e-12, "independent_gap_bound": 1.6714527179065965e-12, "converged": true, "iterations": 186}
{"source": 0, "pairing": "wrong", "solver": "ols_initialization", "objective": 0.025569661505426052, "gap_bound": 9.98936614265257e-13, "independent_gap_bound": 9.988233066247234e-13, "converged": true, "iterations": 242}
{"source": 0, "pairing": "wrong", "solver": "budget_linear_initialization", "objective": 0.025569661505392347, "gap_bound": 7.452686597458639e-13, "independent_gap_bound": 7.453147635737527e-13, "converged": true, "iterations": 220}
{"source": 1, "pairing": "correct", "solver": "ols_initialization", "objective": 0.008121627994474573, "gap_bound": 7.279139822474642e-13, "independent_gap_bound": 7.278424381943969e-13, "converged": true, "iterations": 217}
{"source": 1, "pairing": "correct", "solver": "budget_linear_initialization", "objective": 0.008121627994317177, "gap_bound": 1.2507603693622102e-12, "independent_gap_bound": 1.250885122560784e-12, "converged": true, "iterations": 150}
{"source": 1, "pairing": "wrong", "solver": "ols_initialization", "objective": 0.019848950289264276, "gap_bound": 4.854374732408174e-13, "independent_gap_bound": 4.853947459556553e-13, "converged": true, "iterations": 127}
{"source": 1, "pairing": "wrong", "solver": "budget_linear_initialization", "objective": 0.019848950289293284, "gap_bound": 2.5619494984905433e-12, "independent_gap_bound": 2.5619008738034137e-12, "converged": true, "iterations": 180}
{"source": 2, "pairing": "correct", "solver": "ols_initialization", "objective": 0.011585550384602763, "gap_bound": 8.088184550372844e-13, "independent_gap_bound": 8.088324784752384e-13, "converged": true, "iterations": 142}
{"source": 2, "pairing": "correct", "solver": "budget_linear_initialization", "objective": 0.011585550384371288, "gap_bound": 5.175642141497594e-13, "independent_gap_bound": 5.175903059546705e-13, "converged": true, "iterations": 167}
{"source": 2, "pairing": "wrong", "solver": "ols_initialization", "objective": 0.029893243622286566, "gap_bound": 3.8691784391521355e-12, "independent_gap_bound": 3.869274801256127e-12, "converged": true, "iterations": 235}
{"source": 2, "pairing": "wrong", "solver": "budget_linear_initialization", "objective": 0.029893243622116848, "gap_bound": 6.420683830436739e-13, "independent_gap_bound": 6.42198141689913e-13, "converged": true, "iterations": 164}
{"source": 3, "pairing": "correct", "solver": "ols_initialization", "objective": 0.01120240897941855, "gap_bound": 1.0975174569673404e-12, "independent_gap_bound": 1.0975326583740663e-12, "converged": true, "iterations": 220}
{"source": 3, "pairing": "correct", "solver": "budget_linear_initialization", "objective": 0.011202408979481585, "gap_bound": 2.1804831604812393e-12, "independent_gap_bound": 2.1805113360222062e-12, "converged": true, "iterations": 240}
{"source": 3, "pairing": "wrong", "solver": "ols_initialization", "objective": 0.030353074227990814, "gap_bound": 9.423946665566927e-13, "independent_gap_bound": 9.423910619464645e-13, "converged": true, "iterations": 234}
{"source": 3, "pairing": "wrong", "solver": "budget_linear_initialization", "objective": 0.030353074227969547, "gap_bound": 9.667115754490556e-13, "independent_gap_bound": 9.666919568284056e-13, "converged": true, "iterations": 178}
{"source": 4, "pairing": "correct", "solver": "ols_initialization", "objective": 0.008589539238591529, "gap_bound": 7.564649773249915e-13, "independent_gap_bound": 7.56492420514716e-13, "converged": true, "iterations": 155}
{"source": 4, "pairing": "correct", "solver": "budget_linear_initialization", "objective": 0.008589539238517688, "gap_bound": 3.4589502707048793e-12, "independent_gap_bound": 3.459011746689878e-12, "converged": true, "iterations": 239}
{"source": 4, "pairing": "wrong", "solver": "ols_initialization", "objective": 0.023294577296551815, "gap_bound": 5.023837831797423e-13, "independent_gap_bound": 5.023956590430413e-13, "converged": true, "iterations": 201}
{"source": 4, "pairing": "wrong", "solver": "budget_linear_initialization", "objective": 0.023294577296579643, "gap_bound": 7.560076693062287e-13, "independent_gap_bound": 7.559834443335747e-13, "converged": true, "iterations": 202}
