{"known_features": "ordinary_s5081", "visible_accuracy_e_C_I": [1.0, 1.0, 1.0]}
{"known_features": "correct_relations_s5081", "visible_accuracy_e_C_I": [1.0, 1.0, 1.0]}
{"known_features": "shuffled_relations_s5081", "visible_accuracy_e_C_I": [1.0, 1.0, 1.0]}
{"known_features": "ordinary_s6091", "visible_accuracy_e_C_I": [1.0, 1.0, 1.0]}
{"known_features": "correct_relations_s6091", "visible_accuracy_e_C_I": [1.0, 1.0, 1.0]}
{"known_features": "shuffled_relations_s6091", "visible_accuracy_e_C_I": [1.0, 1.0, 0.9880952380952381]}
{"known_features": "ordinary_s7103", "visible_accuracy_e_C_I": [1.0, 1.0, 1.0]}
{"known_features": "correct_relations_s7103", "visible_accuracy_e_C_I": [0.9880952380952381, 1.0, 0.9761904761904762]}
{"known_features": "shuffled_relations_s7103", "visible_accuracy_e_C_I": [0.9761904761904762, 1.0, 0.9761904761904762]}
{"frozen_evaluation": "ordinary_s5081_k4_correct", "primary": [{"word": "ci", "answer_accuracy": 0.2261904761904762, "displacement_nmse": 0.551849285238331}, {"word": "ici", "answer_accuracy": 0.22061011904761904, "displacement_nmse": 0.5478720069957707}]}
{"frozen_evaluation": "ordinary_s5081_k4_shuffled", "primary": [{"word": "ci", "answer_accuracy": 0.22321428571428573, "displacement_nmse": 0.5550150004951512}, {"word": "ici", "answer_accuracy": 0.21875, "displacement_nmse": 0.5459668242489245}]}
{"frozen_evaluation": "ordinary_s5081_k16_correct", "primary": [{"word": "ci", "answer_accuracy": 0.25595238095238093, "displacement_nmse": 0.5122312790947882}, {"word": "ici", "answer_accuracy": 0.24702380952380953, "displacement_nmse": 0.5090215153663207}]}
{"frozen_evaluation": "ordinary_s5081_k16_shuffled", "primary": [{"word": "ci", "answer_accuracy": 0.2421875, "displacement_nmse": 0.5164868524219351}, {"word": "ici", "answer_accuracy": 0.24925595238095238, "displacement_nmse": 0.5108234240707135}]}
{"frozen_evaluation": "ordinary_s5081_k64_correct", "primary": [{"word": "ci", "answer_accuracy": 0.30245535714285715, "displacement_nmse": 0.4927552267939151}, {"word": "ici", "answer_accuracy": 0.27232142857142855, "displacement_nmse": 0.4990418214773227}]}
{"frozen_evaluation": "ordinary_s5081_k64_shuffled", "primary": [{"word": "ci", "answer_accuracy": 0.24665178571428573, "displacement_nmse": 0.505795322530823}, {"word": "ici", "answer_accuracy": 0.2552083333333333, "displacement_nmse": 0.5013727380371061}]}
{"frozen_evaluation": "ordinary_s5081_k256_correct", "primary": [{"word": "ci", "answer_accuracy": 0.32254464285714285, "displacement_nmse": 0.48699232820046096}, {"word": "ici", "answer_accuracy": 0.2771577380952381, "displacement_nmse": 0.4951142235007666}]}
{"frozen_evaluation": "ordinary_s5081_k256_shuffled", "primary": [{"word": "ci", "answer_accuracy": 0.27566964285714285, "displacement_nmse": 0.5025282787469533}, {"word": "ici", "answer_accuracy": 0.27827380952380953, "displacement_nmse": 0.4987227534694046}]}
{"frozen_evaluation": "correct_relations_s5081_k4_correct", "primary": [{"word": "ci", "answer_accuracy": 0.41220238095238093, "displacement_nmse": 0.3004249394247744}, {"word": "ici", "answer_accuracy": 0.40625, "displacement_nmse": 0.306832232971503}]}
{"frozen_evaluation": "correct_relations_s5081_k4_shuffled", "primary": [{"word": "ci", "answer_accuracy": 0.22023809523809523, "displacement_nmse": 0.5799392349345248}, {"word": "ici", "answer_accuracy": 0.22395833333333334, "displacement_nmse": 0.5830253136112681}]}
{"frozen_evaluation": "correct_relations_s5081_k16_correct", "primary": [{"word": "ci", "answer_accuracy": 0.48995535714285715, "displacement_nmse": 0.22019462532067077}, {"word": "ici", "answer_accuracy": 0.47358630952380953, "displacement_nmse": 0.23127769070838555}]}
{"frozen_evaluation": "correct_relations_s5081_k16_shuffled", "primary": [{"word": "ci", "answer_accuracy": 0.25632440476190477, "displacement_nmse": 0.5425481749291071}, {"word": "ici", "answer_accuracy": 0.2540922619047619, "displacement_nmse": 0.5458429491864758}]}
{"frozen_evaluation": "correct_relations_s5081_k64_correct", "primary": [{"word": "ci", "answer_accuracy": 0.5349702380952381, "displacement_nmse": 0.19971596517720716}, {"word": "ici", "answer_accuracy": 0.5345982142857143, "displacement_nmse": 0.2083342518512775}]}
{"frozen_evaluation": "correct_relations_s5081_k64_shuffled", "primary": [{"word": "ci", "answer_accuracy": 0.2552083333333333, "displacement_nmse": 0.5263788184786337}, {"word": "ici", "answer_accuracy": 0.2578125, "displacement_nmse": 0.5315642091634315}]}
{"frozen_evaluation": "correct_relations_s5081_k256_correct", "primary": [{"word": "ci", "answer_accuracy": 0.5643601190476191, "displacement_nmse": 0.18519634443558103}, {"word": "ici", "answer_accuracy": 0.5610119047619048, "displacement_nmse": 0.19186343955119764}]}
{"frozen_evaluation": "correct_relations_s5081_k256_shuffled", "primary": [{"word": "ci", "answer_accuracy": 0.2767857142857143, "displacement_nmse": 0.5247361654538201}, {"word": "ici", "answer_accuracy": 0.27641369047619047, "displacement_nmse": 0.5293322386798875}]}
{"frozen_evaluation": "shuffled_relations_s5081_k4_correct", "primary": [{"word": "ci", "answer_accuracy": 0.23511904761904762, "displacement_nmse": 0.5869773581376059}, {"word": "ici", "answer_accuracy": 0.22916666666666666, "displacement_nmse": 0.5912938641071233}]}
{"frozen_evaluation": "shuffled_relations_s5081_k4_shuffled", "primary": [{"word": "ci", "answer_accuracy": 0.23139880952380953, "displacement_nmse": 0.590309941929769}, {"word": "ici", "answer_accuracy": 0.22395833333333334, "displacement_nmse": 0.5902310991838936}]}
{"frozen_evaluation": "shuffled_relations_s5081_k16_correct", "primary": [{"word": "ci", "answer_accuracy": 0.2544642857142857, "displacement_nmse": 0.5420325325740984}, {"word": "ici", "answer_accuracy": 0.2526041666666667, "displacement_nmse": 0.5429181481610224}]}
{"frozen_evaluation": "shuffled_relations_s5081_k16_shuffled", "primary": [{"word": "ci", "answer_accuracy": 0.24925595238095238, "displacement_nmse": 0.5425147737382223}, {"word": "ici", "answer_accuracy": 0.25186011904761907, "displacement_nmse": 0.5429805983751788}]}
{"frozen_evaluation": "shuffled_relations_s5081_k64_correct", "primary": [{"word": "ci", "answer_accuracy": 0.2537202380952381, "displacement_nmse": 0.5336111075553499}, {"word": "ici", "answer_accuracy": 0.2533482142857143, "displacement_nmse": 0.5342714152160813}]}
{"frozen_evaluation": "shuffled_relations_s5081_k64_shuffled", "primary": [{"word": "ci", "answer_accuracy": 0.2526041666666667, "displacement_nmse": 0.5333851667296026}, {"word": "ici", "answer_accuracy": 0.2540922619047619, "displacement_nmse": 0.5339828390412117}]}
{"frozen_evaluation": "shuffled_relations_s5081_k256_correct", "primary": [{"word": "ci", "answer_accuracy": 0.27566964285714285, "displacement_nmse": 0.5302895216102437}, {"word": "ici", "answer_accuracy": 0.27641369047619047, "displacement_nmse": 0.5308590859414236}]}
{"frozen_evaluation": "shuffled_relations_s5081_k256_shuffled", "primary": [{"word": "ci", "answer_accuracy": 0.27492559523809523, "displacement_nmse": 0.5308966961497721}, {"word": "ici", "answer_accuracy": 0.27529761904761907, "displacement_nmse": 0.531425749115792}]}
{"frozen_evaluation": "ordinary_s6091_k4_correct", "primary": [{"word": "ci", "answer_accuracy": 0.2425595238095238, "displacement_nmse": 0.5517219353704175}, {"word": "ici", "answer_accuracy": 0.22991071428571427, "displacement_nmse": 0.5442456004436652}]}
{"frozen_evaluation": "ordinary_s6091_k4_shuffled", "primary": [{"word": "ci", "answer_accuracy": 0.23251488095238096, "displacement_nmse": 0.551608802019345}, {"word": "ici", "answer_accuracy": 0.23065476190476192, "displacement_nmse": 0.5435679784472996}]}
{"frozen_evaluation": "ordinary_s6091_k16_correct", "primary": [{"word": "ci", "answer_accuracy": 0.23772321428571427, "displacement_nmse": 0.5138510500426247}, {"word": "ici", "answer_accuracy": 0.24107142857142858, "displacement_nmse": 0.5083261345497462}]}
{"frozen_evaluation": "ordinary_s6091_k16_shuffled", "primary": [{"word": "ci", "answer_accuracy": 0.23995535714285715, "displacement_nmse": 0.5169876953635156}, {"word": "ici", "answer_accuracy": 0.24404761904761904, "displacement_nmse": 0.5116626479798829}]}
{"frozen_evaluation": "ordinary_s6091_k64_correct", "primary": [{"word": "ci", "answer_accuracy": 0.2663690476190476, "displacement_nmse": 0.5032053342137301}, {"word": "ici", "answer_accuracy": 0.26748511904761907, "displacement_nmse": 0.4980335426418151}]}
{"frozen_evaluation": "ordinary_s6091_k64_shuffled", "primary": [{"word": "ci", "answer_accuracy": 0.26785714285714285, "displacement_nmse": 0.5043794356821445}, {"word": "ici", "answer_accuracy": 0.2693452380952381, "displacement_nmse": 0.4990545962208562}]}
{"frozen_evaluation": "ordinary_s6091_k256_correct", "primary": [{"word": "ci", "answer_accuracy": 0.2767857142857143, "displacement_nmse": 0.498654731119428}, {"word": "ici", "answer_accuracy": 0.27938988095238093, "displacement_nmse": 0.4943257373156349}]}
{"frozen_evaluation": "ordinary_s6091_k256_shuffled", "primary": [{"word": "ci", "answer_accuracy": 0.2775297619047619, "displacement_nmse": 0.5013556767971701}, {"word": "ici", "answer_accuracy": 0.27455357142857145, "displacement_nmse": 0.4966146231847568}]}
{"frozen_evaluation": "correct_relations_s6091_k4_correct", "primary": [{"word": "ci", "answer_accuracy": 0.39211309523809523, "displacement_nmse": 0.404887495820474}, {"word": "ici", "answer_accuracy": 0.37611607142857145, "displacement_nmse": 0.4120465451968245}]}
{"frozen_evaluation": "correct_relations_s6091_k4_shuffled", "primary": [{"word": "ci", "answer_accuracy": 0.2496279761904762, "displacement_nmse": 0.5596949668673942}, {"word": "ici", "answer_accuracy": 0.24441964285714285, "displacement_nmse": 0.560379581120588}]}
{"frozen_evaluation": "correct_relations_s6091_k16_correct", "primary": [{"word": "ci", "answer_accuracy": 0.46763392857142855, "displacement_nmse": 0.3091826555255183}, {"word": "ici", "answer_accuracy": 0.46130952380952384, "displacement_nmse": 0.3160925324248196}]}
{"frozen_evaluation": "correct_relations_s6091_k16_shuffled", "primary": [{"word": "ci", "answer_accuracy": 0.23995535714285715, "displacement_nmse": 0.521834830974477}, {"word": "ici", "answer_accuracy": 0.24330357142857142, "displacement_nmse": 0.5262895099108126}]}
{"frozen_evaluation": "correct_relations_s6091_k64_correct", "primary": [{"word": "ci", "answer_accuracy": 0.5011160714285714, "displacement_nmse": 0.2778851287840893}, {"word": "ici", "answer_accuracy": 0.4955357142857143, "displacement_nmse": 0.2844502301748433}]}
{"frozen_evaluation": "correct_relations_s6091_k64_shuffled", "primary": [{"word": "ci", "answer_accuracy": 0.27120535714285715, "displacement_nmse": 0.5092719244579254}, {"word": "ici", "answer_accuracy": 0.26599702380952384, "displacement_nmse": 0.5141322977409466}]}
{"frozen_evaluation": "correct_relations_s6091_k256_correct", "primary": [{"word": "ci", "answer_accuracy": 0.5167410714285714, "displacement_nmse": 0.26846457133907115}, {"word": "ici", "answer_accuracy": 0.5085565476190477, "displacement_nmse": 0.2778628071323006}]}
{"frozen_evaluation": "correct_relations_s6091_k256_shuffled", "primary": [{"word": "ci", "answer_accuracy": 0.2741815476190476, "displacement_nmse": 0.5071549421267681}, {"word": "ici", "answer_accuracy": 0.2726934523809524, "displacement_nmse": 0.5119153794998446}]}
{"frozen_evaluation": "shuffled_relations_s6091_k4_correct", "primary": [{"word": "ci", "answer_accuracy": 0.2347470238095238, "displacement_nmse": 0.5862575293517132}, {"word": "ici", "answer_accuracy": 0.23697916666666666, "displacement_nmse": 0.5889553220880382}]}
{"frozen_evaluation": "shuffled_relations_s6091_k4_shuffled", "primary": [{"word": "ci", "answer_accuracy": 0.23883928571428573, "displacement_nmse": 0.5884554727902865}, {"word": "ici", "answer_accuracy": 0.23325892857142858, "displacement_nmse": 0.5871607686502017}]}
{"frozen_evaluation": "shuffled_relations_s6091_k16_correct", "primary": [{"word": "ci", "answer_accuracy": 0.23586309523809523, "displacement_nmse": 0.5497362974180438}, {"word": "ici", "answer_accuracy": 0.23846726190476192, "displacement_nmse": 0.5530086630189418}]}
{"frozen_evaluation": "shuffled_relations_s6091_k16_shuffled", "primary": [{"word": "ci", "answer_accuracy": 0.23325892857142858, "displacement_nmse": 0.5498073211485593}, {"word": "ici", "answer_accuracy": 0.23772321428571427, "displacement_nmse": 0.5529578900780211}]}
{"frozen_evaluation": "shuffled_relations_s6091_k64_correct", "primary": [{"word": "ci", "answer_accuracy": 0.26339285714285715, "displacement_nmse": 0.5362220176722886}, {"word": "ici", "answer_accuracy": 0.26599702380952384, "displacement_nmse": 0.5391997113960486}]}
{"frozen_evaluation": "shuffled_relations_s6091_k64_shuffled", "primary": [{"word": "ci", "answer_accuracy": 0.26599702380952384, "displacement_nmse": 0.5352931338454636}, {"word": "ici", "answer_accuracy": 0.2708333333333333, "displacement_nmse": 0.5382646861560533}]}
{"frozen_evaluation": "shuffled_relations_s6091_k256_correct", "primary": [{"word": "ci", "answer_accuracy": 0.27455357142857145, "displacement_nmse": 0.5323139712387781}, {"word": "ici", "answer_accuracy": 0.27455357142857145, "displacement_nmse": 0.5355888069110273}]}
{"frozen_evaluation": "shuffled_relations_s6091_k256_shuffled", "primary": [{"word": "ci", "answer_accuracy": 0.2775297619047619, "displacement_nmse": 0.5330096900407443}, {"word": "ici", "answer_accuracy": 0.2786458333333333, "displacement_nmse": 0.536195678567086}]}
{"frozen_evaluation": "ordinary_s7103_k4_correct", "primary": [{"word": "ci", "answer_accuracy": 0.23846726190476192, "displacement_nmse": 0.559074639685147}, {"word": "ici", "answer_accuracy": 0.23772321428571427, "displacement_nmse": 0.5526637879971162}]}
{"frozen_evaluation": "ordinary_s7103_k4_shuffled", "primary": [{"word": "ci", "answer_accuracy": 0.21688988095238096, "displacement_nmse": 0.5646638338321681}, {"word": "ici", "answer_accuracy": 0.23549107142857142, "displacement_nmse": 0.5579698540197879}]}
{"frozen_evaluation": "ordinary_s7103_k16_correct", "primary": [{"word": "ci", "answer_accuracy": 0.26450892857142855, "displacement_nmse": 0.5150073464266528}, {"word": "ici", "answer_accuracy": 0.26748511904761907, "displacement_nmse": 0.511304147817651}]}
{"frozen_evaluation": "ordinary_s7103_k16_shuffled", "primary": [{"word": "ci", "answer_accuracy": 0.26376488095238093, "displacement_nmse": 0.5177372277640385}, {"word": "ici", "answer_accuracy": 0.2630208333333333, "displacement_nmse": 0.5142618244526876}]}
{"frozen_evaluation": "ordinary_s7103_k64_correct", "primary": [{"word": "ci", "answer_accuracy": 0.265625, "displacement_nmse": 0.5022970720264565}, {"word": "ici", "answer_accuracy": 0.2708333333333333, "displacement_nmse": 0.49979051392609564}]}
{"frozen_evaluation": "ordinary_s7103_k64_shuffled", "primary": [{"word": "ci", "answer_accuracy": 0.2726934523809524, "displacement_nmse": 0.5080415462657982}, {"word": "ici", "answer_accuracy": 0.27232142857142855, "displacement_nmse": 0.5051924265174416}]}
{"frozen_evaluation": "ordinary_s7103_k256_correct", "primary": [{"word": "ci", "answer_accuracy": 0.28087797619047616, "displacement_nmse": 0.4959337221947079}, {"word": "ici", "answer_accuracy": 0.27938988095238093, "displacement_nmse": 0.49487225479433544}]}
{"frozen_evaluation": "ordinary_s7103_k256_shuffled", "primary": [{"word": "ci", "answer_accuracy": 0.2700892857142857, "displacement_nmse": 0.5030881858558105}, {"word": "ici", "answer_accuracy": 0.27306547619047616, "displacement_nmse": 0.49983419001439916}]}
{"frozen_evaluation": "correct_relations_s7103_k4_correct", "primary": [{"word": "ci", "answer_accuracy": 0.39806547619047616, "displacement_nmse": 0.2980550684536033}, {"word": "ici", "answer_accuracy": 0.39806547619047616, "displacement_nmse": 0.3041429668177277}]}
{"frozen_evaluation": "correct_relations_s7103_k4_shuffled", "primary": [{"word": "ci", "answer_accuracy": 0.2421875, "displacement_nmse": 0.5684790922870251}, {"word": "ici", "answer_accuracy": 0.24404761904761904, "displacement_nmse": 0.5819153590603962}]}
{"frozen_evaluation": "correct_relations_s7103_k16_correct", "primary": [{"word": "ci", "answer_accuracy": 0.48288690476190477, "displacement_nmse": 0.2075698667181973}, {"word": "ici", "answer_accuracy": 0.49516369047619047, "displacement_nmse": 0.21416731419303464}]}
{"frozen_evaluation": "correct_relations_s7103_k16_shuffled", "primary": [{"word": "ci", "answer_accuracy": 0.26860119047619047, "displacement_nmse": 0.5260122214191335}, {"word": "ici", "answer_accuracy": 0.26450892857142855, "displacement_nmse": 0.5313783827541497}]}
{"frozen_evaluation": "correct_relations_s7103_k64_correct", "primary": [{"word": "ci", "answer_accuracy": 0.5293898809523809, "displacement_nmse": 0.19045822395168321}, {"word": "ici", "answer_accuracy": 0.5215773809523809, "displacement_nmse": 0.19622649039523113}]}
{"frozen_evaluation": "correct_relations_s7103_k64_shuffled", "primary": [{"word": "ci", "answer_accuracy": 0.26860119047619047, "displacement_nmse": 0.5110283057042615}, {"word": "ici", "answer_accuracy": 0.2700892857142857, "displacement_nmse": 0.5160563049709953}]}
{"frozen_evaluation": "correct_relations_s7103_k256_correct", "primary": [{"word": "ci", "answer_accuracy": 0.5279017857142857, "displacement_nmse": 0.17620791651381115}, {"word": "ici", "answer_accuracy": 0.5279017857142857, "displacement_nmse": 0.1808851993321006}]}
{"frozen_evaluation": "correct_relations_s7103_k256_shuffled", "primary": [{"word": "ci", "answer_accuracy": 0.27306547619047616, "displacement_nmse": 0.5087181301053896}, {"word": "ici", "answer_accuracy": 0.27194940476190477, "displacement_nmse": 0.5132455974350943}]}
{"frozen_evaluation": "shuffled_relations_s7103_k4_correct", "primary": [{"word": "ci", "answer_accuracy": 0.24516369047619047, "displacement_nmse": 0.58988647012995}, {"word": "ici", "answer_accuracy": 0.24925595238095238, "displacement_nmse": 0.583063736427243}]}
{"frozen_evaluation": "shuffled_relations_s7103_k4_shuffled", "primary": [{"word": "ci", "answer_accuracy": 0.24776785714285715, "displacement_nmse": 0.5838222920536729}, {"word": "ici", "answer_accuracy": 0.24516369047619047, "displacement_nmse": 0.5835409172027074}]}
{"frozen_evaluation": "shuffled_relations_s7103_k16_correct", "primary": [{"word": "ci", "answer_accuracy": 0.2648809523809524, "displacement_nmse": 0.542385515872612}, {"word": "ici", "answer_accuracy": 0.265625, "displacement_nmse": 0.5468079489128945}]}
{"frozen_evaluation": "shuffled_relations_s7103_k16_shuffled", "primary": [{"word": "ci", "answer_accuracy": 0.2648809523809524, "displacement_nmse": 0.5430331097474713}, {"word": "ici", "answer_accuracy": 0.26525297619047616, "displacement_nmse": 0.5468840547384829}]}
{"frozen_evaluation": "shuffled_relations_s7103_k64_correct", "primary": [{"word": "ci", "answer_accuracy": 0.2697172619047619, "displacement_nmse": 0.5327557026196488}, {"word": "ici", "answer_accuracy": 0.27120535714285715, "displacement_nmse": 0.5370198766023315}]}
{"frozen_evaluation": "shuffled_relations_s7103_k64_shuffled", "primary": [{"word": "ci", "answer_accuracy": 0.2689732142857143, "displacement_nmse": 0.5339623740372783}, {"word": "ici", "answer_accuracy": 0.26264880952380953, "displacement_nmse": 0.5370413963437394}]}
{"frozen_evaluation": "shuffled_relations_s7103_k256_correct", "primary": [{"word": "ci", "answer_accuracy": 0.28125, "displacement_nmse": 0.522095081992324}, {"word": "ici", "answer_accuracy": 0.28608630952380953, "displacement_nmse": 0.528255082448864}]}
{"frozen_evaluation": "shuffled_relations_s7103_k256_shuffled", "primary": [{"word": "ci", "answer_accuracy": 0.27529761904761907, "displacement_nmse": 0.529419408443466}, {"word": "ici", "answer_accuracy": 0.27827380952380953, "displacement_nmse": 0.5335974236309273}]}
