{'evaluated': 'r0_ordinary_exposure', 'final_accuracy': 0.2265625, 'selected_accuracy': 0.2171875}
{'evaluated': 'r0_support_alignment', 'final_accuracy': 0.225, 'selected_accuracy': 0.226953125}
{'evaluated': 'r0_coverage_alignment', 'final_accuracy': 0.22421875, 'selected_accuracy': 0.233203125}
{'evaluated': 'r0_coverage_matched_mismatch', 'final_accuracy': 0.233984375, 'selected_accuracy': 0.233984375}
{'evaluated': 'r0_coverage_distillation', 'final_accuracy': 0.27734375, 'selected_accuracy': 0.27734375}
{'evaluated': 'r0_coverage_distillation_alignment', 'final_accuracy': 0.26796875, 'selected_accuracy': 0.26796875}
{'evaluated': 'r1_ordinary_exposure', 'final_accuracy': 0.237109375, 'selected_accuracy': 0.24609375}
{'evaluated': 'r1_support_alignment', 'final_accuracy': 0.243359375, 'selected_accuracy': 0.233203125}
{'evaluated': 'r1_coverage_alignment', 'final_accuracy': 0.246875, 'selected_accuracy': 0.23984375}
{'evaluated': 'r1_coverage_matched_mismatch', 'final_accuracy': 0.255859375, 'selected_accuracy': 0.241015625}
{'evaluated': 'r1_coverage_distillation', 'final_accuracy': 0.27109375, 'selected_accuracy': 0.269921875}
{'evaluated': 'r1_coverage_distillation_alignment', 'final_accuracy': 0.2671875, 'selected_accuracy': 0.25859375}
{'evaluated': 'r2_ordinary_exposure', 'final_accuracy': 0.23984375, 'selected_accuracy': 0.232421875}
{'evaluated': 'r2_support_alignment', 'final_accuracy': 0.212109375, 'selected_accuracy': 0.2234375}
{'evaluated': 'r2_coverage_alignment', 'final_accuracy': 0.23828125, 'selected_accuracy': 0.222265625}
{'evaluated': 'r2_coverage_matched_mismatch', 'final_accuracy': 0.23828125, 'selected_accuracy': 0.240234375}
{'evaluated': 'r2_coverage_distillation', 'final_accuracy': 0.28359375, 'selected_accuracy': 0.275390625}
{'evaluated': 'r2_coverage_distillation_alignment', 'final_accuracy': 0.277734375, 'selected_accuracy': 0.28671875}
{'evaluated': 'r3_ordinary_exposure', 'final_accuracy': 0.233984375, 'selected_accuracy': 0.240234375}
{'evaluated': 'r3_support_alignment', 'final_accuracy': 0.235546875, 'selected_accuracy': 0.222265625}
{'evaluated': 'r3_coverage_alignment', 'final_accuracy': 0.246484375, 'selected_accuracy': 0.2515625}
{'evaluated': 'r3_coverage_matched_mismatch', 'final_accuracy': 0.2546875, 'selected_accuracy': 0.2546875}
{'evaluated': 'r3_coverage_distillation', 'final_accuracy': 0.280078125, 'selected_accuracy': 0.280078125}
{'evaluated': 'r3_coverage_distillation_alignment', 'final_accuracy': 0.273046875, 'selected_accuracy': 0.27109375}
{'evaluated': 'r4_ordinary_exposure', 'final_accuracy': 0.230859375, 'selected_accuracy': 0.23359375}
{'evaluated': 'r4_support_alignment', 'final_accuracy': 0.23046875, 'selected_accuracy': 0.219140625}
{'evaluated': 'r4_coverage_alignment', 'final_accuracy': 0.24453125, 'selected_accuracy': 0.233203125}
{'evaluated': 'r4_coverage_matched_mismatch', 'final_accuracy': 0.228515625, 'selected_accuracy': 0.228515625}
{'evaluated': 'r4_coverage_distillation', 'final_accuracy': 0.276953125, 'selected_accuracy': 0.26875}
{'evaluated': 'r4_coverage_distillation_alignment', 'final_accuracy': 0.28515625, 'selected_accuracy': 0.28515625}
{'evaluated': 'r5_ordinary_exposure', 'final_accuracy': 0.261328125, 'selected_accuracy': 0.261328125}
{'evaluated': 'r5_support_alignment', 'final_accuracy': 0.25, 'selected_accuracy': 0.241796875}
{'evaluated': 'r5_coverage_alignment', 'final_accuracy': 0.245703125, 'selected_accuracy': 0.245703125}
{'evaluated': 'r5_coverage_matched_mismatch', 'final_accuracy': 0.249609375, 'selected_accuracy': 0.249609375}
{'evaluated': 'r5_coverage_distillation', 'final_accuracy': 0.2796875, 'selected_accuracy': 0.276953125}
{'evaluated': 'r5_coverage_distillation_alignment', 'final_accuracy': 0.293359375, 'selected_accuracy': 0.27734375}
