{
  "means": {
    "final": {
      "cka": 0.029196200563369284,
      "accuracy": 0.2376953125
    },
    "selected": {
      "cka": 0.03206035675550992,
      "accuracy": 0.23854166666666665
    }
  },
  "contrasts": {
    "final": {
      "cka": {
        "mean": 0.0016415600341117876,
        "paired_deltas": [
          -0.009975416148169592,
          0.004089004654316629,
          0.004876556050871162,
          0.009656100842354815,
          0.013527870559045127,
          -0.012324755753747415
        ],
        "positive_replicates": 4,
        "conditional_95": [
          -0.006070389082533459,
          0.009070954738865723
        ],
        "teacher_cluster_95": [
          -0.0029518040417564665,
          0.006865350300436747
        ],
        "teacher_cluster_means": {
          "17": -0.00015965765290738843,
          "42": 0.008808437606680878,
          "101": -0.0037240998514381264
        }
      },
      "accuracy_pp": {
        "mean": 0.49479166666666674,
        "paired_deltas": [
          -0.07812500000000111,
          -0.6640624999999983,
          2.34375,
          1.7578125,
          -0.039062500000000555,
          -0.35156249999999944
        ],
        "positive_replicates": 2,
        "conditional_95": [
          -0.3515624999999994,
          1.4388020833333337
        ],
        "teacher_cluster_95": [
          -0.09342447916666632,
          0.9622395833333333
        ],
        "teacher_cluster_means": {
          "17": 0.8398437499999994,
          "42": -0.35156249999999944,
          "101": 0.9960937500000002
        }
      }
    },
    "selected": {
      "cka": {
        "mean": 0.0009756541947860258,
        "paired_deltas": [
          -0.0007069528001470982,
          0.0063584160073530405,
          -0.007225222102058764,
          0.011697718269220884,
          0.01035808293722603,
          -0.014628117142877938
        ],
        "positive_replicates": 3,
        "conditional_95": [
          -0.006762302942451024,
          0.008293844270016629
        ],
        "teacher_cluster_95": [
          -0.007368558278450548,
          0.007737961679109794
        ],
        "teacher_cluster_means": {
          "17": 0.005495382734536893,
          "42": 0.008358249472289535,
          "101": -0.010926669622468351
        }
      },
      "accuracy_pp": {
        "mean": 1.0742187499999998,
        "paired_deltas": [
          1.289062499999999,
          -0.1953125,
          2.070312499999999,
          2.3046874999999996,
          0.27343749999999833,
          0.7031250000000017
        ],
        "positive_replicates": 5,
        "conditional_95": [
          0.35807291666666624,
          1.7968749999999991
        ],
        "teacher_cluster_95": [
          0.33105468749999944,
          1.708007812499999
        ],
        "teacher_cluster_means": {
          "17": 1.7968749999999991,
          "42": 0.03906249999999917,
          "101": 1.3867187500000004
        }
      }
    }
  }
}
