{
  "status": "complete",
  "completed_utc": "2026-10-07T05:38:35.463473+00:00",
  "target_models_trained": 42,
  "original_registered_target_models": 36,
  "supplemental_equal_count_target_models": 6,
  "source_models_retrained": 0,
  "reused_paired_support_initialization_repeats": 6,
  "oracle_target_labels_including_validation_per_repeat": 256,
  "new_unlabeled_inputs_per_repeat": 4096,
  "new_test_examples": 2560,
  "all_36_training_runs_finished_before_test_opening": true,
  "fixed_update_primary": 1200,
  "new_unlabeled_oracle_answers_used": false,
  "previous_artifact_hashes_preserved": 290,
  "source_checkpoint_hashes_verified": 3,
  "project_tests_passed": 133,
  "accuracy_endpoints_independently_checked": 72,
  "validation_checkpoints_independently_replayed": 108,
  "independent_gram_scores": 2340,
  "supplemental_accuracy_endpoints_checked": 12,
  "supplemental_validation_candidates_replayed": 18,
  "supplemental_raw_cka_gram_checks": 60,
  "supplement_registered_after_base_test_computation_before_agent_numeric_inspection": true,
  "length_prior_post_test_diagnostic": true,
  "length_prior_accuracy": {
    "labeled_length_mode": 0.26230468749999997,
    "teacher_length_mode": 0.29401041666666666
  },
  "length_prior_independent_checks": 72,
  "bootstrap_bounds_independently_checked": 96,
  "original_inputs_independently_rescanned": 16000000,
  "main_means": {
    "ordinary_exposure": {
      "accuracy": 0.23828125,
      "correct_cka": 0.02704471491269921,
      "matched_correct_cka": 0.027494198303634535,
      "matched_wrong_cka": 0.0268960679443852,
      "answer_residual_correct_cka": 0.052019649622168734,
      "answer_residual_wrong_cka": 0.03831267219620232,
      "matched_contrast": 0.0005981303592493351,
      "answer_residual_contrast": 0.013706977425966415,
      "pool_cka": 0.026419809969629518
    },
    "support_alignment": {
      "accuracy": 0.23274739583333334,
      "correct_cka": 0.027554640529257494,
      "matched_correct_cka": 0.027494019539634568,
      "matched_wrong_cka": 0.025758680450803637,
      "answer_residual_correct_cka": 0.04562338559369309,
      "answer_residual_wrong_cka": 0.035965888104012966,
      "matched_contrast": 0.001735339088830927,
      "answer_residual_contrast": 0.009657497489680126,
      "pool_cka": 0.024494793832147994
    },
    "coverage_alignment": {
      "accuracy": 0.24101562499999998,
      "correct_cka": 0.03533535463205387,
      "matched_correct_cka": 0.03554513471939138,
      "matched_wrong_cka": 0.03587199210292941,
      "answer_residual_correct_cka": 0.0661825866809201,
      "answer_residual_wrong_cka": 0.04187826375734535,
      "matched_contrast": -0.00032685738353803163,
      "answer_residual_contrast": 0.024304322923574744,
      "pool_cka": 0.16272020037136745
    },
    "coverage_matched_mismatch": {
      "accuracy": 0.24348958333333334,
      "correct_cka": 0.04164863330683871,
      "matched_correct_cka": 0.042124227016986156,
      "matched_wrong_cka": 0.04269802553069913,
      "answer_residual_correct_cka": 0.06930251026796352,
      "answer_residual_wrong_cka": 0.04499052978798949,
      "matched_contrast": -0.0005737985137129696,
      "answer_residual_contrast": 0.02431198047997404,
      "pool_cka": 0.16520457875783467
    },
    "coverage_distillation": {
      "accuracy": 0.278125,
      "correct_cka": 0.03769470211665691,
      "matched_correct_cka": 0.03805911286608436,
      "matched_wrong_cka": 0.038137940483827966,
      "answer_residual_correct_cka": 0.06530434903992542,
      "answer_residual_wrong_cka": 0.04242912439641891,
      "matched_contrast": -7.882761774360171e-05,
      "answer_residual_contrast": 0.022875224643506515,
      "pool_cka": 0.05968787962492467
    },
    "coverage_distillation_alignment": {
      "accuracy": 0.27740885416666666,
      "correct_cka": 0.04251559533630402,
      "matched_correct_cka": 0.043075018925891,
      "matched_wrong_cka": 0.043104472305965404,
      "answer_residual_correct_cka": 0.07054237242260107,
      "answer_residual_wrong_cka": 0.0430631750248224,
      "matched_contrast": -2.945338007440586e-05,
      "answer_residual_contrast": 0.02747919739777868,
      "pool_cka": 0.09992015309233086
    }
  },
  "main_contrasts": {
    "coverage_alignment-ordinary_exposure": {
      "cka": {
        "mean": 0.008290639719354656,
        "paired_deltas": [
          0.005336980643770042,
          0.0027136879182510856,
          -0.00364932905424176,
          0.013778375196313638,
          0.017630777537914068,
          0.013933346074120861
        ],
        "positive_replicates": 5,
        "conditional_95": [
          0.002211562655212447,
          0.013886290300404633
        ],
        "teacher_cluster_95": [
          0.0060987368821283795,
          0.010039079186340416
        ],
        "teacher_cluster_means": {
          "17": 0.00955767792004184,
          "42": 0.010172232728082577,
          "101": 0.005142008509939551
        }
      },
      "accuracy_pp": {
        "mean": 0.2734374999999997,
        "paired_deltas": [
          -0.23437500000000056,
          0.9765625,
          -0.15624999999999944,
          1.250000000000001,
          1.3671875,
          -1.5625000000000027
        ],
        "positive_replicates": 3,
        "conditional_95": [
          -0.6315104166666682,
          1.0286458333333337
        ],
        "teacher_cluster_95": [
          -0.5631510416666675,
          1.0279947916666663
        ],
        "teacher_cluster_means": {
          "17": 0.5078125000000002,
          "42": 1.171875,
          "101": -0.8593750000000011
        }
      },
      "residual_relation_contrast": {
        "mean": 0.010597345497608329,
        "paired_deltas": [
          -0.0015259755672499611,
          0.025665935158696578,
          -0.012007523138372257,
          0.005393972330214776,
          0.032565863479778016,
          0.013491800722582818
        ],
        "positive_replicates": 4,
        "conditional_95": [
          -0.0013635373930744737,
          0.022558228388291135
        ],
        "teacher_cluster_95": [
          0.0010003750364703248,
          0.023226487449390383
        ],
        "teacher_cluster_means": {
          "17": 0.0019339983814824074,
          "42": 0.029115899319237297,
          "101": 0.0007421387921052805
        }
      }
    },
    "coverage_alignment-support_alignment": {
      "cka": {
        "mean": 0.007780714102796367,
        "paired_deltas": [
          0.008860398778516639,
          0.0071015723952008065,
          -2.9635010483319152e-05,
          0.01623410735957301,
          0.019075255530552754,
          -0.004557414436581683
        ],
        "positive_replicates": 4,
        "conditional_95": [
          0.0011313120465979067,
          0.01443011615899483
        ],
        "teacher_cluster_95": [
          0.0009219771315259198,
          0.012971162435879856
        ],
        "teacher_cluster_means": {
          "17": 0.012547253069044825,
          "42": 0.01308841396287678,
          "101": -0.002293524723532501
        }
      },
      "accuracy_pp": {
        "mean": 0.8268229166666671,
        "paired_deltas": [
          -0.07812500000000111,
          0.3515625000000022,
          2.617187500000001,
          1.0937500000000018,
          1.4062500000000004,
          -0.42968750000000056
        ],
        "positive_replicates": 4,
        "conditional_95": [
          0.06510416666666667,
          1.6601562500000016
        ],
        "teacher_cluster_95": [
          0.5882161458333338,
          1.0472005208333337
        ],
        "teacher_cluster_means": {
          "17": 0.5078125000000003,
          "42": 0.8789062500000013,
          "101": 1.0937500000000002
        }
      },
      "residual_relation_contrast": {
        "mean": 0.014646825433894619,
        "paired_deltas": [
          0.0028218750697328113,
          0.030221057725613468,
          -0.005985332847400389,
          0.00250496478639322,
          0.04682888576595266,
          0.011489502103075935
        ],
        "positive_replicates": 5,
        "conditional_95": [
          0.0012483703224307474,
          0.029867103128580413
        ],
        "teacher_cluster_95": [
          0.002682630613014213,
          0.030774179536894895
        ],
        "teacher_cluster_means": {
          "17": 0.0026634199280630155,
          "42": 0.038524971745783065,
          "101": 0.0027520846278377732
        }
      }
    },
    "coverage_alignment-coverage_matched_mismatch": {
      "cka": {
        "mean": -0.006313278674784848,
        "paired_deltas": [
          -0.01832149328363504,
          -0.004524977084394255,
          -0.010229478572828122,
          0.005861472089218098,
          -0.004445154602092473,
          -0.0062200405949773
        ],
        "positive_replicates": 1,
        "conditional_95": [
          -0.011991579688286054,
          -0.0005517095837072669
        ],
        "teacher_cluster_95": [
          -0.007792563970118959,
          -0.004863137206602472
        ],
        "teacher_cluster_means": {
          "17": -0.006230010597208471,
          "42": -0.004485065843243364,
          "101": -0.00822475958390271
        }
      },
      "accuracy_pp": {
        "mean": -0.24739583333333318,
        "paired_deltas": [
          -0.9765625,
          -0.8984374999999989,
          0.0,
          -0.8203125000000006,
          1.6015625000000004,
          -0.390625
        ],
        "positive_replicates": 1,
        "conditional_95": [
          -0.8268229166666664,
          0.5338541666666669
        ],
        "teacher_cluster_95": [
          -0.7460937500000002,
          0.23307291666666685
        ],
        "teacher_cluster_means": {
          "17": -0.8984375000000002,
          "42": 0.3515625000000008,
          "101": -0.1953125
        }
      },
      "residual_relation_contrast": {
        "mean": -7.657556399292414e-06,
        "paired_deltas": [
          -0.0032068220707253126,
          -0.002085578591886836,
          -0.0006466563779014486,
          0.0013028741748826733,
          0.0023393726309856033,
          0.002250864896249566
        ],
        "positive_replicates": 3,
        "conditional_95": [
          -0.0017365858368102612,
          0.0016394488085752605
        ],
        "teacher_cluster_95": [
          -0.0007182185716360005,
          0.0006558093572553786
        ],
        "teacher_cluster_means": {
          "17": -0.0009519739479213196,
          "42": 0.00012689701954938376,
          "101": 0.0008021042591740586
        }
      }
    },
    "coverage_distillation_alignment-coverage_distillation": {
      "cka": {
        "mean": 0.004820893219647116,
        "paired_deltas": [
          0.01359655791527914,
          -0.0012873625134739858,
          -0.0003112943537334073,
          0.00016044121539687817,
          0.0062790499447186385,
          0.010487967109695434
        ],
        "positive_replicates": 4,
        "conditional_95": [
          0.000540362904283455,
          0.0095616091076951
        ],
        "teacher_cluster_95": [
          0.003057550459133375,
          0.0064906308747439915
        ],
        "teacher_cluster_means": {
          "17": 0.006878499565338009,
          "42": 0.0024958437156223263,
          "101": 0.005088336377981013
        }
      },
      "accuracy_pp": {
        "mean": -0.07161458333333386,
        "paired_deltas": [
          -0.9375000000000022,
          -0.390625,
          -0.5859375,
          -0.7031249999999989,
          0.8203124999999978,
          1.3671875
        ],
        "positive_replicates": 2,
        "conditional_95": [
          -0.7031249999999999,
          0.6380208333333331
        ],
        "teacher_cluster_95": [
          -0.596028645833334,
          0.3525390624999996
        ],
        "teacher_cluster_means": {
          "17": -0.8203125000000006,
          "42": 0.2148437499999989,
          "101": 0.390625
        }
      },
      "residual_relation_contrast": {
        "mean": 0.004603972754272164,
        "paired_deltas": [
          -0.0037824022342729455,
          -0.009846869990550199,
          -0.007213595985458232,
          0.005094599333793123,
          0.026524029637056447,
          0.016848075765064793
        ],
        "positive_replicates": 3,
        "conditional_95": [
          -0.005468122475416114,
          0.01571686133742817
        ],
        "teacher_cluster_95": [
          0.001557679173436114,
          0.007575622837672322
        ],
        "teacher_cluster_means": {
          "17": 0.0006560985497600889,
          "42": 0.008338579823253124,
          "101": 0.004817239889803281
        }
      }
    }
  },
  "supplement_equal_count_results": {
    "final": {
      "cka": 0.029196200563369284,
      "accuracy": 0.2376953125
    },
    "selected": {
      "cka": 0.03206035675550992,
      "accuracy": 0.23854166666666665
    }
  },
  "report_links_checked": 16,
  "spontaneous_algebra_discovery_confirmed": false,
  "output_independent_algebraic_mechanism_confirmed": false
}
