{'evaluated': 'r0_ordinary', 'selected_accuracy': 0.235546875, 'final_accuracy': 0.240234375}
{'evaluated': 'r0_correct_alignment', 'selected_accuracy': 0.229296875, 'final_accuracy': 0.229296875}
{'evaluated': 'r0_answer_matched_mismatch', 'selected_accuracy': 0.224609375, 'final_accuracy': 0.2203125}
{'evaluated': 'r0_output_distillation', 'selected_accuracy': 0.2359375, 'final_accuracy': 0.23984375}
{'evaluated': 'r0_output_distillation_correct_alignment', 'selected_accuracy': 0.23203125, 'final_accuracy': 0.233984375}
{'evaluated': 'r1_ordinary', 'selected_accuracy': 0.218359375, 'final_accuracy': 0.22421875}
{'evaluated': 'r1_correct_alignment', 'selected_accuracy': 0.222265625, 'final_accuracy': 0.23203125}
{'evaluated': 'r1_answer_matched_mismatch', 'selected_accuracy': 0.224609375, 'final_accuracy': 0.23125}
{'evaluated': 'r1_output_distillation', 'selected_accuracy': 0.220703125, 'final_accuracy': 0.211328125}
{'evaluated': 'r1_output_distillation_correct_alignment', 'selected_accuracy': 0.20546875, 'final_accuracy': 0.218359375}
{'evaluated': 'r2_ordinary', 'selected_accuracy': 0.204296875, 'final_accuracy': 0.207421875}
{'evaluated': 'r2_correct_alignment', 'selected_accuracy': 0.2, 'final_accuracy': 0.19765625}
{'evaluated': 'r2_answer_matched_mismatch', 'selected_accuracy': 0.21875, 'final_accuracy': 0.201171875}
{'evaluated': 'r2_output_distillation', 'selected_accuracy': 0.21484375, 'final_accuracy': 0.208203125}
{'evaluated': 'r2_output_distillation_correct_alignment', 'selected_accuracy': 0.211328125, 'final_accuracy': 0.2078125}
{'evaluated': 'r3_ordinary', 'selected_accuracy': 0.238671875, 'final_accuracy': 0.234765625}
{'evaluated': 'r3_correct_alignment', 'selected_accuracy': 0.231640625, 'final_accuracy': 0.22421875}
{'evaluated': 'r3_answer_matched_mismatch', 'selected_accuracy': 0.228125, 'final_accuracy': 0.223046875}
{'evaluated': 'r3_output_distillation', 'selected_accuracy': 0.22734375, 'final_accuracy': 0.229296875}
{'evaluated': 'r3_output_distillation_correct_alignment', 'selected_accuracy': 0.225390625, 'final_accuracy': 0.226953125}
{'evaluated': 'r4_ordinary', 'selected_accuracy': 0.25, 'final_accuracy': 0.25}
{'evaluated': 'r4_correct_alignment', 'selected_accuracy': 0.244140625, 'final_accuracy': 0.244140625}
{'evaluated': 'r4_answer_matched_mismatch', 'selected_accuracy': 0.234375, 'final_accuracy': 0.234375}
{'evaluated': 'r4_output_distillation', 'selected_accuracy': 0.253125, 'final_accuracy': 0.24765625}
{'evaluated': 'r4_output_distillation_correct_alignment', 'selected_accuracy': 0.246875, 'final_accuracy': 0.241796875}
{'evaluated': 'r5_ordinary', 'selected_accuracy': 0.2484375, 'final_accuracy': 0.2453125}
{'evaluated': 'r5_correct_alignment', 'selected_accuracy': 0.214453125, 'final_accuracy': 0.212109375}
{'evaluated': 'r5_answer_matched_mismatch', 'selected_accuracy': 0.2421875, 'final_accuracy': 0.229296875}
{'evaluated': 'r5_output_distillation', 'selected_accuracy': 0.246484375, 'final_accuracy': 0.226171875}
{'evaluated': 'r5_output_distillation_correct_alignment', 'selected_accuracy': 0.239453125, 'final_accuracy': 0.239453125}
