{
  "means": {
    "initialization": {
      "initialization": {
        "full_train_cka": 0.13212910477608808,
        "full_validation_cka": 0.32889480950642963,
        "matched_count_train_cka": 0.29916928670049664,
        "matched_count_validation_cka": 0.34033585467585353,
        "matched_count_test_cka": 0.31215393721400403,
        "train_accuracy": 0.006076388888888889,
        "validation_accuracy": 0.0026041666666666665
      }
    },
    "ordinary": {
      "selected": {
        "full_train_cka": 0.3594978185830786,
        "full_validation_cka": 0.22949126415535778,
        "matched_count_train_cka": 0.4425675588902705,
        "matched_count_validation_cka": 0.24432581234277093,
        "matched_count_test_cka": 0.2173592326385694,
        "train_accuracy": 0.998263888888889,
        "validation_accuracy": 0.22135416666666666
      },
      "latest": {
        "full_train_cka": 0.4060279212125217,
        "full_validation_cka": 0.22622251696943674,
        "matched_count_train_cka": 0.5097558793389719,
        "matched_count_validation_cka": 0.2386491742084723,
        "matched_count_test_cka": 0.210781070716865,
        "train_accuracy": 1.0,
        "validation_accuracy": 0.203125
      }
    },
    "correct_alignment": {
      "selected": {
        "full_train_cka": 0.975531813240193,
        "full_validation_cka": 0.23127502605850347,
        "matched_count_train_cka": 0.9690910897448254,
        "matched_count_validation_cka": 0.2503744222730914,
        "matched_count_test_cka": 0.21481119662467976,
        "train_accuracy": 1.0,
        "validation_accuracy": 0.23958333333333334
      },
      "latest": {
        "full_train_cka": 0.995888657150279,
        "full_validation_cka": 0.21353940846170616,
        "matched_count_train_cka": 0.9959496539836614,
        "matched_count_validation_cka": 0.23407794456989495,
        "matched_count_test_cka": 0.2063781376113195,
        "train_accuracy": 1.0,
        "validation_accuracy": 0.2265625
      }
    },
    "answer_matched_mismatch": {
      "selected": {
        "full_train_cka": 0.9287778565803522,
        "full_validation_cka": 0.2250075712508126,
        "matched_count_train_cka": 0.9393219861366298,
        "matched_count_validation_cka": 0.23907108281290304,
        "matched_count_test_cka": 0.22010989505168133,
        "train_accuracy": 0.9973958333333335,
        "validation_accuracy": 0.24479166666666666
      },
      "latest": {
        "full_train_cka": 0.9588968752937728,
        "full_validation_cka": 0.21179682987067758,
        "matched_count_train_cka": 0.9632791587605904,
        "matched_count_validation_cka": 0.2281612243663346,
        "matched_count_test_cka": 0.1903441886634679,
        "train_accuracy": 1.0,
        "validation_accuracy": 0.21354166666666666
      }
    },
    "output_distillation": {
      "selected": {
        "full_train_cka": 0.474557914341976,
        "full_validation_cka": 0.24283760620410452,
        "matched_count_train_cka": 0.5427524215737987,
        "matched_count_validation_cka": 0.25744297907147234,
        "matched_count_test_cka": 0.23953654026976534,
        "train_accuracy": 0.986111111111111,
        "validation_accuracy": 0.234375
      },
      "latest": {
        "full_train_cka": 0.6101317702637993,
        "full_validation_cka": 0.23194044894036178,
        "matched_count_train_cka": 0.650798111183319,
        "matched_count_validation_cka": 0.24023152959019203,
        "matched_count_test_cka": 0.229244123960155,
        "train_accuracy": 1.0,
        "validation_accuracy": 0.21875
      }
    },
    "output_distillation_correct_alignment": {
      "selected": {
        "full_train_cka": 0.8405560347954397,
        "full_validation_cka": 0.22252128531809667,
        "matched_count_train_cka": 0.868995921819783,
        "matched_count_validation_cka": 0.23746793073187566,
        "matched_count_test_cka": 0.21978803552009737,
        "train_accuracy": 0.9809027777777778,
        "validation_accuracy": 0.22916666666666666
      },
      "latest": {
        "full_train_cka": 0.9890073719270819,
        "full_validation_cka": 0.17199056304939195,
        "matched_count_train_cka": 0.9903889862811246,
        "matched_count_validation_cka": 0.18691442265169786,
        "matched_count_test_cka": 0.20026440485858965,
        "train_accuracy": 1.0,
        "validation_accuracy": 0.21614583333333334
      }
    }
  },
  "independent_scores_checked": 1650
}
