{"training": "r0_ordinary", "step": 200, "elapsed_seconds": 3.1094263169999863, "cross_entropy": 0.9665811061859131, "geometry_loss": 0.0, "distillation_loss": 0.0}
{"training": "r0_ordinary", "step": 400, "elapsed_seconds": 5.2593527409999865, "cross_entropy": 0.035788439214229584, "geometry_loss": 0.0, "distillation_loss": 0.0}
{"training": "r0_ordinary", "step": 600, "elapsed_seconds": 7.6062865540000075, "cross_entropy": 0.008794515393674374, "geometry_loss": 0.0, "distillation_loss": 0.0}
{"training": "r0_ordinary", "step": 800, "elapsed_seconds": 9.732061713999997, "cross_entropy": 0.003241224680095911, "geometry_loss": 0.0, "distillation_loss": 0.0}
{"training": "r0_ordinary", "step": 1000, "elapsed_seconds": 11.97525656199997, "cross_entropy": 0.0033786415588110685, "geometry_loss": 0.0, "distillation_loss": 0.0}
{"training": "r0_ordinary", "step": 1200, "elapsed_seconds": 14.171322691, "cross_entropy": 0.0021699427161365747, "geometry_loss": 0.0, "distillation_loss": 0.0}
{"training": "r0_correct_alignment", "step": 200, "elapsed_seconds": 2.7352179920000026, "cross_entropy": 0.8762588500976562, "geometry_loss": 0.31948280334472656, "distillation_loss": 0.0}
{"training": "r0_correct_alignment", "step": 400, "elapsed_seconds": 5.315663079000046, "cross_entropy": 0.02773231267929077, "geometry_loss": 0.05696249008178711, "distillation_loss": 0.0}
{"training": "r0_correct_alignment", "step": 600, "elapsed_seconds": 7.908954598000037, "cross_entropy": 0.009573500603437424, "geometry_loss": 0.033719539642333984, "distillation_loss": 0.0}
{"training": "r0_correct_alignment", "step": 800, "elapsed_seconds": 10.451017922000005, "cross_entropy": 0.0032707788050174713, "geometry_loss": 0.012916624546051025, "distillation_loss": 0.0}
{"training": "r0_correct_alignment", "step": 1000, "elapsed_seconds": 13.105115205000004, "cross_entropy": 0.002390120178461075, "geometry_loss": 0.008559823036193848, "distillation_loss": 0.0}
{"training": "r0_correct_alignment", "step": 1200, "elapsed_seconds": 15.489605379000011, "cross_entropy": 0.002380597172304988, "geometry_loss": 0.007812380790710449, "distillation_loss": 0.0}
{"training": "r0_answer_matched_mismatch", "step": 200, "elapsed_seconds": 2.4660301650000065, "cross_entropy": 0.9468857049942017, "geometry_loss": 0.32179582118988037, "distillation_loss": 0.0}
{"training": "r0_answer_matched_mismatch", "step": 400, "elapsed_seconds": 5.0577181490000385, "cross_entropy": 0.027999335899949074, "geometry_loss": 0.04917043447494507, "distillation_loss": 0.0}
{"training": "r0_answer_matched_mismatch", "step": 600, "elapsed_seconds": 7.7602489320000245, "cross_entropy": 0.16545698046684265, "geometry_loss": 0.10033828020095825, "distillation_loss": 0.0}
{"training": "r0_answer_matched_mismatch", "step": 800, "elapsed_seconds": 10.256824072000029, "cross_entropy": 0.0031958252657204866, "geometry_loss": 0.017153799533843994, "distillation_loss": 0.0}
{"training": "r0_answer_matched_mismatch", "step": 1000, "elapsed_seconds": 12.669768685999998, "cross_entropy": 0.002379221376031637, "geometry_loss": 0.008604049682617188, "distillation_loss": 0.0}
{"training": "r0_answer_matched_mismatch", "step": 1200, "elapsed_seconds": 15.188705207999988, "cross_entropy": 0.002565355971455574, "geometry_loss": 0.009457170963287354, "distillation_loss": 0.0}
{"training": "r0_output_distillation", "step": 200, "elapsed_seconds": 2.413359809000042, "cross_entropy": 0.9766988754272461, "geometry_loss": 0.0, "distillation_loss": 5.9634246826171875}
{"training": "r0_output_distillation", "step": 400, "elapsed_seconds": 4.971673316000022, "cross_entropy": 0.005224923603236675, "geometry_loss": 0.0, "distillation_loss": 0.7601966857910156}
{"training": "r0_output_distillation", "step": 600, "elapsed_seconds": 7.570678797000028, "cross_entropy": 0.00041852908907458186, "geometry_loss": 0.0, "distillation_loss": 0.19054505228996277}
{"training": "r0_output_distillation", "step": 800, "elapsed_seconds": 9.776508755999998, "cross_entropy": 0.001504716812632978, "geometry_loss": 0.0, "distillation_loss": 0.03529846668243408}
{"training": "r0_output_distillation", "step": 1000, "elapsed_seconds": 12.081126761999997, "cross_entropy": 1.8279735741089098e-05, "geometry_loss": 0.0, "distillation_loss": 0.011807093396782875}
{"training": "r0_output_distillation", "step": 1200, "elapsed_seconds": 14.373789479000038, "cross_entropy": 0.002412138506770134, "geometry_loss": 0.0, "distillation_loss": 0.02522047609090805}
{"training": "r0_output_distillation_correct_alignment", "step": 200, "elapsed_seconds": 2.685463631999994, "cross_entropy": 1.3241621255874634, "geometry_loss": 0.8449586629867554, "distillation_loss": 6.636975288391113}
{"training": "r0_output_distillation_correct_alignment", "step": 400, "elapsed_seconds": 5.328391490999991, "cross_entropy": 0.016881100833415985, "geometry_loss": 0.13612276315689087, "distillation_loss": 0.6960834264755249}
{"training": "r0_output_distillation_correct_alignment", "step": 600, "elapsed_seconds": 8.056963121000024, "cross_entropy": 0.0013485943200066686, "geometry_loss": 0.10852676630020142, "distillation_loss": 0.2554653584957123}
{"training": "r0_output_distillation_correct_alignment", "step": 800, "elapsed_seconds": 10.686283704999994, "cross_entropy": 0.0013626395957544446, "geometry_loss": 0.028895974159240723, "distillation_loss": 0.030194904655218124}
{"training": "r0_output_distillation_correct_alignment", "step": 1000, "elapsed_seconds": 13.159407978999923, "cross_entropy": 2.6389390768599696e-05, "geometry_loss": 0.017649531364440918, "distillation_loss": 0.010228049010038376}
{"training": "r0_output_distillation_correct_alignment", "step": 1200, "elapsed_seconds": 15.671796057999984, "cross_entropy": 0.002861832268536091, "geometry_loss": 0.015901029109954834, "distillation_loss": 0.020197998732328415}
{"training": "r1_ordinary", "step": 200, "elapsed_seconds": 2.230499143999964, "cross_entropy": 0.8617395758628845, "geometry_loss": 0.0, "distillation_loss": 0.0}
{"training": "r1_ordinary", "step": 400, "elapsed_seconds": 4.608772506000037, "cross_entropy": 0.02894696593284607, "geometry_loss": 0.0, "distillation_loss": 0.0}
{"training": "r1_ordinary", "step": 600, "elapsed_seconds": 7.066746068000043, "cross_entropy": 0.004212158732116222, "geometry_loss": 0.0, "distillation_loss": 0.0}
{"training": "r1_ordinary", "step": 800, "elapsed_seconds": 9.235962534999999, "cross_entropy": 0.0028326811734586954, "geometry_loss": 0.0, "distillation_loss": 0.0}
{"training": "r1_ordinary", "step": 1000, "elapsed_seconds": 11.47522114000003, "cross_entropy": 0.003225826658308506, "geometry_loss": 0.0, "distillation_loss": 0.0}
{"training": "r1_ordinary", "step": 1200, "elapsed_seconds": 13.658090966000032, "cross_entropy": 0.0030865175649523735, "geometry_loss": 0.0, "distillation_loss": 0.0}
{"training": "r1_correct_alignment", "step": 200, "elapsed_seconds": 2.482571698000015, "cross_entropy": 1.0404348373413086, "geometry_loss": 0.4968639612197876, "distillation_loss": 0.0}
{"training": "r1_correct_alignment", "step": 400, "elapsed_seconds": 4.883229935000031, "cross_entropy": 0.018910763785243034, "geometry_loss": 0.08505767583847046, "distillation_loss": 0.0}
{"training": "r1_correct_alignment", "step": 600, "elapsed_seconds": 7.465319492000049, "cross_entropy": 0.004907181486487389, "geometry_loss": 0.04181915521621704, "distillation_loss": 0.0}
{"training": "r1_correct_alignment", "step": 800, "elapsed_seconds": 10.004320191000033, "cross_entropy": 0.002952392678707838, "geometry_loss": 0.014131665229797363, "distillation_loss": 0.0}
{"training": "r1_correct_alignment", "step": 1000, "elapsed_seconds": 12.677483989000052, "cross_entropy": 0.003593039931729436, "geometry_loss": 0.011823773384094238, "distillation_loss": 0.0}
{"training": "r1_correct_alignment", "step": 1200, "elapsed_seconds": 15.178376056000047, "cross_entropy": 0.0030337870121002197, "geometry_loss": 0.009173750877380371, "distillation_loss": 0.0}
{"training": "r1_answer_matched_mismatch", "step": 200, "elapsed_seconds": 2.353591192999943, "cross_entropy": 1.0602617263793945, "geometry_loss": 0.412716269493103, "distillation_loss": 0.0}
{"training": "r1_answer_matched_mismatch", "step": 400, "elapsed_seconds": 4.708978348999949, "cross_entropy": 0.014238512143492699, "geometry_loss": 0.06961649656295776, "distillation_loss": 0.0}
{"training": "r1_answer_matched_mismatch", "step": 600, "elapsed_seconds": 7.256340774999899, "cross_entropy": 0.004716512747108936, "geometry_loss": 0.025883853435516357, "distillation_loss": 0.0}
{"training": "r1_answer_matched_mismatch", "step": 800, "elapsed_seconds": 9.938233883999942, "cross_entropy": 0.009591273032128811, "geometry_loss": 0.0162203311920166, "distillation_loss": 0.0}
{"training": "r1_answer_matched_mismatch", "step": 1000, "elapsed_seconds": 12.615933176999988, "cross_entropy": 0.0033107511699199677, "geometry_loss": 0.012523770332336426, "distillation_loss": 0.0}
{"training": "r1_answer_matched_mismatch", "step": 1200, "elapsed_seconds": 15.191972345999943, "cross_entropy": 0.0030994052067399025, "geometry_loss": 0.008475422859191895, "distillation_loss": 0.0}
{"training": "r1_output_distillation", "step": 200, "elapsed_seconds": 2.292623097999922, "cross_entropy": 1.42336106300354, "geometry_loss": 0.0, "distillation_loss": 6.388885498046875}
{"training": "r1_output_distillation", "step": 400, "elapsed_seconds": 4.500230077999959, "cross_entropy": 0.003861707169562578, "geometry_loss": 0.0, "distillation_loss": 0.4738173484802246}
{"training": "r1_output_distillation", "step": 600, "elapsed_seconds": 6.758327130999987, "cross_entropy": 0.00016864543431438506, "geometry_loss": 0.0, "distillation_loss": 0.05736853554844856}
{"training": "r1_output_distillation", "step": 800, "elapsed_seconds": 9.029071510999984, "cross_entropy": 7.239259139169008e-05, "geometry_loss": 0.0, "distillation_loss": 0.022434066981077194}
{"training": "r1_output_distillation", "step": 1000, "elapsed_seconds": 11.452453149999997, "cross_entropy": 0.012614964507520199, "geometry_loss": 0.0, "distillation_loss": 0.04689120128750801}
{"training": "r1_output_distillation", "step": 1200, "elapsed_seconds": 13.842065589999947, "cross_entropy": 4.7782254114281386e-05, "geometry_loss": 0.0, "distillation_loss": 0.02013319730758667}
{"training": "r1_output_distillation_correct_alignment", "step": 200, "elapsed_seconds": 2.617046518000052, "cross_entropy": 1.4215623140335083, "geometry_loss": 0.8086690902709961, "distillation_loss": 6.308285713195801}
{"training": "r1_output_distillation_correct_alignment", "step": 400, "elapsed_seconds": 5.139434440000059, "cross_entropy": 0.0018861518474295735, "geometry_loss": 0.16174083948135376, "distillation_loss": 0.3929787874221802}
{"training": "r1_output_distillation_correct_alignment", "step": 600, "elapsed_seconds": 7.828836456999966, "cross_entropy": 9.632052388042212e-05, "geometry_loss": 0.08684825897216797, "distillation_loss": 0.04207602143287659}
{"training": "r1_output_distillation_correct_alignment", "step": 800, "elapsed_seconds": 10.425921248000009, "cross_entropy": 9.66114312177524e-05, "geometry_loss": 0.022784709930419922, "distillation_loss": 0.022283118218183517}
{"training": "r1_output_distillation_correct_alignment", "step": 1000, "elapsed_seconds": 13.096261269000024, "cross_entropy": 0.017819881439208984, "geometry_loss": 0.024815380573272705, "distillation_loss": 0.045451439917087555}
{"training": "r1_output_distillation_correct_alignment", "step": 1200, "elapsed_seconds": 15.710608770000022, "cross_entropy": 3.3470187190687284e-05, "geometry_loss": 0.013870477676391602, "distillation_loss": 0.01748422160744667}
{"training": "r2_ordinary", "step": 200, "elapsed_seconds": 2.276349939999932, "cross_entropy": 0.8720442056655884, "geometry_loss": 0.0, "distillation_loss": 0.0}
{"training": "r2_ordinary", "step": 400, "elapsed_seconds": 4.580475620000016, "cross_entropy": 0.016197986900806427, "geometry_loss": 0.0, "distillation_loss": 0.0}
{"training": "r2_ordinary", "step": 600, "elapsed_seconds": 7.048845673999949, "cross_entropy": 0.0034620112273842096, "geometry_loss": 0.0, "distillation_loss": 0.0}
{"training": "r2_ordinary", "step": 800, "elapsed_seconds": 9.161486011999955, "cross_entropy": 0.002128961030393839, "geometry_loss": 0.0, "distillation_loss": 0.0}
{"training": "r2_ordinary", "step": 1000, "elapsed_seconds": 11.35680283299996, "cross_entropy": 0.005322154611349106, "geometry_loss": 0.0, "distillation_loss": 0.0}
{"training": "r2_ordinary", "step": 1200, "elapsed_seconds": 13.615497084000026, "cross_entropy": 0.0014054450439289212, "geometry_loss": 0.0, "distillation_loss": 0.0}
{"training": "r2_correct_alignment", "step": 200, "elapsed_seconds": 2.7593663799999604, "cross_entropy": 1.0564863681793213, "geometry_loss": 0.46989673376083374, "distillation_loss": 0.0}
{"training": "r2_correct_alignment", "step": 400, "elapsed_seconds": 5.43693099099994, "cross_entropy": 0.01626354083418846, "geometry_loss": 0.038127005100250244, "distillation_loss": 0.0}
{"training": "r2_correct_alignment", "step": 600, "elapsed_seconds": 7.954461838999919, "cross_entropy": 0.004835101310163736, "geometry_loss": 0.04444551467895508, "distillation_loss": 0.0}
{"training": "r2_correct_alignment", "step": 800, "elapsed_seconds": 10.409901042000001, "cross_entropy": 0.002524943556636572, "geometry_loss": 0.01825052499771118, "distillation_loss": 0.0}
{"training": "r2_correct_alignment", "step": 1000, "elapsed_seconds": 12.877207318999922, "cross_entropy": 0.011905995197594166, "geometry_loss": 0.012151777744293213, "distillation_loss": 0.0}
{"training": "r2_correct_alignment", "step": 1200, "elapsed_seconds": 15.39375948299994, "cross_entropy": 0.0019981840159744024, "geometry_loss": 0.010613739490509033, "distillation_loss": 0.0}
{"training": "r2_answer_matched_mismatch", "step": 200, "elapsed_seconds": 2.59067433000007, "cross_entropy": 1.2104456424713135, "geometry_loss": 0.5837567448616028, "distillation_loss": 0.0}
{"training": "r2_answer_matched_mismatch", "step": 400, "elapsed_seconds": 5.169350989999998, "cross_entropy": 0.01695955917239189, "geometry_loss": 0.034495532512664795, "distillation_loss": 0.0}
{"training": "r2_answer_matched_mismatch", "step": 600, "elapsed_seconds": 7.7008899500000325, "cross_entropy": 0.01108925137668848, "geometry_loss": 0.050970375537872314, "distillation_loss": 0.0}
{"training": "r2_answer_matched_mismatch", "step": 800, "elapsed_seconds": 10.174416070000007, "cross_entropy": 0.0030139766167849302, "geometry_loss": 0.01652747392654419, "distillation_loss": 0.0}
{"training": "r2_answer_matched_mismatch", "step": 1000, "elapsed_seconds": 12.828872538000041, "cross_entropy": 0.007171228993684053, "geometry_loss": 0.011043369770050049, "distillation_loss": 0.0}
{"training": "r2_answer_matched_mismatch", "step": 1200, "elapsed_seconds": 15.824717452000073, "cross_entropy": 0.0018084750045090914, "geometry_loss": 0.012184977531433105, "distillation_loss": 0.0}
{"training": "r2_output_distillation", "step": 200, "elapsed_seconds": 2.6876156260000243, "cross_entropy": 1.166257381439209, "geometry_loss": 0.0, "distillation_loss": 6.281970024108887}
{"training": "r2_output_distillation", "step": 400, "elapsed_seconds": 5.073244383999963, "cross_entropy": 0.0009458246640861034, "geometry_loss": 0.0, "distillation_loss": 0.2930487394332886}
{"training": "r2_output_distillation", "step": 600, "elapsed_seconds": 7.437038453000014, "cross_entropy": 0.00017538401880301535, "geometry_loss": 0.0, "distillation_loss": 0.04605003446340561}
{"training": "r2_output_distillation", "step": 800, "elapsed_seconds": 9.779075786000021, "cross_entropy": 0.00011067517334595323, "geometry_loss": 0.0, "distillation_loss": 0.0201040618121624}
{"training": "r2_output_distillation", "step": 1000, "elapsed_seconds": 12.212909639000031, "cross_entropy": 0.0002642816980369389, "geometry_loss": 0.0, "distillation_loss": 0.07695163786411285}
{"training": "r2_output_distillation", "step": 1200, "elapsed_seconds": 14.392488585000024, "cross_entropy": 9.315052011515945e-05, "geometry_loss": 0.0, "distillation_loss": 0.01354553084820509}
{"training": "r2_output_distillation_correct_alignment", "step": 200, "elapsed_seconds": 2.490471737000007, "cross_entropy": 1.1880333423614502, "geometry_loss": 0.6174352169036865, "distillation_loss": 6.2742109298706055}
{"training": "r2_output_distillation_correct_alignment", "step": 400, "elapsed_seconds": 5.199928628999942, "cross_entropy": 0.0015372189227491617, "geometry_loss": 0.11433696746826172, "distillation_loss": 0.34307190775871277}
{"training": "r2_output_distillation_correct_alignment", "step": 600, "elapsed_seconds": 8.091641975000016, "cross_entropy": 8.5071922512725e-05, "geometry_loss": 0.06822216510772705, "distillation_loss": 0.04801943153142929}
{"training": "r2_output_distillation_correct_alignment", "step": 800, "elapsed_seconds": 10.899512444999914, "cross_entropy": 0.00017614453099668026, "geometry_loss": 0.030848681926727295, "distillation_loss": 0.02299935184419155}
{"training": "r2_output_distillation_correct_alignment", "step": 1000, "elapsed_seconds": 13.512466163999989, "cross_entropy": 0.0001524491817690432, "geometry_loss": 0.0263596773147583, "distillation_loss": 0.058760277926921844}
{"training": "r2_output_distillation_correct_alignment", "step": 1200, "elapsed_seconds": 16.133187356000008, "cross_entropy": 9.97988972812891e-05, "geometry_loss": 0.022421061992645264, "distillation_loss": 0.01293307077139616}
{"training": "r3_ordinary", "step": 200, "elapsed_seconds": 2.2504331129999855, "cross_entropy": 1.0854089260101318, "geometry_loss": 0.0, "distillation_loss": 0.0}
{"training": "r3_ordinary", "step": 400, "elapsed_seconds": 4.354616539000062, "cross_entropy": 0.05233899503946304, "geometry_loss": 0.0, "distillation_loss": 0.0}
{"training": "r3_ordinary", "step": 600, "elapsed_seconds": 6.676046217000021, "cross_entropy": 0.004900290630757809, "geometry_loss": 0.0, "distillation_loss": 0.0}
{"training": "r3_ordinary", "step": 800, "elapsed_seconds": 8.916717467000012, "cross_entropy": 0.003548666834831238, "geometry_loss": 0.0, "distillation_loss": 0.0}
{"training": "r3_ordinary", "step": 1000, "elapsed_seconds": 11.354177231999984, "cross_entropy": 0.0025948856491595507, "geometry_loss": 0.0, "distillation_loss": 0.0}
{"training": "r3_ordinary", "step": 1200, "elapsed_seconds": 13.626172819999965, "cross_entropy": 0.002097043441608548, "geometry_loss": 0.0, "distillation_loss": 0.0}
{"training": "r3_correct_alignment", "step": 200, "elapsed_seconds": 2.5435612659999833, "cross_entropy": 0.8943784236907959, "geometry_loss": 0.5738685727119446, "distillation_loss": 0.0}
{"training": "r3_correct_alignment", "step": 400, "elapsed_seconds": 5.010322473999963, "cross_entropy": 0.0681634247303009, "geometry_loss": 0.1067802906036377, "distillation_loss": 0.0}
{"training": "r3_correct_alignment", "step": 600, "elapsed_seconds": 7.557111021999958, "cross_entropy": 0.005421298556029797, "geometry_loss": 0.022321581840515137, "distillation_loss": 0.0}
{"training": "r3_correct_alignment", "step": 800, "elapsed_seconds": 10.181915789999948, "cross_entropy": 0.003562069032341242, "geometry_loss": 0.0188596248626709, "distillation_loss": 0.0}
{"training": "r3_correct_alignment", "step": 1000, "elapsed_seconds": 12.89278483299995, "cross_entropy": 0.00271907658316195, "geometry_loss": 0.010308325290679932, "distillation_loss": 0.0}
{"training": "r3_correct_alignment", "step": 1200, "elapsed_seconds": 15.498733768999955, "cross_entropy": 0.002560969442129135, "geometry_loss": 0.014788806438446045, "distillation_loss": 0.0}
{"training": "r3_answer_matched_mismatch", "step": 200, "elapsed_seconds": 2.636931982999954, "cross_entropy": 0.9358258247375488, "geometry_loss": 0.46510034799575806, "distillation_loss": 0.0}
{"training": "r3_answer_matched_mismatch", "step": 400, "elapsed_seconds": 5.2671312809999336, "cross_entropy": 0.07509605586528778, "geometry_loss": 0.16713839769363403, "distillation_loss": 0.0}
{"training": "r3_answer_matched_mismatch", "step": 600, "elapsed_seconds": 7.888856909999959, "cross_entropy": 0.006166268140077591, "geometry_loss": 0.03363370895385742, "distillation_loss": 0.0}
{"training": "r3_answer_matched_mismatch", "step": 800, "elapsed_seconds": 10.411789104999912, "cross_entropy": 0.005110785365104675, "geometry_loss": 0.015325486660003662, "distillation_loss": 0.0}
{"training": "r3_answer_matched_mismatch", "step": 1000, "elapsed_seconds": 12.975302151999927, "cross_entropy": 0.0032139751128852367, "geometry_loss": 0.011485636234283447, "distillation_loss": 0.0}
{"training": "r3_answer_matched_mismatch", "step": 1200, "elapsed_seconds": 15.63312017699991, "cross_entropy": 0.0023175382521003485, "geometry_loss": 0.00936192274093628, "distillation_loss": 0.0}
{"training": "r3_output_distillation", "step": 200, "elapsed_seconds": 2.286369055000023, "cross_entropy": 1.289382815361023, "geometry_loss": 0.0, "distillation_loss": 6.491754055023193}
{"training": "r3_output_distillation", "step": 400, "elapsed_seconds": 4.510005008999997, "cross_entropy": 0.6073062419891357, "geometry_loss": 0.0, "distillation_loss": 2.813290596008301}
{"training": "r3_output_distillation", "step": 600, "elapsed_seconds": 6.769497542999943, "cross_entropy": 0.0005207104841247201, "geometry_loss": 0.0, "distillation_loss": 0.09019945561885834}
{"training": "r3_output_distillation", "step": 800, "elapsed_seconds": 8.931878396999991, "cross_entropy": 1.973253529286012e-05, "geometry_loss": 0.0, "distillation_loss": 0.02655627578496933}
{"training": "r3_output_distillation", "step": 1000, "elapsed_seconds": 11.366625704999933, "cross_entropy": 1.4889844351273496e-05, "geometry_loss": 0.0, "distillation_loss": 0.01645553484559059}
{"training": "r3_output_distillation", "step": 1200, "elapsed_seconds": 13.759285699999964, "cross_entropy": 0.00012499849253799766, "geometry_loss": 0.0, "distillation_loss": 0.021322276443243027}
{"training": "r3_output_distillation_correct_alignment", "step": 200, "elapsed_seconds": 2.692150321999975, "cross_entropy": 0.8876129388809204, "geometry_loss": 0.5137404203414917, "distillation_loss": 5.778763771057129}
{"training": "r3_output_distillation_correct_alignment", "step": 400, "elapsed_seconds": 5.360665400000016, "cross_entropy": 0.017621319741010666, "geometry_loss": 0.2965410351753235, "distillation_loss": 1.160393476486206}
{"training": "r3_output_distillation_correct_alignment", "step": 600, "elapsed_seconds": 8.160120173999985, "cross_entropy": 0.0002849774609785527, "geometry_loss": 0.0779981017112732, "distillation_loss": 0.0706978365778923}
{"training": "r3_output_distillation_correct_alignment", "step": 800, "elapsed_seconds": 10.884084755000003, "cross_entropy": 2.841211789927911e-05, "geometry_loss": 0.02437114715576172, "distillation_loss": 0.024425487965345383}
{"training": "r3_output_distillation_correct_alignment", "step": 1000, "elapsed_seconds": 13.466020016000016, "cross_entropy": 1.532195892650634e-05, "geometry_loss": 0.015680253505706787, "distillation_loss": 0.014169287867844105}
{"training": "r3_output_distillation_correct_alignment", "step": 1200, "elapsed_seconds": 15.973586190999981, "cross_entropy": 0.0001860021147876978, "geometry_loss": 0.012856781482696533, "distillation_loss": 0.017178768292069435}
{"training": "r4_ordinary", "step": 200, "elapsed_seconds": 2.1795444540000517, "cross_entropy": 1.093429446220398, "geometry_loss": 0.0, "distillation_loss": 0.0}
{"training": "r4_ordinary", "step": 400, "elapsed_seconds": 4.259960718000002, "cross_entropy": 0.09828224033117294, "geometry_loss": 0.0, "distillation_loss": 0.0}
{"training": "r4_ordinary", "step": 600, "elapsed_seconds": 6.680125530000055, "cross_entropy": 0.006780891213566065, "geometry_loss": 0.0, "distillation_loss": 0.0}
{"training": "r4_ordinary", "step": 800, "elapsed_seconds": 9.017512550000106, "cross_entropy": 0.003242041915655136, "geometry_loss": 0.0, "distillation_loss": 0.0}
{"training": "r4_ordinary", "step": 1000, "elapsed_seconds": 11.379014067000071, "cross_entropy": 0.006170593202114105, "geometry_loss": 0.0, "distillation_loss": 0.0}
{"training": "r4_ordinary", "step": 1200, "elapsed_seconds": 13.635583097000108, "cross_entropy": 0.0024863339494913816, "geometry_loss": 0.0, "distillation_loss": 0.0}
{"training": "r4_correct_alignment", "step": 200, "elapsed_seconds": 2.5306076750000557, "cross_entropy": 0.8190493583679199, "geometry_loss": 0.1651369333267212, "distillation_loss": 0.0}
{"training": "r4_correct_alignment", "step": 400, "elapsed_seconds": 5.0527912329999936, "cross_entropy": 0.057557519525289536, "geometry_loss": 0.08606767654418945, "distillation_loss": 0.0}
{"training": "r4_correct_alignment", "step": 600, "elapsed_seconds": 7.744098286000053, "cross_entropy": 0.009342294186353683, "geometry_loss": 0.018693923950195312, "distillation_loss": 0.0}
{"training": "r4_correct_alignment", "step": 800, "elapsed_seconds": 10.323238052000079, "cross_entropy": 0.004058241844177246, "geometry_loss": 0.02872246503829956, "distillation_loss": 0.0}
{"training": "r4_correct_alignment", "step": 1000, "elapsed_seconds": 12.845718151000028, "cross_entropy": 0.005910255014896393, "geometry_loss": 0.013246238231658936, "distillation_loss": 0.0}
{"training": "r4_correct_alignment", "step": 1200, "elapsed_seconds": 15.230983793000064, "cross_entropy": 0.002945638494566083, "geometry_loss": 0.013078391551971436, "distillation_loss": 0.0}
{"training": "r4_answer_matched_mismatch", "step": 200, "elapsed_seconds": 2.7934283549999464, "cross_entropy": 0.8448895812034607, "geometry_loss": 0.2625024914741516, "distillation_loss": 0.0}
{"training": "r4_answer_matched_mismatch", "step": 400, "elapsed_seconds": 5.459795356999962, "cross_entropy": 0.18528059124946594, "geometry_loss": 0.10515648126602173, "distillation_loss": 0.0}
{"training": "r4_answer_matched_mismatch", "step": 600, "elapsed_seconds": 8.172715609999955, "cross_entropy": 0.006975958589464426, "geometry_loss": 0.020772457122802734, "distillation_loss": 0.0}
{"training": "r4_answer_matched_mismatch", "step": 800, "elapsed_seconds": 10.795422271999996, "cross_entropy": 0.003543631639331579, "geometry_loss": 0.03070896863937378, "distillation_loss": 0.0}
{"training": "r4_answer_matched_mismatch", "step": 1000, "elapsed_seconds": 13.24114087099997, "cross_entropy": 0.006172263994812965, "geometry_loss": 0.017527878284454346, "distillation_loss": 0.0}
{"training": "r4_answer_matched_mismatch", "step": 1200, "elapsed_seconds": 15.692299311999932, "cross_entropy": 0.0027807438746094704, "geometry_loss": 0.012477517127990723, "distillation_loss": 0.0}
{"training": "r4_output_distillation", "step": 200, "elapsed_seconds": 2.387916406000045, "cross_entropy": 1.135776400566101, "geometry_loss": 0.0, "distillation_loss": 6.130612373352051}
{"training": "r4_output_distillation", "step": 400, "elapsed_seconds": 4.795525173000101, "cross_entropy": 0.5314909219741821, "geometry_loss": 0.0, "distillation_loss": 2.119170904159546}
{"training": "r4_output_distillation", "step": 600, "elapsed_seconds": 7.209376241000086, "cross_entropy": 0.00445985421538353, "geometry_loss": 0.0, "distillation_loss": 0.0899638682603836}
{"training": "r4_output_distillation", "step": 800, "elapsed_seconds": 9.446537711000019, "cross_entropy": 5.2844101446680725e-05, "geometry_loss": 0.0, "distillation_loss": 0.024612251669168472}
{"training": "r4_output_distillation", "step": 1000, "elapsed_seconds": 11.753025639000043, "cross_entropy": 7.150563033064827e-05, "geometry_loss": 0.0, "distillation_loss": 0.04553957283496857}
{"training": "r4_output_distillation", "step": 1200, "elapsed_seconds": 13.992137030000094, "cross_entropy": 0.006042401771992445, "geometry_loss": 0.0, "distillation_loss": 0.02658148482441902}
{"training": "r4_output_distillation_correct_alignment", "step": 200, "elapsed_seconds": 2.486184600999991, "cross_entropy": 1.1855021715164185, "geometry_loss": 0.5306810140609741, "distillation_loss": 6.321533203125}
{"training": "r4_output_distillation_correct_alignment", "step": 400, "elapsed_seconds": 5.038564756999904, "cross_entropy": 0.2013666182756424, "geometry_loss": 0.22612851858139038, "distillation_loss": 1.343580722808838}
{"training": "r4_output_distillation_correct_alignment", "step": 600, "elapsed_seconds": 7.855016367999951, "cross_entropy": 0.018856151029467583, "geometry_loss": 0.04104059934616089, "distillation_loss": 0.13910441100597382}
{"training": "r4_output_distillation_correct_alignment", "step": 800, "elapsed_seconds": 10.330659971999921, "cross_entropy": 7.168871525209397e-05, "geometry_loss": 0.04326575994491577, "distillation_loss": 0.027590759098529816}
{"training": "r4_output_distillation_correct_alignment", "step": 1000, "elapsed_seconds": 12.866749618999961, "cross_entropy": 0.00014162255683913827, "geometry_loss": 0.04251837730407715, "distillation_loss": 0.05447541922330856}
{"training": "r4_output_distillation_correct_alignment", "step": 1200, "elapsed_seconds": 15.273364219999962, "cross_entropy": 0.006575673818588257, "geometry_loss": 0.01545482873916626, "distillation_loss": 0.029061634093523026}
{"training": "r5_ordinary", "step": 200, "elapsed_seconds": 2.1982425259999445, "cross_entropy": 1.3931007385253906, "geometry_loss": 0.0, "distillation_loss": 0.0}
{"training": "r5_ordinary", "step": 400, "elapsed_seconds": 4.426585230000001, "cross_entropy": 0.04605431109666824, "geometry_loss": 0.0, "distillation_loss": 0.0}
{"training": "r5_ordinary", "step": 600, "elapsed_seconds": 6.78712847099996, "cross_entropy": 0.014205875806510448, "geometry_loss": 0.0, "distillation_loss": 0.0}
{"training": "r5_ordinary", "step": 800, "elapsed_seconds": 9.03308627299998, "cross_entropy": 0.002777060028165579, "geometry_loss": 0.0, "distillation_loss": 0.0}
{"training": "r5_ordinary", "step": 1000, "elapsed_seconds": 11.333058271000027, "cross_entropy": 0.006217724643647671, "geometry_loss": 0.0, "distillation_loss": 0.0}
{"training": "r5_ordinary", "step": 1200, "elapsed_seconds": 13.531634302000043, "cross_entropy": 0.0022774306125938892, "geometry_loss": 0.0, "distillation_loss": 0.0}
{"training": "r5_correct_alignment", "step": 200, "elapsed_seconds": 2.447341047000009, "cross_entropy": 0.868360161781311, "geometry_loss": 0.5558364391326904, "distillation_loss": 0.0}
{"training": "r5_correct_alignment", "step": 400, "elapsed_seconds": 4.812473508000039, "cross_entropy": 0.050344329327344894, "geometry_loss": 0.12037926912307739, "distillation_loss": 0.0}
{"training": "r5_correct_alignment", "step": 600, "elapsed_seconds": 7.327707108000027, "cross_entropy": 0.01281274575740099, "geometry_loss": 0.045726239681243896, "distillation_loss": 0.0}
{"training": "r5_correct_alignment", "step": 800, "elapsed_seconds": 9.882232617, "cross_entropy": 0.004690232686698437, "geometry_loss": 0.025488674640655518, "distillation_loss": 0.0}
{"training": "r5_correct_alignment", "step": 1000, "elapsed_seconds": 12.498480352000001, "cross_entropy": 0.004879155661910772, "geometry_loss": 0.004366099834442139, "distillation_loss": 0.0}
{"training": "r5_correct_alignment", "step": 1200, "elapsed_seconds": 15.029111521999994, "cross_entropy": 0.0029483302496373653, "geometry_loss": 0.015207350254058838, "distillation_loss": 0.0}
{"training": "r5_answer_matched_mismatch", "step": 200, "elapsed_seconds": 2.456439219999993, "cross_entropy": 1.0832700729370117, "geometry_loss": 0.5875405073165894, "distillation_loss": 0.0}
{"training": "r5_answer_matched_mismatch", "step": 400, "elapsed_seconds": 4.8517192799999975, "cross_entropy": 0.03961631655693054, "geometry_loss": 0.09740889072418213, "distillation_loss": 0.0}
{"training": "r5_answer_matched_mismatch", "step": 600, "elapsed_seconds": 7.37490901000001, "cross_entropy": 0.023603491485118866, "geometry_loss": 0.06148195266723633, "distillation_loss": 0.0}
{"training": "r5_answer_matched_mismatch", "step": 800, "elapsed_seconds": 9.96542088000001, "cross_entropy": 0.004389855079352856, "geometry_loss": 0.024285316467285156, "distillation_loss": 0.0}
{"training": "r5_answer_matched_mismatch", "step": 1000, "elapsed_seconds": 12.662711480999974, "cross_entropy": 0.005722318775951862, "geometry_loss": 0.006426870822906494, "distillation_loss": 0.0}
{"training": "r5_answer_matched_mismatch", "step": 1200, "elapsed_seconds": 15.270816852999928, "cross_entropy": 0.0027698702178895473, "geometry_loss": 0.009746909141540527, "distillation_loss": 0.0}
{"training": "r5_output_distillation", "step": 200, "elapsed_seconds": 2.1699858639999547, "cross_entropy": 1.5699615478515625, "geometry_loss": 0.0, "distillation_loss": 7.507694244384766}
{"training": "r5_output_distillation", "step": 400, "elapsed_seconds": 4.318395420999991, "cross_entropy": 0.07625278830528259, "geometry_loss": 0.0, "distillation_loss": 1.0482661724090576}
{"training": "r5_output_distillation", "step": 600, "elapsed_seconds": 6.597417811000014, "cross_entropy": 6.593165744561702e-05, "geometry_loss": 0.0, "distillation_loss": 0.05333765223622322}
{"training": "r5_output_distillation", "step": 800, "elapsed_seconds": 8.758762480999962, "cross_entropy": 2.262259295093827e-05, "geometry_loss": 0.0, "distillation_loss": 0.019831355661153793}
{"training": "r5_output_distillation", "step": 1000, "elapsed_seconds": 11.181382181000004, "cross_entropy": 0.05773312970995903, "geometry_loss": 0.0, "distillation_loss": 0.2196258157491684}
{"training": "r5_output_distillation", "step": 1200, "elapsed_seconds": 13.485098095000012, "cross_entropy": 2.1364263375289738e-05, "geometry_loss": 0.0, "distillation_loss": 0.012658175081014633}
{"training": "r5_output_distillation_correct_alignment", "step": 200, "elapsed_seconds": 2.585611692000043, "cross_entropy": 1.1696171760559082, "geometry_loss": 0.6586226224899292, "distillation_loss": 6.8702592849731445}
{"training": "r5_output_distillation_correct_alignment", "step": 400, "elapsed_seconds": 5.125233815999991, "cross_entropy": 0.0662633553147316, "geometry_loss": 0.17849719524383545, "distillation_loss": 1.1301771402359009}
{"training": "r5_output_distillation_correct_alignment", "step": 600, "elapsed_seconds": 7.865294859000073, "cross_entropy": 0.0006623165681958199, "geometry_loss": 0.07274168729782104, "distillation_loss": 0.08390042185783386}
{"training": "r5_output_distillation_correct_alignment", "step": 800, "elapsed_seconds": 10.552819845000045, "cross_entropy": 2.46237832470797e-05, "geometry_loss": 0.03129160404205322, "distillation_loss": 0.017470823600888252}
{"training": "r5_output_distillation_correct_alignment", "step": 1000, "elapsed_seconds": 13.134865427000022, "cross_entropy": 4.614626232068986e-05, "geometry_loss": 0.014451920986175537, "distillation_loss": 0.02305247262120247}
{"training": "r5_output_distillation_correct_alignment", "step": 1200, "elapsed_seconds": 15.61656404100006, "cross_entropy": 4.139813972869888e-05, "geometry_loss": 0.01664215326309204, "distillation_loss": 0.013258763588964939}
