{
  "conditions": {
    "ordinary": {
      "mean_accuracy": 0.23255208333333335,
      "replicate_accuracies": [
        0.235546875,
        0.218359375,
        0.204296875,
        0.238671875,
        0.25,
        0.2484375
      ],
      "per_length_mean_accuracy": {
        "10": 0.310546875,
        "15": 0.2682291666666667,
        "20": 0.19401041666666666,
        "25": 0.1982421875,
        "30": 0.19173177083333334
      }
    },
    "correct_alignment": {
      "mean_accuracy": 0.2236328125,
      "replicate_accuracies": [
        0.229296875,
        0.222265625,
        0.2,
        0.231640625,
        0.244140625,
        0.214453125
      ],
      "per_length_mean_accuracy": {
        "10": 0.3056640625,
        "15": 0.24641927083333334,
        "20": 0.2060546875,
        "25": 0.19010416666666666,
        "30": 0.169921875
      }
    },
    "answer_matched_mismatch": {
      "mean_accuracy": 0.22877604166666665,
      "replicate_accuracies": [
        0.224609375,
        0.224609375,
        0.21875,
        0.228125,
        0.234375,
        0.2421875
      ],
      "per_length_mean_accuracy": {
        "10": 0.3056640625,
        "15": 0.2666015625,
        "20": 0.19010416666666666,
        "25": 0.19954427083333334,
        "30": 0.18196614583333334
      }
    },
    "output_distillation": {
      "mean_accuracy": 0.2330729166666667,
      "replicate_accuracies": [
        0.2359375,
        0.220703125,
        0.21484375,
        0.22734375,
        0.253125,
        0.246484375
      ],
      "per_length_mean_accuracy": {
        "10": 0.3095703125,
        "15": 0.2604166666666667,
        "20": 0.21614583333333334,
        "25": 0.20149739583333334,
        "30": 0.177734375
      }
    },
    "output_distillation_correct_alignment": {
      "mean_accuracy": 0.22675781250000002,
      "replicate_accuracies": [
        0.23203125,
        0.20546875,
        0.211328125,
        0.225390625,
        0.246875,
        0.239453125
      ],
      "per_length_mean_accuracy": {
        "10": 0.3125,
        "15": 0.2532552083333333,
        "20": 0.2041015625,
        "25": 0.18359375,
        "30": 0.18033854166666666
      }
    }
  },
  "contrasts": {
    "correct_alignment-ordinary": {
      "mean_pp": -0.891927083333333,
      "paired_deltas_pp": [
        -0.6249999999999978,
        0.390625,
        -0.4296874999999978,
        -0.7031250000000017,
        -0.5859375,
        -3.398437500000001
      ],
      "positive_replicates": 1,
      "paired_conditional_bootstrap_95_pp": [
        -1.985677083333334,
        -0.11718750000000028
      ],
      "teacher_cluster_deltas_pp": {
        "17": -0.6640624999999998,
        "42": -0.09765625,
        "101": -1.9140624999999993
      },
      "three_teacher_cluster_bootstrap_95_pp": [
        -1.643229166666666,
        -0.22037760416666702
      ]
    },
    "correct_alignment-answer_matched_mismatch": {
      "mean_pp": -0.5143229166666665,
      "paired_deltas_pp": [
        0.4687500000000011,
        -0.23437500000000056,
        -1.874999999999999,
        0.35156249999999944,
        0.9765625,
        -2.7734375000000004
      ],
      "positive_replicates": 3,
      "paired_conditional_bootstrap_95_pp": [
        -1.6601562499999998,
        0.4947916666666668
      ],
      "teacher_cluster_deltas_pp": {
        "17": 0.4101562500000003,
        "42": 0.3710937499999997,
        "101": -2.3242187499999996
      },
      "three_teacher_cluster_bootstrap_95_pp": [
        -1.7402343749999996,
        0.4016927083333334
      ]
    },
    "output_distillation_correct_alignment-output_distillation": {
      "mean_pp": -0.6315104166666664,
      "paired_deltas_pp": [
        -0.390625,
        -1.5234374999999996,
        -0.35156249999999944,
        -0.1953125,
        -0.6249999999999978,
        -0.7031250000000017
      ],
      "positive_replicates": 0,
      "paired_conditional_bootstrap_95_pp": [
        -1.0156249999999998,
        -0.34505208333333265
      ],
      "teacher_cluster_deltas_pp": {
        "17": -0.29296875,
        "42": -1.0742187499999987,
        "101": -0.5273437500000006
      },
      "three_teacher_cluster_bootstrap_95_pp": [
        -0.9557291666666657,
        -0.3437500000000003
      ]
    }
  }
}
