{"job": "novel_records_s17203", "step": 1000, "planned_steps": 20000, "validation_mean": 0.4033333333333333}
{"job": "novel_records_s17203", "step": 2000, "planned_steps": 20000, "validation_mean": 0.5845238095238096}
{"job": "novel_records_s17203", "step": 3000, "planned_steps": 20000, "validation_mean": 0.6652380952380952}
{"job": "novel_records_s17203", "step": 4000, "planned_steps": 20000, "validation_mean": 0.7201190476190477}
{"job": "novel_records_s17203", "step": 5000, "planned_steps": 20000, "validation_mean": 0.7797619047619047}
{"job": "novel_records_s17203", "step": 6000, "planned_steps": 20000, "validation_mean": 0.79}
{"job": "novel_records_s17203", "step": 7000, "planned_steps": 20000, "validation_mean": 0.7805952380952381}
{"job": "novel_records_s17203", "step": 8000, "planned_steps": 20000, "validation_mean": 0.8407142857142856}
{"job": "novel_records_s17203", "step": 9000, "planned_steps": 20000, "validation_mean": 0.8657142857142857}
{"job": "novel_records_s17203", "step": 10000, "planned_steps": 20000, "validation_mean": 0.8689285714285714}
{"job": "novel_records_s17203", "step": 11000, "planned_steps": 20000, "validation_mean": 0.8966666666666666}
{"job": "novel_records_s17203", "step": 12000, "planned_steps": 20000, "validation_mean": 0.9207142857142857}
{"job": "novel_records_s17203", "step": 13000, "planned_steps": 20000, "validation_mean": 0.9316666666666666}
{"job": "novel_records_s17203", "step": 14000, "planned_steps": 20000, "validation_mean": 0.9324999999999999}
{"job": "novel_records_s17203", "step": 15000, "planned_steps": 20000, "validation_mean": 0.948095238095238}
{"job": "novel_records_s17203", "step": 16000, "planned_steps": 20000, "validation_mean": 0.9527380952380953}
{"job": "novel_records_s17203", "step": 17000, "planned_steps": 20000, "validation_mean": 0.9559523809523809}
{"job": "novel_records_s17203", "step": 18000, "planned_steps": 20000, "validation_mean": 0.9621428571428571}
{"job": "novel_records_s17203", "step": 19000, "planned_steps": 20000, "validation_mean": 0.9617857142857144}
{"job": "novel_records_s17203", "step": 20000, "planned_steps": 20000, "validation_mean": 0.9658333333333333}
{"ordinary_seed_confirmed": "novel_records_s17203", "primary": [{"word": "c", "pairs": 1344, "pair_action_displacement_nmse": 0.32733291384972235, "pair_target_nmse": 0.7922162840557947, "identity_pair_target_nmse": 2.4202157819653265, "pair_assignment_accuracy": 0.9830729166666666, "zero_pair_prediction_target_nmse": 1.0, "identity_pair_action_displacement_nmse": 1.0, "pair_source_rms": 0.4040098848798359, "pair_target_rms": 0.40400988487983597, "view": "source_query_numeric_null", "subset": "all_joint_answer_matched_pairs", "paired_projection_energy_fraction": 0.8812388356884893}, {"word": "r", "pairs": 1344, "pair_action_displacement_nmse": 0.3604347422726258, "pair_target_nmse": 0.8667352400317073, "identity_pair_target_nmse": 2.404693938677326, "pair_assignment_accuracy": 0.9787946428571429, "zero_pair_prediction_target_nmse": 1.0, "identity_pair_action_displacement_nmse": 1.0, "pair_source_rms": 0.4040098848798359, "pair_target_rms": 0.4040098848798359, "view": "source_query_numeric_null", "subset": "all_joint_answer_matched_pairs", "paired_projection_energy_fraction": 0.8812388356884893}, {"word": "i", "pairs": 1344, "pair_action_displacement_nmse": 0.3458242918695722, "pair_target_nmse": 0.7146704377831594, "identity_pair_target_nmse": 2.0665709569433535, "pair_assignment_accuracy": 0.9925595238095238, "zero_pair_prediction_target_nmse": 1.0, "identity_pair_action_displacement_nmse": 1.0, "pair_source_rms": 0.4040098848798359, "pair_target_rms": 0.4040098848798359, "view": "source_query_numeric_null", "subset": "all_joint_answer_matched_pairs", "paired_projection_energy_fraction": 0.8812388356884893}, {"word": "rc", "pairs": 1344, "pair_action_displacement_nmse": 0.5324797303734169, "pair_target_nmse": 0.9290332042513832, "identity_pair_target_nmse": 1.7447297075512558, "pair_assignment_accuracy": 0.9467075892857143, "zero_pair_prediction_target_nmse": 1.0, "identity_pair_action_displacement_nmse": 1.0, "pair_source_rms": 0.4040098848798359, "pair_target_rms": 0.4040098848798359, "view": "source_query_numeric_null", "subset": "all_joint_answer_matched_pairs", "paired_projection_energy_fraction": 0.8812388356884893}, {"word": "ci", "pairs": 1344, "pair_action_displacement_nmse": 0.4738761184801923, "pair_target_nmse": 0.9002466113980538, "identity_pair_target_nmse": 1.8997509608319365, "pair_assignment_accuracy": 0.9582403273809523, "zero_pair_prediction_target_nmse": 1.0, "identity_pair_action_displacement_nmse": 1.0, "pair_source_rms": 0.4040098848798359, "pair_target_rms": 0.4040098848798359, "view": "source_query_numeric_null", "subset": "all_joint_answer_matched_pairs", "paired_projection_energy_fraction": 0.8812388356884893}, {"word": "ri", "pairs": 1344, "pair_action_displacement_nmse": 0.45346929014018755, "pair_target_nmse": 0.8614787196515974, "identity_pair_target_nmse": 1.8997509608319363, "pair_assignment_accuracy": 0.9645647321428571, "zero_pair_prediction_target_nmse": 1.0, "identity_pair_action_displacement_nmse": 1.0, "pair_source_rms": 0.4040098848798359, "pair_target_rms": 0.40400988487983597, "view": "source_query_numeric_null", "subset": "all_joint_answer_matched_pairs", "paired_projection_energy_fraction": 0.8812388356884893}, {"word": "rci", "pairs": 1344, "pair_action_displacement_nmse": 0.4601148111621556, "pair_target_nmse": 0.9602195062946839, "identity_pair_target_nmse": 2.0869128378401176, "pair_assignment_accuracy": 0.9386160714285714, "zero_pair_prediction_target_nmse": 1.0, "identity_pair_action_displacement_nmse": 1.0, "pair_source_rms": 0.4040098848798359, "pair_target_rms": 0.40400988487983597, "view": "source_query_numeric_null", "subset": "all_joint_answer_matched_pairs", "paired_projection_energy_fraction": 0.8812388356884893}]}
{"job": "novel_minima_pair_s17203", "step": 1000, "planned_steps": 20000, "validation_mean": 0.49071428571428566}
{"job": "novel_minima_pair_s17203", "step": 2000, "planned_steps": 20000, "validation_mean": 0.5979761904761904}
{"job": "novel_minima_pair_s17203", "step": 3000, "planned_steps": 20000, "validation_mean": 0.6239285714285714}
{"job": "novel_minima_pair_s17203", "step": 4000, "planned_steps": 20000, "validation_mean": 0.641547619047619}
{"job": "novel_minima_pair_s17203", "step": 5000, "planned_steps": 20000, "validation_mean": 0.6598809523809523}
{"job": "novel_minima_pair_s17203", "step": 6000, "planned_steps": 20000, "validation_mean": 0.6726190476190476}
{"job": "novel_minima_pair_s17203", "step": 7000, "planned_steps": 20000, "validation_mean": 0.6654761904761906}
{"job": "novel_minima_pair_s17203", "step": 8000, "planned_steps": 20000, "validation_mean": 0.6822619047619047}
{"job": "novel_minima_pair_s17203", "step": 9000, "planned_steps": 20000, "validation_mean": 0.6914285714285714}
{"job": "novel_minima_pair_s17203", "step": 10000, "planned_steps": 20000, "validation_mean": 0.6939285714285715}
{"job": "novel_minima_pair_s17203", "step": 11000, "planned_steps": 20000, "validation_mean": 0.7095238095238096}
{"job": "novel_minima_pair_s17203", "step": 12000, "planned_steps": 20000, "validation_mean": 0.7333333333333334}
{"job": "novel_minima_pair_s17203", "step": 13000, "planned_steps": 20000, "validation_mean": 0.7482142857142857}
{"job": "novel_minima_pair_s17203", "step": 14000, "planned_steps": 20000, "validation_mean": 0.7716666666666666}
{"job": "novel_minima_pair_s17203", "step": 15000, "planned_steps": 20000, "validation_mean": 0.8169047619047619}
{"job": "novel_minima_pair_s17203", "step": 16000, "planned_steps": 20000, "validation_mean": 0.8451190476190477}
{"job": "novel_minima_pair_s17203", "step": 17000, "planned_steps": 20000, "validation_mean": 0.8847619047619046}
{"job": "novel_minima_pair_s17203", "step": 18000, "planned_steps": 20000, "validation_mean": 0.9091666666666667}
{"job": "novel_minima_pair_s17203", "step": 19000, "planned_steps": 20000, "validation_mean": 0.9258333333333333}
{"job": "novel_minima_pair_s17203", "step": 20000, "planned_steps": 20000, "validation_mean": 0.9238095238095239}
{"ordinary_seed_confirmed": "novel_minima_pair_s17203", "primary": [{"word": "c", "pairs": 1344, "pair_action_displacement_nmse": 0.3763221586564682, "pair_target_nmse": 0.9306561735270877, "identity_pair_target_nmse": 2.4730304929416937, "pair_assignment_accuracy": 0.9509858630952381, "zero_pair_prediction_target_nmse": 1.0, "identity_pair_action_displacement_nmse": 1.0, "pair_source_rms": 0.32211874167221943, "pair_target_rms": 0.32211874167221943, "view": "source_query_numeric_null", "subset": "all_joint_answer_matched_pairs", "paired_projection_energy_fraction": 0.8440978130547782}, {"word": "r", "pairs": 1344, "pair_action_displacement_nmse": 0.4003438424265067, "pair_target_nmse": 0.9462070830973833, "identity_pair_target_nmse": 2.3634860408052454, "pair_assignment_accuracy": 0.97265625, "zero_pair_prediction_target_nmse": 1.0, "identity_pair_action_displacement_nmse": 1.0, "pair_source_rms": 0.32211874167221943, "pair_target_rms": 0.32211874167221943, "view": "source_query_numeric_null", "subset": "all_joint_answer_matched_pairs", "paired_projection_energy_fraction": 0.8440978130547782}, {"word": "i", "pairs": 1344, "pair_action_displacement_nmse": 0.5400690707698144, "pair_target_nmse": 1.1078826603503706, "identity_pair_target_nmse": 2.051372167584407, "pair_assignment_accuracy": 0.8452380952380952, "zero_pair_prediction_target_nmse": 1.0, "identity_pair_action_displacement_nmse": 1.0, "pair_source_rms": 0.32211874167221943, "pair_target_rms": 0.3221187416722195, "view": "source_query_numeric_null", "subset": "all_joint_answer_matched_pairs", "paired_projection_energy_fraction": 0.8440978130547782}, {"word": "rc", "pairs": 1344, "pair_action_displacement_nmse": 0.6333910682551077, "pair_target_nmse": 1.0553484271076148, "identity_pair_target_nmse": 1.6661877314041273, "pair_assignment_accuracy": 0.8506324404761905, "zero_pair_prediction_target_nmse": 1.0, "identity_pair_action_displacement_nmse": 1.0, "pair_source_rms": 0.32211874167221943, "pair_target_rms": 0.32211874167221943, "view": "source_query_numeric_null", "subset": "all_joint_answer_matched_pairs", "paired_projection_energy_fraction": 0.8440978130547782}, {"word": "ci", "pairs": 1344, "pair_action_displacement_nmse": 0.5927708883481804, "pair_target_nmse": 1.142483714521195, "identity_pair_target_nmse": 1.927361375159378, "pair_assignment_accuracy": 0.6936383928571429, "zero_pair_prediction_target_nmse": 1.0, "identity_pair_action_displacement_nmse": 1.0, "pair_source_rms": 0.32211874167221943, "pair_target_rms": 0.32211874167221943, "view": "source_query_numeric_null", "subset": "all_joint_answer_matched_pairs", "paired_projection_energy_fraction": 0.8440978130547782}, {"word": "ri", "pairs": 1344, "pair_action_displacement_nmse": 0.5752404588503114, "pair_target_nmse": 1.1086962418170474, "identity_pair_target_nmse": 1.9273613751593772, "pair_assignment_accuracy": 0.8220796130952381, "zero_pair_prediction_target_nmse": 1.0, "identity_pair_action_displacement_nmse": 1.0, "pair_source_rms": 0.32211874167221943, "pair_target_rms": 0.3221187416722195, "view": "source_query_numeric_null", "subset": "all_joint_answer_matched_pairs", "paired_projection_energy_fraction": 0.8440978130547782}, {"word": "rci", "pairs": 1344, "pair_action_displacement_nmse": 0.5417162914476215, "pair_target_nmse": 1.130902606339478, "identity_pair_target_nmse": 2.0876289382351447, "pair_assignment_accuracy": 0.6975446428571429, "zero_pair_prediction_target_nmse": 1.0, "identity_pair_action_displacement_nmse": 1.0, "pair_source_rms": 0.32211874167221943, "pair_target_rms": 0.32211874167221943, "view": "source_query_numeric_null", "subset": "all_joint_answer_matched_pairs", "paired_projection_energy_fraction": 0.8440978130547782}]}
{"job": "novel_peak_mixed_s17203", "step": 1000, "planned_steps": 20000, "validation_mean": 0.49309523809523814}
{"job": "novel_peak_mixed_s17203", "step": 2000, "planned_steps": 20000, "validation_mean": 0.6242857142857143}
{"job": "novel_peak_mixed_s17203", "step": 3000, "planned_steps": 20000, "validation_mean": 0.6579761904761905}
{"job": "novel_peak_mixed_s17203", "step": 4000, "planned_steps": 20000, "validation_mean": 0.6967857142857143}
{"job": "novel_peak_mixed_s17203", "step": 5000, "planned_steps": 20000, "validation_mean": 0.7292857142857143}
{"job": "novel_peak_mixed_s17203", "step": 6000, "planned_steps": 20000, "validation_mean": 0.745952380952381}
{"job": "novel_peak_mixed_s17203", "step": 7000, "planned_steps": 20000, "validation_mean": 0.7359523809523809}
{"job": "novel_peak_mixed_s17203", "step": 8000, "planned_steps": 20000, "validation_mean": 0.7564285714285715}
{"job": "novel_peak_mixed_s17203", "step": 9000, "planned_steps": 20000, "validation_mean": 0.7934523809523809}
{"job": "novel_peak_mixed_s17203", "step": 10000, "planned_steps": 20000, "validation_mean": 0.8060714285714285}
{"job": "novel_peak_mixed_s17203", "step": 11000, "planned_steps": 20000, "validation_mean": 0.8182142857142858}
{"job": "novel_peak_mixed_s17203", "step": 12000, "planned_steps": 20000, "validation_mean": 0.8384523809523811}
{"job": "novel_peak_mixed_s17203", "step": 13000, "planned_steps": 20000, "validation_mean": 0.8517857142857143}
{"job": "novel_peak_mixed_s17203", "step": 14000, "planned_steps": 20000, "validation_mean": 0.864642857142857}
{"job": "novel_peak_mixed_s17203", "step": 15000, "planned_steps": 20000, "validation_mean": 0.8901190476190477}
{"job": "novel_peak_mixed_s17203", "step": 16000, "planned_steps": 20000, "validation_mean": 0.913690476190476}
{"job": "novel_peak_mixed_s17203", "step": 17000, "planned_steps": 20000, "validation_mean": 0.9325000000000001}
{"job": "novel_peak_mixed_s17203", "step": 18000, "planned_steps": 20000, "validation_mean": 0.9435714285714286}
{"job": "novel_peak_mixed_s17203", "step": 19000, "planned_steps": 20000, "validation_mean": 0.9536904761904761}
{"job": "novel_peak_mixed_s17203", "step": 20000, "planned_steps": 20000, "validation_mean": 0.9571428571428571}
{"ordinary_seed_confirmed": "novel_peak_mixed_s17203", "primary": [{"word": "c", "pairs": 1344, "pair_action_displacement_nmse": 0.40993532828995627, "pair_target_nmse": 1.0070096012936458, "identity_pair_target_nmse": 2.456508458283854, "pair_assignment_accuracy": 0.9421502976190477, "zero_pair_prediction_target_nmse": 1.0, "identity_pair_action_displacement_nmse": 1.0, "pair_source_rms": 0.35943055532710516, "pair_target_rms": 0.35943055532710516, "view": "source_query_numeric_null", "subset": "all_joint_answer_matched_pairs", "paired_projection_energy_fraction": 0.8457720191732618}, {"word": "r", "pairs": 1344, "pair_action_displacement_nmse": 0.3218506626021814, "pair_target_nmse": 0.8065808854993374, "identity_pair_target_nmse": 2.506071850149643, "pair_assignment_accuracy": 0.9809337797619048, "zero_pair_prediction_target_nmse": 1.0, "identity_pair_action_displacement_nmse": 1.0, "pair_source_rms": 0.35943055532710516, "pair_target_rms": 0.35943055532710516, "view": "source_query_numeric_null", "subset": "all_joint_answer_matched_pairs", "paired_projection_energy_fraction": 0.8457720191732618}, {"word": "i", "pairs": 1344, "pair_action_displacement_nmse": 0.4682867772015307, "pair_target_nmse": 0.931713852728532, "identity_pair_target_nmse": 1.989622381175119, "pair_assignment_accuracy": 0.9574032738095238, "zero_pair_prediction_target_nmse": 1.0, "identity_pair_action_displacement_nmse": 1.0, "pair_source_rms": 0.35943055532710516, "pair_target_rms": 0.35943055532710516, "view": "source_query_numeric_null", "subset": "all_joint_answer_matched_pairs", "paired_projection_energy_fraction": 0.8457720191732618}, {"word": "rc", "pairs": 1344, "pair_action_displacement_nmse": 0.6560877120149905, "pair_target_nmse": 1.0506452319229156, "identity_pair_target_nmse": 1.6013792251894976, "pair_assignment_accuracy": 0.8814174107142857, "zero_pair_prediction_target_nmse": 1.0, "identity_pair_action_displacement_nmse": 1.0, "pair_source_rms": 0.35943055532710516, "pair_target_rms": 0.35943055532710516, "view": "source_query_numeric_null", "subset": "all_joint_answer_matched_pairs", "paired_projection_energy_fraction": 0.8457720191732618}, {"word": "ci", "pairs": 1344, "pair_action_displacement_nmse": 0.5163140873089564, "pair_target_nmse": 1.0316847544052032, "identity_pair_target_nmse": 1.998172778477483, "pair_assignment_accuracy": 0.8885788690476191, "zero_pair_prediction_target_nmse": 1.0, "identity_pair_action_displacement_nmse": 1.0, "pair_source_rms": 0.35943055532710516, "pair_target_rms": 0.35943055532710516, "view": "source_query_numeric_null", "subset": "all_joint_answer_matched_pairs", "paired_projection_energy_fraction": 0.8457720191732618}, {"word": "ri", "pairs": 1344, "pair_action_displacement_nmse": 0.5044821837812019, "pair_target_nmse": 1.0080425668584723, "identity_pair_target_nmse": 1.998172778477483, "pair_assignment_accuracy": 0.8984375, "zero_pair_prediction_target_nmse": 1.0, "identity_pair_action_displacement_nmse": 1.0, "pair_source_rms": 0.35943055532710516, "pair_target_rms": 0.35943055532710516, "view": "source_query_numeric_null", "subset": "all_joint_answer_matched_pairs", "paired_projection_energy_fraction": 0.8457720191732618}, {"word": "rci", "pairs": 1344, "pair_action_displacement_nmse": 0.5116059297032713, "pair_target_nmse": 1.0476033509732465, "identity_pair_target_nmse": 2.0476763269355587, "pair_assignment_accuracy": 0.8553757440476191, "zero_pair_prediction_target_nmse": 1.0, "identity_pair_action_displacement_nmse": 1.0, "pair_source_rms": 0.35943055532710516, "pair_target_rms": 0.35943055532710516, "view": "source_query_numeric_null", "subset": "all_joint_answer_matched_pairs", "paired_projection_energy_fraction": 0.8457720191732618}]}
{"job": "novel_records_s18211", "step": 1000, "planned_steps": 20000, "validation_mean": 0.36583333333333334}
{"job": "novel_records_s18211", "step": 2000, "planned_steps": 20000, "validation_mean": 0.5336904761904762}
{"job": "novel_records_s18211", "step": 3000, "planned_steps": 20000, "validation_mean": 0.6095238095238096}
{"job": "novel_records_s18211", "step": 4000, "planned_steps": 20000, "validation_mean": 0.7058333333333333}
{"job": "novel_records_s18211", "step": 5000, "planned_steps": 20000, "validation_mean": 0.7304761904761905}
{"job": "novel_records_s18211", "step": 6000, "planned_steps": 20000, "validation_mean": 0.7805952380952381}
{"job": "novel_records_s18211", "step": 7000, "planned_steps": 20000, "validation_mean": 0.8004761904761905}
{"job": "novel_records_s18211", "step": 8000, "planned_steps": 20000, "validation_mean": 0.8539285714285715}
{"job": "novel_records_s18211", "step": 9000, "planned_steps": 20000, "validation_mean": 0.8620238095238095}
{"job": "novel_records_s18211", "step": 10000, "planned_steps": 20000, "validation_mean": 0.8648809523809524}
{"job": "novel_records_s18211", "step": 11000, "planned_steps": 20000, "validation_mean": 0.8996428571428572}
{"job": "novel_records_s18211", "step": 12000, "planned_steps": 20000, "validation_mean": 0.9060714285714286}
{"job": "novel_records_s18211", "step": 13000, "planned_steps": 20000, "validation_mean": 0.9219047619047619}
{"job": "novel_records_s18211", "step": 14000, "planned_steps": 20000, "validation_mean": 0.9251190476190476}
{"job": "novel_records_s18211", "step": 15000, "planned_steps": 20000, "validation_mean": 0.9336904761904762}
{"job": "novel_records_s18211", "step": 16000, "planned_steps": 20000, "validation_mean": 0.9376190476190477}
{"job": "novel_records_s18211", "step": 17000, "planned_steps": 20000, "validation_mean": 0.9451190476190476}
{"job": "novel_records_s18211", "step": 18000, "planned_steps": 20000, "validation_mean": 0.940952380952381}
{"job": "novel_records_s18211", "step": 19000, "planned_steps": 20000, "validation_mean": 0.9490476190476191}
{"job": "novel_records_s18211", "step": 20000, "planned_steps": 20000, "validation_mean": 0.9522619047619048}
{"ordinary_seed_confirmed": "novel_records_s18211", "primary": [{"word": "c", "pairs": 1344, "pair_action_displacement_nmse": 0.31855759569825576, "pair_target_nmse": 0.7856480996203016, "identity_pair_target_nmse": 2.4662670431644127, "pair_assignment_accuracy": 0.9861421130952381, "zero_pair_prediction_target_nmse": 1.0, "identity_pair_action_displacement_nmse": 1.0, "pair_source_rms": 0.3672417819391197, "pair_target_rms": 0.3672417819391197, "view": "source_query_numeric_null", "subset": "all_joint_answer_matched_pairs", "paired_projection_energy_fraction": 0.8865132065011714}, {"word": "r", "pairs": 1344, "pair_action_displacement_nmse": 0.32880563773159993, "pair_target_nmse": 0.8234042340272658, "identity_pair_target_nmse": 2.5042278462980634, "pair_assignment_accuracy": 0.9796316964285714, "zero_pair_prediction_target_nmse": 1.0, "identity_pair_action_displacement_nmse": 1.0, "pair_source_rms": 0.3672417819391197, "pair_target_rms": 0.36724178193911966, "view": "source_query_numeric_null", "subset": "all_joint_answer_matched_pairs", "paired_projection_energy_fraction": 0.8865132065011714}, {"word": "i", "pairs": 1344, "pair_action_displacement_nmse": 0.40849195627977664, "pair_target_nmse": 0.7497812661594268, "identity_pair_target_nmse": 1.8354859982748368, "pair_assignment_accuracy": 0.9907924107142857, "zero_pair_prediction_target_nmse": 1.0, "identity_pair_action_displacement_nmse": 1.0, "pair_source_rms": 0.3672417819391197, "pair_target_rms": 0.36724178193911966, "view": "source_query_numeric_null", "subset": "all_joint_answer_matched_pairs", "paired_projection_energy_fraction": 0.8865132065011714}, {"word": "rc", "pairs": 1344, "pair_action_displacement_nmse": 0.5336649180735227, "pair_target_nmse": 0.9139649116017015, "identity_pair_target_nmse": 1.7126194371198766, "pair_assignment_accuracy": 0.9478236607142857, "zero_pair_prediction_target_nmse": 1.0, "identity_pair_action_displacement_nmse": 1.0, "pair_source_rms": 0.3672417819391197, "pair_target_rms": 0.3672417819391197, "view": "source_query_numeric_null", "subset": "all_joint_answer_matched_pairs", "paired_projection_energy_fraction": 0.8865132065011714}, {"word": "ci", "pairs": 1344, "pair_action_displacement_nmse": 0.44585159027033167, "pair_target_nmse": 0.9147996609344845, "identity_pair_target_nmse": 2.0518030683255324, "pair_assignment_accuracy": 0.9551711309523809, "zero_pair_prediction_target_nmse": 1.0, "identity_pair_action_displacement_nmse": 1.0, "pair_source_rms": 0.3672417819391197, "pair_target_rms": 0.36724178193911966, "view": "source_query_numeric_null", "subset": "all_joint_answer_matched_pairs", "paired_projection_energy_fraction": 0.8865132065011714}, {"word": "ri", "pairs": 1344, "pair_action_displacement_nmse": 0.4136822289576456, "pair_target_nmse": 0.8487944666870425, "identity_pair_target_nmse": 2.051803068325532, "pair_assignment_accuracy": 0.9747953869047619, "zero_pair_prediction_target_nmse": 1.0, "identity_pair_action_displacement_nmse": 1.0, "pair_source_rms": 0.3672417819391197, "pair_target_rms": 0.3672417819391197, "view": "source_query_numeric_null", "subset": "all_joint_answer_matched_pairs", "paired_projection_energy_fraction": 0.8865132065011714}, {"word": "rci", "pairs": 1344, "pair_action_displacement_nmse": 0.49387766958134377, "pair_target_nmse": 0.9581489081306307, "identity_pair_target_nmse": 1.9400531085822246, "pair_assignment_accuracy": 0.9299665178571429, "zero_pair_prediction_target_nmse": 1.0, "identity_pair_action_displacement_nmse": 1.0, "pair_source_rms": 0.3672417819391197, "pair_target_rms": 0.3672417819391197, "view": "source_query_numeric_null", "subset": "all_joint_answer_matched_pairs", "paired_projection_energy_fraction": 0.8865132065011714}]}
{"job": "novel_minima_pair_s18211", "step": 1000, "planned_steps": 20000, "validation_mean": 0.49357142857142855}
{"job": "novel_minima_pair_s18211", "step": 2000, "planned_steps": 20000, "validation_mean": 0.5964285714285714}
{"job": "novel_minima_pair_s18211", "step": 3000, "planned_steps": 20000, "validation_mean": 0.6198809523809524}
{"job": "novel_minima_pair_s18211", "step": 4000, "planned_steps": 20000, "validation_mean": 0.6482142857142857}
{"job": "novel_minima_pair_s18211", "step": 5000, "planned_steps": 20000, "validation_mean": 0.6541666666666667}
{"job": "novel_minima_pair_s18211", "step": 6000, "planned_steps": 20000, "validation_mean": 0.6686904761904762}
{"job": "novel_minima_pair_s18211", "step": 7000, "planned_steps": 20000, "validation_mean": 0.675}
{"job": "novel_minima_pair_s18211", "step": 8000, "planned_steps": 20000, "validation_mean": 0.6903571428571429}
{"job": "novel_minima_pair_s18211", "step": 9000, "planned_steps": 20000, "validation_mean": 0.6954761904761905}
{"job": "novel_minima_pair_s18211", "step": 10000, "planned_steps": 20000, "validation_mean": 0.7161904761904762}
{"job": "novel_minima_pair_s18211", "step": 11000, "planned_steps": 20000, "validation_mean": 0.7351190476190477}
{"job": "novel_minima_pair_s18211", "step": 12000, "planned_steps": 20000, "validation_mean": 0.7872619047619047}
{"job": "novel_minima_pair_s18211", "step": 13000, "planned_steps": 20000, "validation_mean": 0.759047619047619}
{"job": "novel_minima_pair_s18211", "step": 14000, "planned_steps": 20000, "validation_mean": 0.8810714285714285}
{"job": "novel_minima_pair_s18211", "step": 15000, "planned_steps": 20000, "validation_mean": 0.9208333333333333}
{"job": "novel_minima_pair_s18211", "step": 16000, "planned_steps": 20000, "validation_mean": 0.9345238095238094}
{"job": "novel_minima_pair_s18211", "step": 17000, "planned_steps": 20000, "validation_mean": 0.961547619047619}
{"job": "novel_minima_pair_s18211", "step": 18000, "planned_steps": 20000, "validation_mean": 0.9679761904761904}
{"job": "novel_minima_pair_s18211", "step": 19000, "planned_steps": 20000, "validation_mean": 0.9728571428571429}
{"job": "novel_minima_pair_s18211", "step": 20000, "planned_steps": 20000, "validation_mean": 0.9698809523809524}
{"ordinary_seed_confirmed": "novel_minima_pair_s18211", "primary": [{"word": "c", "pairs": 1344, "pair_action_displacement_nmse": 0.3888822983767128, "pair_target_nmse": 0.9458272376921855, "identity_pair_target_nmse": 2.4321684006710855, "pair_assignment_accuracy": 0.9694010416666666, "zero_pair_prediction_target_nmse": 1.0, "identity_pair_action_displacement_nmse": 1.0, "pair_source_rms": 0.3303967622600933, "pair_target_rms": 0.3303967622600933, "view": "source_query_numeric_null", "subset": "all_joint_answer_matched_pairs", "paired_projection_energy_fraction": 0.848721070891418}, {"word": "r", "pairs": 1344, "pair_action_displacement_nmse": 0.3722260859058447, "pair_target_nmse": 0.894808110579161, "identity_pair_target_nmse": 2.40393713514615, "pair_assignment_accuracy": 0.9793526785714286, "zero_pair_prediction_target_nmse": 1.0, "identity_pair_action_displacement_nmse": 1.0, "pair_source_rms": 0.3303967622600933, "pair_target_rms": 0.3303967622600933, "view": "source_query_numeric_null", "subset": "all_joint_answer_matched_pairs", "paired_projection_energy_fraction": 0.848721070891418}, {"word": "i", "pairs": 1344, "pair_action_displacement_nmse": 0.5147426579362616, "pair_target_nmse": 1.0973000141792562, "identity_pair_target_nmse": 2.1317448578647435, "pair_assignment_accuracy": 0.8577008928571429, "zero_pair_prediction_target_nmse": 1.0, "identity_pair_action_displacement_nmse": 1.0, "pair_source_rms": 0.3303967622600933, "pair_target_rms": 0.3303967622600933, "view": "source_query_numeric_null", "subset": "all_joint_answer_matched_pairs", "paired_projection_energy_fraction": 0.848721070891418}, {"word": "rc", "pairs": 1344, "pair_action_displacement_nmse": 0.614938310245351, "pair_target_nmse": 1.0278239288402158, "identity_pair_target_nmse": 1.6714260791950495, "pair_assignment_accuracy": 0.8936011904761905, "zero_pair_prediction_target_nmse": 1.0, "identity_pair_action_displacement_nmse": 1.0, "pair_source_rms": 0.3303967622600933, "pair_target_rms": 0.3303967622600933, "view": "source_query_numeric_null", "subset": "all_joint_answer_matched_pairs", "paired_projection_energy_fraction": 0.848721070891418}, {"word": "ci", "pairs": 1344, "pair_action_displacement_nmse": 0.5993446316897969, "pair_target_nmse": 1.159000032621724, "identity_pair_target_nmse": 1.933778950107604, "pair_assignment_accuracy": 0.6873139880952381, "zero_pair_prediction_target_nmse": 1.0, "identity_pair_action_displacement_nmse": 1.0, "pair_source_rms": 0.3303967622600933, "pair_target_rms": 0.3303967622600933, "view": "source_query_numeric_null", "subset": "all_joint_answer_matched_pairs", "paired_projection_energy_fraction": 0.848721070891418}, {"word": "ri", "pairs": 1344, "pair_action_displacement_nmse": 0.5696967004715695, "pair_target_nmse": 1.101667487317678, "identity_pair_target_nmse": 1.933778950107604, "pair_assignment_accuracy": 0.8324962797619048, "zero_pair_prediction_target_nmse": 1.0, "identity_pair_action_displacement_nmse": 1.0, "pair_source_rms": 0.3303967622600933, "pair_target_rms": 0.3303967622600933, "view": "source_query_numeric_null", "subset": "all_joint_answer_matched_pairs", "paired_projection_energy_fraction": 0.848721070891418}, {"word": "rci", "pairs": 1344, "pair_action_displacement_nmse": 0.5519523725791328, "pair_target_nmse": 1.1345066649975701, "identity_pair_target_nmse": 2.055443044290777, "pair_assignment_accuracy": 0.7074032738095238, "zero_pair_prediction_target_nmse": 1.0, "identity_pair_action_displacement_nmse": 1.0, "pair_source_rms": 0.3303967622600933, "pair_target_rms": 0.3303967622600933, "view": "source_query_numeric_null", "subset": "all_joint_answer_matched_pairs", "paired_projection_energy_fraction": 0.848721070891418}]}
{"job": "novel_peak_mixed_s18211", "step": 1000, "planned_steps": 20000, "validation_mean": 0.4585714285714285}
{"job": "novel_peak_mixed_s18211", "step": 2000, "planned_steps": 20000, "validation_mean": 0.5839285714285715}
{"job": "novel_peak_mixed_s18211", "step": 3000, "planned_steps": 20000, "validation_mean": 0.6271428571428571}
{"job": "novel_peak_mixed_s18211", "step": 4000, "planned_steps": 20000, "validation_mean": 0.6457142857142858}
{"job": "novel_peak_mixed_s18211", "step": 5000, "planned_steps": 20000, "validation_mean": 0.6780952380952381}
{"job": "novel_peak_mixed_s18211", "step": 6000, "planned_steps": 20000, "validation_mean": 0.7211904761904762}
{"job": "novel_peak_mixed_s18211", "step": 7000, "planned_steps": 20000, "validation_mean": 0.7319047619047618}
{"job": "novel_peak_mixed_s18211", "step": 8000, "planned_steps": 20000, "validation_mean": 0.7586904761904761}
{"job": "novel_peak_mixed_s18211", "step": 9000, "planned_steps": 20000, "validation_mean": 0.7721428571428571}
{"job": "novel_peak_mixed_s18211", "step": 10000, "planned_steps": 20000, "validation_mean": 0.7964285714285714}
{"job": "novel_peak_mixed_s18211", "step": 11000, "planned_steps": 20000, "validation_mean": 0.7928571428571429}
{"job": "novel_peak_mixed_s18211", "step": 12000, "planned_steps": 20000, "validation_mean": 0.8125}
{"job": "novel_peak_mixed_s18211", "step": 13000, "planned_steps": 20000, "validation_mean": 0.825595238095238}
{"job": "novel_peak_mixed_s18211", "step": 14000, "planned_steps": 20000, "validation_mean": 0.8498809523809523}
{"job": "novel_peak_mixed_s18211", "step": 15000, "planned_steps": 20000, "validation_mean": 0.8657142857142857}
{"job": "novel_peak_mixed_s18211", "step": 16000, "planned_steps": 20000, "validation_mean": 0.8861904761904762}
{"job": "novel_peak_mixed_s18211", "step": 17000, "planned_steps": 20000, "validation_mean": 0.8997619047619048}
{"job": "novel_peak_mixed_s18211", "step": 18000, "planned_steps": 20000, "validation_mean": 0.9079761904761905}
{"job": "novel_peak_mixed_s18211", "step": 19000, "planned_steps": 20000, "validation_mean": 0.9204761904761904}
{"job": "novel_peak_mixed_s18211", "step": 20000, "planned_steps": 20000, "validation_mean": 0.9279761904761905}
{"ordinary_seed_confirmed": "novel_peak_mixed_s18211", "primary": [{"word": "c", "pairs": 1344, "pair_action_displacement_nmse": 0.3555051189815056, "pair_target_nmse": 0.9009329942794552, "identity_pair_target_nmse": 2.534233534697216, "pair_assignment_accuracy": 0.9756324404761905, "zero_pair_prediction_target_nmse": 1.0, "identity_pair_action_displacement_nmse": 1.0, "pair_source_rms": 0.30582710359498694, "pair_target_rms": 0.30582710359498694, "view": "source_query_numeric_null", "subset": "all_joint_answer_matched_pairs", "paired_projection_energy_fraction": 0.8396218530024654}, {"word": "r", "pairs": 1344, "pair_action_displacement_nmse": 0.34072833691862586, "pair_target_nmse": 0.8747169867592426, "identity_pair_target_nmse": 2.5671976527392437, "pair_assignment_accuracy": 0.9805617559523809, "zero_pair_prediction_target_nmse": 1.0, "identity_pair_action_displacement_nmse": 1.0, "pair_source_rms": 0.30582710359498694, "pair_target_rms": 0.30582710359498694, "view": "source_query_numeric_null", "subset": "all_joint_answer_matched_pairs", "paired_projection_energy_fraction": 0.8396218530024654}, {"word": "i", "pairs": 1344, "pair_action_displacement_nmse": 0.4135907239633053, "pair_target_nmse": 0.7902053177029356, "identity_pair_target_nmse": 1.9105972932145459, "pair_assignment_accuracy": 0.9842819940476191, "zero_pair_prediction_target_nmse": 1.0, "identity_pair_action_displacement_nmse": 1.0, "pair_source_rms": 0.30582710359498694, "pair_target_rms": 0.30582710359498694, "view": "source_query_numeric_null", "subset": "all_joint_answer_matched_pairs", "paired_projection_energy_fraction": 0.8396218530024654}, {"word": "rc", "pairs": 1344, "pair_action_displacement_nmse": 0.5931920662977628, "pair_target_nmse": 0.9525919362795704, "identity_pair_target_nmse": 1.6058743708844563, "pair_assignment_accuracy": 0.9473586309523809, "zero_pair_prediction_target_nmse": 1.0, "identity_pair_action_displacement_nmse": 1.0, "pair_source_rms": 0.30582710359498694, "pair_target_rms": 0.30582710359498694, "view": "source_query_numeric_null", "subset": "all_joint_answer_matched_pairs", "paired_projection_energy_fraction": 0.8396218530024654}, {"word": "ci", "pairs": 1344, "pair_action_displacement_nmse": 0.48315794166599896, "pair_target_nmse": 0.9693263307253234, "identity_pair_target_nmse": 2.006230772866829, "pair_assignment_accuracy": 0.9326636904761905, "zero_pair_prediction_target_nmse": 1.0, "identity_pair_action_displacement_nmse": 1.0, "pair_source_rms": 0.30582710359498694, "pair_target_rms": 0.30582710359498694, "view": "source_query_numeric_null", "subset": "all_joint_answer_matched_pairs", "paired_projection_energy_fraction": 0.8396218530024654}, {"word": "ri", "pairs": 1344, "pair_action_displacement_nmse": 0.4450055420871724, "pair_target_nmse": 0.8927838126315703, "identity_pair_target_nmse": 2.0062307728668296, "pair_assignment_accuracy": 0.9615885416666666, "zero_pair_prediction_target_nmse": 1.0, "identity_pair_action_displacement_nmse": 1.0, "pair_source_rms": 0.30582710359498694, "pair_target_rms": 0.30582710359498694, "view": "source_query_numeric_null", "subset": "all_joint_answer_matched_pairs", "paired_projection_energy_fraction": 0.8396218530024654}, {"word": "rci", "pairs": 1344, "pair_action_displacement_nmse": 0.4850214993395719, "pair_target_nmse": 0.9690169198301716, "identity_pair_target_nmse": 1.99788446728574, "pair_assignment_accuracy": 0.9361979166666666, "zero_pair_prediction_target_nmse": 1.0, "identity_pair_action_displacement_nmse": 1.0, "pair_source_rms": 0.30582710359498694, "pair_target_rms": 0.30582710359498694, "view": "source_query_numeric_null", "subset": "all_joint_answer_matched_pairs", "paired_projection_energy_fraction": 0.8396218530024654}]}
{"job": "novel_records_s19213", "step": 1000, "planned_steps": 20000, "validation_mean": 0.4001190476190476}
{"job": "novel_records_s19213", "step": 2000, "planned_steps": 20000, "validation_mean": 0.5420238095238095}
{"job": "novel_records_s19213", "step": 3000, "planned_steps": 20000, "validation_mean": 0.6879761904761905}
{"job": "novel_records_s19213", "step": 4000, "planned_steps": 20000, "validation_mean": 0.745952380952381}
{"job": "novel_records_s19213", "step": 5000, "planned_steps": 20000, "validation_mean": 0.7502380952380951}
{"job": "novel_records_s19213", "step": 6000, "planned_steps": 20000, "validation_mean": 0.8003571428571429}
{"job": "novel_records_s19213", "step": 7000, "planned_steps": 20000, "validation_mean": 0.7913095238095239}
{"job": "novel_records_s19213", "step": 8000, "planned_steps": 20000, "validation_mean": 0.8248809523809524}
{"job": "novel_records_s19213", "step": 9000, "planned_steps": 20000, "validation_mean": 0.8373809523809523}
{"job": "novel_records_s19213", "step": 10000, "planned_steps": 20000, "validation_mean": 0.868095238095238}
{"job": "novel_records_s19213", "step": 11000, "planned_steps": 20000, "validation_mean": 0.8766666666666666}
{"job": "novel_records_s19213", "step": 12000, "planned_steps": 20000, "validation_mean": 0.8963095238095238}
{"job": "novel_records_s19213", "step": 13000, "planned_steps": 20000, "validation_mean": 0.9071428571428571}
{"job": "novel_records_s19213", "step": 14000, "planned_steps": 20000, "validation_mean": 0.9127380952380952}
{"job": "novel_records_s19213", "step": 15000, "planned_steps": 20000, "validation_mean": 0.920952380952381}
{"job": "novel_records_s19213", "step": 16000, "planned_steps": 20000, "validation_mean": 0.9255952380952381}
{"job": "novel_records_s19213", "step": 17000, "planned_steps": 20000, "validation_mean": 0.9311904761904762}
{"job": "novel_records_s19213", "step": 18000, "planned_steps": 20000, "validation_mean": 0.9346428571428571}
{"job": "novel_records_s19213", "step": 19000, "planned_steps": 20000, "validation_mean": 0.9401190476190476}
{"job": "novel_records_s19213", "step": 20000, "planned_steps": 20000, "validation_mean": 0.9432142857142858}
{"ordinary_seed_confirmed": "novel_records_s19213", "primary": [{"word": "c", "pairs": 1344, "pair_action_displacement_nmse": 0.34929630952034546, "pair_target_nmse": 0.8436044743425699, "identity_pair_target_nmse": 2.4151542726031363, "pair_assignment_accuracy": 0.9854910714285714, "zero_pair_prediction_target_nmse": 1.0, "identity_pair_action_displacement_nmse": 1.0, "pair_source_rms": 0.4233299271542712, "pair_target_rms": 0.42332992715427126, "view": "source_query_numeric_null", "subset": "all_joint_answer_matched_pairs", "paired_projection_energy_fraction": 0.8654136122278406}, {"word": "r", "pairs": 1344, "pair_action_displacement_nmse": 0.34678969609800886, "pair_target_nmse": 0.8428949892023411, "identity_pair_target_nmse": 2.430565263865637, "pair_assignment_accuracy": 0.9873511904761905, "zero_pair_prediction_target_nmse": 1.0, "identity_pair_action_displacement_nmse": 1.0, "pair_source_rms": 0.4233299271542712, "pair_target_rms": 0.4233299271542712, "view": "source_query_numeric_null", "subset": "all_joint_answer_matched_pairs", "paired_projection_energy_fraction": 0.8654136122278406}, {"word": "i", "pairs": 1344, "pair_action_displacement_nmse": 0.32125222563222067, "pair_target_nmse": 0.6582422028094796, "identity_pair_target_nmse": 2.0489887704717584, "pair_assignment_accuracy": 0.9966517857142857, "zero_pair_prediction_target_nmse": 1.0, "identity_pair_action_displacement_nmse": 1.0, "pair_source_rms": 0.4233299271542712, "pair_target_rms": 0.4233299271542712, "view": "source_query_numeric_null", "subset": "all_joint_answer_matched_pairs", "paired_projection_energy_fraction": 0.8654136122278406}, {"word": "rc", "pairs": 1344, "pair_action_displacement_nmse": 0.5689823909461481, "pair_target_nmse": 0.968009720627211, "identity_pair_target_nmse": 1.7012999629347565, "pair_assignment_accuracy": 0.9363839285714286, "zero_pair_prediction_target_nmse": 1.0, "identity_pair_action_displacement_nmse": 1.0, "pair_source_rms": 0.4233299271542712, "pair_target_rms": 0.4233299271542712, "view": "source_query_numeric_null", "subset": "all_joint_answer_matched_pairs", "paired_projection_energy_fraction": 0.8654136122278406}, {"word": "ci", "pairs": 1344, "pair_action_displacement_nmse": 0.4463124134316966, "pair_target_nmse": 0.8582965204343551, "identity_pair_target_nmse": 1.9230845806750305, "pair_assignment_accuracy": 0.9828869047619048, "zero_pair_prediction_target_nmse": 1.0, "identity_pair_action_displacement_nmse": 1.0, "pair_source_rms": 0.4233299271542712, "pair_target_rms": 0.4233299271542712, "view": "source_query_numeric_null", "subset": "all_joint_answer_matched_pairs", "paired_projection_energy_fraction": 0.8654136122278406}, {"word": "ri", "pairs": 1344, "pair_action_displacement_nmse": 0.4420898669154202, "pair_target_nmse": 0.8501762063377207, "identity_pair_target_nmse": 1.9230845806750303, "pair_assignment_accuracy": 0.9790736607142857, "zero_pair_prediction_target_nmse": 1.0, "identity_pair_action_displacement_nmse": 1.0, "pair_source_rms": 0.4233299271542712, "pair_target_rms": 0.42332992715427126, "view": "source_query_numeric_null", "subset": "all_joint_answer_matched_pairs", "paired_projection_energy_fraction": 0.8654136122278406}, {"word": "rci", "pairs": 1344, "pair_action_displacement_nmse": 0.4676667076046624, "pair_target_nmse": 0.9739906614191135, "identity_pair_target_nmse": 2.0826598207252913, "pair_assignment_accuracy": 0.931640625, "zero_pair_prediction_target_nmse": 1.0, "identity_pair_action_displacement_nmse": 1.0, "pair_source_rms": 0.4233299271542712, "pair_target_rms": 0.4233299271542712, "view": "source_query_numeric_null", "subset": "all_joint_answer_matched_pairs", "paired_projection_energy_fraction": 0.8654136122278406}]}
{"job": "novel_minima_pair_s19213", "step": 1000, "planned_steps": 20000, "validation_mean": 0.48916666666666664}
{"job": "novel_minima_pair_s19213", "step": 2000, "planned_steps": 20000, "validation_mean": 0.5645238095238095}
{"job": "novel_minima_pair_s19213", "step": 3000, "planned_steps": 20000, "validation_mean": 0.6108333333333333}
{"job": "novel_minima_pair_s19213", "step": 4000, "planned_steps": 20000, "validation_mean": 0.6297619047619049}
{"job": "novel_minima_pair_s19213", "step": 5000, "planned_steps": 20000, "validation_mean": 0.6460714285714286}
{"job": "novel_minima_pair_s19213", "step": 6000, "planned_steps": 20000, "validation_mean": 0.6610714285714286}
{"job": "novel_minima_pair_s19213", "step": 7000, "planned_steps": 20000, "validation_mean": 0.6710714285714285}
{"job": "novel_minima_pair_s19213", "step": 8000, "planned_steps": 20000, "validation_mean": 0.6779761904761905}
{"job": "novel_minima_pair_s19213", "step": 9000, "planned_steps": 20000, "validation_mean": 0.695952380952381}
{"job": "novel_minima_pair_s19213", "step": 10000, "planned_steps": 20000, "validation_mean": 0.7224999999999999}
{"job": "novel_minima_pair_s19213", "step": 11000, "planned_steps": 20000, "validation_mean": 0.7413095238095239}
{"job": "novel_minima_pair_s19213", "step": 12000, "planned_steps": 20000, "validation_mean": 0.758095238095238}
{"job": "novel_minima_pair_s19213", "step": 13000, "planned_steps": 20000, "validation_mean": 0.8108333333333333}
{"job": "novel_minima_pair_s19213", "step": 14000, "planned_steps": 20000, "validation_mean": 0.8688095238095238}
{"job": "novel_minima_pair_s19213", "step": 15000, "planned_steps": 20000, "validation_mean": 0.927142857142857}
{"job": "novel_minima_pair_s19213", "step": 16000, "planned_steps": 20000, "validation_mean": 0.9511904761904761}
{"job": "novel_minima_pair_s19213", "step": 17000, "planned_steps": 20000, "validation_mean": 0.9573809523809523}
{"job": "novel_minima_pair_s19213", "step": 18000, "planned_steps": 20000, "validation_mean": 0.9747619047619048}
{"job": "novel_minima_pair_s19213", "step": 19000, "planned_steps": 20000, "validation_mean": 0.9773809523809525}
{"job": "novel_minima_pair_s19213", "step": 20000, "planned_steps": 20000, "validation_mean": 0.9651190476190477}
{"ordinary_seed_confirmed": "novel_minima_pair_s19213", "primary": [{"word": "c", "pairs": 1344, "pair_action_displacement_nmse": 0.39444082328787616, "pair_target_nmse": 0.9667011804189617, "identity_pair_target_nmse": 2.4508142244532096, "pair_assignment_accuracy": 0.9569382440476191, "zero_pair_prediction_target_nmse": 1.0, "identity_pair_action_displacement_nmse": 1.0, "pair_source_rms": 0.347215940804514, "pair_target_rms": 0.347215940804514, "view": "source_query_numeric_null", "subset": "all_joint_answer_matched_pairs", "paired_projection_energy_fraction": 0.8364420700646857}, {"word": "r", "pairs": 1344, "pair_action_displacement_nmse": 0.372134773263105, "pair_target_nmse": 0.8683722980965256, "identity_pair_target_nmse": 2.3334887263614386, "pair_assignment_accuracy": 0.9858630952380952, "zero_pair_prediction_target_nmse": 1.0, "identity_pair_action_displacement_nmse": 1.0, "pair_source_rms": 0.347215940804514, "pair_target_rms": 0.347215940804514, "view": "source_query_numeric_null", "subset": "all_joint_answer_matched_pairs", "paired_projection_energy_fraction": 0.8364420700646857}, {"word": "i", "pairs": 1344, "pair_action_displacement_nmse": 0.5231607377769989, "pair_target_nmse": 1.0692525609997934, "identity_pair_target_nmse": 2.0438318164762013, "pair_assignment_accuracy": 0.8857886904761905, "zero_pair_prediction_target_nmse": 1.0, "identity_pair_action_displacement_nmse": 1.0, "pair_source_rms": 0.347215940804514, "pair_target_rms": 0.347215940804514, "view": "source_query_numeric_null", "subset": "all_joint_answer_matched_pairs", "paired_projection_energy_fraction": 0.8364420700646857}, {"word": "rc", "pairs": 1344, "pair_action_displacement_nmse": 0.6320411637241042, "pair_target_nmse": 1.0218399047162898, "identity_pair_target_nmse": 1.616729990647158, "pair_assignment_accuracy": 0.8876488095238095, "zero_pair_prediction_target_nmse": 1.0, "identity_pair_action_displacement_nmse": 1.0, "pair_source_rms": 0.347215940804514, "pair_target_rms": 0.347215940804514, "view": "source_query_numeric_null", "subset": "all_joint_answer_matched_pairs", "paired_projection_energy_fraction": 0.8364420700646857}, {"word": "ci", "pairs": 1344, "pair_action_displacement_nmse": 0.5842353564255206, "pair_target_nmse": 1.1382233747580806, "identity_pair_target_nmse": 1.9482274775733868, "pair_assignment_accuracy": 0.7716703869047619, "zero_pair_prediction_target_nmse": 1.0, "identity_pair_action_displacement_nmse": 1.0, "pair_source_rms": 0.347215940804514, "pair_target_rms": 0.347215940804514, "view": "source_query_numeric_null", "subset": "all_joint_answer_matched_pairs", "paired_projection_energy_fraction": 0.8364420700646857}, {"word": "ri", "pairs": 1344, "pair_action_displacement_nmse": 0.5633150318683353, "pair_target_nmse": 1.0974658236160189, "identity_pair_target_nmse": 1.9482274775733868, "pair_assignment_accuracy": 0.8373325892857143, "zero_pair_prediction_target_nmse": 1.0, "identity_pair_action_displacement_nmse": 1.0, "pair_source_rms": 0.347215940804514, "pair_target_rms": 0.347215940804514, "view": "source_query_numeric_null", "subset": "all_joint_answer_matched_pairs", "paired_projection_energy_fraction": 0.8364420700646857}, {"word": "rci", "pairs": 1344, "pair_action_displacement_nmse": 0.56081237848142, "pair_target_nmse": 1.1306040451087969, "identity_pair_target_nmse": 2.0160112160331964, "pair_assignment_accuracy": 0.7482328869047619, "zero_pair_prediction_target_nmse": 1.0, "identity_pair_action_displacement_nmse": 1.0, "pair_source_rms": 0.347215940804514, "pair_target_rms": 0.347215940804514, "view": "source_query_numeric_null", "subset": "all_joint_answer_matched_pairs", "paired_projection_energy_fraction": 0.8364420700646857}]}
{"job": "novel_peak_mixed_s19213", "step": 1000, "planned_steps": 20000, "validation_mean": 0.4457142857142857}
{"job": "novel_peak_mixed_s19213", "step": 2000, "planned_steps": 20000, "validation_mean": 0.5326190476190477}
{"job": "novel_peak_mixed_s19213", "step": 3000, "planned_steps": 20000, "validation_mean": 0.6723809523809524}
{"job": "novel_peak_mixed_s19213", "step": 4000, "planned_steps": 20000, "validation_mean": 0.7219047619047618}
{"job": "novel_peak_mixed_s19213", "step": 5000, "planned_steps": 20000, "validation_mean": 0.746547619047619}
{"job": "novel_peak_mixed_s19213", "step": 6000, "planned_steps": 20000, "validation_mean": 0.7853571428571429}
{"job": "novel_peak_mixed_s19213", "step": 7000, "planned_steps": 20000, "validation_mean": 0.8030952380952381}
{"job": "novel_peak_mixed_s19213", "step": 8000, "planned_steps": 20000, "validation_mean": 0.811547619047619}
{"job": "novel_peak_mixed_s19213", "step": 9000, "planned_steps": 20000, "validation_mean": 0.8207142857142857}
{"job": "novel_peak_mixed_s19213", "step": 10000, "planned_steps": 20000, "validation_mean": 0.8316666666666666}
{"job": "novel_peak_mixed_s19213", "step": 11000, "planned_steps": 20000, "validation_mean": 0.8329761904761905}
{"job": "novel_peak_mixed_s19213", "step": 12000, "planned_steps": 20000, "validation_mean": 0.8423809523809525}
{"job": "novel_peak_mixed_s19213", "step": 13000, "planned_steps": 20000, "validation_mean": 0.8496428571428571}
{"job": "novel_peak_mixed_s19213", "step": 14000, "planned_steps": 20000, "validation_mean": 0.8551190476190477}
{"job": "novel_peak_mixed_s19213", "step": 15000, "planned_steps": 20000, "validation_mean": 0.8614285714285714}
{"job": "novel_peak_mixed_s19213", "step": 16000, "planned_steps": 20000, "validation_mean": 0.8722619047619049}
{"job": "novel_peak_mixed_s19213", "step": 17000, "planned_steps": 20000, "validation_mean": 0.8727380952380952}
{"job": "novel_peak_mixed_s19213", "step": 18000, "planned_steps": 20000, "validation_mean": 0.8820238095238095}
{"job": "novel_peak_mixed_s19213", "step": 19000, "planned_steps": 20000, "validation_mean": 0.8801190476190477}
{"job": "novel_peak_mixed_s19213", "step": 20000, "planned_steps": 20000, "validation_mean": 0.890952380952381}
{"ordinary_seed_confirmed": "novel_peak_mixed_s19213", "primary": [{"word": "c", "pairs": 1344, "pair_action_displacement_nmse": 0.39002075396559877, "pair_target_nmse": 0.906139726976567, "identity_pair_target_nmse": 2.323311561662413, "pair_assignment_accuracy": 0.9918154761904762, "zero_pair_prediction_target_nmse": 1.0, "identity_pair_action_displacement_nmse": 1.0, "pair_source_rms": 0.3212042950032466, "pair_target_rms": 0.3212042950032466, "view": "source_query_numeric_null", "subset": "all_joint_answer_matched_pairs", "paired_projection_energy_fraction": 0.8486145392008353}, {"word": "r", "pairs": 1344, "pair_action_displacement_nmse": 0.3725740892413183, "pair_target_nmse": 0.8890713610467529, "identity_pair_target_nmse": 2.3862941270478326, "pair_assignment_accuracy": 0.9922805059523809, "zero_pair_prediction_target_nmse": 1.0, "identity_pair_action_displacement_nmse": 1.0, "pair_source_rms": 0.3212042950032466, "pair_target_rms": 0.3212042950032466, "view": "source_query_numeric_null", "subset": "all_joint_answer_matched_pairs", "paired_projection_energy_fraction": 0.8486145392008353}, {"word": "i", "pairs": 1344, "pair_action_displacement_nmse": 0.4361231162958359, "pair_target_nmse": 0.8692892362590505, "identity_pair_target_nmse": 1.9932198128873881, "pair_assignment_accuracy": 0.9912574404761905, "zero_pair_prediction_target_nmse": 1.0, "identity_pair_action_displacement_nmse": 1.0, "pair_source_rms": 0.3212042950032466, "pair_target_rms": 0.3212042950032466, "view": "source_query_numeric_null", "subset": "all_joint_answer_matched_pairs", "paired_projection_energy_fraction": 0.8486145392008353}, {"word": "rc", "pairs": 1344, "pair_action_displacement_nmse": 0.5425963715785976, "pair_target_nmse": 0.9721054744782682, "identity_pair_target_nmse": 1.7915812294322617, "pair_assignment_accuracy": 0.9770275297619048, "zero_pair_prediction_target_nmse": 1.0, "identity_pair_action_displacement_nmse": 1.0, "pair_source_rms": 0.3212042950032466, "pair_target_rms": 0.3212042950032466, "view": "source_query_numeric_null", "subset": "all_joint_answer_matched_pairs", "paired_projection_energy_fraction": 0.8486145392008353}, {"word": "ci", "pairs": 1344, "pair_action_displacement_nmse": 0.5050430026144981, "pair_target_nmse": 0.9775064959248, "identity_pair_target_nmse": 1.9354916133170064, "pair_assignment_accuracy": 0.9690290178571429, "zero_pair_prediction_target_nmse": 1.0, "identity_pair_action_displacement_nmse": 1.0, "pair_source_rms": 0.3212042950032466, "pair_target_rms": 0.32120429500324654, "view": "source_query_numeric_null", "subset": "all_joint_answer_matched_pairs", "paired_projection_energy_fraction": 0.8486145392008353}, {"word": "ri", "pairs": 1344, "pair_action_displacement_nmse": 0.488701482413981, "pair_target_nmse": 0.9458776206278485, "identity_pair_target_nmse": 1.9354916133170061, "pair_assignment_accuracy": 0.9818638392857143, "zero_pair_prediction_target_nmse": 1.0, "identity_pair_action_displacement_nmse": 1.0, "pair_source_rms": 0.3212042950032466, "pair_target_rms": 0.3212042950032466, "view": "source_query_numeric_null", "subset": "all_joint_answer_matched_pairs", "paired_projection_energy_fraction": 0.8486145392008353}, {"word": "rci", "pairs": 1344, "pair_action_displacement_nmse": 0.4749774475505276, "pair_target_nmse": 0.9979490372104455, "identity_pair_target_nmse": 2.101045096681742, "pair_assignment_accuracy": 0.9572172619047619, "zero_pair_prediction_target_nmse": 1.0, "identity_pair_action_displacement_nmse": 1.0, "pair_source_rms": 0.3212042950032466, "pair_target_rms": 0.3212042950032466, "view": "source_query_numeric_null", "subset": "all_joint_answer_matched_pairs", "paired_projection_energy_fraction": 0.8486145392008353}]}
