{'verified': 'pairs', 'record': 'new_6_correct_relations_s10141_identical_frozen_correct_base_CI'}
{'verified': 'pairs', 'record': 'new_6_correct_relations_s10141_identical_frozen_correct_base_ICI'}
{'verified': 'pairs', 'record': 'new_6_correct_relations_s10141_identical_frozen_shuffled_base_CI'}
{'verified': 'pairs', 'record': 'new_6_correct_relations_s10141_identical_frozen_shuffled_base_ICI'}
{'verified': 'pairs', 'record': 'new_6_correct_relations_s10141_native_or_posthoc_native_operators_base_CI'}
{'verified': 'pairs', 'record': 'new_6_correct_relations_s10141_native_or_posthoc_native_operators_base_ICI'}
{'verified': 'pairs', 'record': 'new_6_correct_relations_s10141_native_or_posthoc_posthoc_correct_generators_base_CI'}
{'verified': 'pairs', 'record': 'new_6_correct_relations_s10141_native_or_posthoc_posthoc_correct_generators_base_ICI'}
{'verified': 'pairs', 'record': 'new_6_correct_relations_s10141_native_or_posthoc_posthoc_shuffled_generators_base_CI'}
{'verified': 'pairs', 'record': 'new_6_correct_relations_s10141_native_or_posthoc_posthoc_shuffled_generators_base_ICI'}
{'verified': 'pairs', 'record': 'new_6_correct_relations_s10141_observed_known_start_native_operators_observed_C_then_I'}
{'verified': 'pairs', 'record': 'new_6_correct_relations_s10141_observed_known_start_native_operators_observed_I_then_CI'}
{'verified': 'pairs', 'record': 'new_6_correct_relations_s11159_identical_frozen_correct_base_CI'}
{'verified': 'pairs', 'record': 'new_6_correct_relations_s11159_identical_frozen_correct_base_ICI'}
{'verified': 'pairs', 'record': 'new_6_correct_relations_s11159_identical_frozen_shuffled_base_CI'}
{'verified': 'pairs', 'record': 'new_6_correct_relations_s11159_identical_frozen_shuffled_base_ICI'}
{'verified': 'pairs', 'record': 'new_6_correct_relations_s11159_native_or_posthoc_native_operators_base_CI'}
{'verified': 'pairs', 'record': 'new_6_correct_relations_s11159_native_or_posthoc_native_operators_base_ICI'}
{'verified': 'pairs', 'record': 'new_6_correct_relations_s11159_native_or_posthoc_posthoc_correct_generators_base_CI'}
{'verified': 'pairs', 'record': 'new_6_correct_relations_s11159_native_or_posthoc_posthoc_correct_generators_base_ICI'}
{'verified': 'pairs', 'record': 'new_6_correct_relations_s11159_native_or_posthoc_posthoc_shuffled_generators_base_CI'}
{'verified': 'pairs', 'record': 'new_6_correct_relations_s11159_native_or_posthoc_posthoc_shuffled_generators_base_ICI'}
{'verified': 'pairs', 'record': 'new_6_correct_relations_s11159_observed_known_start_native_operators_observed_C_then_I'}
{'verified': 'pairs', 'record': 'new_6_correct_relations_s11159_observed_known_start_native_operators_observed_I_then_CI'}
{'verified': 'pairs', 'record': 'new_6_correct_relations_s12163_identical_frozen_correct_base_CI'}
{'verified': 'pairs', 'record': 'new_6_correct_relations_s12163_identical_frozen_correct_base_ICI'}
{'verified': 'pairs', 'record': 'new_6_correct_relations_s12163_identical_frozen_shuffled_base_CI'}
{'verified': 'pairs', 'record': 'new_6_correct_relations_s12163_identical_frozen_shuffled_base_ICI'}
{'verified': 'pairs', 'record': 'new_6_correct_relations_s12163_native_or_posthoc_native_operators_base_CI'}
{'verified': 'pairs', 'record': 'new_6_correct_relations_s12163_native_or_posthoc_native_operators_base_ICI'}
{'verified': 'pairs', 'record': 'new_6_correct_relations_s12163_native_or_posthoc_posthoc_correct_generators_base_CI'}
{'verified': 'pairs', 'record': 'new_6_correct_relations_s12163_native_or_posthoc_posthoc_correct_generators_base_ICI'}
{'verified': 'pairs', 'record': 'new_6_correct_relations_s12163_native_or_posthoc_posthoc_shuffled_generators_base_CI'}
{'verified': 'pairs', 'record': 'new_6_correct_relations_s12163_native_or_posthoc_posthoc_shuffled_generators_base_ICI'}
{'verified': 'pairs', 'record': 'new_6_correct_relations_s12163_observed_known_start_native_operators_observed_C_then_I'}
{'verified': 'pairs', 'record': 'new_6_correct_relations_s12163_observed_known_start_native_operators_observed_I_then_CI'}
{'verified': 'pairs', 'record': 'new_6_correct_relations_s13171_identical_frozen_correct_base_CI'}
{'verified': 'pairs', 'record': 'new_6_correct_relations_s13171_identical_frozen_correct_base_ICI'}
{'verified': 'pairs', 'record': 'new_6_correct_relations_s13171_identical_frozen_shuffled_base_CI'}
{'verified': 'pairs', 'record': 'new_6_correct_relations_s13171_identical_frozen_shuffled_base_ICI'}
{'verified': 'pairs', 'record': 'new_6_correct_relations_s13171_native_or_posthoc_native_operators_base_CI'}
{'verified': 'pairs', 'record': 'new_6_correct_relations_s13171_native_or_posthoc_native_operators_base_ICI'}
{'verified': 'pairs', 'record': 'new_6_correct_relations_s13171_native_or_posthoc_posthoc_correct_generators_base_CI'}
{'verified': 'pairs', 'record': 'new_6_correct_relations_s13171_native_or_posthoc_posthoc_correct_generators_base_ICI'}
{'verified': 'pairs', 'record': 'new_6_correct_relations_s13171_native_or_posthoc_posthoc_shuffled_generators_base_CI'}
{'verified': 'pairs', 'record': 'new_6_correct_relations_s13171_native_or_posthoc_posthoc_shuffled_generators_base_ICI'}
{'verified': 'pairs', 'record': 'new_6_correct_relations_s13171_observed_known_start_native_operators_observed_C_then_I'}
{'verified': 'pairs', 'record': 'new_6_correct_relations_s13171_observed_known_start_native_operators_observed_I_then_CI'}
{'verified': 'pairs', 'record': 'new_6_correct_relations_s8111_identical_frozen_correct_base_CI'}
{'verified': 'pairs', 'record': 'new_6_correct_relations_s8111_identical_frozen_correct_base_ICI'}
{'verified': 'pairs', 'record': 'new_6_correct_relations_s8111_identical_frozen_shuffled_base_CI'}
{'verified': 'pairs', 'record': 'new_6_correct_relations_s8111_identical_frozen_shuffled_base_ICI'}
{'verified': 'pairs', 'record': 'new_6_correct_relations_s8111_native_or_posthoc_native_operators_base_CI'}
{'verified': 'pairs', 'record': 'new_6_correct_relations_s8111_native_or_posthoc_native_operators_base_ICI'}
{'verified': 'pairs', 'record': 'new_6_correct_relations_s8111_native_or_posthoc_posthoc_correct_generators_base_CI'}
{'verified': 'pairs', 'record': 'new_6_correct_relations_s8111_native_or_posthoc_posthoc_correct_generators_base_ICI'}
{'verified': 'pairs', 'record': 'new_6_correct_relations_s8111_native_or_posthoc_posthoc_shuffled_generators_base_CI'}
{'verified': 'pairs', 'record': 'new_6_correct_relations_s8111_native_or_posthoc_posthoc_shuffled_generators_base_ICI'}
{'verified': 'pairs', 'record': 'new_6_correct_relations_s8111_observed_known_start_native_operators_observed_C_then_I'}
{'verified': 'pairs', 'record': 'new_6_correct_relations_s8111_observed_known_start_native_operators_observed_I_then_CI'}
{'verified': 'pairs', 'record': 'new_6_correct_relations_s9127_identical_frozen_correct_base_CI'}
{'verified': 'pairs', 'record': 'new_6_correct_relations_s9127_identical_frozen_correct_base_ICI'}
{'verified': 'pairs', 'record': 'new_6_correct_relations_s9127_identical_frozen_shuffled_base_CI'}
{'verified': 'pairs', 'record': 'new_6_correct_relations_s9127_identical_frozen_shuffled_base_ICI'}
{'verified': 'pairs', 'record': 'new_6_correct_relations_s9127_native_or_posthoc_native_operators_base_CI'}
{'verified': 'pairs', 'record': 'new_6_correct_relations_s9127_native_or_posthoc_native_operators_base_ICI'}
{'verified': 'pairs', 'record': 'new_6_correct_relations_s9127_native_or_posthoc_posthoc_correct_generators_base_CI'}
{'verified': 'pairs', 'record': 'new_6_correct_relations_s9127_native_or_posthoc_posthoc_correct_generators_base_ICI'}
{'verified': 'pairs', 'record': 'new_6_correct_relations_s9127_native_or_posthoc_posthoc_shuffled_generators_base_CI'}
{'verified': 'pairs', 'record': 'new_6_correct_relations_s9127_native_or_posthoc_posthoc_shuffled_generators_base_ICI'}
{'verified': 'pairs', 'record': 'new_6_correct_relations_s9127_observed_known_start_native_operators_observed_C_then_I'}
{'verified': 'pairs', 'record': 'new_6_correct_relations_s9127_observed_known_start_native_operators_observed_I_then_CI'}
{'verified': 'pairs', 'record': 'new_6_ordinary_s10141_identical_frozen_correct_base_CI'}
{'verified': 'pairs', 'record': 'new_6_ordinary_s10141_identical_frozen_correct_base_ICI'}
{'verified': 'pairs', 'record': 'new_6_ordinary_s10141_identical_frozen_shuffled_base_CI'}
{'verified': 'pairs', 'record': 'new_6_ordinary_s10141_identical_frozen_shuffled_base_ICI'}
{'verified': 'pairs', 'record': 'new_6_ordinary_s10141_native_or_posthoc_native_operators_base_CI'}
{'verified': 'pairs', 'record': 'new_6_ordinary_s10141_native_or_posthoc_native_operators_base_ICI'}
{'verified': 'pairs', 'record': 'new_6_ordinary_s10141_native_or_posthoc_posthoc_correct_generators_base_CI'}
{'verified': 'pairs', 'record': 'new_6_ordinary_s10141_native_or_posthoc_posthoc_correct_generators_base_ICI'}
{'verified': 'pairs', 'record': 'new_6_ordinary_s10141_native_or_posthoc_posthoc_shuffled_generators_base_CI'}
{'verified': 'pairs', 'record': 'new_6_ordinary_s10141_native_or_posthoc_posthoc_shuffled_generators_base_ICI'}
{'verified': 'pairs', 'record': 'new_6_ordinary_s10141_observed_known_start_native_operators_observed_C_then_I'}
{'verified': 'pairs', 'record': 'new_6_ordinary_s10141_observed_known_start_native_operators_observed_I_then_CI'}
{'verified': 'pairs', 'record': 'new_6_ordinary_s11159_identical_frozen_correct_base_CI'}
{'verified': 'pairs', 'record': 'new_6_ordinary_s11159_identical_frozen_correct_base_ICI'}
{'verified': 'pairs', 'record': 'new_6_ordinary_s11159_identical_frozen_shuffled_base_CI'}
{'verified': 'pairs', 'record': 'new_6_ordinary_s11159_identical_frozen_shuffled_base_ICI'}
{'verified': 'pairs', 'record': 'new_6_ordinary_s11159_native_or_posthoc_native_operators_base_CI'}
{'verified': 'pairs', 'record': 'new_6_ordinary_s11159_native_or_posthoc_native_operators_base_ICI'}
{'verified': 'pairs', 'record': 'new_6_ordinary_s11159_native_or_posthoc_posthoc_correct_generators_base_CI'}
{'verified': 'pairs', 'record': 'new_6_ordinary_s11159_native_or_posthoc_posthoc_correct_generators_base_ICI'}
{'verified': 'pairs', 'record': 'new_6_ordinary_s11159_native_or_posthoc_posthoc_shuffled_generators_base_CI'}
{'verified': 'pairs', 'record': 'new_6_ordinary_s11159_native_or_posthoc_posthoc_shuffled_generators_base_ICI'}
{'verified': 'pairs', 'record': 'new_6_ordinary_s11159_observed_known_start_native_operators_observed_C_then_I'}
{'verified': 'pairs', 'record': 'new_6_ordinary_s11159_observed_known_start_native_operators_observed_I_then_CI'}
{'verified': 'pairs', 'record': 'new_6_ordinary_s12163_identical_frozen_correct_base_CI'}
{'verified': 'pairs', 'record': 'new_6_ordinary_s12163_identical_frozen_correct_base_ICI'}
{'verified': 'pairs', 'record': 'new_6_ordinary_s12163_identical_frozen_shuffled_base_CI'}
{'verified': 'pairs', 'record': 'new_6_ordinary_s12163_identical_frozen_shuffled_base_ICI'}
{'verified': 'pairs', 'record': 'new_6_ordinary_s12163_native_or_posthoc_native_operators_base_CI'}
{'verified': 'pairs', 'record': 'new_6_ordinary_s12163_native_or_posthoc_native_operators_base_ICI'}
{'verified': 'pairs', 'record': 'new_6_ordinary_s12163_native_or_posthoc_posthoc_correct_generators_base_CI'}
{'verified': 'pairs', 'record': 'new_6_ordinary_s12163_native_or_posthoc_posthoc_correct_generators_base_ICI'}
{'verified': 'pairs', 'record': 'new_6_ordinary_s12163_native_or_posthoc_posthoc_shuffled_generators_base_CI'}
{'verified': 'pairs', 'record': 'new_6_ordinary_s12163_native_or_posthoc_posthoc_shuffled_generators_base_ICI'}
{'verified': 'pairs', 'record': 'new_6_ordinary_s12163_observed_known_start_native_operators_observed_C_then_I'}
{'verified': 'pairs', 'record': 'new_6_ordinary_s12163_observed_known_start_native_operators_observed_I_then_CI'}
{'verified': 'pairs', 'record': 'new_6_ordinary_s13171_identical_frozen_correct_base_CI'}
{'verified': 'pairs', 'record': 'new_6_ordinary_s13171_identical_frozen_correct_base_ICI'}
{'verified': 'pairs', 'record': 'new_6_ordinary_s13171_identical_frozen_shuffled_base_CI'}
{'verified': 'pairs', 'record': 'new_6_ordinary_s13171_identical_frozen_shuffled_base_ICI'}
{'verified': 'pairs', 'record': 'new_6_ordinary_s13171_native_or_posthoc_native_operators_base_CI'}
{'verified': 'pairs', 'record': 'new_6_ordinary_s13171_native_or_posthoc_native_operators_base_ICI'}
{'verified': 'pairs', 'record': 'new_6_ordinary_s13171_native_or_posthoc_posthoc_correct_generators_base_CI'}
{'verified': 'pairs', 'record': 'new_6_ordinary_s13171_native_or_posthoc_posthoc_correct_generators_base_ICI'}
{'verified': 'pairs', 'record': 'new_6_ordinary_s13171_native_or_posthoc_posthoc_shuffled_generators_base_CI'}
{'verified': 'pairs', 'record': 'new_6_ordinary_s13171_native_or_posthoc_posthoc_shuffled_generators_base_ICI'}
{'verified': 'pairs', 'record': 'new_6_ordinary_s13171_observed_known_start_native_operators_observed_C_then_I'}
{'verified': 'pairs', 'record': 'new_6_ordinary_s13171_observed_known_start_native_operators_observed_I_then_CI'}
{'verified': 'pairs', 'record': 'new_6_ordinary_s8111_identical_frozen_correct_base_CI'}
{'verified': 'pairs', 'record': 'new_6_ordinary_s8111_identical_frozen_correct_base_ICI'}
{'verified': 'pairs', 'record': 'new_6_ordinary_s8111_identical_frozen_shuffled_base_CI'}
{'verified': 'pairs', 'record': 'new_6_ordinary_s8111_identical_frozen_shuffled_base_ICI'}
{'verified': 'pairs', 'record': 'new_6_ordinary_s8111_native_or_posthoc_native_operators_base_CI'}
{'verified': 'pairs', 'record': 'new_6_ordinary_s8111_native_or_posthoc_native_operators_base_ICI'}
{'verified': 'pairs', 'record': 'new_6_ordinary_s8111_native_or_posthoc_posthoc_correct_generators_base_CI'}
{'verified': 'pairs', 'record': 'new_6_ordinary_s8111_native_or_posthoc_posthoc_correct_generators_base_ICI'}
{'verified': 'pairs', 'record': 'new_6_ordinary_s8111_native_or_posthoc_posthoc_shuffled_generators_base_CI'}
{'verified': 'pairs', 'record': 'new_6_ordinary_s8111_native_or_posthoc_posthoc_shuffled_generators_base_ICI'}
{'verified': 'pairs', 'record': 'new_6_ordinary_s8111_observed_known_start_native_operators_observed_C_then_I'}
{'verified': 'pairs', 'record': 'new_6_ordinary_s8111_observed_known_start_native_operators_observed_I_then_CI'}
{'verified': 'pairs', 'record': 'new_6_ordinary_s9127_identical_frozen_correct_base_CI'}
{'verified': 'pairs', 'record': 'new_6_ordinary_s9127_identical_frozen_correct_base_ICI'}
{'verified': 'pairs', 'record': 'new_6_ordinary_s9127_identical_frozen_shuffled_base_CI'}
{'verified': 'pairs', 'record': 'new_6_ordinary_s9127_identical_frozen_shuffled_base_ICI'}
{'verified': 'pairs', 'record': 'new_6_ordinary_s9127_native_or_posthoc_native_operators_base_CI'}
{'verified': 'pairs', 'record': 'new_6_ordinary_s9127_native_or_posthoc_native_operators_base_ICI'}
{'verified': 'pairs', 'record': 'new_6_ordinary_s9127_native_or_posthoc_posthoc_correct_generators_base_CI'}
{'verified': 'pairs', 'record': 'new_6_ordinary_s9127_native_or_posthoc_posthoc_correct_generators_base_ICI'}
{'verified': 'pairs', 'record': 'new_6_ordinary_s9127_native_or_posthoc_posthoc_shuffled_generators_base_CI'}
{'verified': 'pairs', 'record': 'new_6_ordinary_s9127_native_or_posthoc_posthoc_shuffled_generators_base_ICI'}
{'verified': 'pairs', 'record': 'new_6_ordinary_s9127_observed_known_start_native_operators_observed_C_then_I'}
{'verified': 'pairs', 'record': 'new_6_ordinary_s9127_observed_known_start_native_operators_observed_I_then_CI'}
{'verified': 'pairs', 'record': 'new_6_shuffled_relations_s10141_identical_frozen_correct_base_CI'}
{'verified': 'pairs', 'record': 'new_6_shuffled_relations_s10141_identical_frozen_correct_base_ICI'}
{'verified': 'pairs', 'record': 'new_6_shuffled_relations_s10141_identical_frozen_shuffled_base_CI'}
{'verified': 'pairs', 'record': 'new_6_shuffled_relations_s10141_identical_frozen_shuffled_base_ICI'}
{'verified': 'pairs', 'record': 'new_6_shuffled_relations_s10141_native_or_posthoc_native_operators_base_CI'}
{'verified': 'pairs', 'record': 'new_6_shuffled_relations_s10141_native_or_posthoc_native_operators_base_ICI'}
{'verified': 'pairs', 'record': 'new_6_shuffled_relations_s10141_native_or_posthoc_posthoc_correct_generators_base_CI'}
{'verified': 'pairs', 'record': 'new_6_shuffled_relations_s10141_native_or_posthoc_posthoc_correct_generators_base_ICI'}
{'verified': 'pairs', 'record': 'new_6_shuffled_relations_s10141_native_or_posthoc_posthoc_shuffled_generators_base_CI'}
{'verified': 'pairs', 'record': 'new_6_shuffled_relations_s10141_native_or_posthoc_posthoc_shuffled_generators_base_ICI'}
{'verified': 'pairs', 'record': 'new_6_shuffled_relations_s10141_observed_known_start_native_operators_observed_C_then_I'}
{'verified': 'pairs', 'record': 'new_6_shuffled_relations_s10141_observed_known_start_native_operators_observed_I_then_CI'}
{'verified': 'pairs', 'record': 'new_6_shuffled_relations_s11159_identical_frozen_correct_base_CI'}
{'verified': 'pairs', 'record': 'new_6_shuffled_relations_s11159_identical_frozen_correct_base_ICI'}
{'verified': 'pairs', 'record': 'new_6_shuffled_relations_s11159_identical_frozen_shuffled_base_CI'}
{'verified': 'pairs', 'record': 'new_6_shuffled_relations_s11159_identical_frozen_shuffled_base_ICI'}
{'verified': 'pairs', 'record': 'new_6_shuffled_relations_s11159_native_or_posthoc_native_operators_base_CI'}
{'verified': 'pairs', 'record': 'new_6_shuffled_relations_s11159_native_or_posthoc_native_operators_base_ICI'}
{'verified': 'pairs', 'record': 'new_6_shuffled_relations_s11159_native_or_posthoc_posthoc_correct_generators_base_CI'}
{'verified': 'pairs', 'record': 'new_6_shuffled_relations_s11159_native_or_posthoc_posthoc_correct_generators_base_ICI'}
{'verified': 'pairs', 'record': 'new_6_shuffled_relations_s11159_native_or_posthoc_posthoc_shuffled_generators_base_CI'}
{'verified': 'pairs', 'record': 'new_6_shuffled_relations_s11159_native_or_posthoc_posthoc_shuffled_generators_base_ICI'}
{'verified': 'pairs', 'record': 'new_6_shuffled_relations_s11159_observed_known_start_native_operators_observed_C_then_I'}
{'verified': 'pairs', 'record': 'new_6_shuffled_relations_s11159_observed_known_start_native_operators_observed_I_then_CI'}
{'verified': 'pairs', 'record': 'new_6_shuffled_relations_s12163_identical_frozen_correct_base_CI'}
{'verified': 'pairs', 'record': 'new_6_shuffled_relations_s12163_identical_frozen_correct_base_ICI'}
{'verified': 'pairs', 'record': 'new_6_shuffled_relations_s12163_identical_frozen_shuffled_base_CI'}
{'verified': 'pairs', 'record': 'new_6_shuffled_relations_s12163_identical_frozen_shuffled_base_ICI'}
{'verified': 'pairs', 'record': 'new_6_shuffled_relations_s12163_native_or_posthoc_native_operators_base_CI'}
{'verified': 'pairs', 'record': 'new_6_shuffled_relations_s12163_native_or_posthoc_native_operators_base_ICI'}
{'verified': 'pairs', 'record': 'new_6_shuffled_relations_s12163_native_or_posthoc_posthoc_correct_generators_base_CI'}
{'verified': 'pairs', 'record': 'new_6_shuffled_relations_s12163_native_or_posthoc_posthoc_correct_generators_base_ICI'}
{'verified': 'pairs', 'record': 'new_6_shuffled_relations_s12163_native_or_posthoc_posthoc_shuffled_generators_base_CI'}
{'verified': 'pairs', 'record': 'new_6_shuffled_relations_s12163_native_or_posthoc_posthoc_shuffled_generators_base_ICI'}
{'verified': 'pairs', 'record': 'new_6_shuffled_relations_s12163_observed_known_start_native_operators_observed_C_then_I'}
{'verified': 'pairs', 'record': 'new_6_shuffled_relations_s12163_observed_known_start_native_operators_observed_I_then_CI'}
{'verified': 'pairs', 'record': 'new_6_shuffled_relations_s13171_identical_frozen_correct_base_CI'}
{'verified': 'pairs', 'record': 'new_6_shuffled_relations_s13171_identical_frozen_correct_base_ICI'}
{'verified': 'pairs', 'record': 'new_6_shuffled_relations_s13171_identical_frozen_shuffled_base_CI'}
{'verified': 'pairs', 'record': 'new_6_shuffled_relations_s13171_identical_frozen_shuffled_base_ICI'}
{'verified': 'pairs', 'record': 'new_6_shuffled_relations_s13171_native_or_posthoc_native_operators_base_CI'}
{'verified': 'pairs', 'record': 'new_6_shuffled_relations_s13171_native_or_posthoc_native_operators_base_ICI'}
{'verified': 'pairs', 'record': 'new_6_shuffled_relations_s13171_native_or_posthoc_posthoc_correct_generators_base_CI'}
{'verified': 'pairs', 'record': 'new_6_shuffled_relations_s13171_native_or_posthoc_posthoc_correct_generators_base_ICI'}
{'verified': 'pairs', 'record': 'new_6_shuffled_relations_s13171_native_or_posthoc_posthoc_shuffled_generators_base_CI'}
{'verified': 'pairs', 'record': 'new_6_shuffled_relations_s13171_native_or_posthoc_posthoc_shuffled_generators_base_ICI'}
{'verified': 'pairs', 'record': 'new_6_shuffled_relations_s13171_observed_known_start_native_operators_observed_C_then_I'}
{'verified': 'pairs', 'record': 'new_6_shuffled_relations_s13171_observed_known_start_native_operators_observed_I_then_CI'}
{'verified': 'pairs', 'record': 'new_6_shuffled_relations_s8111_identical_frozen_correct_base_CI'}
{'verified': 'pairs', 'record': 'new_6_shuffled_relations_s8111_identical_frozen_correct_base_ICI'}
{'verified': 'pairs', 'record': 'new_6_shuffled_relations_s8111_identical_frozen_shuffled_base_CI'}
{'verified': 'pairs', 'record': 'new_6_shuffled_relations_s8111_identical_frozen_shuffled_base_ICI'}
{'verified': 'pairs', 'record': 'new_6_shuffled_relations_s8111_native_or_posthoc_native_operators_base_CI'}
{'verified': 'pairs', 'record': 'new_6_shuffled_relations_s8111_native_or_posthoc_native_operators_base_ICI'}
{'verified': 'pairs', 'record': 'new_6_shuffled_relations_s8111_native_or_posthoc_posthoc_correct_generators_base_CI'}
{'verified': 'pairs', 'record': 'new_6_shuffled_relations_s8111_native_or_posthoc_posthoc_correct_generators_base_ICI'}
{'verified': 'pairs', 'record': 'new_6_shuffled_relations_s8111_native_or_posthoc_posthoc_shuffled_generators_base_CI'}
{'verified': 'pairs', 'record': 'new_6_shuffled_relations_s8111_native_or_posthoc_posthoc_shuffled_generators_base_ICI'}
{'verified': 'pairs', 'record': 'new_6_shuffled_relations_s8111_observed_known_start_native_operators_observed_C_then_I'}
{'verified': 'pairs', 'record': 'new_6_shuffled_relations_s8111_observed_known_start_native_operators_observed_I_then_CI'}
{'verified': 'pairs', 'record': 'new_6_shuffled_relations_s9127_identical_frozen_correct_base_CI'}
{'verified': 'pairs', 'record': 'new_6_shuffled_relations_s9127_identical_frozen_correct_base_ICI'}
{'verified': 'pairs', 'record': 'new_6_shuffled_relations_s9127_identical_frozen_shuffled_base_CI'}
{'verified': 'pairs', 'record': 'new_6_shuffled_relations_s9127_identical_frozen_shuffled_base_ICI'}
{'verified': 'pairs', 'record': 'new_6_shuffled_relations_s9127_native_or_posthoc_native_operators_base_CI'}
{'verified': 'pairs', 'record': 'new_6_shuffled_relations_s9127_native_or_posthoc_native_operators_base_ICI'}
{'verified': 'pairs', 'record': 'new_6_shuffled_relations_s9127_native_or_posthoc_posthoc_correct_generators_base_CI'}
{'verified': 'pairs', 'record': 'new_6_shuffled_relations_s9127_native_or_posthoc_posthoc_correct_generators_base_ICI'}
{'verified': 'pairs', 'record': 'new_6_shuffled_relations_s9127_native_or_posthoc_posthoc_shuffled_generators_base_CI'}
{'verified': 'pairs', 'record': 'new_6_shuffled_relations_s9127_native_or_posthoc_posthoc_shuffled_generators_base_ICI'}
{'verified': 'pairs', 'record': 'new_6_shuffled_relations_s9127_observed_known_start_native_operators_observed_C_then_I'}
{'verified': 'pairs', 'record': 'new_6_shuffled_relations_s9127_observed_known_start_native_operators_observed_I_then_CI'}
{'verified': 'pairs', 'record': 'new_worlds_3_correct_relations_s14173_identical_frozen_correct_base_CI'}
{'verified': 'pairs', 'record': 'new_worlds_3_correct_relations_s14173_identical_frozen_correct_base_ICI'}
{'verified': 'pairs', 'record': 'new_worlds_3_correct_relations_s14173_identical_frozen_shuffled_base_CI'}
{'verified': 'pairs', 'record': 'new_worlds_3_correct_relations_s14173_identical_frozen_shuffled_base_ICI'}
{'verified': 'pairs', 'record': 'new_worlds_3_correct_relations_s14173_native_or_posthoc_native_operators_base_CI'}
{'verified': 'pairs', 'record': 'new_worlds_3_correct_relations_s14173_native_or_posthoc_native_operators_base_ICI'}
{'verified': 'pairs', 'record': 'new_worlds_3_correct_relations_s14173_native_or_posthoc_posthoc_correct_generators_base_CI'}
{'verified': 'pairs', 'record': 'new_worlds_3_correct_relations_s14173_native_or_posthoc_posthoc_correct_generators_base_ICI'}
{'verified': 'pairs', 'record': 'new_worlds_3_correct_relations_s14173_native_or_posthoc_posthoc_shuffled_generators_base_CI'}
{'verified': 'pairs', 'record': 'new_worlds_3_correct_relations_s14173_native_or_posthoc_posthoc_shuffled_generators_base_ICI'}
{'verified': 'pairs', 'record': 'new_worlds_3_correct_relations_s14173_observed_known_start_frozen_full_correct_observed_C_then_I'}
{'verified': 'pairs', 'record': 'new_worlds_3_correct_relations_s14173_observed_known_start_frozen_full_correct_observed_I_then_CI'}
{'verified': 'pairs', 'record': 'new_worlds_3_correct_relations_s14173_observed_known_start_frozen_full_shuffled_observed_C_then_I'}
{'verified': 'pairs', 'record': 'new_worlds_3_correct_relations_s14173_observed_known_start_frozen_full_shuffled_observed_I_then_CI'}
{'verified': 'pairs', 'record': 'new_worlds_3_correct_relations_s14173_observed_known_start_native_operators_observed_C_then_I'}
{'verified': 'pairs', 'record': 'new_worlds_3_correct_relations_s14173_observed_known_start_native_operators_observed_I_then_CI'}
{'verified': 'pairs', 'record': 'new_worlds_3_correct_relations_s15187_identical_frozen_correct_base_CI'}
{'verified': 'pairs', 'record': 'new_worlds_3_correct_relations_s15187_identical_frozen_correct_base_ICI'}
{'verified': 'pairs', 'record': 'new_worlds_3_correct_relations_s15187_identical_frozen_shuffled_base_CI'}
{'verified': 'pairs', 'record': 'new_worlds_3_correct_relations_s15187_identical_frozen_shuffled_base_ICI'}
{'verified': 'pairs', 'record': 'new_worlds_3_correct_relations_s15187_native_or_posthoc_native_operators_base_CI'}
{'verified': 'pairs', 'record': 'new_worlds_3_correct_relations_s15187_native_or_posthoc_native_operators_base_ICI'}
{'verified': 'pairs', 'record': 'new_worlds_3_correct_relations_s15187_native_or_posthoc_posthoc_correct_generators_base_CI'}
{'verified': 'pairs', 'record': 'new_worlds_3_correct_relations_s15187_native_or_posthoc_posthoc_correct_generators_base_ICI'}
{'verified': 'pairs', 'record': 'new_worlds_3_correct_relations_s15187_native_or_posthoc_posthoc_shuffled_generators_base_CI'}
{'verified': 'pairs', 'record': 'new_worlds_3_correct_relations_s15187_native_or_posthoc_posthoc_shuffled_generators_base_ICI'}
{'verified': 'pairs', 'record': 'new_worlds_3_correct_relations_s15187_observed_known_start_frozen_full_correct_observed_C_then_I'}
{'verified': 'pairs', 'record': 'new_worlds_3_correct_relations_s15187_observed_known_start_frozen_full_correct_observed_I_then_CI'}
{'verified': 'pairs', 'record': 'new_worlds_3_correct_relations_s15187_observed_known_start_frozen_full_shuffled_observed_C_then_I'}
{'verified': 'pairs', 'record': 'new_worlds_3_correct_relations_s15187_observed_known_start_frozen_full_shuffled_observed_I_then_CI'}
{'verified': 'pairs', 'record': 'new_worlds_3_correct_relations_s15187_observed_known_start_native_operators_observed_C_then_I'}
{'verified': 'pairs', 'record': 'new_worlds_3_correct_relations_s15187_observed_known_start_native_operators_observed_I_then_CI'}
{'verified': 'pairs', 'record': 'new_worlds_3_correct_relations_s16189_identical_frozen_correct_base_CI'}
{'verified': 'pairs', 'record': 'new_worlds_3_correct_relations_s16189_identical_frozen_correct_base_ICI'}
{'verified': 'pairs', 'record': 'new_worlds_3_correct_relations_s16189_identical_frozen_shuffled_base_CI'}
{'verified': 'pairs', 'record': 'new_worlds_3_correct_relations_s16189_identical_frozen_shuffled_base_ICI'}
{'verified': 'pairs', 'record': 'new_worlds_3_correct_relations_s16189_native_or_posthoc_native_operators_base_CI'}
{'verified': 'pairs', 'record': 'new_worlds_3_correct_relations_s16189_native_or_posthoc_native_operators_base_ICI'}
{'verified': 'pairs', 'record': 'new_worlds_3_correct_relations_s16189_native_or_posthoc_posthoc_correct_generators_base_CI'}
{'verified': 'pairs', 'record': 'new_worlds_3_correct_relations_s16189_native_or_posthoc_posthoc_correct_generators_base_ICI'}
{'verified': 'pairs', 'record': 'new_worlds_3_correct_relations_s16189_native_or_posthoc_posthoc_shuffled_generators_base_CI'}
{'verified': 'pairs', 'record': 'new_worlds_3_correct_relations_s16189_native_or_posthoc_posthoc_shuffled_generators_base_ICI'}
{'verified': 'pairs', 'record': 'new_worlds_3_correct_relations_s16189_observed_known_start_frozen_full_correct_observed_C_then_I'}
{'verified': 'pairs', 'record': 'new_worlds_3_correct_relations_s16189_observed_known_start_frozen_full_correct_observed_I_then_CI'}
{'verified': 'pairs', 'record': 'new_worlds_3_correct_relations_s16189_observed_known_start_frozen_full_shuffled_observed_C_then_I'}
{'verified': 'pairs', 'record': 'new_worlds_3_correct_relations_s16189_observed_known_start_frozen_full_shuffled_observed_I_then_CI'}
{'verified': 'pairs', 'record': 'new_worlds_3_correct_relations_s16189_observed_known_start_native_operators_observed_C_then_I'}
{'verified': 'pairs', 'record': 'new_worlds_3_correct_relations_s16189_observed_known_start_native_operators_observed_I_then_CI'}
{'verified': 'pairs', 'record': 'new_worlds_3_ordinary_s14173_identical_frozen_correct_base_CI'}
{'verified': 'pairs', 'record': 'new_worlds_3_ordinary_s14173_identical_frozen_correct_base_ICI'}
{'verified': 'pairs', 'record': 'new_worlds_3_ordinary_s14173_identical_frozen_shuffled_base_CI'}
{'verified': 'pairs', 'record': 'new_worlds_3_ordinary_s14173_identical_frozen_shuffled_base_ICI'}
{'verified': 'pairs', 'record': 'new_worlds_3_ordinary_s14173_native_or_posthoc_native_operators_base_CI'}
{'verified': 'pairs', 'record': 'new_worlds_3_ordinary_s14173_native_or_posthoc_native_operators_base_ICI'}
{'verified': 'pairs', 'record': 'new_worlds_3_ordinary_s14173_native_or_posthoc_posthoc_correct_generators_base_CI'}
{'verified': 'pairs', 'record': 'new_worlds_3_ordinary_s14173_native_or_posthoc_posthoc_correct_generators_base_ICI'}
{'verified': 'pairs', 'record': 'new_worlds_3_ordinary_s14173_native_or_posthoc_posthoc_shuffled_generators_base_CI'}
{'verified': 'pairs', 'record': 'new_worlds_3_ordinary_s14173_native_or_posthoc_posthoc_shuffled_generators_base_ICI'}
{'verified': 'pairs', 'record': 'new_worlds_3_ordinary_s14173_observed_known_start_frozen_full_correct_observed_C_then_I'}
{'verified': 'pairs', 'record': 'new_worlds_3_ordinary_s14173_observed_known_start_frozen_full_correct_observed_I_then_CI'}
{'verified': 'pairs', 'record': 'new_worlds_3_ordinary_s14173_observed_known_start_frozen_full_shuffled_observed_C_then_I'}
{'verified': 'pairs', 'record': 'new_worlds_3_ordinary_s14173_observed_known_start_frozen_full_shuffled_observed_I_then_CI'}
{'verified': 'pairs', 'record': 'new_worlds_3_ordinary_s14173_observed_known_start_native_operators_observed_C_then_I'}
{'verified': 'pairs', 'record': 'new_worlds_3_ordinary_s14173_observed_known_start_native_operators_observed_I_then_CI'}
{'verified': 'pairs', 'record': 'new_worlds_3_ordinary_s15187_identical_frozen_correct_base_CI'}
{'verified': 'pairs', 'record': 'new_worlds_3_ordinary_s15187_identical_frozen_correct_base_ICI'}
{'verified': 'pairs', 'record': 'new_worlds_3_ordinary_s15187_identical_frozen_shuffled_base_CI'}
{'verified': 'pairs', 'record': 'new_worlds_3_ordinary_s15187_identical_frozen_shuffled_base_ICI'}
{'verified': 'pairs', 'record': 'new_worlds_3_ordinary_s15187_native_or_posthoc_native_operators_base_CI'}
{'verified': 'pairs', 'record': 'new_worlds_3_ordinary_s15187_native_or_posthoc_native_operators_base_ICI'}
{'verified': 'pairs', 'record': 'new_worlds_3_ordinary_s15187_native_or_posthoc_posthoc_correct_generators_base_CI'}
{'verified': 'pairs', 'record': 'new_worlds_3_ordinary_s15187_native_or_posthoc_posthoc_correct_generators_base_ICI'}
{'verified': 'pairs', 'record': 'new_worlds_3_ordinary_s15187_native_or_posthoc_posthoc_shuffled_generators_base_CI'}
{'verified': 'pairs', 'record': 'new_worlds_3_ordinary_s15187_native_or_posthoc_posthoc_shuffled_generators_base_ICI'}
{'verified': 'pairs', 'record': 'new_worlds_3_ordinary_s15187_observed_known_start_frozen_full_correct_observed_C_then_I'}
{'verified': 'pairs', 'record': 'new_worlds_3_ordinary_s15187_observed_known_start_frozen_full_correct_observed_I_then_CI'}
{'verified': 'pairs', 'record': 'new_worlds_3_ordinary_s15187_observed_known_start_frozen_full_shuffled_observed_C_then_I'}
{'verified': 'pairs', 'record': 'new_worlds_3_ordinary_s15187_observed_known_start_frozen_full_shuffled_observed_I_then_CI'}
{'verified': 'pairs', 'record': 'new_worlds_3_ordinary_s15187_observed_known_start_native_operators_observed_C_then_I'}
{'verified': 'pairs', 'record': 'new_worlds_3_ordinary_s15187_observed_known_start_native_operators_observed_I_then_CI'}
{'verified': 'pairs', 'record': 'new_worlds_3_ordinary_s16189_identical_frozen_correct_base_CI'}
{'verified': 'pairs', 'record': 'new_worlds_3_ordinary_s16189_identical_frozen_correct_base_ICI'}
{'verified': 'pairs', 'record': 'new_worlds_3_ordinary_s16189_identical_frozen_shuffled_base_CI'}
{'verified': 'pairs', 'record': 'new_worlds_3_ordinary_s16189_identical_frozen_shuffled_base_ICI'}
{'verified': 'pairs', 'record': 'new_worlds_3_ordinary_s16189_native_or_posthoc_native_operators_base_CI'}
{'verified': 'pairs', 'record': 'new_worlds_3_ordinary_s16189_native_or_posthoc_native_operators_base_ICI'}
{'verified': 'pairs', 'record': 'new_worlds_3_ordinary_s16189_native_or_posthoc_posthoc_correct_generators_base_CI'}
{'verified': 'pairs', 'record': 'new_worlds_3_ordinary_s16189_native_or_posthoc_posthoc_correct_generators_base_ICI'}
{'verified': 'pairs', 'record': 'new_worlds_3_ordinary_s16189_native_or_posthoc_posthoc_shuffled_generators_base_CI'}
{'verified': 'pairs', 'record': 'new_worlds_3_ordinary_s16189_native_or_posthoc_posthoc_shuffled_generators_base_ICI'}
{'verified': 'pairs', 'record': 'new_worlds_3_ordinary_s16189_observed_known_start_frozen_full_correct_observed_C_then_I'}
{'verified': 'pairs', 'record': 'new_worlds_3_ordinary_s16189_observed_known_start_frozen_full_correct_observed_I_then_CI'}
{'verified': 'pairs', 'record': 'new_worlds_3_ordinary_s16189_observed_known_start_frozen_full_shuffled_observed_C_then_I'}
{'verified': 'pairs', 'record': 'new_worlds_3_ordinary_s16189_observed_known_start_frozen_full_shuffled_observed_I_then_CI'}
{'verified': 'pairs', 'record': 'new_worlds_3_ordinary_s16189_observed_known_start_native_operators_observed_C_then_I'}
{'verified': 'pairs', 'record': 'new_worlds_3_ordinary_s16189_observed_known_start_native_operators_observed_I_then_CI'}
{'verified': 'pairs', 'record': 'new_worlds_3_shuffled_relations_s14173_identical_frozen_correct_base_CI'}
{'verified': 'pairs', 'record': 'new_worlds_3_shuffled_relations_s14173_identical_frozen_correct_base_ICI'}
{'verified': 'pairs', 'record': 'new_worlds_3_shuffled_relations_s14173_identical_frozen_shuffled_base_CI'}
{'verified': 'pairs', 'record': 'new_worlds_3_shuffled_relations_s14173_identical_frozen_shuffled_base_ICI'}
{'verified': 'pairs', 'record': 'new_worlds_3_shuffled_relations_s14173_native_or_posthoc_native_operators_base_CI'}
{'verified': 'pairs', 'record': 'new_worlds_3_shuffled_relations_s14173_native_or_posthoc_native_operators_base_ICI'}
{'verified': 'pairs', 'record': 'new_worlds_3_shuffled_relations_s14173_native_or_posthoc_posthoc_correct_generators_base_CI'}
{'verified': 'pairs', 'record': 'new_worlds_3_shuffled_relations_s14173_native_or_posthoc_posthoc_correct_generators_base_ICI'}
{'verified': 'pairs', 'record': 'new_worlds_3_shuffled_relations_s14173_native_or_posthoc_posthoc_shuffled_generators_base_CI'}
{'verified': 'pairs', 'record': 'new_worlds_3_shuffled_relations_s14173_native_or_posthoc_posthoc_shuffled_generators_base_ICI'}
{'verified': 'pairs', 'record': 'new_worlds_3_shuffled_relations_s14173_observed_known_start_frozen_full_correct_observed_C_then_I'}
{'verified': 'pairs', 'record': 'new_worlds_3_shuffled_relations_s14173_observed_known_start_frozen_full_correct_observed_I_then_CI'}
{'verified': 'pairs', 'record': 'new_worlds_3_shuffled_relations_s14173_observed_known_start_frozen_full_shuffled_observed_C_then_I'}
{'verified': 'pairs', 'record': 'new_worlds_3_shuffled_relations_s14173_observed_known_start_frozen_full_shuffled_observed_I_then_CI'}
{'verified': 'pairs', 'record': 'new_worlds_3_shuffled_relations_s14173_observed_known_start_native_operators_observed_C_then_I'}
{'verified': 'pairs', 'record': 'new_worlds_3_shuffled_relations_s14173_observed_known_start_native_operators_observed_I_then_CI'}
{'verified': 'pairs', 'record': 'new_worlds_3_shuffled_relations_s15187_identical_frozen_correct_base_CI'}
{'verified': 'pairs', 'record': 'new_worlds_3_shuffled_relations_s15187_identical_frozen_correct_base_ICI'}
{'verified': 'pairs', 'record': 'new_worlds_3_shuffled_relations_s15187_identical_frozen_shuffled_base_CI'}
{'verified': 'pairs', 'record': 'new_worlds_3_shuffled_relations_s15187_identical_frozen_shuffled_base_ICI'}
{'verified': 'pairs', 'record': 'new_worlds_3_shuffled_relations_s15187_native_or_posthoc_native_operators_base_CI'}
{'verified': 'pairs', 'record': 'new_worlds_3_shuffled_relations_s15187_native_or_posthoc_native_operators_base_ICI'}
{'verified': 'pairs', 'record': 'new_worlds_3_shuffled_relations_s15187_native_or_posthoc_posthoc_correct_generators_base_CI'}
{'verified': 'pairs', 'record': 'new_worlds_3_shuffled_relations_s15187_native_or_posthoc_posthoc_correct_generators_base_ICI'}
{'verified': 'pairs', 'record': 'new_worlds_3_shuffled_relations_s15187_native_or_posthoc_posthoc_shuffled_generators_base_CI'}
{'verified': 'pairs', 'record': 'new_worlds_3_shuffled_relations_s15187_native_or_posthoc_posthoc_shuffled_generators_base_ICI'}
{'verified': 'pairs', 'record': 'new_worlds_3_shuffled_relations_s15187_observed_known_start_frozen_full_correct_observed_C_then_I'}
{'verified': 'pairs', 'record': 'new_worlds_3_shuffled_relations_s15187_observed_known_start_frozen_full_correct_observed_I_then_CI'}
{'verified': 'pairs', 'record': 'new_worlds_3_shuffled_relations_s15187_observed_known_start_frozen_full_shuffled_observed_C_then_I'}
{'verified': 'pairs', 'record': 'new_worlds_3_shuffled_relations_s15187_observed_known_start_frozen_full_shuffled_observed_I_then_CI'}
{'verified': 'pairs', 'record': 'new_worlds_3_shuffled_relations_s15187_observed_known_start_native_operators_observed_C_then_I'}
{'verified': 'pairs', 'record': 'new_worlds_3_shuffled_relations_s15187_observed_known_start_native_operators_observed_I_then_CI'}
{'verified': 'pairs', 'record': 'new_worlds_3_shuffled_relations_s16189_identical_frozen_correct_base_CI'}
{'verified': 'pairs', 'record': 'new_worlds_3_shuffled_relations_s16189_identical_frozen_correct_base_ICI'}
{'verified': 'pairs', 'record': 'new_worlds_3_shuffled_relations_s16189_identical_frozen_shuffled_base_CI'}
{'verified': 'pairs', 'record': 'new_worlds_3_shuffled_relations_s16189_identical_frozen_shuffled_base_ICI'}
{'verified': 'pairs', 'record': 'new_worlds_3_shuffled_relations_s16189_native_or_posthoc_native_operators_base_CI'}
{'verified': 'pairs', 'record': 'new_worlds_3_shuffled_relations_s16189_native_or_posthoc_native_operators_base_ICI'}
{'verified': 'pairs', 'record': 'new_worlds_3_shuffled_relations_s16189_native_or_posthoc_posthoc_correct_generators_base_CI'}
{'verified': 'pairs', 'record': 'new_worlds_3_shuffled_relations_s16189_native_or_posthoc_posthoc_correct_generators_base_ICI'}
{'verified': 'pairs', 'record': 'new_worlds_3_shuffled_relations_s16189_native_or_posthoc_posthoc_shuffled_generators_base_CI'}
{'verified': 'pairs', 'record': 'new_worlds_3_shuffled_relations_s16189_native_or_posthoc_posthoc_shuffled_generators_base_ICI'}
{'verified': 'pairs', 'record': 'new_worlds_3_shuffled_relations_s16189_observed_known_start_frozen_full_correct_observed_C_then_I'}
{'verified': 'pairs', 'record': 'new_worlds_3_shuffled_relations_s16189_observed_known_start_frozen_full_correct_observed_I_then_CI'}
{'verified': 'pairs', 'record': 'new_worlds_3_shuffled_relations_s16189_observed_known_start_frozen_full_shuffled_observed_C_then_I'}
{'verified': 'pairs', 'record': 'new_worlds_3_shuffled_relations_s16189_observed_known_start_frozen_full_shuffled_observed_I_then_CI'}
{'verified': 'pairs', 'record': 'new_worlds_3_shuffled_relations_s16189_observed_known_start_native_operators_observed_C_then_I'}
{'verified': 'pairs', 'record': 'new_worlds_3_shuffled_relations_s16189_observed_known_start_native_operators_observed_I_then_CI'}
{'verified': 'pairs', 'record': 'original_3_correct_relations_s5081_identical_frozen_correct_base_CI'}
{'verified': 'pairs', 'record': 'original_3_correct_relations_s5081_identical_frozen_correct_base_ICI'}
{'verified': 'pairs', 'record': 'original_3_correct_relations_s5081_identical_frozen_shuffled_base_CI'}
{'verified': 'pairs', 'record': 'original_3_correct_relations_s5081_identical_frozen_shuffled_base_ICI'}
{'verified': 'pairs', 'record': 'original_3_correct_relations_s5081_native_or_posthoc_native_operators_base_CI'}
{'verified': 'pairs', 'record': 'original_3_correct_relations_s5081_native_or_posthoc_native_operators_base_ICI'}
{'verified': 'pairs', 'record': 'original_3_correct_relations_s5081_native_or_posthoc_posthoc_correct_generators_base_CI'}
{'verified': 'pairs', 'record': 'original_3_correct_relations_s5081_native_or_posthoc_posthoc_correct_generators_base_ICI'}
{'verified': 'pairs', 'record': 'original_3_correct_relations_s5081_native_or_posthoc_posthoc_shuffled_generators_base_CI'}
{'verified': 'pairs', 'record': 'original_3_correct_relations_s5081_native_or_posthoc_posthoc_shuffled_generators_base_ICI'}
{'verified': 'pairs', 'record': 'original_3_correct_relations_s5081_observed_known_start_frozen_full_correct_observed_C_then_I'}
{'verified': 'pairs', 'record': 'original_3_correct_relations_s5081_observed_known_start_frozen_full_correct_observed_I_then_CI'}
{'verified': 'pairs', 'record': 'original_3_correct_relations_s5081_observed_known_start_frozen_full_shuffled_observed_C_then_I'}
{'verified': 'pairs', 'record': 'original_3_correct_relations_s5081_observed_known_start_frozen_full_shuffled_observed_I_then_CI'}
{'verified': 'pairs', 'record': 'original_3_correct_relations_s5081_observed_known_start_native_operators_observed_C_then_I'}
{'verified': 'pairs', 'record': 'original_3_correct_relations_s5081_observed_known_start_native_operators_observed_I_then_CI'}
{'verified': 'pairs', 'record': 'original_3_correct_relations_s6091_identical_frozen_correct_base_CI'}
{'verified': 'pairs', 'record': 'original_3_correct_relations_s6091_identical_frozen_correct_base_ICI'}
{'verified': 'pairs', 'record': 'original_3_correct_relations_s6091_identical_frozen_shuffled_base_CI'}
{'verified': 'pairs', 'record': 'original_3_correct_relations_s6091_identical_frozen_shuffled_base_ICI'}
{'verified': 'pairs', 'record': 'original_3_correct_relations_s6091_native_or_posthoc_native_operators_base_CI'}
{'verified': 'pairs', 'record': 'original_3_correct_relations_s6091_native_or_posthoc_native_operators_base_ICI'}
{'verified': 'pairs', 'record': 'original_3_correct_relations_s6091_native_or_posthoc_posthoc_correct_generators_base_CI'}
{'verified': 'pairs', 'record': 'original_3_correct_relations_s6091_native_or_posthoc_posthoc_correct_generators_base_ICI'}
{'verified': 'pairs', 'record': 'original_3_correct_relations_s6091_native_or_posthoc_posthoc_shuffled_generators_base_CI'}
{'verified': 'pairs', 'record': 'original_3_correct_relations_s6091_native_or_posthoc_posthoc_shuffled_generators_base_ICI'}
{'verified': 'pairs', 'record': 'original_3_correct_relations_s6091_observed_known_start_frozen_full_correct_observed_C_then_I'}
{'verified': 'pairs', 'record': 'original_3_correct_relations_s6091_observed_known_start_frozen_full_correct_observed_I_then_CI'}
{'verified': 'pairs', 'record': 'original_3_correct_relations_s6091_observed_known_start_frozen_full_shuffled_observed_C_then_I'}
{'verified': 'pairs', 'record': 'original_3_correct_relations_s6091_observed_known_start_frozen_full_shuffled_observed_I_then_CI'}
{'verified': 'pairs', 'record': 'original_3_correct_relations_s6091_observed_known_start_native_operators_observed_C_then_I'}
{'verified': 'pairs', 'record': 'original_3_correct_relations_s6091_observed_known_start_native_operators_observed_I_then_CI'}
{'verified': 'pairs', 'record': 'original_3_correct_relations_s7103_identical_frozen_correct_base_CI'}
{'verified': 'pairs', 'record': 'original_3_correct_relations_s7103_identical_frozen_correct_base_ICI'}
{'verified': 'pairs', 'record': 'original_3_correct_relations_s7103_identical_frozen_shuffled_base_CI'}
{'verified': 'pairs', 'record': 'original_3_correct_relations_s7103_identical_frozen_shuffled_base_ICI'}
{'verified': 'pairs', 'record': 'original_3_correct_relations_s7103_native_or_posthoc_native_operators_base_CI'}
{'verified': 'pairs', 'record': 'original_3_correct_relations_s7103_native_or_posthoc_native_operators_base_ICI'}
{'verified': 'pairs', 'record': 'original_3_correct_relations_s7103_native_or_posthoc_posthoc_correct_generators_base_CI'}
{'verified': 'pairs', 'record': 'original_3_correct_relations_s7103_native_or_posthoc_posthoc_correct_generators_base_ICI'}
{'verified': 'pairs', 'record': 'original_3_correct_relations_s7103_native_or_posthoc_posthoc_shuffled_generators_base_CI'}
{'verified': 'pairs', 'record': 'original_3_correct_relations_s7103_native_or_posthoc_posthoc_shuffled_generators_base_ICI'}
{'verified': 'pairs', 'record': 'original_3_correct_relations_s7103_observed_known_start_frozen_full_correct_observed_C_then_I'}
{'verified': 'pairs', 'record': 'original_3_correct_relations_s7103_observed_known_start_frozen_full_correct_observed_I_then_CI'}
{'verified': 'pairs', 'record': 'original_3_correct_relations_s7103_observed_known_start_frozen_full_shuffled_observed_C_then_I'}
{'verified': 'pairs', 'record': 'original_3_correct_relations_s7103_observed_known_start_frozen_full_shuffled_observed_I_then_CI'}
{'verified': 'pairs', 'record': 'original_3_correct_relations_s7103_observed_known_start_native_operators_observed_C_then_I'}
{'verified': 'pairs', 'record': 'original_3_correct_relations_s7103_observed_known_start_native_operators_observed_I_then_CI'}
{'verified': 'pairs', 'record': 'original_3_ordinary_s5081_identical_frozen_correct_base_CI'}
{'verified': 'pairs', 'record': 'original_3_ordinary_s5081_identical_frozen_correct_base_ICI'}
{'verified': 'pairs', 'record': 'original_3_ordinary_s5081_identical_frozen_shuffled_base_CI'}
{'verified': 'pairs', 'record': 'original_3_ordinary_s5081_identical_frozen_shuffled_base_ICI'}
{'verified': 'pairs', 'record': 'original_3_ordinary_s5081_native_or_posthoc_native_operators_base_CI'}
{'verified': 'pairs', 'record': 'original_3_ordinary_s5081_native_or_posthoc_native_operators_base_ICI'}
{'verified': 'pairs', 'record': 'original_3_ordinary_s5081_native_or_posthoc_posthoc_correct_generators_base_CI'}
{'verified': 'pairs', 'record': 'original_3_ordinary_s5081_native_or_posthoc_posthoc_correct_generators_base_ICI'}
{'verified': 'pairs', 'record': 'original_3_ordinary_s5081_native_or_posthoc_posthoc_shuffled_generators_base_CI'}
{'verified': 'pairs', 'record': 'original_3_ordinary_s5081_native_or_posthoc_posthoc_shuffled_generators_base_ICI'}
{'verified': 'pairs', 'record': 'original_3_ordinary_s5081_observed_known_start_frozen_full_correct_observed_C_then_I'}
{'verified': 'pairs', 'record': 'original_3_ordinary_s5081_observed_known_start_frozen_full_correct_observed_I_then_CI'}
{'verified': 'pairs', 'record': 'original_3_ordinary_s5081_observed_known_start_frozen_full_shuffled_observed_C_then_I'}
{'verified': 'pairs', 'record': 'original_3_ordinary_s5081_observed_known_start_frozen_full_shuffled_observed_I_then_CI'}
{'verified': 'pairs', 'record': 'original_3_ordinary_s5081_observed_known_start_native_operators_observed_C_then_I'}
{'verified': 'pairs', 'record': 'original_3_ordinary_s5081_observed_known_start_native_operators_observed_I_then_CI'}
{'verified': 'pairs', 'record': 'original_3_ordinary_s6091_identical_frozen_correct_base_CI'}
{'verified': 'pairs', 'record': 'original_3_ordinary_s6091_identical_frozen_correct_base_ICI'}
{'verified': 'pairs', 'record': 'original_3_ordinary_s6091_identical_frozen_shuffled_base_CI'}
{'verified': 'pairs', 'record': 'original_3_ordinary_s6091_identical_frozen_shuffled_base_ICI'}
{'verified': 'pairs', 'record': 'original_3_ordinary_s6091_native_or_posthoc_native_operators_base_CI'}
{'verified': 'pairs', 'record': 'original_3_ordinary_s6091_native_or_posthoc_native_operators_base_ICI'}
{'verified': 'pairs', 'record': 'original_3_ordinary_s6091_native_or_posthoc_posthoc_correct_generators_base_CI'}
{'verified': 'pairs', 'record': 'original_3_ordinary_s6091_native_or_posthoc_posthoc_correct_generators_base_ICI'}
{'verified': 'pairs', 'record': 'original_3_ordinary_s6091_native_or_posthoc_posthoc_shuffled_generators_base_CI'}
{'verified': 'pairs', 'record': 'original_3_ordinary_s6091_native_or_posthoc_posthoc_shuffled_generators_base_ICI'}
{'verified': 'pairs', 'record': 'original_3_ordinary_s6091_observed_known_start_frozen_full_correct_observed_C_then_I'}
{'verified': 'pairs', 'record': 'original_3_ordinary_s6091_observed_known_start_frozen_full_correct_observed_I_then_CI'}
{'verified': 'pairs', 'record': 'original_3_ordinary_s6091_observed_known_start_frozen_full_shuffled_observed_C_then_I'}
{'verified': 'pairs', 'record': 'original_3_ordinary_s6091_observed_known_start_frozen_full_shuffled_observed_I_then_CI'}
{'verified': 'pairs', 'record': 'original_3_ordinary_s6091_observed_known_start_native_operators_observed_C_then_I'}
{'verified': 'pairs', 'record': 'original_3_ordinary_s6091_observed_known_start_native_operators_observed_I_then_CI'}
{'verified': 'pairs', 'record': 'original_3_ordinary_s7103_identical_frozen_correct_base_CI'}
{'verified': 'pairs', 'record': 'original_3_ordinary_s7103_identical_frozen_correct_base_ICI'}
{'verified': 'pairs', 'record': 'original_3_ordinary_s7103_identical_frozen_shuffled_base_CI'}
{'verified': 'pairs', 'record': 'original_3_ordinary_s7103_identical_frozen_shuffled_base_ICI'}
{'verified': 'pairs', 'record': 'original_3_ordinary_s7103_native_or_posthoc_native_operators_base_CI'}
{'verified': 'pairs', 'record': 'original_3_ordinary_s7103_native_or_posthoc_native_operators_base_ICI'}
{'verified': 'pairs', 'record': 'original_3_ordinary_s7103_native_or_posthoc_posthoc_correct_generators_base_CI'}
{'verified': 'pairs', 'record': 'original_3_ordinary_s7103_native_or_posthoc_posthoc_correct_generators_base_ICI'}
{'verified': 'pairs', 'record': 'original_3_ordinary_s7103_native_or_posthoc_posthoc_shuffled_generators_base_CI'}
{'verified': 'pairs', 'record': 'original_3_ordinary_s7103_native_or_posthoc_posthoc_shuffled_generators_base_ICI'}
{'verified': 'pairs', 'record': 'original_3_ordinary_s7103_observed_known_start_frozen_full_correct_observed_C_then_I'}
{'verified': 'pairs', 'record': 'original_3_ordinary_s7103_observed_known_start_frozen_full_correct_observed_I_then_CI'}
{'verified': 'pairs', 'record': 'original_3_ordinary_s7103_observed_known_start_frozen_full_shuffled_observed_C_then_I'}
{'verified': 'pairs', 'record': 'original_3_ordinary_s7103_observed_known_start_frozen_full_shuffled_observed_I_then_CI'}
{'verified': 'pairs', 'record': 'original_3_ordinary_s7103_observed_known_start_native_operators_observed_C_then_I'}
{'verified': 'pairs', 'record': 'original_3_ordinary_s7103_observed_known_start_native_operators_observed_I_then_CI'}
{'verified': 'pairs', 'record': 'original_3_shuffled_relations_s5081_identical_frozen_correct_base_CI'}
{'verified': 'pairs', 'record': 'original_3_shuffled_relations_s5081_identical_frozen_correct_base_ICI'}
{'verified': 'pairs', 'record': 'original_3_shuffled_relations_s5081_identical_frozen_shuffled_base_CI'}
{'verified': 'pairs', 'record': 'original_3_shuffled_relations_s5081_identical_frozen_shuffled_base_ICI'}
{'verified': 'pairs', 'record': 'original_3_shuffled_relations_s5081_native_or_posthoc_native_operators_base_CI'}
{'verified': 'pairs', 'record': 'original_3_shuffled_relations_s5081_native_or_posthoc_native_operators_base_ICI'}
{'verified': 'pairs', 'record': 'original_3_shuffled_relations_s5081_native_or_posthoc_posthoc_correct_generators_base_CI'}
{'verified': 'pairs', 'record': 'original_3_shuffled_relations_s5081_native_or_posthoc_posthoc_correct_generators_base_ICI'}
{'verified': 'pairs', 'record': 'original_3_shuffled_relations_s5081_native_or_posthoc_posthoc_shuffled_generators_base_CI'}
{'verified': 'pairs', 'record': 'original_3_shuffled_relations_s5081_native_or_posthoc_posthoc_shuffled_generators_base_ICI'}
{'verified': 'pairs', 'record': 'original_3_shuffled_relations_s5081_observed_known_start_frozen_full_correct_observed_C_then_I'}
{'verified': 'pairs', 'record': 'original_3_shuffled_relations_s5081_observed_known_start_frozen_full_correct_observed_I_then_CI'}
{'verified': 'pairs', 'record': 'original_3_shuffled_relations_s5081_observed_known_start_frozen_full_shuffled_observed_C_then_I'}
{'verified': 'pairs', 'record': 'original_3_shuffled_relations_s5081_observed_known_start_frozen_full_shuffled_observed_I_then_CI'}
{'verified': 'pairs', 'record': 'original_3_shuffled_relations_s5081_observed_known_start_native_operators_observed_C_then_I'}
{'verified': 'pairs', 'record': 'original_3_shuffled_relations_s5081_observed_known_start_native_operators_observed_I_then_CI'}
{'verified': 'pairs', 'record': 'original_3_shuffled_relations_s6091_identical_frozen_correct_base_CI'}
{'verified': 'pairs', 'record': 'original_3_shuffled_relations_s6091_identical_frozen_correct_base_ICI'}
{'verified': 'pairs', 'record': 'original_3_shuffled_relations_s6091_identical_frozen_shuffled_base_CI'}
{'verified': 'pairs', 'record': 'original_3_shuffled_relations_s6091_identical_frozen_shuffled_base_ICI'}
{'verified': 'pairs', 'record': 'original_3_shuffled_relations_s6091_native_or_posthoc_native_operators_base_CI'}
{'verified': 'pairs', 'record': 'original_3_shuffled_relations_s6091_native_or_posthoc_native_operators_base_ICI'}
{'verified': 'pairs', 'record': 'original_3_shuffled_relations_s6091_native_or_posthoc_posthoc_correct_generators_base_CI'}
{'verified': 'pairs', 'record': 'original_3_shuffled_relations_s6091_native_or_posthoc_posthoc_correct_generators_base_ICI'}
{'verified': 'pairs', 'record': 'original_3_shuffled_relations_s6091_native_or_posthoc_posthoc_shuffled_generators_base_CI'}
{'verified': 'pairs', 'record': 'original_3_shuffled_relations_s6091_native_or_posthoc_posthoc_shuffled_generators_base_ICI'}
{'verified': 'pairs', 'record': 'original_3_shuffled_relations_s6091_observed_known_start_frozen_full_correct_observed_C_then_I'}
{'verified': 'pairs', 'record': 'original_3_shuffled_relations_s6091_observed_known_start_frozen_full_correct_observed_I_then_CI'}
{'verified': 'pairs', 'record': 'original_3_shuffled_relations_s6091_observed_known_start_frozen_full_shuffled_observed_C_then_I'}
{'verified': 'pairs', 'record': 'original_3_shuffled_relations_s6091_observed_known_start_frozen_full_shuffled_observed_I_then_CI'}
{'verified': 'pairs', 'record': 'original_3_shuffled_relations_s6091_observed_known_start_native_operators_observed_C_then_I'}
{'verified': 'pairs', 'record': 'original_3_shuffled_relations_s6091_observed_known_start_native_operators_observed_I_then_CI'}
{'verified': 'pairs', 'record': 'original_3_shuffled_relations_s7103_identical_frozen_correct_base_CI'}
{'verified': 'pairs', 'record': 'original_3_shuffled_relations_s7103_identical_frozen_correct_base_ICI'}
{'verified': 'pairs', 'record': 'original_3_shuffled_relations_s7103_identical_frozen_shuffled_base_CI'}
{'verified': 'pairs', 'record': 'original_3_shuffled_relations_s7103_identical_frozen_shuffled_base_ICI'}
{'verified': 'pairs', 'record': 'original_3_shuffled_relations_s7103_native_or_posthoc_native_operators_base_CI'}
{'verified': 'pairs', 'record': 'original_3_shuffled_relations_s7103_native_or_posthoc_native_operators_base_ICI'}
{'verified': 'pairs', 'record': 'original_3_shuffled_relations_s7103_native_or_posthoc_posthoc_correct_generators_base_CI'}
{'verified': 'pairs', 'record': 'original_3_shuffled_relations_s7103_native_or_posthoc_posthoc_correct_generators_base_ICI'}
{'verified': 'pairs', 'record': 'original_3_shuffled_relations_s7103_native_or_posthoc_posthoc_shuffled_generators_base_CI'}
{'verified': 'pairs', 'record': 'original_3_shuffled_relations_s7103_native_or_posthoc_posthoc_shuffled_generators_base_ICI'}
{'verified': 'pairs', 'record': 'original_3_shuffled_relations_s7103_observed_known_start_frozen_full_correct_observed_C_then_I'}
{'verified': 'pairs', 'record': 'original_3_shuffled_relations_s7103_observed_known_start_frozen_full_correct_observed_I_then_CI'}
{'verified': 'pairs', 'record': 'original_3_shuffled_relations_s7103_observed_known_start_frozen_full_shuffled_observed_C_then_I'}
{'verified': 'pairs', 'record': 'original_3_shuffled_relations_s7103_observed_known_start_frozen_full_shuffled_observed_I_then_CI'}
{'verified': 'pairs', 'record': 'original_3_shuffled_relations_s7103_observed_known_start_native_operators_observed_C_then_I'}
{'verified': 'pairs', 'record': 'original_3_shuffled_relations_s7103_observed_known_start_native_operators_observed_I_then_CI'}
{'verification': 'pairs', 'status': 'passed', 'records': 504}
