{'proposed_cohort': 'confirmation/test', 'candidate_orbit_states': 131072}
{'proposed_cohort': 'test', 'candidate_orbit_states': 262144}
{'proposed_cohort': 'n0/support', 'candidate_orbit_states': 303104}
{'proposed_cohort': 'n0/unlabeled', 'candidate_orbit_states': 722544}
{'proposed_cohort': 'n1/support', 'candidate_orbit_states': 763504}
{'proposed_cohort': 'n1/unlabeled', 'candidate_orbit_states': 1182944}
{'proposed_cohort': 'n2/support', 'candidate_orbit_states': 1223904}
{'proposed_cohort': 'n2/unlabeled', 'candidate_orbit_states': 1643344}
{'proposed_cohort': 'n3/support', 'candidate_orbit_states': 1684304}
{'proposed_cohort': 'n3/unlabeled', 'candidate_orbit_states': 2103744}
{'proposed_cohort': 'n4/support', 'candidate_orbit_states': 2144704}
{'proposed_cohort': 'n4/unlabeled', 'candidate_orbit_states': 2564144}
{'proposed_cohort': 'n5/support', 'candidate_orbit_states': 2605104}
{'proposed_cohort': 'n5/unlabeled', 'candidate_orbit_states': 3024544}
{'original_inputs_scanned': 80000, 'rejected_orbits': 1140}
{'original_inputs_scanned': 2080000, 'rejected_orbits': 26696}
{'original_inputs_scanned': 4080000, 'rejected_orbits': 48482}
{'original_inputs_scanned': 6080000, 'rejected_orbits': 67313}
{'original_inputs_scanned': 8080000, 'rejected_orbits': 83493}
{'original_inputs_scanned': 10080000, 'rejected_orbits': 97521}
{'original_inputs_scanned': 12080000, 'rejected_orbits': 109461}
{'original_inputs_scanned': 14080000, 'rejected_orbits': 119743}
