{"id": "n0", "path": "results/readout_null_confirmation/permworld/dataset/n0/support/dataset.npz", "sha256": "38dc4a56d7c3ebd09f8a333afc9bc5019beee6488f29ccd20154ae87998bd595", "pairings_sha256": "fd3f645a38a21cde2eea4daac38a087f1ad0aea8764f9ac10966ff3705b2e915", "fit_anchors": 40960, "eligible_anchors": 40269, "eligible_by_length": {"12": 8124, "15": 8101, "20": 8037, "25": 8004, "30": 8003}}
{"id": "n1", "path": "results/readout_null_confirmation/permworld/dataset/n1/support/dataset.npz", "sha256": "5b42042729f76d1c0e17fb3a749791a853e81518615fd45e297a5a21caa1087c", "pairings_sha256": "3ee8eb35b9d5427f7465bed2a96c1d4573dfc9c1458378607da61f311ac64841", "fit_anchors": 40960, "eligible_anchors": 40277, "eligible_by_length": {"12": 8124, "15": 8081, "20": 8076, "25": 8014, "30": 7982}}
{"id": "n2", "path": "results/readout_null_confirmation/permworld/dataset/n2/support/dataset.npz", "sha256": "647f2e7599722ec87845e53d80cbc09648718141675815849e59882669ac2b00", "pairings_sha256": "c250480da186456f649793895b27b25d9cb7f5a845d327467f5f759192c7c83d", "fit_anchors": 40960, "eligible_anchors": 40274, "eligible_by_length": {"12": 8119, "15": 8093, "20": 8053, "25": 8014, "30": 7995}}
{"support_features": "n0", "visible_accuracy": [0.996875, 0.998046875, 0.997265625]}
{"support_features": "n1", "visible_accuracy": [0.999609375, 0.999609375, 0.99921875]}
{"support_features": "n2", "visible_accuracy": [0.996875, 0.996875, 0.99609375]}
{"fit": "n0_hidden_full_correct", "epoch": 5, "native_e_C_I_accuracy": [0.930859375, 0.9375, 0.934375], "generator_C_I_accuracy": [0.91875, 0.66484375]}
{"fit": "n0_hidden_full_wrong", "epoch": 5, "native_e_C_I_accuracy": [0.98984375, 0.991796875, 0.99375], "generator_C_I_accuracy": [0.980078125, 0.75546875]}
{"fit": "n0_hidden_full_correct", "epoch": 10, "native_e_C_I_accuracy": [0.99609375, 0.99453125, 0.99609375], "generator_C_I_accuracy": [0.985546875, 0.873046875]}
{"fit": "n0_hidden_full_wrong", "epoch": 10, "native_e_C_I_accuracy": [0.998046875, 0.99765625, 0.9984375], "generator_C_I_accuracy": [0.99296875, 0.894140625]}
{"fit": "n0_hidden_full_wrong", "epoch": 15, "native_e_C_I_accuracy": [0.998046875, 0.9984375, 0.999609375], "generator_C_I_accuracy": [0.997265625, 0.95078125]}
{"fit": "n0_hidden_full_correct", "epoch": 15, "native_e_C_I_accuracy": [0.998828125, 0.997265625, 0.99765625], "generator_C_I_accuracy": [0.98984375, 0.917578125]}
{"fit": "n0_hidden_full_wrong", "epoch": 20, "native_e_C_I_accuracy": [0.9984375, 0.9984375, 0.998828125], "generator_C_I_accuracy": [0.99765625, 0.93515625]}
{"replicate": 0, "condition": "full_wrong", "status": "complete"}
{"fit": "n0_hidden_full_correct", "epoch": 20, "native_e_C_I_accuracy": [0.9984375, 0.9984375, 0.997265625], "generator_C_I_accuracy": [0.9953125, 0.968359375]}
{"replicate": 0, "condition": "full_correct", "status": "complete"}
{"fit": "n0_hidden_null_correct", "epoch": 5, "native_e_C_I_accuracy": [0.9734375, 0.9828125, 0.97578125], "generator_C_I_accuracy": [0.96953125, 0.67578125]}
{"fit": "n0_hidden_null_wrong", "epoch": 5, "native_e_C_I_accuracy": [0.98125, 0.98359375, 0.978125], "generator_C_I_accuracy": [0.893359375, 0.670703125]}
{"fit": "n0_hidden_null_correct", "epoch": 10, "native_e_C_I_accuracy": [0.99140625, 0.990625, 0.993359375], "generator_C_I_accuracy": [0.966796875, 0.877734375]}
{"fit": "n0_hidden_null_wrong", "epoch": 10, "native_e_C_I_accuracy": [0.99453125, 0.997265625, 0.997265625], "generator_C_I_accuracy": [0.991796875, 0.867578125]}
{"fit": "n0_hidden_null_correct", "epoch": 15, "native_e_C_I_accuracy": [0.99140625, 0.990234375, 0.987890625], "generator_C_I_accuracy": [0.984375, 0.881640625]}
{"fit": "n0_hidden_null_wrong", "epoch": 15, "native_e_C_I_accuracy": [0.99609375, 0.995703125, 0.99609375], "generator_C_I_accuracy": [0.99609375, 0.937109375]}
{"fit": "n0_hidden_null_correct", "epoch": 20, "native_e_C_I_accuracy": [0.998828125, 0.99921875, 0.99921875], "generator_C_I_accuracy": [0.990234375, 0.95625]}
{"replicate": 0, "condition": "null_correct", "status": "complete"}
{"fit": "n0_hidden_null_wrong", "epoch": 20, "native_e_C_I_accuracy": [0.998828125, 0.997265625, 0.9984375], "generator_C_I_accuracy": [0.9984375, 0.961328125]}
{"replicate": 0, "condition": "null_wrong", "status": "complete"}
{"fit": "n1_hidden_full_correct", "epoch": 5, "native_e_C_I_accuracy": [0.890234375, 0.873046875, 0.88828125], "generator_C_I_accuracy": [0.991015625, 0.840234375]}
{"fit": "n1_hidden_full_wrong", "epoch": 5, "native_e_C_I_accuracy": [0.98125, 0.9796875, 0.98203125], "generator_C_I_accuracy": [0.972265625, 0.5421875]}
{"fit": "n1_hidden_full_correct", "epoch": 10, "native_e_C_I_accuracy": [0.92578125, 0.92109375, 0.92421875], "generator_C_I_accuracy": [0.991796875, 0.925]}
{"fit": "n1_hidden_full_wrong", "epoch": 10, "native_e_C_I_accuracy": [0.97421875, 0.962890625, 0.976171875], "generator_C_I_accuracy": [0.97890625, 0.7734375]}
{"fit": "n1_hidden_full_correct", "epoch": 15, "native_e_C_I_accuracy": [0.99609375, 0.995703125, 0.994921875], "generator_C_I_accuracy": [0.99765625, 0.9625]}
{"fit": "n1_hidden_full_wrong", "epoch": 15, "native_e_C_I_accuracy": [0.998046875, 0.9984375, 0.998828125], "generator_C_I_accuracy": [0.983203125, 0.9328125]}
{"fit": "n1_hidden_full_correct", "epoch": 20, "native_e_C_I_accuracy": [0.999609375, 0.99921875, 0.99921875], "generator_C_I_accuracy": [0.996875, 0.975]}
{"replicate": 1, "condition": "full_correct", "status": "complete"}
{"fit": "n1_hidden_full_wrong", "epoch": 20, "native_e_C_I_accuracy": [0.998046875, 1.0, 0.99921875], "generator_C_I_accuracy": [0.976171875, 0.96640625]}
{"replicate": 1, "condition": "full_wrong", "status": "complete"}
{"fit": "n1_hidden_null_correct", "epoch": 5, "native_e_C_I_accuracy": [0.953515625, 0.94609375, 0.959765625], "generator_C_I_accuracy": [0.97265625, 0.73359375]}
{"fit": "n1_hidden_null_wrong", "epoch": 5, "native_e_C_I_accuracy": [0.947265625, 0.939453125, 0.944921875], "generator_C_I_accuracy": [0.98359375, 0.3828125]}
{"fit": "n1_hidden_null_correct", "epoch": 10, "native_e_C_I_accuracy": [0.970703125, 0.964453125, 0.971484375], "generator_C_I_accuracy": [0.97890625, 0.869140625]}
{"fit": "n1_hidden_null_wrong", "epoch": 10, "native_e_C_I_accuracy": [0.958203125, 0.951953125, 0.9578125], "generator_C_I_accuracy": [0.9609375, 0.933203125]}
{"fit": "n1_hidden_null_correct", "epoch": 15, "native_e_C_I_accuracy": [0.99609375, 0.996875, 0.997265625], "generator_C_I_accuracy": [0.997265625, 0.953125]}
{"fit": "n1_hidden_null_wrong", "epoch": 15, "native_e_C_I_accuracy": [0.998828125, 0.99765625, 0.998828125], "generator_C_I_accuracy": [0.997265625, 0.950390625]}
{"fit": "n1_hidden_null_correct", "epoch": 20, "native_e_C_I_accuracy": [0.999609375, 1.0, 0.999609375], "generator_C_I_accuracy": [0.997265625, 0.983984375]}
{"replicate": 1, "condition": "null_correct", "status": "complete"}
{"fit": "n1_hidden_null_wrong", "epoch": 20, "native_e_C_I_accuracy": [0.999609375, 0.99921875, 0.998828125], "generator_C_I_accuracy": [0.998046875, 0.976171875]}
{"replicate": 1, "condition": "null_wrong", "status": "complete"}
{"fit": "n2_hidden_full_correct", "epoch": 5, "native_e_C_I_accuracy": [0.99140625, 0.9890625, 0.987890625], "generator_C_I_accuracy": [0.961328125, 0.741015625]}
{"fit": "n2_hidden_full_wrong", "epoch": 5, "native_e_C_I_accuracy": [0.9921875, 0.987109375, 0.9890625], "generator_C_I_accuracy": [0.988671875, 0.7859375]}
{"fit": "n2_hidden_full_correct", "epoch": 10, "native_e_C_I_accuracy": [0.996484375, 0.994921875, 0.996484375], "generator_C_I_accuracy": [0.989453125, 0.878125]}
{"fit": "n2_hidden_full_wrong", "epoch": 10, "native_e_C_I_accuracy": [0.98515625, 0.9921875, 0.990625], "generator_C_I_accuracy": [0.990625, 0.92265625]}
{"fit": "n2_hidden_full_correct", "epoch": 15, "native_e_C_I_accuracy": [0.995703125, 0.9953125, 0.996875], "generator_C_I_accuracy": [0.995703125, 0.930859375]}
{"fit": "n2_hidden_full_wrong", "epoch": 15, "native_e_C_I_accuracy": [0.99609375, 0.995703125, 0.996484375], "generator_C_I_accuracy": [0.98828125, 0.926953125]}
{"fit": "n2_hidden_full_correct", "epoch": 20, "native_e_C_I_accuracy": [0.99765625, 0.996484375, 0.998046875], "generator_C_I_accuracy": [0.98203125, 0.955859375]}
{"replicate": 2, "condition": "full_correct", "status": "complete"}
{"fit": "n2_hidden_full_wrong", "epoch": 20, "native_e_C_I_accuracy": [0.996484375, 0.99609375, 0.996875], "generator_C_I_accuracy": [0.98515625, 0.97109375]}
{"replicate": 2, "condition": "full_wrong", "status": "complete"}
{"fit": "n2_hidden_null_correct", "epoch": 5, "native_e_C_I_accuracy": [0.9953125, 0.9921875, 0.993359375], "generator_C_I_accuracy": [0.977734375, 0.825]}
{"fit": "n2_hidden_null_wrong", "epoch": 5, "native_e_C_I_accuracy": [0.99140625, 0.991015625, 0.99140625], "generator_C_I_accuracy": [0.976171875, 0.7875]}
{"fit": "n2_hidden_null_correct", "epoch": 10, "native_e_C_I_accuracy": [0.996484375, 0.993359375, 0.996875], "generator_C_I_accuracy": [0.9875, 0.922265625]}
{"fit": "n2_hidden_null_wrong", "epoch": 10, "native_e_C_I_accuracy": [0.996875, 0.995703125, 0.996484375], "generator_C_I_accuracy": [0.9890625, 0.92421875]}
{"fit": "n2_hidden_null_correct", "epoch": 15, "native_e_C_I_accuracy": [0.994921875, 0.995703125, 0.996484375], "generator_C_I_accuracy": [0.9859375, 0.934375]}
{"fit": "n2_hidden_null_wrong", "epoch": 15, "native_e_C_I_accuracy": [0.996875, 0.996875, 0.998046875], "generator_C_I_accuracy": [0.9890625, 0.958203125]}
{"fit": "n2_hidden_null_correct", "epoch": 20, "native_e_C_I_accuracy": [0.997265625, 0.996875, 0.997265625], "generator_C_I_accuracy": [0.991796875, 0.964453125]}
{"replicate": 2, "condition": "null_correct", "status": "complete"}
{"fit": "n2_hidden_null_wrong", "epoch": 20, "native_e_C_I_accuracy": [0.996484375, 0.996875, 0.996875], "generator_C_I_accuracy": [0.99140625, 0.96171875]}
{"replicate": 2, "condition": "null_wrong", "status": "complete"}
