{"domain": "matrix", "source": 0, "epoch": 100, "native": [0.984375, 1.0, 0.984375]}
{"domain": "matrix", "source": 0, "epoch": 200, "native": [1.0, 1.0, 0.984375]}
{"domain": "matrix", "source": 0, "epoch": 300, "native": [1.0, 1.0, 1.0]}
{"domain": "matrix", "source": 0, "epoch": 400, "native": [1.0, 1.0, 1.0]}
{"domain": "matrix", "source": 0, "epoch": 500, "native": [1.0, 1.0, 1.0]}
{"domain": "matrix", "source": 1, "epoch": 100, "native": [1.0, 1.0, 1.0]}
{"domain": "matrix", "source": 1, "epoch": 200, "native": [0.984375, 0.96875, 0.984375]}
{"domain": "matrix", "source": 1, "epoch": 300, "native": [1.0, 1.0, 1.0]}
{"domain": "matrix", "source": 1, "epoch": 400, "native": [1.0, 1.0, 1.0]}
{"domain": "matrix", "source": 1, "epoch": 500, "native": [1.0, 1.0, 1.0]}
{"domain": "matrix", "source": 2, "epoch": 100, "native": [1.0, 0.984375, 1.0]}
{"domain": "matrix", "source": 2, "epoch": 200, "native": [1.0, 0.921875, 0.90625]}
{"domain": "matrix", "source": 2, "epoch": 300, "native": [0.984375, 1.0, 0.984375]}
{"domain": "matrix", "source": 2, "epoch": 400, "native": [1.0, 1.0, 1.0]}
{"domain": "matrix", "source": 2, "epoch": 500, "native": [1.0, 1.0, 1.0]}
{"domain": "matrix", "fit": "n0_full_correct", "epoch": 100, "native": [1.0, 1.0, 1.0], "generators": [0.8671875, 0.8359375], "elapsed": 7.949281534994952}
{"domain": "matrix", "fit": "n0_full_correct", "epoch": 300, "native": [1.0, 1.0, 1.0], "generators": [1.0, 0.96875], "elapsed": 23.187895811992348}
{"domain": "matrix", "fit": "n0_full_correct", "epoch": 900, "native": [1.0, 1.0, 1.0], "generators": [1.0, 0.9921875], "elapsed": 68.63497904199176}
{"domain": "matrix", "fit": "n0_full_wrong", "epoch": 100, "native": [1.0, 1.0, 1.0], "generators": [0.875, 0.8359375], "elapsed": 7.157740594004281}
{"domain": "matrix", "fit": "n0_full_wrong", "epoch": 300, "native": [1.0, 1.0, 1.0], "generators": [1.0, 0.984375], "elapsed": 22.282695639005397}
{"domain": "matrix", "fit": "n0_full_wrong", "epoch": 900, "native": [1.0, 1.0, 1.0], "generators": [1.0, 0.9921875], "elapsed": 66.78206597700773}
{"domain": "matrix", "fit": "n0_null_correct", "epoch": 100, "native": [1.0, 1.0, 1.0], "generators": [0.875, 0.8046875], "elapsed": 7.565051338999183}
{"domain": "matrix", "fit": "n0_null_correct", "epoch": 300, "native": [1.0, 1.0, 1.0], "generators": [0.984375, 0.9921875], "elapsed": 22.71727537899278}
{"domain": "matrix", "fit": "n0_null_correct", "epoch": 900, "native": [1.0, 1.0, 1.0], "generators": [1.0, 0.9921875], "elapsed": 81.63234284099599}
{"domain": "matrix", "fit": "n0_null_wrong", "epoch": 100, "native": [1.0, 1.0, 1.0], "generators": [0.8828125, 0.8125], "elapsed": 7.57905276499514}
{"domain": "matrix", "fit": "n0_null_wrong", "epoch": 300, "native": [1.0, 1.0, 1.0], "generators": [0.9609375, 0.96875], "elapsed": 22.164445763992262}
{"domain": "matrix", "fit": "n0_null_wrong", "epoch": 900, "native": [1.0, 1.0, 1.0], "generators": [1.0, 0.9921875], "elapsed": 71.54830503099947}
{"domain": "matrix", "fit": "n1_full_correct", "epoch": 100, "native": [1.0, 1.0, 1.0], "generators": [0.8984375, 0.6953125], "elapsed": 9.352273837997927}
{"domain": "matrix", "fit": "n1_full_correct", "epoch": 300, "native": [1.0, 1.0, 1.0], "generators": [0.96875, 0.96875], "elapsed": 28.158901085989783}
{"domain": "matrix", "fit": "n1_full_correct", "epoch": 900, "native": [1.0, 1.0, 1.0], "generators": [1.0, 0.9921875], "elapsed": 76.9385344679904}
{"domain": "matrix", "fit": "n1_full_wrong", "epoch": 100, "native": [1.0, 1.0, 1.0], "generators": [0.9140625, 0.6953125], "elapsed": 7.227308004003135}
{"domain": "matrix", "fit": "n1_full_wrong", "epoch": 300, "native": [1.0, 1.0, 1.0], "generators": [1.0, 0.9375], "elapsed": 23.003498360005324}
{"domain": "matrix", "fit": "n1_full_wrong", "epoch": 900, "native": [1.0, 1.0, 1.0], "generators": [1.0, 0.9921875], "elapsed": 69.22807715900126}
{"domain": "matrix", "fit": "n1_null_correct", "epoch": 100, "native": [1.0, 1.0, 1.0], "generators": [0.9609375, 0.6328125], "elapsed": 7.472350545998779}
{"domain": "matrix", "fit": "n1_null_correct", "epoch": 300, "native": [1.0, 1.0, 1.0], "generators": [1.0, 0.9453125], "elapsed": 22.694660048000515}
{"domain": "matrix", "fit": "n1_null_correct", "epoch": 900, "native": [1.0, 1.0, 1.0], "generators": [1.0, 0.9921875], "elapsed": 69.03937205299735}
{"domain": "matrix", "fit": "n1_null_wrong", "epoch": 100, "native": [1.0, 1.0, 1.0], "generators": [0.9609375, 0.6171875], "elapsed": 8.038212454994209}
{"domain": "matrix", "fit": "n1_null_wrong", "epoch": 300, "native": [1.0, 1.0, 1.0], "generators": [0.9921875, 0.953125], "elapsed": 23.626682404006715}
{"domain": "matrix", "fit": "n1_null_wrong", "epoch": 900, "native": [1.0, 1.0, 1.0], "generators": [1.0, 0.9921875], "elapsed": 70.6381468680047}
{"domain": "matrix", "fit": "n2_full_correct", "epoch": 100, "native": [1.0, 1.0, 1.0], "generators": [0.984375, 0.609375], "elapsed": 7.2629148670093855}
{"domain": "matrix", "fit": "n2_full_correct", "epoch": 300, "native": [1.0, 1.0, 1.0], "generators": [1.0, 0.9765625], "elapsed": 22.163448528008303}
{"domain": "matrix", "fit": "n2_full_correct", "epoch": 900, "native": [1.0, 1.0, 1.0], "generators": [1.0, 1.0], "elapsed": 66.84347233301378}
{"domain": "matrix", "fit": "n2_full_wrong", "epoch": 100, "native": [1.0, 1.0, 1.0], "generators": [0.984375, 0.609375], "elapsed": 7.435973126994213}
{"domain": "matrix", "fit": "n2_full_wrong", "epoch": 300, "native": [1.0, 1.0, 1.0], "generators": [1.0, 1.0], "elapsed": 22.68772628599254}
{"domain": "matrix", "fit": "n2_full_wrong", "epoch": 900, "native": [1.0, 1.0, 1.0], "generators": [1.0, 1.0], "elapsed": 68.00992779499211}
{"domain": "matrix", "fit": "n2_null_correct", "epoch": 100, "native": [1.0, 1.0, 1.0], "generators": [0.9921875, 0.5390625], "elapsed": 7.627015047997702}
{"domain": "matrix", "fit": "n2_null_correct", "epoch": 300, "native": [1.0, 1.0, 1.0], "generators": [0.9921875, 0.9921875], "elapsed": 23.20949693598959}
{"domain": "matrix", "fit": "n2_null_correct", "epoch": 900, "native": [1.0, 1.0, 1.0], "generators": [1.0, 1.0], "elapsed": 69.16495768500317}
{"domain": "matrix", "fit": "n2_null_wrong", "epoch": 100, "native": [1.0, 0.9921875, 1.0], "generators": [0.9921875, 0.5625], "elapsed": 7.667294218990719}
{"domain": "matrix", "fit": "n2_null_wrong", "epoch": 300, "native": [1.0, 1.0, 1.0], "generators": [0.9921875, 0.953125], "elapsed": 22.799499899003422}
{"domain": "matrix", "fit": "n2_null_wrong", "epoch": 900, "native": [1.0, 1.0, 1.0], "generators": [1.0, 1.0], "elapsed": 68.50708656999632}
