{"stability_evaluated": "ordinary_s5081", "method": "shared_center_affine", "primary": [{"word": "ci", "answer_accuracy": 0.31733630952380953, "displacement_nmse": 0.4870379676522169}, {"word": "ici", "answer_accuracy": 0.27232142857142855, "displacement_nmse": 0.494958658190172}]}
{"stability_evaluated": "ordinary_s5081", "method": "orthogonal_reflection", "primary": [{"word": "ci", "answer_accuracy": 0.21651785714285715, "displacement_nmse": 0.9878737762380123}, {"word": "ici", "answer_accuracy": 0.22358630952380953, "displacement_nmse": 0.984111094863493}]}
{"stability_evaluated": "ordinary_s5081", "method": "native_bias_refit", "primary": [{"word": "ci", "answer_accuracy": 0.20238095238095238, "displacement_nmse": 1.0}, {"word": "ici", "answer_accuracy": 0.20238095238095238, "displacement_nmse": 1.0}]}
{"stability_evaluated": "ordinary_s5081", "method": "native_validation_gain_cap", "primary": [{"word": "ci", "answer_accuracy": 0.20238095238095238, "displacement_nmse": 1.0}, {"word": "ici", "answer_accuracy": 0.20238095238095238, "displacement_nmse": 1.0}]}
{"stability_evaluated": "correct_relations_s5081", "method": "shared_center_affine", "primary": [{"word": "ci", "answer_accuracy": 0.5602678571428571, "displacement_nmse": 0.1857873195063776}, {"word": "ici", "answer_accuracy": 0.5580357142857143, "displacement_nmse": 0.19227480090152377}]}
{"stability_evaluated": "correct_relations_s5081", "method": "orthogonal_reflection", "primary": [{"word": "ci", "answer_accuracy": 0.2734375, "displacement_nmse": 0.615497315676946}, {"word": "ici", "answer_accuracy": 0.21502976190476192, "displacement_nmse": 0.8067040797005156}]}
{"stability_evaluated": "correct_relations_s5081", "method": "native_bias_refit", "primary": [{"word": "ci", "answer_accuracy": 0.5498511904761905, "displacement_nmse": 0.20130819132405278}, {"word": "ici", "answer_accuracy": 0.5487351190476191, "displacement_nmse": 0.20938663444793876}]}
{"stability_evaluated": "correct_relations_s5081", "method": "native_validation_gain_cap", "primary": [{"word": "ci", "answer_accuracy": 0.5498511904761905, "displacement_nmse": 0.20130819132405278}, {"word": "ici", "answer_accuracy": 0.5487351190476191, "displacement_nmse": 0.20938663444793876}]}
{"stability_evaluated": "shuffled_relations_s5081", "method": "shared_center_affine", "primary": [{"word": "ci", "answer_accuracy": 0.27455357142857145, "displacement_nmse": 0.530166842217122}, {"word": "ici", "answer_accuracy": 0.27455357142857145, "displacement_nmse": 0.5307764498924104}]}
{"stability_evaluated": "shuffled_relations_s5081", "method": "orthogonal_reflection", "primary": [{"word": "ci", "answer_accuracy": 0.2347470238095238, "displacement_nmse": 0.9865545285557091}, {"word": "ici", "answer_accuracy": 0.23623511904761904, "displacement_nmse": 0.9890149716361221}]}
{"stability_evaluated": "shuffled_relations_s5081", "method": "native_bias_refit", "primary": [{"word": "ci", "answer_accuracy": 0.2734375, "displacement_nmse": 0.531133453323114}, {"word": "ici", "answer_accuracy": 0.2734375, "displacement_nmse": 0.5317445137936275}]}
{"stability_evaluated": "shuffled_relations_s5081", "method": "native_validation_gain_cap", "primary": [{"word": "ci", "answer_accuracy": 0.27120535714285715, "displacement_nmse": 0.5690374498572727}, {"word": "ici", "answer_accuracy": 0.27120535714285715, "displacement_nmse": 0.5853067122785004}]}
{"stability_evaluated": "ordinary_s6091", "method": "shared_center_affine", "primary": [{"word": "ci", "answer_accuracy": 0.2767857142857143, "displacement_nmse": 0.4987610326799679}, {"word": "ici", "answer_accuracy": 0.2760416666666667, "displacement_nmse": 0.49445778238521654}]}
{"stability_evaluated": "ordinary_s6091", "method": "orthogonal_reflection", "primary": [{"word": "ci", "answer_accuracy": 0.21279761904761904, "displacement_nmse": 0.9823285827275539}, {"word": "ici", "answer_accuracy": 0.21651785714285715, "displacement_nmse": 0.9755686551346519}]}
{"stability_evaluated": "ordinary_s6091", "method": "native_bias_refit", "primary": [{"word": "ci", "answer_accuracy": 0.20238095238095238, "displacement_nmse": 1.0}, {"word": "ici", "answer_accuracy": 0.20238095238095238, "displacement_nmse": 1.0}]}
{"stability_evaluated": "ordinary_s6091", "method": "native_validation_gain_cap", "primary": [{"word": "ci", "answer_accuracy": 0.20238095238095238, "displacement_nmse": 1.0}, {"word": "ici", "answer_accuracy": 0.20238095238095238, "displacement_nmse": 1.0}]}
{"stability_evaluated": "correct_relations_s6091", "method": "shared_center_affine", "primary": [{"word": "ci", "answer_accuracy": 0.5159970238095238, "displacement_nmse": 0.2691480401002651}, {"word": "ici", "answer_accuracy": 0.5174851190476191, "displacement_nmse": 0.2782156350421963}]}
{"stability_evaluated": "correct_relations_s6091", "method": "orthogonal_reflection", "primary": [{"word": "ci", "answer_accuracy": 0.27566964285714285, "displacement_nmse": 0.656743130707938}, {"word": "ici", "answer_accuracy": 0.2578125, "displacement_nmse": 0.8367067164394253}]}
{"stability_evaluated": "correct_relations_s6091", "method": "native_bias_refit", "primary": [{"word": "ci", "answer_accuracy": 0.47507440476190477, "displacement_nmse": 0.2908830977220722}, {"word": "ici", "answer_accuracy": 0.4694940476190476, "displacement_nmse": 0.2984099709435254}]}
{"stability_evaluated": "correct_relations_s6091", "method": "native_validation_gain_cap", "primary": [{"word": "ci", "answer_accuracy": 0.47544642857142855, "displacement_nmse": 0.2908832742876452}, {"word": "ici", "answer_accuracy": 0.4694940476190476, "displacement_nmse": 0.2984101334937477}]}
{"stability_evaluated": "shuffled_relations_s6091", "method": "shared_center_affine", "primary": [{"word": "ci", "answer_accuracy": 0.27120535714285715, "displacement_nmse": 0.5323270186334254}, {"word": "ici", "answer_accuracy": 0.27157738095238093, "displacement_nmse": 0.5355835132148411}]}
{"stability_evaluated": "shuffled_relations_s6091", "method": "orthogonal_reflection", "primary": [{"word": "ci", "answer_accuracy": 0.234375, "displacement_nmse": 0.9857201187652583}, {"word": "ici", "answer_accuracy": 0.22061011904761904, "displacement_nmse": 0.9913182070347198}]}
{"stability_evaluated": "shuffled_relations_s6091", "method": "native_bias_refit", "primary": [{"word": "ci", "answer_accuracy": 0.27046130952380953, "displacement_nmse": 0.5329868804834099}, {"word": "ici", "answer_accuracy": 0.27046130952380953, "displacement_nmse": 0.5361484341745967}]}
{"stability_evaluated": "shuffled_relations_s6091", "method": "native_validation_gain_cap", "primary": [{"word": "ci", "answer_accuracy": 0.27120535714285715, "displacement_nmse": 0.5763368056870078}, {"word": "ici", "answer_accuracy": 0.27120535714285715, "displacement_nmse": 0.597448145618354}]}
{"stability_evaluated": "ordinary_s7103", "method": "shared_center_affine", "primary": [{"word": "ci", "answer_accuracy": 0.2775297619047619, "displacement_nmse": 0.49663745009459337}, {"word": "ici", "answer_accuracy": 0.27901785714285715, "displacement_nmse": 0.4950845238016878}]}
{"stability_evaluated": "ordinary_s7103", "method": "orthogonal_reflection", "primary": [{"word": "ci", "answer_accuracy": 0.1796875, "displacement_nmse": 0.9903260890792224}, {"word": "ici", "answer_accuracy": 0.21688988095238096, "displacement_nmse": 0.9895520218889227}]}
{"stability_evaluated": "ordinary_s7103", "method": "native_bias_refit", "primary": [{"word": "ci", "answer_accuracy": 0.20238095238095238, "displacement_nmse": 1.0}, {"word": "ici", "answer_accuracy": 0.20238095238095238, "displacement_nmse": 1.0}]}
{"stability_evaluated": "ordinary_s7103", "method": "native_validation_gain_cap", "primary": [{"word": "ci", "answer_accuracy": 0.20238095238095238, "displacement_nmse": 1.0}, {"word": "ici", "answer_accuracy": 0.20238095238095238, "displacement_nmse": 1.0}]}
{"stability_evaluated": "correct_relations_s7103", "method": "shared_center_affine", "primary": [{"word": "ci", "answer_accuracy": 0.5293898809523809, "displacement_nmse": 0.17601831791240333}, {"word": "ici", "answer_accuracy": 0.5286458333333334, "displacement_nmse": 0.18051422927795394}]}
{"stability_evaluated": "correct_relations_s7103", "method": "orthogonal_reflection", "primary": [{"word": "ci", "answer_accuracy": 0.2760416666666667, "displacement_nmse": 0.6266404421179305}, {"word": "ici", "answer_accuracy": 0.265625, "displacement_nmse": 0.7824943744048374}]}
{"stability_evaluated": "correct_relations_s7103", "method": "native_bias_refit", "primary": [{"word": "ci", "answer_accuracy": 0.5197172619047619, "displacement_nmse": 0.19306398134094346}, {"word": "ici", "answer_accuracy": 0.515625, "displacement_nmse": 0.1989677026267332}]}
{"stability_evaluated": "correct_relations_s7103", "method": "native_validation_gain_cap", "primary": [{"word": "ci", "answer_accuracy": 0.5197172619047619, "displacement_nmse": 0.19306398134094346}, {"word": "ici", "answer_accuracy": 0.515625, "displacement_nmse": 0.19896770262673322}]}
{"stability_evaluated": "shuffled_relations_s7103", "method": "shared_center_affine", "primary": [{"word": "ci", "answer_accuracy": 0.27380952380952384, "displacement_nmse": 0.5280768892223728}, {"word": "ici", "answer_accuracy": 0.27306547619047616, "displacement_nmse": 0.5325105922628431}]}
{"stability_evaluated": "shuffled_relations_s7103", "method": "orthogonal_reflection", "primary": [{"word": "ci", "answer_accuracy": 0.2347470238095238, "displacement_nmse": 0.9848230078631247}, {"word": "ici", "answer_accuracy": 0.2347470238095238, "displacement_nmse": 0.9894844482278782}]}
{"stability_evaluated": "shuffled_relations_s7103", "method": "native_bias_refit", "primary": [{"word": "ci", "answer_accuracy": 0.2708333333333333, "displacement_nmse": 0.5294650763628687}, {"word": "ici", "answer_accuracy": 0.27157738095238093, "displacement_nmse": 0.5339045794195427}]}
{"stability_evaluated": "shuffled_relations_s7103", "method": "native_validation_gain_cap", "primary": [{"word": "ci", "answer_accuracy": 0.27120535714285715, "displacement_nmse": 0.5672575532999773}, {"word": "ici", "answer_accuracy": 0.27120535714285715, "displacement_nmse": 0.586816049265148}]}
{"stability_evaluated": "ordinary_s8111", "method": "shared_center_affine", "primary": [{"word": "ci", "answer_accuracy": 0.2786458333333333, "displacement_nmse": 0.4988031795553944}, {"word": "ici", "answer_accuracy": 0.2775297619047619, "displacement_nmse": 0.49565174449405297}]}
{"stability_evaluated": "ordinary_s8111", "method": "orthogonal_reflection", "primary": [{"word": "ci", "answer_accuracy": 0.16034226190476192, "displacement_nmse": 0.9865529825460807}, {"word": "ici", "answer_accuracy": 0.20647321428571427, "displacement_nmse": 0.9851517668490288}]}
{"stability_evaluated": "ordinary_s8111", "method": "native_bias_refit", "primary": [{"word": "ci", "answer_accuracy": 0.20238095238095238, "displacement_nmse": 1.0}, {"word": "ici", "answer_accuracy": 0.20238095238095238, "displacement_nmse": 1.0}]}
{"stability_evaluated": "ordinary_s8111", "method": "native_validation_gain_cap", "primary": [{"word": "ci", "answer_accuracy": 0.20238095238095238, "displacement_nmse": 1.0}, {"word": "ici", "answer_accuracy": 0.20238095238095238, "displacement_nmse": 1.0}]}
{"stability_evaluated": "correct_relations_s8111", "method": "shared_center_affine", "primary": [{"word": "ci", "answer_accuracy": 0.47953869047619047, "displacement_nmse": 0.19469336520547892}, {"word": "ici", "answer_accuracy": 0.4806547619047619, "displacement_nmse": 0.21047214308216544}]}
{"stability_evaluated": "correct_relations_s8111", "method": "orthogonal_reflection", "primary": [{"word": "ci", "answer_accuracy": 0.27232142857142855, "displacement_nmse": 0.639715667152027}, {"word": "ici", "answer_accuracy": 0.23288690476190477, "displacement_nmse": 0.8165305127810065}]}
{"stability_evaluated": "correct_relations_s8111", "method": "native_bias_refit", "primary": [{"word": "ci", "answer_accuracy": 0.4177827380952381, "displacement_nmse": 0.21520639594233998}, {"word": "ici", "answer_accuracy": 0.41108630952380953, "displacement_nmse": 0.23397944283726727}]}
{"stability_evaluated": "correct_relations_s8111", "method": "native_validation_gain_cap", "primary": [{"word": "ci", "answer_accuracy": 0.4181547619047619, "displacement_nmse": 0.21516065428825695}, {"word": "ici", "answer_accuracy": 0.4114583333333333, "displacement_nmse": 0.23394606495491144}]}
{"stability_evaluated": "shuffled_relations_s8111", "method": "shared_center_affine", "primary": [{"word": "ci", "answer_accuracy": 0.2697172619047619, "displacement_nmse": 0.527071675400691}, {"word": "ici", "answer_accuracy": 0.2700892857142857, "displacement_nmse": 0.5278291720942011}]}
{"stability_evaluated": "shuffled_relations_s8111", "method": "orthogonal_reflection", "primary": [{"word": "ci", "answer_accuracy": 0.23697916666666666, "displacement_nmse": 0.9845643919950188}, {"word": "ici", "answer_accuracy": 0.22767857142857142, "displacement_nmse": 0.9854812001334643}]}
{"stability_evaluated": "shuffled_relations_s8111", "method": "native_bias_refit", "primary": [{"word": "ci", "answer_accuracy": 0.27120535714285715, "displacement_nmse": 0.5286673905296656}, {"word": "ici", "answer_accuracy": 0.27120535714285715, "displacement_nmse": 0.5292697644300574}]}
{"stability_evaluated": "shuffled_relations_s8111", "method": "native_validation_gain_cap", "primary": [{"word": "ci", "answer_accuracy": 0.27120535714285715, "displacement_nmse": 0.565296425158735}, {"word": "ici", "answer_accuracy": 0.27120535714285715, "displacement_nmse": 0.5823114679118696}]}
{"stability_evaluated": "ordinary_s9127", "method": "shared_center_affine", "primary": [{"word": "ci", "answer_accuracy": 0.27901785714285715, "displacement_nmse": 0.49738791430817475}, {"word": "ici", "answer_accuracy": 0.27976190476190477, "displacement_nmse": 0.49317602554577344}]}
{"stability_evaluated": "ordinary_s9127", "method": "orthogonal_reflection", "primary": [{"word": "ci", "answer_accuracy": 0.20089285714285715, "displacement_nmse": 0.9837839416289752}, {"word": "ici", "answer_accuracy": 0.21651785714285715, "displacement_nmse": 0.9690182564058407}]}
{"stability_evaluated": "ordinary_s9127", "method": "native_bias_refit", "primary": [{"word": "ci", "answer_accuracy": 0.20238095238095238, "displacement_nmse": 1.0}, {"word": "ici", "answer_accuracy": 0.20238095238095238, "displacement_nmse": 1.0}]}
{"stability_evaluated": "ordinary_s9127", "method": "native_validation_gain_cap", "primary": [{"word": "ci", "answer_accuracy": 0.20238095238095238, "displacement_nmse": 1.0}, {"word": "ici", "answer_accuracy": 0.20238095238095238, "displacement_nmse": 1.0}]}
{"stability_evaluated": "correct_relations_s9127", "method": "shared_center_affine", "primary": [{"word": "ci", "answer_accuracy": 0.4880952380952381, "displacement_nmse": 0.22804132568680038}, {"word": "ici", "answer_accuracy": 0.48325892857142855, "displacement_nmse": 0.2392435719604315}]}
{"stability_evaluated": "correct_relations_s9127", "method": "orthogonal_reflection", "primary": [{"word": "ci", "answer_accuracy": 0.2682291666666667, "displacement_nmse": 0.6224995124594574}, {"word": "ici", "answer_accuracy": 0.24367559523809523, "displacement_nmse": 0.8094570882304141}]}
{"stability_evaluated": "correct_relations_s9127", "method": "native_bias_refit", "primary": [{"word": "ci", "answer_accuracy": 0.4296875, "displacement_nmse": 0.2549892076192652}, {"word": "ici", "answer_accuracy": 0.421875, "displacement_nmse": 0.2711900666640464}]}
{"stability_evaluated": "correct_relations_s9127", "method": "native_validation_gain_cap", "primary": [{"word": "ci", "answer_accuracy": 0.4296875, "displacement_nmse": 0.2549892076192651}, {"word": "ici", "answer_accuracy": 0.421875, "displacement_nmse": 0.2711900666640463}]}
{"stability_evaluated": "shuffled_relations_s9127", "method": "shared_center_affine", "primary": [{"word": "ci", "answer_accuracy": 0.27566964285714285, "displacement_nmse": 0.5329014497853245}, {"word": "ici", "answer_accuracy": 0.2760416666666667, "displacement_nmse": 0.5346860461691658}]}
{"stability_evaluated": "shuffled_relations_s9127", "method": "orthogonal_reflection", "primary": [{"word": "ci", "answer_accuracy": 0.23251488095238096, "displacement_nmse": 0.9878625271961478}, {"word": "ici", "answer_accuracy": 0.22767857142857142, "displacement_nmse": 0.9904881584934483}]}
{"stability_evaluated": "shuffled_relations_s9127", "method": "native_bias_refit", "primary": [{"word": "ci", "answer_accuracy": 0.27566964285714285, "displacement_nmse": 0.5341821914700677}, {"word": "ici", "answer_accuracy": 0.27566964285714285, "displacement_nmse": 0.5357826586905894}]}
{"stability_evaluated": "shuffled_relations_s9127", "method": "native_validation_gain_cap", "primary": [{"word": "ci", "answer_accuracy": 0.27232142857142855, "displacement_nmse": 0.5730523654681599}, {"word": "ici", "answer_accuracy": 0.27120535714285715, "displacement_nmse": 0.588839505681839}]}
{"stability_evaluated": "ordinary_s10141", "method": "shared_center_affine", "primary": [{"word": "ci", "answer_accuracy": 0.27157738095238093, "displacement_nmse": 0.4990548542085726}, {"word": "ici", "answer_accuracy": 0.2726934523809524, "displacement_nmse": 0.49432023605308917}]}
{"stability_evaluated": "ordinary_s10141", "method": "orthogonal_reflection", "primary": [{"word": "ci", "answer_accuracy": 0.19084821428571427, "displacement_nmse": 0.9752532355676957}, {"word": "ici", "answer_accuracy": 0.21800595238095238, "displacement_nmse": 0.9673332998667796}]}
{"stability_evaluated": "ordinary_s10141", "method": "native_bias_refit", "primary": [{"word": "ci", "answer_accuracy": 0.20238095238095238, "displacement_nmse": 1.0}, {"word": "ici", "answer_accuracy": 0.20238095238095238, "displacement_nmse": 1.0}]}
{"stability_evaluated": "ordinary_s10141", "method": "native_validation_gain_cap", "primary": [{"word": "ci", "answer_accuracy": 0.20238095238095238, "displacement_nmse": 1.0}, {"word": "ici", "answer_accuracy": 0.20238095238095238, "displacement_nmse": 1.0}]}
{"stability_evaluated": "correct_relations_s10141", "method": "shared_center_affine", "primary": [{"word": "ci", "answer_accuracy": 0.3958333333333333, "displacement_nmse": 0.30541379717182643}, {"word": "ici", "answer_accuracy": 0.39285714285714285, "displacement_nmse": 0.32358066932842533}]}
{"stability_evaluated": "correct_relations_s10141", "method": "orthogonal_reflection", "primary": [{"word": "ci", "answer_accuracy": 0.26748511904761907, "displacement_nmse": 0.6580859389721636}, {"word": "ici", "answer_accuracy": 0.23586309523809523, "displacement_nmse": 0.8296921445100608}]}
{"stability_evaluated": "correct_relations_s10141", "method": "native_bias_refit", "primary": [{"word": "ci", "answer_accuracy": 0.3854166666666667, "displacement_nmse": 0.32395905298020333}, {"word": "ici", "answer_accuracy": 0.38430059523809523, "displacement_nmse": 0.34177741565833625}]}
{"stability_evaluated": "correct_relations_s10141", "method": "native_validation_gain_cap", "primary": [{"word": "ci", "answer_accuracy": 0.38578869047619047, "displacement_nmse": 0.32395873302822803}, {"word": "ici", "answer_accuracy": 0.38467261904761907, "displacement_nmse": 0.3417833714070186}]}
{"stability_evaluated": "shuffled_relations_s10141", "method": "shared_center_affine", "primary": [{"word": "ci", "answer_accuracy": 0.2786458333333333, "displacement_nmse": 0.5271249764007099}, {"word": "ici", "answer_accuracy": 0.2771577380952381, "displacement_nmse": 0.529844340741027}]}
{"stability_evaluated": "shuffled_relations_s10141", "method": "orthogonal_reflection", "primary": [{"word": "ci", "answer_accuracy": 0.23697916666666666, "displacement_nmse": 0.9754325360997351}, {"word": "ici", "answer_accuracy": 0.21577380952380953, "displacement_nmse": 0.9937424007333461}]}
{"stability_evaluated": "shuffled_relations_s10141", "method": "native_bias_refit", "primary": [{"word": "ci", "answer_accuracy": 0.27306547619047616, "displacement_nmse": 0.5283484659086374}, {"word": "ici", "answer_accuracy": 0.27380952380952384, "displacement_nmse": 0.5308510704766117}]}
{"stability_evaluated": "shuffled_relations_s10141", "method": "native_validation_gain_cap", "primary": [{"word": "ci", "answer_accuracy": 0.27120535714285715, "displacement_nmse": 0.5760115121129106}, {"word": "ici", "answer_accuracy": 0.27120535714285715, "displacement_nmse": 0.5993888054100548}]}
{"stability_evaluated": "ordinary_s11159", "method": "shared_center_affine", "primary": [{"word": "ci", "answer_accuracy": 0.27827380952380953, "displacement_nmse": 0.5003531579661477}, {"word": "ici", "answer_accuracy": 0.2760416666666667, "displacement_nmse": 0.49754627447574995}]}
{"stability_evaluated": "ordinary_s11159", "method": "orthogonal_reflection", "primary": [{"word": "ci", "answer_accuracy": 0.1875, "displacement_nmse": 0.9823922189608615}, {"word": "ici", "answer_accuracy": 0.22284226190476192, "displacement_nmse": 0.97388231868444}]}
{"stability_evaluated": "ordinary_s11159", "method": "native_bias_refit", "primary": [{"word": "ci", "answer_accuracy": 0.20238095238095238, "displacement_nmse": 1.0}, {"word": "ici", "answer_accuracy": 0.20238095238095238, "displacement_nmse": 1.0}]}
{"stability_evaluated": "ordinary_s11159", "method": "native_validation_gain_cap", "primary": [{"word": "ci", "answer_accuracy": 0.20238095238095238, "displacement_nmse": 1.0}, {"word": "ici", "answer_accuracy": 0.20238095238095238, "displacement_nmse": 1.0}]}
{"stability_evaluated": "correct_relations_s11159", "method": "shared_center_affine", "primary": [{"word": "ci", "answer_accuracy": 0.45535714285714285, "displacement_nmse": 0.27307174834981235}, {"word": "ici", "answer_accuracy": 0.44642857142857145, "displacement_nmse": 0.28500020347818167}]}
{"stability_evaluated": "correct_relations_s11159", "method": "orthogonal_reflection", "primary": [{"word": "ci", "answer_accuracy": 0.26599702380952384, "displacement_nmse": 0.6142924519296217}, {"word": "ici", "answer_accuracy": 0.25595238095238093, "displacement_nmse": 0.8189807515018593}]}
{"stability_evaluated": "correct_relations_s11159", "method": "native_bias_refit", "primary": [{"word": "ci", "answer_accuracy": 0.4181547619047619, "displacement_nmse": 0.29615683002462406}, {"word": "ici", "answer_accuracy": 0.4133184523809524, "displacement_nmse": 0.3090189928989076}]}
{"stability_evaluated": "correct_relations_s11159", "method": "native_validation_gain_cap", "primary": [{"word": "ci", "answer_accuracy": 0.4181547619047619, "displacement_nmse": 0.29615047634575237}, {"word": "ici", "answer_accuracy": 0.4133184523809524, "displacement_nmse": 0.3090137763617236}]}
Traceback (most recent call last):
  File "<frozen runpy>", line 198, in _run_module_as_main
  File "<frozen runpy>", line 88, in _run_code
  File "/home/yangx/ICML/experiments/relation_operator_stability.py", line 185, in <module>
    count = evaluate_available()
  File "/home/yangx/ICML/experiments/relation_operator_stability.py", line 138, in evaluate_available
    hidden = np.load(fp)['source_query_concat'][:, :, -1].astype(np.float64)
             ~~~~~~~^^^^
  File "/home/yangx/miniforge3/lib/python3.13/site-packages/numpy/lib/_npyio_impl.py", line 471, in load
    ret = NpzFile(fid, own_fid=own_fid, allow_pickle=allow_pickle,
                  pickle_kwargs=pickle_kwargs,
                  max_header_size=max_header_size)
  File "/home/yangx/miniforge3/lib/python3.13/site-packages/numpy/lib/_npyio_impl.py", line 197, in __init__
    _zip = zipfile_factory(fid)
  File "/home/yangx/miniforge3/lib/python3.13/site-packages/numpy/lib/_npyio_impl.py", line 112, in zipfile_factory
    return zipfile.ZipFile(file, *args, **kwargs)
           ~~~~~~~~~~~~~~~^^^^^^^^^^^^^^^^^^^^^^^
  File "/home/yangx/miniforge3/lib/python3.13/zipfile/__init__.py", line 1401, in __init__
    self._RealGetContents()
    ~~~~~~~~~~~~~~~~~~~~~^^
  File "/home/yangx/miniforge3/lib/python3.13/zipfile/__init__.py", line 1468, in _RealGetContents
    raise BadZipFile("File is not a zip file")
zipfile.BadZipFile: File is not a zip file
