{"new_frozen_seed_control": "correct_relations_s10141_correct"}
{"new_frozen_seed_control": "correct_relations_s10141_shuffled"}
{"new_frozen_seed_control": "correct_relations_s11159_correct"}
{"new_frozen_seed_control": "correct_relations_s11159_shuffled"}
{"new_frozen_seed_control": "ordinary_s11159_correct"}
{"new_frozen_seed_control": "ordinary_s11159_shuffled"}
{"new_frozen_seed_control": "shuffled_relations_s11159_correct"}
{"new_frozen_seed_control": "shuffled_relations_s11159_shuffled"}
{"new_frozen_seed_control": "shuffled_relations_s10141_correct"}
{"new_frozen_seed_control": "shuffled_relations_s10141_shuffled"}
{"new_frozen_seed_control": "ordinary_s10141_correct"}
{"new_frozen_seed_control": "ordinary_s10141_shuffled"}
{"new_frozen_seed_control": "shuffled_relations_s8111_correct"}
{"new_frozen_seed_control": "shuffled_relations_s8111_shuffled"}
{"new_frozen_seed_control": "shuffled_relations_s9127_correct"}
{"new_frozen_seed_control": "shuffled_relations_s9127_shuffled"}
{"new_frozen_seed_control": "ordinary_s9127_correct"}
{"new_frozen_seed_control": "ordinary_s9127_shuffled"}
{"new_frozen_seed_control": "correct_relations_s8111_correct"}
{"new_frozen_seed_control": "correct_relations_s8111_shuffled"}
{"new_frozen_seed_control": "ordinary_s8111_correct"}
{"new_frozen_seed_control": "ordinary_s8111_shuffled"}
{"new_frozen_seed_control": "correct_relations_s9127_correct"}
{"new_frozen_seed_control": "correct_relations_s9127_shuffled"}
{"new_frozen_seed_control": "ordinary_s12163_correct"}
{"new_frozen_seed_control": "ordinary_s12163_shuffled"}
{"new_frozen_seed_control": "correct_relations_s12163_correct"}
{"new_frozen_seed_control": "correct_relations_s12163_shuffled"}
{"new_frozen_seed_control": "shuffled_relations_s12163_correct"}
{"new_frozen_seed_control": "shuffled_relations_s12163_shuffled"}
{"new_frozen_seed_control": "correct_relations_s13171_correct"}
{"new_frozen_seed_control": "correct_relations_s13171_shuffled"}
{"new_frozen_seed_control": "ordinary_s13171_correct"}
{"new_frozen_seed_control": "ordinary_s13171_shuffled"}
{"new_frozen_seed_control": "shuffled_relations_s13171_correct"}
{"new_frozen_seed_control": "shuffled_relations_s13171_shuffled"}
