{"job": "ordinary_s8111", "step": 1000, "planned_steps": 20000, "observed_validation_accuracy": [0.5357142686843872, 0.6428571343421936, 0.5595238208770752], "source_ce": 1.134826421737671, "relation_loss": 2.119290351867676}
{"job": "ordinary_s8111", "step": 2000, "planned_steps": 20000, "observed_validation_accuracy": [0.8571428656578064, 0.8571428656578064, 0.8690476417541504], "source_ce": 0.2617245018482208, "relation_loss": 2.061757802963257}
{"job": "ordinary_s8111", "step": 3000, "planned_steps": 20000, "observed_validation_accuracy": [0.9166666865348816, 0.9523809552192688, 0.9523809552192688], "source_ce": 0.1552877426147461, "relation_loss": 1.934929370880127}
{"job": "ordinary_s8111", "step": 4000, "planned_steps": 20000, "observed_validation_accuracy": [0.9761905074119568, 0.9761905074119568, 0.9285714626312256], "source_ce": 0.04296310245990753, "relation_loss": 2.198545217514038}
{"job": "ordinary_s8111", "step": 5000, "planned_steps": 20000, "observed_validation_accuracy": [1.0, 0.9761905074119568, 1.0], "source_ce": 0.0011769928969442844, "relation_loss": 2.1750833988189697}
{"job": "ordinary_s8111", "step": 6000, "planned_steps": 20000, "observed_validation_accuracy": [0.9761905074119568, 0.9880952835083008, 1.0], "source_ce": 0.008077796548604965, "relation_loss": 2.2360665798187256}
{"job": "ordinary_s8111", "step": 7000, "planned_steps": 20000, "observed_validation_accuracy": [0.9761905074119568, 0.9880952835083008, 1.0], "source_ce": 0.038925375789403915, "relation_loss": 2.1668245792388916}
{"job": "ordinary_s8111", "step": 8000, "planned_steps": 20000, "observed_validation_accuracy": [1.0, 1.0, 1.0], "source_ce": 0.1194467768073082, "relation_loss": 2.0898244380950928}
{"job": "ordinary_s8111", "step": 9000, "planned_steps": 20000, "observed_validation_accuracy": [0.9761905074119568, 1.0, 0.9642857313156128], "source_ce": 0.0013841651380062103, "relation_loss": 2.0118181705474854}
{"job": "ordinary_s8111", "step": 10000, "planned_steps": 20000, "observed_validation_accuracy": [1.0, 0.9880952835083008, 1.0], "source_ce": 8.54858080856502e-05, "relation_loss": 2.1952924728393555}
{"job": "ordinary_s8111", "step": 11000, "planned_steps": 20000, "observed_validation_accuracy": [1.0, 1.0, 1.0], "source_ce": 8.557708497392014e-05, "relation_loss": 2.1913106441497803}
{"job": "ordinary_s8111", "step": 12000, "planned_steps": 20000, "observed_validation_accuracy": [0.9761905074119568, 1.0, 0.9761905074119568], "source_ce": 0.0003529005916789174, "relation_loss": 2.0305745601654053}
{"job": "ordinary_s8111", "step": 13000, "planned_steps": 20000, "observed_validation_accuracy": [0.9880952835083008, 0.9761905074119568, 1.0], "source_ce": 0.004706180188804865, "relation_loss": 1.976049780845642}
{"job": "ordinary_s8111", "step": 14000, "planned_steps": 20000, "observed_validation_accuracy": [1.0, 1.0, 1.0], "source_ce": 0.005353229120373726, "relation_loss": 1.893198847770691}
{"job": "ordinary_s8111", "step": 15000, "planned_steps": 20000, "observed_validation_accuracy": [1.0, 1.0, 1.0], "source_ce": 1.6872827472980134e-05, "relation_loss": 2.150428056716919}
{"job": "ordinary_s8111", "step": 16000, "planned_steps": 20000, "observed_validation_accuracy": [1.0, 1.0, 1.0], "source_ce": 1.0927437870122958e-05, "relation_loss": 2.0788650512695312}
{"job": "ordinary_s8111", "step": 17000, "planned_steps": 20000, "observed_validation_accuracy": [1.0, 1.0, 1.0], "source_ce": 8.795625763013959e-05, "relation_loss": 2.2944910526275635}
{"job": "ordinary_s8111", "step": 18000, "planned_steps": 20000, "observed_validation_accuracy": [1.0, 1.0, 1.0], "source_ce": 3.7804307794431224e-05, "relation_loss": 2.0939958095550537}
{"job": "ordinary_s8111", "step": 19000, "planned_steps": 20000, "observed_validation_accuracy": [1.0, 1.0, 1.0], "source_ce": 2.9229087886051275e-05, "relation_loss": 2.0907163619995117}
{"job": "ordinary_s8111", "step": 20000, "planned_steps": 20000, "observed_validation_accuracy": [1.0, 1.0, 1.0], "source_ce": 9.74129306996474e-06, "relation_loss": 1.9259449243545532}
{"new_seed_evaluated": "ordinary_s8111", "primary": [{"split": "answer_collisions", "word": "ci", "action": 5, "displacement_nmse": 1.0, "prediction_energy_over_source": 0.0, "answer_accuracy": 0.20238095238095238, "direct_transformed_input_accuracy": 0.9981398809523809, "pair_both_correct": 0.0, "paired_accuracy_interval_95": [0.18936011904761904, 0.21503906249999996], "pair_both_correct_interval_95": [0.0, 0.0], "wrong_order_minus_correct_gap": -0.012444138064902011}, {"split": "answer_collisions", "word": "ici", "action": 2, "displacement_nmse": 1.0, "prediction_energy_over_source": 0.0, "answer_accuracy": 0.20238095238095238, "direct_transformed_input_accuracy": 0.9988839285714286, "pair_both_correct": 0.0, "paired_accuracy_interval_95": [0.18936011904761904, 0.21503906249999996], "pair_both_correct_interval_95": [0.0, 0.0]}]}
{"job": "correct_relations_s8111", "step": 1000, "planned_steps": 20000, "observed_validation_accuracy": [0.392857164144516, 0.511904776096344, 0.4404762089252472], "source_ce": 1.500968337059021, "relation_loss": 0.4477812647819519}
{"job": "correct_relations_s8111", "step": 2000, "planned_steps": 20000, "observed_validation_accuracy": [0.785714328289032, 0.785714328289032, 0.6904761791229248], "source_ce": 0.4628649652004242, "relation_loss": 0.7057552933692932}
{"job": "correct_relations_s8111", "step": 3000, "planned_steps": 20000, "observed_validation_accuracy": [0.8452380895614624, 0.761904776096344, 0.7976190447807312], "source_ce": 0.2219550609588623, "relation_loss": 0.5720281600952148}
{"job": "correct_relations_s8111", "step": 4000, "planned_steps": 20000, "observed_validation_accuracy": [0.9642857313156128, 0.9166666865348816, 0.8928571343421936], "source_ce": 0.13380534946918488, "relation_loss": 0.4498603343963623}
{"job": "correct_relations_s8111", "step": 5000, "planned_steps": 20000, "observed_validation_accuracy": [0.9523809552192688, 0.9761905074119568, 0.9166666865348816], "source_ce": 0.04123900830745697, "relation_loss": 0.2725783586502075}
{"job": "correct_relations_s8111", "step": 6000, "planned_steps": 20000, "observed_validation_accuracy": [0.9761905074119568, 1.0, 1.0], "source_ce": 0.09607815742492676, "relation_loss": 0.37946784496307373}
{"job": "correct_relations_s8111", "step": 7000, "planned_steps": 20000, "observed_validation_accuracy": [0.9642857313156128, 0.9761905074119568, 0.9761905074119568], "source_ce": 0.029946530237793922, "relation_loss": 0.2472773939371109}
{"job": "correct_relations_s8111", "step": 8000, "planned_steps": 20000, "observed_validation_accuracy": [0.9880952835083008, 1.0, 0.9880952835083008], "source_ce": 0.01670539192855358, "relation_loss": 0.14545437693595886}
{"job": "correct_relations_s8111", "step": 9000, "planned_steps": 20000, "observed_validation_accuracy": [1.0, 1.0, 1.0], "source_ce": 0.03529404476284981, "relation_loss": 0.183475062251091}
{"job": "correct_relations_s8111", "step": 10000, "planned_steps": 20000, "observed_validation_accuracy": [1.0, 1.0, 0.9880952835083008], "source_ce": 0.008769313804805279, "relation_loss": 0.10155569761991501}
{"job": "correct_relations_s8111", "step": 11000, "planned_steps": 20000, "observed_validation_accuracy": [0.9761905074119568, 1.0, 1.0], "source_ce": 0.09454959630966187, "relation_loss": 0.09056742489337921}
{"job": "correct_relations_s8111", "step": 12000, "planned_steps": 20000, "observed_validation_accuracy": [1.0, 0.9880952835083008, 1.0], "source_ce": 0.0092410733923316, "relation_loss": 0.10424098372459412}
{"job": "correct_relations_s8111", "step": 13000, "planned_steps": 20000, "observed_validation_accuracy": [1.0, 1.0, 1.0], "source_ce": 0.006858464330434799, "relation_loss": 0.08420595526695251}
{"job": "correct_relations_s8111", "step": 14000, "planned_steps": 20000, "observed_validation_accuracy": [1.0, 1.0, 1.0], "source_ce": 0.009263236075639725, "relation_loss": 0.08535104990005493}
{"job": "correct_relations_s8111", "step": 15000, "planned_steps": 20000, "observed_validation_accuracy": [1.0, 1.0, 1.0], "source_ce": 0.003375799162313342, "relation_loss": 0.044285472482442856}
{"job": "correct_relations_s8111", "step": 16000, "planned_steps": 20000, "observed_validation_accuracy": [1.0, 1.0, 1.0], "source_ce": 0.002527394099161029, "relation_loss": 0.03411833569407463}
{"job": "correct_relations_s8111", "step": 17000, "planned_steps": 20000, "observed_validation_accuracy": [1.0, 1.0, 1.0], "source_ce": 0.008990812115371227, "relation_loss": 0.06435312330722809}
{"job": "correct_relations_s8111", "step": 18000, "planned_steps": 20000, "observed_validation_accuracy": [1.0, 1.0, 1.0], "source_ce": 0.005773928016424179, "relation_loss": 0.06303323060274124}
{"job": "correct_relations_s8111", "step": 19000, "planned_steps": 20000, "observed_validation_accuracy": [1.0, 1.0, 1.0], "source_ce": 0.0064624338410794735, "relation_loss": 0.061888739466667175}
{"job": "correct_relations_s8111", "step": 20000, "planned_steps": 20000, "observed_validation_accuracy": [1.0, 1.0, 1.0], "source_ce": 0.004357611760497093, "relation_loss": 0.056538429111242294}
{"new_seed_evaluated": "correct_relations_s8111", "primary": [{"split": "answer_collisions", "word": "ci", "action": 5, "displacement_nmse": 0.21695680462045552, "prediction_energy_over_source": 1.7709249551789275, "answer_accuracy": 0.4148065476190476, "direct_transformed_input_accuracy": 0.9970238095238095, "pair_both_correct": 0.13690476190476192, "paired_accuracy_interval_95": [0.3976934523809524, 0.4322916666666667], "pair_both_correct_interval_95": [0.11904761904761904, 0.15476190476190477], "wrong_order_minus_correct_gap": 0.4293564238796577}, {"split": "answer_collisions", "word": "ici", "action": 2, "displacement_nmse": 0.23549249048284523, "prediction_energy_over_source": 1.6303600322619074, "answer_accuracy": 0.40625, "direct_transformed_input_accuracy": 0.9962797619047619, "pair_both_correct": 0.12425595238095238, "paired_accuracy_interval_95": [0.38876488095238093, 0.42299107142857145], "pair_both_correct_interval_95": [0.10714285714285714, 0.14211309523809523]}]}
{"job": "shuffled_relations_s8111", "step": 1000, "planned_steps": 20000, "observed_validation_accuracy": [0.4047619104385376, 0.4880952537059784, 0.4761904776096344], "source_ce": 1.4556188583374023, "relation_loss": 0.4299243092536926}
{"job": "shuffled_relations_s8111", "step": 2000, "planned_steps": 20000, "observed_validation_accuracy": [0.738095223903656, 0.75, 0.7261905074119568], "source_ce": 0.5235628485679626, "relation_loss": 0.8624366521835327}
{"job": "shuffled_relations_s8111", "step": 3000, "planned_steps": 20000, "observed_validation_accuracy": [0.9166666865348816, 0.8333333730697632, 0.7976190447807312], "source_ce": 0.2394951730966568, "relation_loss": 0.6797821521759033}
{"job": "shuffled_relations_s8111", "step": 4000, "planned_steps": 20000, "observed_validation_accuracy": [0.9285714626312256, 0.9047619104385376, 0.8928571343421936], "source_ce": 0.1451384425163269, "relation_loss": 0.6329629421234131}
{"job": "shuffled_relations_s8111", "step": 5000, "planned_steps": 20000, "observed_validation_accuracy": [0.9642857313156128, 0.9166666865348816, 0.9523809552192688], "source_ce": 0.04675537347793579, "relation_loss": 0.40819302201271057}
{"job": "shuffled_relations_s8111", "step": 6000, "planned_steps": 20000, "observed_validation_accuracy": [0.9523809552192688, 0.9880952835083008, 0.9761905074119568], "source_ce": 0.23287545144557953, "relation_loss": 0.4506337642669678}
{"job": "shuffled_relations_s8111", "step": 7000, "planned_steps": 20000, "observed_validation_accuracy": [1.0, 1.0, 1.0], "source_ce": 0.03870682045817375, "relation_loss": 0.31908223032951355}
{"job": "shuffled_relations_s8111", "step": 8000, "planned_steps": 20000, "observed_validation_accuracy": [0.9880952835083008, 1.0, 1.0], "source_ce": 0.017486421391367912, "relation_loss": 0.2785799503326416}
{"job": "shuffled_relations_s8111", "step": 9000, "planned_steps": 20000, "observed_validation_accuracy": [0.9880952835083008, 1.0, 1.0], "source_ce": 0.03606969490647316, "relation_loss": 0.2583012580871582}
{"job": "shuffled_relations_s8111", "step": 10000, "planned_steps": 20000, "observed_validation_accuracy": [0.9880952835083008, 1.0, 0.9880952835083008], "source_ce": 0.014678406529128551, "relation_loss": 0.20351363718509674}
{"job": "shuffled_relations_s8111", "step": 11000, "planned_steps": 20000, "observed_validation_accuracy": [0.9880952835083008, 1.0, 1.0], "source_ce": 0.011710450053215027, "relation_loss": 0.13557979464530945}
{"job": "shuffled_relations_s8111", "step": 12000, "planned_steps": 20000, "observed_validation_accuracy": [1.0, 1.0, 1.0], "source_ce": 0.01506658736616373, "relation_loss": 0.1789906620979309}
{"job": "shuffled_relations_s8111", "step": 13000, "planned_steps": 20000, "observed_validation_accuracy": [1.0, 1.0, 1.0], "source_ce": 0.018470974639058113, "relation_loss": 0.14952336251735687}
{"job": "shuffled_relations_s8111", "step": 14000, "planned_steps": 20000, "observed_validation_accuracy": [1.0, 1.0, 1.0], "source_ce": 0.050140734761953354, "relation_loss": 0.1485990434885025}
{"job": "shuffled_relations_s8111", "step": 15000, "planned_steps": 20000, "observed_validation_accuracy": [1.0, 1.0, 1.0], "source_ce": 0.010209818370640278, "relation_loss": 0.12037940323352814}
{"job": "shuffled_relations_s8111", "step": 16000, "planned_steps": 20000, "observed_validation_accuracy": [1.0, 1.0, 1.0], "source_ce": 0.008654310368001461, "relation_loss": 0.10597237199544907}
{"job": "shuffled_relations_s8111", "step": 17000, "planned_steps": 20000, "observed_validation_accuracy": [0.9880952835083008, 1.0, 1.0], "source_ce": 0.01365695521235466, "relation_loss": 0.14544348418712616}
{"job": "shuffled_relations_s8111", "step": 18000, "planned_steps": 20000, "observed_validation_accuracy": [1.0, 1.0, 1.0], "source_ce": 0.01091582328081131, "relation_loss": 0.13028353452682495}
{"job": "shuffled_relations_s8111", "step": 19000, "planned_steps": 20000, "observed_validation_accuracy": [1.0, 1.0, 1.0], "source_ce": 0.011742472648620605, "relation_loss": 0.13673850893974304}
{"job": "shuffled_relations_s8111", "step": 20000, "planned_steps": 20000, "observed_validation_accuracy": [1.0, 1.0, 1.0], "source_ce": 0.009701956994831562, "relation_loss": 0.1251179575920105}
{"new_seed_evaluated": "shuffled_relations_s8111", "primary": [{"split": "answer_collisions", "word": "ci", "action": 5, "displacement_nmse": 0.5324117462559701, "prediction_energy_over_source": 0.8434543503812176, "answer_accuracy": 0.27120535714285715, "direct_transformed_input_accuracy": 0.9985119047619048, "pair_both_correct": 0.0, "paired_accuracy_interval_95": [0.2578125, 0.2845982142857143], "pair_both_correct_interval_95": [0.0, 0.0], "wrong_order_minus_correct_gap": -0.08269456172747452}, {"split": "answer_collisions", "word": "ici", "action": 2, "displacement_nmse": 0.5338016768815539, "prediction_energy_over_source": 0.8450133292760489, "answer_accuracy": 0.27120535714285715, "direct_transformed_input_accuracy": 0.9977678571428571, "pair_both_correct": 0.0, "paired_accuracy_interval_95": [0.2578125, 0.2845982142857143], "pair_both_correct_interval_95": [0.0, 0.0]}]}
{"job": "ordinary_s9127", "step": 1000, "planned_steps": 20000, "observed_validation_accuracy": [0.6666666865348816, 0.6071428656578064, 0.6547619104385376], "source_ce": 0.47523847222328186, "relation_loss": 2.2870593070983887}
{"job": "ordinary_s9127", "step": 2000, "planned_steps": 20000, "observed_validation_accuracy": [0.8690476417541504, 0.9285714626312256, 0.9166666865348816], "source_ce": 0.29087018966674805, "relation_loss": 2.232585906982422}
{"job": "ordinary_s9127", "step": 3000, "planned_steps": 20000, "observed_validation_accuracy": [0.9523809552192688, 0.9523809552192688, 0.9761905074119568], "source_ce": 0.09686923772096634, "relation_loss": 2.1843221187591553}
{"job": "ordinary_s9127", "step": 4000, "planned_steps": 20000, "observed_validation_accuracy": [0.9761905074119568, 0.9761905074119568, 0.9761905074119568], "source_ce": 0.023042410612106323, "relation_loss": 2.052319049835205}
{"job": "ordinary_s9127", "step": 5000, "planned_steps": 20000, "observed_validation_accuracy": [0.9761905074119568, 0.9761905074119568, 0.9761905074119568], "source_ce": 0.041896089911460876, "relation_loss": 2.2022528648376465}
{"job": "ordinary_s9127", "step": 6000, "planned_steps": 20000, "observed_validation_accuracy": [0.9642857313156128, 0.9404761791229248, 0.9642857313156128], "source_ce": 0.1028159037232399, "relation_loss": 2.0049843788146973}
{"job": "ordinary_s9127", "step": 7000, "planned_steps": 20000, "observed_validation_accuracy": [0.9642857313156128, 0.9880952835083008, 0.9523809552192688], "source_ce": 0.0013346358900889754, "relation_loss": 2.299386978149414}
{"job": "ordinary_s9127", "step": 8000, "planned_steps": 20000, "observed_validation_accuracy": [1.0, 0.9880952835083008, 1.0], "source_ce": 0.04950025677680969, "relation_loss": 2.189309597015381}
{"job": "ordinary_s9127", "step": 9000, "planned_steps": 20000, "observed_validation_accuracy": [1.0, 1.0, 1.0], "source_ce": 0.01919594593346119, "relation_loss": 2.207185983657837}
{"job": "ordinary_s9127", "step": 10000, "planned_steps": 20000, "observed_validation_accuracy": [0.9880952835083008, 0.9642857313156128, 0.9761905074119568], "source_ce": 0.7595452666282654, "relation_loss": 2.0995376110076904}
{"job": "ordinary_s9127", "step": 11000, "planned_steps": 20000, "observed_validation_accuracy": [1.0, 1.0, 1.0], "source_ce": 0.000844648340716958, "relation_loss": 2.12188982963562}
{"job": "ordinary_s9127", "step": 12000, "planned_steps": 20000, "observed_validation_accuracy": [0.9880952835083008, 0.9880952835083008, 1.0], "source_ce": 0.03465263172984123, "relation_loss": 2.133000373840332}
{"job": "ordinary_s9127", "step": 13000, "planned_steps": 20000, "observed_validation_accuracy": [1.0, 1.0, 1.0], "source_ce": 5.8858055126620457e-05, "relation_loss": 1.9467196464538574}
{"job": "ordinary_s9127", "step": 14000, "planned_steps": 20000, "observed_validation_accuracy": [1.0, 1.0, 1.0], "source_ce": 9.242872329195961e-05, "relation_loss": 2.1378002166748047}
{"job": "ordinary_s9127", "step": 15000, "planned_steps": 20000, "observed_validation_accuracy": [1.0, 1.0, 1.0], "source_ce": 4.103612809558399e-05, "relation_loss": 2.120288372039795}
{"job": "ordinary_s9127", "step": 16000, "planned_steps": 20000, "observed_validation_accuracy": [1.0, 1.0, 1.0], "source_ce": 2.3711982066743076e-05, "relation_loss": 2.108184576034546}
{"job": "ordinary_s9127", "step": 17000, "planned_steps": 20000, "observed_validation_accuracy": [1.0, 1.0, 1.0], "source_ce": 0.0032204485032707453, "relation_loss": 1.9639625549316406}
{"job": "ordinary_s9127", "step": 18000, "planned_steps": 20000, "observed_validation_accuracy": [0.9880952835083008, 1.0, 1.0], "source_ce": 0.0011653592810034752, "relation_loss": 2.022569417953491}
{"job": "ordinary_s9127", "step": 19000, "planned_steps": 20000, "observed_validation_accuracy": [1.0, 1.0, 1.0], "source_ce": 4.2940955609083176e-05, "relation_loss": 1.9808341264724731}
{"job": "ordinary_s9127", "step": 20000, "planned_steps": 20000, "observed_validation_accuracy": [1.0, 1.0, 1.0], "source_ce": 1.4248944353312254e-05, "relation_loss": 2.1631646156311035}
{"new_seed_evaluated": "ordinary_s9127", "primary": [{"split": "answer_collisions", "word": "ci", "action": 5, "displacement_nmse": 1.0, "prediction_energy_over_source": 0.0, "answer_accuracy": 0.20238095238095238, "direct_transformed_input_accuracy": 0.9977678571428571, "pair_both_correct": 0.0, "paired_accuracy_interval_95": [0.18936011904761904, 0.21503906249999996], "pair_both_correct_interval_95": [0.0, 0.0], "wrong_order_minus_correct_gap": -0.008194010478751838}, {"split": "answer_collisions", "word": "ici", "action": 2, "displacement_nmse": 1.0, "prediction_energy_over_source": 0.0, "answer_accuracy": 0.20238095238095238, "direct_transformed_input_accuracy": 0.9988839285714286, "pair_both_correct": 0.0, "paired_accuracy_interval_95": [0.18936011904761904, 0.21503906249999996], "pair_both_correct_interval_95": [0.0, 0.0]}]}
{"job": "correct_relations_s9127", "step": 1000, "planned_steps": 20000, "observed_validation_accuracy": [0.5, 0.4642857313156128, 0.4166666865348816], "source_ce": 1.0829520225524902, "relation_loss": 0.32668793201446533}
{"job": "correct_relations_s9127", "step": 2000, "planned_steps": 20000, "observed_validation_accuracy": [0.6547619104385376, 0.6071428656578064, 0.6309524178504944], "source_ce": 0.7737663388252258, "relation_loss": 0.6139868497848511}
{"job": "correct_relations_s9127", "step": 3000, "planned_steps": 20000, "observed_validation_accuracy": [0.8690476417541504, 0.8333333730697632, 0.8214285969734192], "source_ce": 0.26411619782447815, "relation_loss": 0.5736539959907532}
{"job": "correct_relations_s9127", "step": 4000, "planned_steps": 20000, "observed_validation_accuracy": [0.8928571343421936, 0.9047619104385376, 0.8809524178504944], "source_ce": 0.20686662197113037, "relation_loss": 0.5237436294555664}
{"job": "correct_relations_s9127", "step": 5000, "planned_steps": 20000, "observed_validation_accuracy": [0.8928571343421936, 0.9880952835083008, 0.9404761791229248], "source_ce": 0.2069404125213623, "relation_loss": 0.4054148197174072}
{"job": "correct_relations_s9127", "step": 6000, "planned_steps": 20000, "observed_validation_accuracy": [0.9761905074119568, 0.9761905074119568, 0.9523809552192688], "source_ce": 0.08156067878007889, "relation_loss": 0.3389264643192291}
{"job": "correct_relations_s9127", "step": 7000, "planned_steps": 20000, "observed_validation_accuracy": [0.9761905074119568, 1.0, 0.9880952835083008], "source_ce": 0.04419788718223572, "relation_loss": 0.20196308195590973}
{"job": "correct_relations_s9127", "step": 8000, "planned_steps": 20000, "observed_validation_accuracy": [0.9880952835083008, 1.0, 0.9761905074119568], "source_ce": 0.022569438442587852, "relation_loss": 0.1845218986272812}
{"job": "correct_relations_s9127", "step": 9000, "planned_steps": 20000, "observed_validation_accuracy": [1.0, 1.0, 1.0], "source_ce": 0.02095904015004635, "relation_loss": 0.1560877561569214}
{"job": "correct_relations_s9127", "step": 10000, "planned_steps": 20000, "observed_validation_accuracy": [1.0, 1.0, 1.0], "source_ce": 0.02082047611474991, "relation_loss": 0.08640331774950027}
{"job": "correct_relations_s9127", "step": 11000, "planned_steps": 20000, "observed_validation_accuracy": [1.0, 1.0, 1.0], "source_ce": 0.009839830920100212, "relation_loss": 0.13499267399311066}
{"job": "correct_relations_s9127", "step": 12000, "planned_steps": 20000, "observed_validation_accuracy": [1.0, 1.0, 1.0], "source_ce": 0.007357614580541849, "relation_loss": 0.08663824945688248}
{"job": "correct_relations_s9127", "step": 13000, "planned_steps": 20000, "observed_validation_accuracy": [1.0, 0.9880952835083008, 1.0], "source_ce": 0.0032082535326480865, "relation_loss": 0.041710738092660904}
{"job": "correct_relations_s9127", "step": 14000, "planned_steps": 20000, "observed_validation_accuracy": [1.0, 1.0, 1.0], "source_ce": 0.0039697252213954926, "relation_loss": 0.035532161593437195}
{"job": "correct_relations_s9127", "step": 15000, "planned_steps": 20000, "observed_validation_accuracy": [1.0, 1.0, 1.0], "source_ce": 0.0032990416511893272, "relation_loss": 0.046460703015327454}
{"job": "correct_relations_s9127", "step": 16000, "planned_steps": 20000, "observed_validation_accuracy": [1.0, 1.0, 1.0], "source_ce": 0.0025596097111701965, "relation_loss": 0.03345591202378273}
{"job": "correct_relations_s9127", "step": 17000, "planned_steps": 20000, "observed_validation_accuracy": [1.0, 1.0, 1.0], "source_ce": 0.013019350357353687, "relation_loss": 0.0962415412068367}
{"job": "correct_relations_s9127", "step": 18000, "planned_steps": 20000, "observed_validation_accuracy": [1.0, 1.0, 1.0], "source_ce": 0.012313860468566418, "relation_loss": 0.10134710371494293}
{"job": "correct_relations_s9127", "step": 19000, "planned_steps": 20000, "observed_validation_accuracy": [1.0, 1.0, 1.0], "source_ce": 0.0035505241248756647, "relation_loss": 0.03943479061126709}
{"job": "correct_relations_s9127", "step": 20000, "planned_steps": 20000, "observed_validation_accuracy": [1.0, 1.0, 1.0], "source_ce": 0.0020816600881516933, "relation_loss": 0.0320252925157547}
{"new_seed_evaluated": "correct_relations_s9127", "primary": [{"split": "answer_collisions", "word": "ci", "action": 5, "displacement_nmse": 0.2564772638333008, "prediction_energy_over_source": 1.6456873013777602, "answer_accuracy": 0.44419642857142855, "direct_transformed_input_accuracy": 0.9962797619047619, "pair_both_correct": 0.1949404761904762, "paired_accuracy_interval_95": [0.4252232142857143, 0.4631789434523809], "pair_both_correct_interval_95": [0.17261904761904762, 0.21579241071428562], "wrong_order_minus_correct_gap": 0.345460239523312}, {"split": "answer_collisions", "word": "ici", "action": 2, "displacement_nmse": 0.2726326194644794, "prediction_energy_over_source": 1.5562421534988742, "answer_accuracy": 0.43117559523809523, "direct_transformed_input_accuracy": 0.9966517857142857, "pair_both_correct": 0.18229166666666666, "paired_accuracy_interval_95": [0.41257440476190477, 0.44904203869047615], "pair_both_correct_interval_95": [0.16145833333333334, 0.20238095238095238]}]}
{"job": "shuffled_relations_s9127", "step": 1000, "planned_steps": 20000, "observed_validation_accuracy": [0.4642857313156128, 0.4642857313156128, 0.5], "source_ce": 1.006276249885559, "relation_loss": 0.6110579967498779}
{"job": "shuffled_relations_s9127", "step": 2000, "planned_steps": 20000, "observed_validation_accuracy": [0.8214285969734192, 0.773809552192688, 0.7023809552192688], "source_ce": 0.7320643067359924, "relation_loss": 0.9340928792953491}
{"job": "shuffled_relations_s9127", "step": 3000, "planned_steps": 20000, "observed_validation_accuracy": [0.8690476417541504, 0.8928571343421936, 0.8690476417541504], "source_ce": 0.26246291399002075, "relation_loss": 0.815929114818573}
{"job": "shuffled_relations_s9127", "step": 4000, "planned_steps": 20000, "observed_validation_accuracy": [0.9404761791229248, 0.9404761791229248, 0.9166666865348816], "source_ce": 0.19111435115337372, "relation_loss": 0.5374942421913147}
{"job": "shuffled_relations_s9127", "step": 5000, "planned_steps": 20000, "observed_validation_accuracy": [0.9523809552192688, 0.9404761791229248, 0.9404761791229248], "source_ce": 0.11594610661268234, "relation_loss": 0.4850558936595917}
{"job": "shuffled_relations_s9127", "step": 6000, "planned_steps": 20000, "observed_validation_accuracy": [0.9642857313156128, 0.9880952835083008, 0.9642857313156128], "source_ce": 0.13851118087768555, "relation_loss": 0.45290908217430115}
{"job": "shuffled_relations_s9127", "step": 7000, "planned_steps": 20000, "observed_validation_accuracy": [0.9880952835083008, 0.9880952835083008, 0.9880952835083008], "source_ce": 0.04445073381066322, "relation_loss": 0.289549320936203}
{"job": "shuffled_relations_s9127", "step": 8000, "planned_steps": 20000, "observed_validation_accuracy": [0.9880952835083008, 1.0, 0.9880952835083008], "source_ce": 0.06583521515130997, "relation_loss": 0.27219724655151367}
{"job": "shuffled_relations_s9127", "step": 9000, "planned_steps": 20000, "observed_validation_accuracy": [1.0, 0.9880952835083008, 0.9880952835083008], "source_ce": 0.06019680202007294, "relation_loss": 0.26778867840766907}
{"job": "shuffled_relations_s9127", "step": 10000, "planned_steps": 20000, "observed_validation_accuracy": [1.0, 1.0, 1.0], "source_ce": 0.03399867191910744, "relation_loss": 0.19885499775409698}
{"job": "shuffled_relations_s9127", "step": 11000, "planned_steps": 20000, "observed_validation_accuracy": [0.9880952835083008, 0.9880952835083008, 0.9761905074119568], "source_ce": 0.02003718912601471, "relation_loss": 0.2105693370103836}
{"job": "shuffled_relations_s9127", "step": 12000, "planned_steps": 20000, "observed_validation_accuracy": [1.0, 1.0, 0.9880952835083008], "source_ce": 0.01623312197625637, "relation_loss": 0.19521893560886383}
{"job": "shuffled_relations_s9127", "step": 13000, "planned_steps": 20000, "observed_validation_accuracy": [0.9880952835083008, 0.9880952835083008, 1.0], "source_ce": 0.013910016976296902, "relation_loss": 0.14291387796401978}
{"job": "shuffled_relations_s9127", "step": 14000, "planned_steps": 20000, "observed_validation_accuracy": [1.0, 0.9880952835083008, 0.9880952835083008], "source_ce": 0.013674047775566578, "relation_loss": 0.15245133638381958}
{"job": "shuffled_relations_s9127", "step": 15000, "planned_steps": 20000, "observed_validation_accuracy": [1.0, 1.0, 1.0], "source_ce": 0.011752971448004246, "relation_loss": 0.1413218230009079}
{"job": "shuffled_relations_s9127", "step": 16000, "planned_steps": 20000, "observed_validation_accuracy": [1.0, 1.0, 1.0], "source_ce": 0.011111225001513958, "relation_loss": 0.14006264507770538}
{"job": "shuffled_relations_s9127", "step": 17000, "planned_steps": 20000, "observed_validation_accuracy": [1.0, 1.0, 1.0], "source_ce": 0.02667713165283203, "relation_loss": 0.2084977775812149}
{"job": "shuffled_relations_s9127", "step": 18000, "planned_steps": 20000, "observed_validation_accuracy": [1.0, 1.0, 1.0], "source_ce": 0.025242140516638756, "relation_loss": 0.19857916235923767}
{"job": "shuffled_relations_s9127", "step": 19000, "planned_steps": 20000, "observed_validation_accuracy": [0.9880952835083008, 1.0, 1.0], "source_ce": 0.012893871404230595, "relation_loss": 0.1477619707584381}
{"job": "shuffled_relations_s9127", "step": 20000, "planned_steps": 20000, "observed_validation_accuracy": [1.0, 1.0, 1.0], "source_ce": 0.010505312122404575, "relation_loss": 0.13135197758674622}
{"new_seed_evaluated": "shuffled_relations_s9127", "primary": [{"split": "answer_collisions", "word": "ci", "action": 5, "displacement_nmse": 0.5355435436145256, "prediction_energy_over_source": 0.8696587600428426, "answer_accuracy": 0.27157738095238093, "direct_transformed_input_accuracy": 0.9933035714285714, "pair_both_correct": 0.000744047619047619, "paired_accuracy_interval_95": [0.25818452380952384, 0.2846075148809524], "pair_both_correct_interval_95": [0.0, 0.002232142857142857], "wrong_order_minus_correct_gap": -0.08715143609700303}, {"split": "answer_collisions", "word": "ici", "action": 2, "displacement_nmse": 0.5383422181015398, "prediction_energy_over_source": 0.8724913726119506, "answer_accuracy": 0.27194940476190477, "direct_transformed_input_accuracy": 0.9977678571428571, "pair_both_correct": 0.000744047619047619, "paired_accuracy_interval_95": [0.2585565476190476, 0.2849702380952381], "pair_both_correct_interval_95": [0.0, 0.002232142857142857]}]}
{"job": "ordinary_s10141", "step": 1000, "planned_steps": 20000, "observed_validation_accuracy": [0.6666666865348816, 0.6309524178504944, 0.5476190447807312], "source_ce": 0.46596887707710266, "relation_loss": 2.3456928730010986}
{"job": "ordinary_s10141", "step": 2000, "planned_steps": 20000, "observed_validation_accuracy": [0.8452380895614624, 0.8333333730697632, 0.8571428656578064], "source_ce": 0.24001610279083252, "relation_loss": 2.1074395179748535}
{"job": "ordinary_s10141", "step": 3000, "planned_steps": 20000, "observed_validation_accuracy": [0.8809524178504944, 0.8452380895614624, 0.8571428656578064], "source_ce": 0.4635520279407501, "relation_loss": 2.0992395877838135}
{"job": "ordinary_s10141", "step": 4000, "planned_steps": 20000, "observed_validation_accuracy": [0.9523809552192688, 0.9285714626312256, 0.9404761791229248], "source_ce": 0.021080443635582924, "relation_loss": 2.193838357925415}
{"job": "ordinary_s10141", "step": 5000, "planned_steps": 20000, "observed_validation_accuracy": [0.9404761791229248, 0.9523809552192688, 0.9166666865348816], "source_ce": 0.058976415544748306, "relation_loss": 2.1163125038146973}
{"job": "ordinary_s10141", "step": 6000, "planned_steps": 20000, "observed_validation_accuracy": [0.9761905074119568, 0.9761905074119568, 0.9880952835083008], "source_ce": 0.12893302738666534, "relation_loss": 2.078030586242676}
{"job": "ordinary_s10141", "step": 7000, "planned_steps": 20000, "observed_validation_accuracy": [1.0, 0.9880952835083008, 0.9761905074119568], "source_ce": 0.07471445947885513, "relation_loss": 2.0868582725524902}
{"job": "ordinary_s10141", "step": 8000, "planned_steps": 20000, "observed_validation_accuracy": [0.9642857313156128, 1.0, 0.9642857313156128], "source_ce": 0.0005976225365884602, "relation_loss": 2.2815749645233154}
{"job": "ordinary_s10141", "step": 9000, "planned_steps": 20000, "observed_validation_accuracy": [0.9880952835083008, 1.0, 0.9880952835083008], "source_ce": 0.032322958111763, "relation_loss": 2.0085196495056152}
{"job": "ordinary_s10141", "step": 10000, "planned_steps": 20000, "observed_validation_accuracy": [1.0, 1.0, 1.0], "source_ce": 8.56592450872995e-05, "relation_loss": 2.058539628982544}
{"job": "ordinary_s10141", "step": 11000, "planned_steps": 20000, "observed_validation_accuracy": [1.0, 1.0, 1.0], "source_ce": 6.675028998870403e-05, "relation_loss": 1.9978736639022827}
{"job": "ordinary_s10141", "step": 12000, "planned_steps": 20000, "observed_validation_accuracy": [1.0, 1.0, 1.0], "source_ce": 4.584883572533727e-05, "relation_loss": 2.144237995147705}
{"job": "ordinary_s10141", "step": 13000, "planned_steps": 20000, "observed_validation_accuracy": [1.0, 1.0, 1.0], "source_ce": 2.1845691662747413e-05, "relation_loss": 2.0027737617492676}
{"job": "ordinary_s10141", "step": 14000, "planned_steps": 20000, "observed_validation_accuracy": [1.0, 1.0, 1.0], "source_ce": 2.938106445071753e-05, "relation_loss": 2.208747148513794}
{"job": "ordinary_s10141", "step": 15000, "planned_steps": 20000, "observed_validation_accuracy": [1.0, 1.0, 1.0], "source_ce": 3.1535240850644186e-05, "relation_loss": 1.8810433149337769}
{"job": "ordinary_s10141", "step": 16000, "planned_steps": 20000, "observed_validation_accuracy": [1.0, 1.0, 1.0], "source_ce": 5.19653876835946e-05, "relation_loss": 2.1442346572875977}
{"job": "ordinary_s10141", "step": 17000, "planned_steps": 20000, "observed_validation_accuracy": [1.0, 1.0, 1.0], "source_ce": 0.0004206106823403388, "relation_loss": 1.895572304725647}
{"job": "ordinary_s10141", "step": 18000, "planned_steps": 20000, "observed_validation_accuracy": [1.0, 1.0, 1.0], "source_ce": 2.2422187612392008e-05, "relation_loss": 2.1093571186065674}
{"job": "ordinary_s10141", "step": 19000, "planned_steps": 20000, "observed_validation_accuracy": [1.0, 1.0, 1.0], "source_ce": 1.2237306691531558e-05, "relation_loss": 2.2712976932525635}
{"job": "ordinary_s10141", "step": 20000, "planned_steps": 20000, "observed_validation_accuracy": [1.0, 1.0, 1.0], "source_ce": 1.9252260244684294e-05, "relation_loss": 2.1305994987487793}
{"new_seed_evaluated": "ordinary_s10141", "primary": [{"split": "answer_collisions", "word": "ci", "action": 5, "displacement_nmse": 1.0, "prediction_energy_over_source": 0.0, "answer_accuracy": 0.20238095238095238, "direct_transformed_input_accuracy": 0.9985119047619048, "pair_both_correct": 0.0, "paired_accuracy_interval_95": [0.18936011904761904, 0.21503906249999996], "pair_both_correct_interval_95": [0.0, 0.0], "wrong_order_minus_correct_gap": -0.013216451008437503}, {"split": "answer_collisions", "word": "ici", "action": 2, "displacement_nmse": 1.0, "prediction_energy_over_source": 0.0, "answer_accuracy": 0.20238095238095238, "direct_transformed_input_accuracy": 0.9966517857142857, "pair_both_correct": 0.0, "paired_accuracy_interval_95": [0.18936011904761904, 0.21503906249999996], "pair_both_correct_interval_95": [0.0, 0.0]}]}
{"job": "correct_relations_s10141", "step": 1000, "planned_steps": 20000, "observed_validation_accuracy": [0.4880952537059784, 0.511904776096344, 0.4166666865348816], "source_ce": 1.1657079458236694, "relation_loss": 0.5275204181671143}
{"job": "correct_relations_s10141", "step": 2000, "planned_steps": 20000, "observed_validation_accuracy": [0.6785714626312256, 0.7023809552192688, 0.6666666865348816], "source_ce": 0.7333322167396545, "relation_loss": 0.7625537514686584}
{"job": "correct_relations_s10141", "step": 3000, "planned_steps": 20000, "observed_validation_accuracy": [0.8452380895614624, 0.8214285969734192, 0.7261905074119568], "source_ce": 0.6634960174560547, "relation_loss": 0.5604313015937805}
{"job": "correct_relations_s10141", "step": 4000, "planned_steps": 20000, "observed_validation_accuracy": [0.773809552192688, 0.761904776096344, 0.7023809552192688], "source_ce": 0.48902902007102966, "relation_loss": 0.5530783534049988}
{"job": "correct_relations_s10141", "step": 5000, "planned_steps": 20000, "observed_validation_accuracy": [0.8809524178504944, 0.8095238208770752, 0.8095238208770752], "source_ce": 0.1946655511856079, "relation_loss": 0.4917415976524353}
{"job": "correct_relations_s10141", "step": 6000, "planned_steps": 20000, "observed_validation_accuracy": [0.9166666865348816, 0.8333333730697632, 0.8333333730697632], "source_ce": 0.40853968262672424, "relation_loss": 0.44466090202331543}
{"job": "correct_relations_s10141", "step": 7000, "planned_steps": 20000, "observed_validation_accuracy": [0.8928571343421936, 0.8809524178504944, 0.8690476417541504], "source_ce": 0.2664213180541992, "relation_loss": 0.37811240553855896}
{"job": "correct_relations_s10141", "step": 8000, "planned_steps": 20000, "observed_validation_accuracy": [0.8928571343421936, 0.8928571343421936, 0.8571428656578064], "source_ce": 0.1219271793961525, "relation_loss": 0.22537268698215485}
{"job": "correct_relations_s10141", "step": 9000, "planned_steps": 20000, "observed_validation_accuracy": [0.9285714626312256, 0.9047619104385376, 0.8571428656578064], "source_ce": 0.25367501378059387, "relation_loss": 0.3106151223182678}
{"job": "correct_relations_s10141", "step": 10000, "planned_steps": 20000, "observed_validation_accuracy": [0.9523809552192688, 0.9166666865348816, 0.8571428656578064], "source_ce": 0.024763165041804314, "relation_loss": 0.1624308079481125}
{"job": "correct_relations_s10141", "step": 11000, "planned_steps": 20000, "observed_validation_accuracy": [0.9404761791229248, 0.9047619104385376, 0.8333333730697632], "source_ce": 0.02817416936159134, "relation_loss": 0.19707509875297546}
{"job": "correct_relations_s10141", "step": 12000, "planned_steps": 20000, "observed_validation_accuracy": [0.9404761791229248, 0.9166666865348816, 0.8571428656578064], "source_ce": 0.05675897374749184, "relation_loss": 0.22514300048351288}
{"job": "correct_relations_s10141", "step": 13000, "planned_steps": 20000, "observed_validation_accuracy": [0.9642857313156128, 0.9404761791229248, 0.8571428656578064], "source_ce": 0.01256766077131033, "relation_loss": 0.13494610786437988}
{"job": "correct_relations_s10141", "step": 14000, "planned_steps": 20000, "observed_validation_accuracy": [0.9285714626312256, 0.9523809552192688, 0.8452380895614624], "source_ce": 0.037283867597579956, "relation_loss": 0.2304578274488449}
{"job": "correct_relations_s10141", "step": 15000, "planned_steps": 20000, "observed_validation_accuracy": [0.9285714626312256, 0.9285714626312256, 0.8452380895614624], "source_ce": 0.011839501559734344, "relation_loss": 0.12806293368339539}
{"job": "correct_relations_s10141", "step": 16000, "planned_steps": 20000, "observed_validation_accuracy": [0.9404761791229248, 0.9404761791229248, 0.8452380895614624], "source_ce": 0.04234285280108452, "relation_loss": 0.17699772119522095}
{"job": "correct_relations_s10141", "step": 17000, "planned_steps": 20000, "observed_validation_accuracy": [0.9404761791229248, 0.9285714626312256, 0.8452380895614624], "source_ce": 0.04826602339744568, "relation_loss": 0.22025181353092194}
{"job": "correct_relations_s10141", "step": 18000, "planned_steps": 20000, "observed_validation_accuracy": [0.9642857313156128, 0.9404761791229248, 0.8333333730697632], "source_ce": 0.01543604675680399, "relation_loss": 0.1361604928970337}
{"job": "correct_relations_s10141", "step": 19000, "planned_steps": 20000, "observed_validation_accuracy": [0.9761905074119568, 0.9404761791229248, 0.8571428656578064], "source_ce": 0.004536065738648176, "relation_loss": 0.050485968589782715}
{"job": "correct_relations_s10141", "step": 20000, "planned_steps": 20000, "observed_validation_accuracy": [0.9642857313156128, 0.9523809552192688, 0.8571428656578064], "source_ce": 0.012488427571952343, "relation_loss": 0.13117262721061707}
{"new_seed_evaluated": "correct_relations_s10141", "primary": [{"split": "answer_collisions", "word": "ci", "action": 5, "displacement_nmse": 0.3242882475336906, "prediction_energy_over_source": 1.4877060630356667, "answer_accuracy": 0.39880952380952384, "direct_transformed_input_accuracy": 0.9148065476190477, "pair_both_correct": 0.13839285714285715, "paired_accuracy_interval_95": [0.38094308035714286, 0.4166666666666667], "pair_both_correct_interval_95": [0.11979166666666667, 0.15699404761904762], "wrong_order_minus_correct_gap": 0.20584444320028855}, {"split": "answer_collisions", "word": "ici", "action": 2, "displacement_nmse": 0.3426509709105394, "prediction_energy_over_source": 1.410235600857244, "answer_accuracy": 0.39099702380952384, "direct_transformed_input_accuracy": 0.9270833333333334, "pair_both_correct": 0.12797619047619047, "paired_accuracy_interval_95": [0.37313988095238093, 0.4088541666666667], "pair_both_correct_interval_95": [0.11011904761904762, 0.14583333333333334]}]}
{"job": "shuffled_relations_s10141", "step": 1000, "planned_steps": 20000, "observed_validation_accuracy": [0.4166666865348816, 0.4761904776096344, 0.4523809552192688], "source_ce": 1.1089513301849365, "relation_loss": 0.564508318901062}
{"job": "shuffled_relations_s10141", "step": 2000, "planned_steps": 20000, "observed_validation_accuracy": [0.738095223903656, 0.7261905074119568, 0.6785714626312256], "source_ce": 0.5387431383132935, "relation_loss": 0.7758044004440308}
{"job": "shuffled_relations_s10141", "step": 3000, "planned_steps": 20000, "observed_validation_accuracy": [0.8095238208770752, 0.761904776096344, 0.773809552192688], "source_ce": 0.6463940143585205, "relation_loss": 0.7274518013000488}
{"job": "shuffled_relations_s10141", "step": 4000, "planned_steps": 20000, "observed_validation_accuracy": [0.8333333730697632, 0.8095238208770752, 0.8214285969734192], "source_ce": 0.4422233998775482, "relation_loss": 0.6547767519950867}
{"job": "shuffled_relations_s10141", "step": 5000, "planned_steps": 20000, "observed_validation_accuracy": [0.8690476417541504, 0.8452380895614624, 0.8095238208770752], "source_ce": 0.204176664352417, "relation_loss": 0.5760661363601685}
{"job": "shuffled_relations_s10141", "step": 6000, "planned_steps": 20000, "observed_validation_accuracy": [0.8333333730697632, 0.8095238208770752, 0.7976190447807312], "source_ce": 0.8410373330116272, "relation_loss": 0.4887475371360779}
{"job": "shuffled_relations_s10141", "step": 7000, "planned_steps": 20000, "observed_validation_accuracy": [0.9642857313156128, 0.9047619104385376, 0.9166666865348816], "source_ce": 0.35788407921791077, "relation_loss": 0.4368470013141632}
{"job": "shuffled_relations_s10141", "step": 8000, "planned_steps": 20000, "observed_validation_accuracy": [0.9166666865348816, 0.8809524178504944, 0.9404761791229248], "source_ce": 0.10452865809202194, "relation_loss": 0.36658352613449097}
{"job": "shuffled_relations_s10141", "step": 9000, "planned_steps": 20000, "observed_validation_accuracy": [0.9404761791229248, 0.9285714626312256, 0.9285714626312256], "source_ce": 0.3059947192668915, "relation_loss": 0.3571832478046417}
{"job": "shuffled_relations_s10141", "step": 10000, "planned_steps": 20000, "observed_validation_accuracy": [0.9404761791229248, 0.9285714626312256, 0.9404761791229248], "source_ce": 0.02834935486316681, "relation_loss": 0.2927095592021942}
{"job": "shuffled_relations_s10141", "step": 11000, "planned_steps": 20000, "observed_validation_accuracy": [0.9761905074119568, 0.9523809552192688, 0.9047619104385376], "source_ce": 0.030922075733542442, "relation_loss": 0.28013691306114197}
{"job": "shuffled_relations_s10141", "step": 12000, "planned_steps": 20000, "observed_validation_accuracy": [0.9642857313156128, 0.9880952835083008, 0.9404761791229248], "source_ce": 0.09110941737890244, "relation_loss": 0.28430742025375366}
{"job": "shuffled_relations_s10141", "step": 13000, "planned_steps": 20000, "observed_validation_accuracy": [0.9642857313156128, 0.9404761791229248, 0.9642857313156128], "source_ce": 0.02189341001212597, "relation_loss": 0.24940802156925201}
{"job": "shuffled_relations_s10141", "step": 14000, "planned_steps": 20000, "observed_validation_accuracy": [0.9642857313156128, 0.9761905074119568, 0.9285714626312256], "source_ce": 0.03903128206729889, "relation_loss": 0.2665322422981262}
{"job": "shuffled_relations_s10141", "step": 15000, "planned_steps": 20000, "observed_validation_accuracy": [0.9761905074119568, 0.9761905074119568, 0.8928571343421936], "source_ce": 0.02136794663965702, "relation_loss": 0.22921445965766907}
{"job": "shuffled_relations_s10141", "step": 16000, "planned_steps": 20000, "observed_validation_accuracy": [0.9761905074119568, 0.9642857313156128, 0.9404761791229248], "source_ce": 0.02588655613362789, "relation_loss": 0.21459335088729858}
{"job": "shuffled_relations_s10141", "step": 17000, "planned_steps": 20000, "observed_validation_accuracy": [0.9880952835083008, 0.9285714626312256, 0.9404761791229248], "source_ce": 0.052353572100400925, "relation_loss": 0.2526944577693939}
{"job": "shuffled_relations_s10141", "step": 18000, "planned_steps": 20000, "observed_validation_accuracy": [0.9642857313156128, 0.9404761791229248, 0.9523809552192688], "source_ce": 0.02025456912815571, "relation_loss": 0.23329123854637146}
{"job": "shuffled_relations_s10141", "step": 19000, "planned_steps": 20000, "observed_validation_accuracy": [0.9880952835083008, 0.9523809552192688, 0.9523809552192688], "source_ce": 0.01203481387346983, "relation_loss": 0.14478501677513123}
{"job": "shuffled_relations_s10141", "step": 20000, "planned_steps": 20000, "observed_validation_accuracy": [0.9761905074119568, 0.9642857313156128, 0.9523809552192688], "source_ce": 0.01873856969177723, "relation_loss": 0.20223718881607056}
{"new_seed_evaluated": "shuffled_relations_s10141", "primary": [{"split": "answer_collisions", "word": "ci", "action": 5, "displacement_nmse": 0.5303397587668041, "prediction_energy_over_source": 0.8166970729838273, "answer_accuracy": 0.27529761904761907, "direct_transformed_input_accuracy": 0.9468005952380952, "pair_both_correct": 0.00744047619047619, "paired_accuracy_interval_95": [0.26115141369047623, 0.28869047619047616], "pair_both_correct_interval_95": [0.002976190476190476, 0.012648809523809524], "wrong_order_minus_correct_gap": -0.0838549165357008}, {"split": "answer_collisions", "word": "ici", "action": 2, "displacement_nmse": 0.5345101603639494, "prediction_energy_over_source": 0.8199528744744722, "answer_accuracy": 0.27566964285714285, "direct_transformed_input_accuracy": 0.9494047619047619, "pair_both_correct": 0.00744047619047619, "paired_accuracy_interval_95": [0.26189546130952385, 0.28943452380952384], "pair_both_correct_interval_95": [0.002976190476190476, 0.011904761904761904]}]}
{"job": "ordinary_s11159", "step": 1000, "planned_steps": 20000, "observed_validation_accuracy": [0.4523809552192688, 0.5357142686843872, 0.380952388048172], "source_ce": 1.1784777641296387, "relation_loss": 2.2471089363098145}
{"job": "ordinary_s11159", "step": 2000, "planned_steps": 20000, "observed_validation_accuracy": [0.8809524178504944, 0.8333333730697632, 0.738095223903656], "source_ce": 0.48388874530792236, "relation_loss": 1.8999372720718384}
{"job": "ordinary_s11159", "step": 3000, "planned_steps": 20000, "observed_validation_accuracy": [0.9761905074119568, 0.9523809552192688, 0.9166666865348816], "source_ce": 0.010175957344472408, "relation_loss": 2.0854291915893555}
{"job": "ordinary_s11159", "step": 4000, "planned_steps": 20000, "observed_validation_accuracy": [0.9761905074119568, 0.9523809552192688, 0.9761905074119568], "source_ce": 0.06377732008695602, "relation_loss": 2.102351665496826}
{"job": "ordinary_s11159", "step": 5000, "planned_steps": 20000, "observed_validation_accuracy": [0.9761905074119568, 0.9880952835083008, 1.0], "source_ce": 0.02350012958049774, "relation_loss": 2.0044143199920654}
{"job": "ordinary_s11159", "step": 6000, "planned_steps": 20000, "observed_validation_accuracy": [0.9761905074119568, 0.9880952835083008, 0.9880952835083008], "source_ce": 0.024129504337906837, "relation_loss": 1.8203355073928833}
{"job": "ordinary_s11159", "step": 7000, "planned_steps": 20000, "observed_validation_accuracy": [0.9642857313156128, 0.9761905074119568, 0.9404761791229248], "source_ce": 0.001482437364757061, "relation_loss": 2.110339641571045}
{"job": "ordinary_s11159", "step": 8000, "planned_steps": 20000, "observed_validation_accuracy": [0.9880952835083008, 0.9880952835083008, 1.0], "source_ce": 0.0041565424762666225, "relation_loss": 2.263258218765259}
{"job": "ordinary_s11159", "step": 9000, "planned_steps": 20000, "observed_validation_accuracy": [0.9880952835083008, 1.0, 1.0], "source_ce": 0.002046035835519433, "relation_loss": 2.1223535537719727}
{"job": "ordinary_s11159", "step": 10000, "planned_steps": 20000, "observed_validation_accuracy": [0.9880952835083008, 0.9880952835083008, 0.9880952835083008], "source_ce": 0.00028495813603512943, "relation_loss": 2.0112478733062744}
{"job": "ordinary_s11159", "step": 11000, "planned_steps": 20000, "observed_validation_accuracy": [1.0, 1.0, 1.0], "source_ce": 0.00018974246631842107, "relation_loss": 2.2002511024475098}
{"job": "ordinary_s11159", "step": 12000, "planned_steps": 20000, "observed_validation_accuracy": [1.0, 1.0, 1.0], "source_ce": 5.205017441767268e-05, "relation_loss": 2.076179265975952}
{"job": "ordinary_s11159", "step": 13000, "planned_steps": 20000, "observed_validation_accuracy": [1.0, 1.0, 1.0], "source_ce": 5.080940536572598e-05, "relation_loss": 2.0774264335632324}
{"job": "ordinary_s11159", "step": 14000, "planned_steps": 20000, "observed_validation_accuracy": [1.0, 1.0, 1.0], "source_ce": 0.0008602943271398544, "relation_loss": 2.0161044597625732}
{"job": "ordinary_s11159", "step": 15000, "planned_steps": 20000, "observed_validation_accuracy": [1.0, 1.0, 1.0], "source_ce": 2.7543637770577334e-05, "relation_loss": 1.949357271194458}
{"job": "ordinary_s11159", "step": 16000, "planned_steps": 20000, "observed_validation_accuracy": [1.0, 1.0, 1.0], "source_ce": 2.1756068235845305e-05, "relation_loss": 2.1024277210235596}
{"job": "ordinary_s11159", "step": 17000, "planned_steps": 20000, "observed_validation_accuracy": [1.0, 1.0, 1.0], "source_ce": 1.6282703654724173e-05, "relation_loss": 2.139366865158081}
{"job": "ordinary_s11159", "step": 18000, "planned_steps": 20000, "observed_validation_accuracy": [1.0, 1.0, 1.0], "source_ce": 2.0849156499025412e-05, "relation_loss": 2.1683871746063232}
{"job": "ordinary_s11159", "step": 19000, "planned_steps": 20000, "observed_validation_accuracy": [1.0, 1.0, 1.0], "source_ce": 7.077937425492564e-06, "relation_loss": 2.1529037952423096}
{"job": "ordinary_s11159", "step": 20000, "planned_steps": 20000, "observed_validation_accuracy": [1.0, 1.0, 1.0], "source_ce": 1.0945664143946487e-05, "relation_loss": 2.008251905441284}
{"new_seed_evaluated": "ordinary_s11159", "primary": [{"split": "answer_collisions", "word": "ci", "action": 5, "displacement_nmse": 1.0, "prediction_energy_over_source": 0.0, "answer_accuracy": 0.20238095238095238, "direct_transformed_input_accuracy": 0.9973958333333334, "pair_both_correct": 0.0, "paired_accuracy_interval_95": [0.18936011904761904, 0.21503906249999996], "pair_both_correct_interval_95": [0.0, 0.0], "wrong_order_minus_correct_gap": -0.016987342934583673}, {"split": "answer_collisions", "word": "ici", "action": 2, "displacement_nmse": 1.0, "prediction_energy_over_source": 0.0, "answer_accuracy": 0.20238095238095238, "direct_transformed_input_accuracy": 0.9977678571428571, "pair_both_correct": 0.0, "paired_accuracy_interval_95": [0.18936011904761904, 0.21503906249999996], "pair_both_correct_interval_95": [0.0, 0.0]}]}
{"job": "correct_relations_s11159", "step": 1000, "planned_steps": 20000, "observed_validation_accuracy": [0.3452380895614624, 0.4642857313156128, 0.369047611951828], "source_ce": 1.4345426559448242, "relation_loss": 0.31220629811286926}
{"job": "correct_relations_s11159", "step": 2000, "planned_steps": 20000, "observed_validation_accuracy": [0.6309524178504944, 0.6666666865348816, 0.6071428656578064], "source_ce": 0.6852266192436218, "relation_loss": 0.528054416179657}
{"job": "correct_relations_s11159", "step": 3000, "planned_steps": 20000, "observed_validation_accuracy": [0.761904776096344, 0.7976190447807312, 0.738095223903656], "source_ce": 0.23608751595020294, "relation_loss": 0.5725169777870178}
{"job": "correct_relations_s11159", "step": 4000, "planned_steps": 20000, "observed_validation_accuracy": [0.9047619104385376, 0.9404761791229248, 0.9166666865348816], "source_ce": 0.15001539885997772, "relation_loss": 0.3631210923194885}
{"job": "correct_relations_s11159", "step": 5000, "planned_steps": 20000, "observed_validation_accuracy": [0.9404761791229248, 0.9285714626312256, 0.8928571343421936], "source_ce": 0.3679129183292389, "relation_loss": 0.48888540267944336}
{"job": "correct_relations_s11159", "step": 6000, "planned_steps": 20000, "observed_validation_accuracy": [0.9880952835083008, 1.0, 1.0], "source_ce": 0.10896671563386917, "relation_loss": 0.4381581246852875}
{"job": "correct_relations_s11159", "step": 7000, "planned_steps": 20000, "observed_validation_accuracy": [0.9047619104385376, 0.9523809552192688, 0.9404761791229248], "source_ce": 0.2791801393032074, "relation_loss": 0.27630501985549927}
{"job": "correct_relations_s11159", "step": 8000, "planned_steps": 20000, "observed_validation_accuracy": [0.9880952835083008, 0.9642857313156128, 1.0], "source_ce": 0.02017640881240368, "relation_loss": 0.1827627271413803}
{"job": "correct_relations_s11159", "step": 9000, "planned_steps": 20000, "observed_validation_accuracy": [1.0, 1.0, 1.0], "source_ce": 0.014490783214569092, "relation_loss": 0.11927509307861328}
{"job": "correct_relations_s11159", "step": 10000, "planned_steps": 20000, "observed_validation_accuracy": [1.0, 1.0, 1.0], "source_ce": 0.007534684147685766, "relation_loss": 0.07504040002822876}
{"job": "correct_relations_s11159", "step": 11000, "planned_steps": 20000, "observed_validation_accuracy": [1.0, 1.0, 1.0], "source_ce": 0.007122659590095282, "relation_loss": 0.09012789279222488}
{"job": "correct_relations_s11159", "step": 12000, "planned_steps": 20000, "observed_validation_accuracy": [1.0, 1.0, 1.0], "source_ce": 0.00627888971939683, "relation_loss": 0.08784698694944382}
{"job": "correct_relations_s11159", "step": 13000, "planned_steps": 20000, "observed_validation_accuracy": [1.0, 1.0, 1.0], "source_ce": 0.0027660157065838575, "relation_loss": 0.03663547337055206}
{"job": "correct_relations_s11159", "step": 14000, "planned_steps": 20000, "observed_validation_accuracy": [1.0, 1.0, 1.0], "source_ce": 0.020450690761208534, "relation_loss": 0.10851006954908371}
{"job": "correct_relations_s11159", "step": 15000, "planned_steps": 20000, "observed_validation_accuracy": [1.0, 1.0, 1.0], "source_ce": 0.003267848864197731, "relation_loss": 0.03991875797510147}
{"job": "correct_relations_s11159", "step": 16000, "planned_steps": 20000, "observed_validation_accuracy": [1.0, 1.0, 1.0], "source_ce": 0.0017956988885998726, "relation_loss": 0.026158489286899567}
{"job": "correct_relations_s11159", "step": 17000, "planned_steps": 20000, "observed_validation_accuracy": [1.0, 1.0, 1.0], "source_ce": 0.0026922293473035097, "relation_loss": 0.031051794067025185}
{"job": "correct_relations_s11159", "step": 18000, "planned_steps": 20000, "observed_validation_accuracy": [1.0, 1.0, 1.0], "source_ce": 0.003311383305117488, "relation_loss": 0.04726057127118111}
{"job": "correct_relations_s11159", "step": 19000, "planned_steps": 20000, "observed_validation_accuracy": [1.0, 1.0, 1.0], "source_ce": 0.0014500584220513701, "relation_loss": 0.02463020198047161}
{"job": "correct_relations_s11159", "step": 20000, "planned_steps": 20000, "observed_validation_accuracy": [1.0, 1.0, 1.0], "source_ce": 0.0027016543317586184, "relation_loss": 0.027276454493403435}
{"new_seed_evaluated": "correct_relations_s11159", "primary": [{"split": "answer_collisions", "word": "ci", "action": 5, "displacement_nmse": 0.2961995377331985, "prediction_energy_over_source": 1.5530548996574756, "answer_accuracy": 0.421875, "direct_transformed_input_accuracy": 0.9988839285714286, "pair_both_correct": 0.16220238095238096, "paired_accuracy_interval_95": [0.40401785714285715, 0.4401041666666667], "pair_both_correct_interval_95": [0.14285714285714285, 0.18229166666666666], "wrong_order_minus_correct_gap": 0.2801685142792982}, {"split": "answer_collisions", "word": "ici", "action": 2, "displacement_nmse": 0.30909275714793605, "prediction_energy_over_source": 1.4816755969477349, "answer_accuracy": 0.41294642857142855, "direct_transformed_input_accuracy": 0.9992559523809523, "pair_both_correct": 0.15848214285714285, "paired_accuracy_interval_95": [0.3943452380952381, 0.43191964285714285], "pair_both_correct_interval_95": [0.13988095238095238, 0.17857142857142858]}]}
{"job": "shuffled_relations_s11159", "step": 1000, "planned_steps": 20000, "observed_validation_accuracy": [0.4047619104385376, 0.523809552192688, 0.392857164144516], "source_ce": 1.4044551849365234, "relation_loss": 0.4056933522224426}
{"job": "shuffled_relations_s11159", "step": 2000, "planned_steps": 20000, "observed_validation_accuracy": [0.6666666865348816, 0.7142857313156128, 0.6428571343421936], "source_ce": 0.7651411890983582, "relation_loss": 0.9308190941810608}
{"job": "shuffled_relations_s11159", "step": 3000, "planned_steps": 20000, "observed_validation_accuracy": [0.8571428656578064, 0.75, 0.75], "source_ce": 0.3296932280063629, "relation_loss": 0.7409343719482422}
{"job": "shuffled_relations_s11159", "step": 4000, "planned_steps": 20000, "observed_validation_accuracy": [0.9166666865348816, 0.8690476417541504, 0.8333333730697632], "source_ce": 0.18140430748462677, "relation_loss": 0.6418479681015015}
{"job": "shuffled_relations_s11159", "step": 5000, "planned_steps": 20000, "observed_validation_accuracy": [0.9285714626312256, 0.9166666865348816, 0.8809524178504944], "source_ce": 0.26717936992645264, "relation_loss": 0.5520313382148743}
{"job": "shuffled_relations_s11159", "step": 6000, "planned_steps": 20000, "observed_validation_accuracy": [0.9761905074119568, 0.9761905074119568, 0.9642857313156128], "source_ce": 0.19123883545398712, "relation_loss": 0.48975637555122375}
{"job": "shuffled_relations_s11159", "step": 7000, "planned_steps": 20000, "observed_validation_accuracy": [0.9642857313156128, 1.0, 0.9761905074119568], "source_ce": 0.12037677317857742, "relation_loss": 0.3939040005207062}
{"job": "shuffled_relations_s11159", "step": 8000, "planned_steps": 20000, "observed_validation_accuracy": [0.9880952835083008, 0.9761905074119568, 0.9642857313156128], "source_ce": 0.09013640880584717, "relation_loss": 0.3633454442024231}
{"job": "shuffled_relations_s11159", "step": 9000, "planned_steps": 20000, "observed_validation_accuracy": [0.9880952835083008, 0.9523809552192688, 0.9642857313156128], "source_ce": 0.035712990909814835, "relation_loss": 0.24761122465133667}
{"job": "shuffled_relations_s11159", "step": 10000, "planned_steps": 20000, "observed_validation_accuracy": [0.9880952835083008, 0.9880952835083008, 1.0], "source_ce": 0.04795384407043457, "relation_loss": 0.22992077469825745}
{"job": "shuffled_relations_s11159", "step": 11000, "planned_steps": 20000, "observed_validation_accuracy": [1.0, 1.0, 1.0], "source_ce": 0.054192785173654556, "relation_loss": 0.20990495383739471}
{"job": "shuffled_relations_s11159", "step": 12000, "planned_steps": 20000, "observed_validation_accuracy": [0.9880952835083008, 1.0, 0.9880952835083008], "source_ce": 0.01885748840868473, "relation_loss": 0.21692529320716858}
{"job": "shuffled_relations_s11159", "step": 13000, "planned_steps": 20000, "observed_validation_accuracy": [0.9880952835083008, 1.0, 0.9880952835083008], "source_ce": 0.06053180992603302, "relation_loss": 0.14362221956253052}
{"job": "shuffled_relations_s11159", "step": 14000, "planned_steps": 20000, "observed_validation_accuracy": [0.9880952835083008, 1.0, 0.9642857313156128], "source_ce": 0.04708373174071312, "relation_loss": 0.2056463658809662}
{"job": "shuffled_relations_s11159", "step": 15000, "planned_steps": 20000, "observed_validation_accuracy": [1.0, 1.0, 1.0], "source_ce": 0.014163199812173843, "relation_loss": 0.17231233417987823}
{"job": "shuffled_relations_s11159", "step": 16000, "planned_steps": 20000, "observed_validation_accuracy": [0.9880952835083008, 1.0, 0.9880952835083008], "source_ce": 0.018096351996064186, "relation_loss": 0.142643004655838}
{"job": "shuffled_relations_s11159", "step": 17000, "planned_steps": 20000, "observed_validation_accuracy": [0.9880952835083008, 1.0, 1.0], "source_ce": 0.01235218346118927, "relation_loss": 0.15930283069610596}
{"job": "shuffled_relations_s11159", "step": 18000, "planned_steps": 20000, "observed_validation_accuracy": [0.9880952835083008, 1.0, 1.0], "source_ce": 0.01405095774680376, "relation_loss": 0.15318740904331207}
{"job": "shuffled_relations_s11159", "step": 19000, "planned_steps": 20000, "observed_validation_accuracy": [1.0, 1.0, 1.0], "source_ce": 0.00983379129320383, "relation_loss": 0.1239161491394043}
{"job": "shuffled_relations_s11159", "step": 20000, "planned_steps": 20000, "observed_validation_accuracy": [1.0, 1.0, 1.0], "source_ce": 0.013249152339994907, "relation_loss": 0.1472988724708557}
{"new_seed_evaluated": "shuffled_relations_s11159", "primary": [{"split": "answer_collisions", "word": "ci", "action": 5, "displacement_nmse": 0.535663040780465, "prediction_energy_over_source": 0.8630115835559191, "answer_accuracy": 0.27120535714285715, "direct_transformed_input_accuracy": 0.9910714285714286, "pair_both_correct": 0.002232142857142857, "paired_accuracy_interval_95": [0.2578125, 0.2845982142857143], "pair_both_correct_interval_95": [0.0, 0.005208333333333333], "wrong_order_minus_correct_gap": -0.08826202205304538}, {"split": "answer_collisions", "word": "ici", "action": 2, "displacement_nmse": 0.5381983239263121, "prediction_energy_over_source": 0.8652377192889675, "answer_accuracy": 0.27157738095238093, "direct_transformed_input_accuracy": 0.9936755952380952, "pair_both_correct": 0.005208333333333333, "paired_accuracy_interval_95": [0.2578125, 0.2853515625], "pair_both_correct_interval_95": [0.001488095238095238, 0.009672619047619048]}]}
{"job": "ordinary_s12163", "step": 1000, "planned_steps": 20000, "observed_validation_accuracy": [0.6309524178504944, 0.4880952537059784, 0.6071428656578064], "source_ce": 0.5143947005271912, "relation_loss": 2.6232621669769287}
{"job": "ordinary_s12163", "step": 2000, "planned_steps": 20000, "observed_validation_accuracy": [0.8690476417541504, 0.8452380895614624, 0.8571428656578064], "source_ce": 0.21019326150417328, "relation_loss": 1.9762547016143799}
{"job": "ordinary_s12163", "step": 3000, "planned_steps": 20000, "observed_validation_accuracy": [0.9166666865348816, 0.9523809552192688, 0.9642857313156128], "source_ce": 0.19464673101902008, "relation_loss": 2.063485860824585}
{"job": "ordinary_s12163", "step": 4000, "planned_steps": 20000, "observed_validation_accuracy": [0.9642857313156128, 0.9880952835083008, 0.9880952835083008], "source_ce": 0.14877982437610626, "relation_loss": 1.9947848320007324}
{"job": "ordinary_s12163", "step": 5000, "planned_steps": 20000, "observed_validation_accuracy": [0.9880952835083008, 0.9880952835083008, 0.9761905074119568], "source_ce": 0.0278629157692194, "relation_loss": 2.277592658996582}
{"job": "ordinary_s12163", "step": 6000, "planned_steps": 20000, "observed_validation_accuracy": [0.9285714626312256, 0.9404761791229248, 0.9523809552192688], "source_ce": 0.0026018309872597456, "relation_loss": 1.9767638444900513}
{"job": "ordinary_s12163", "step": 7000, "planned_steps": 20000, "observed_validation_accuracy": [0.9880952835083008, 1.0, 1.0], "source_ce": 0.023873670026659966, "relation_loss": 1.9822263717651367}
{"job": "ordinary_s12163", "step": 8000, "planned_steps": 20000, "observed_validation_accuracy": [0.9761905074119568, 0.9880952835083008, 0.9880952835083008], "source_ce": 0.06737645715475082, "relation_loss": 2.1647520065307617}
{"job": "ordinary_s12163", "step": 9000, "planned_steps": 20000, "observed_validation_accuracy": [1.0, 0.9523809552192688, 0.9880952835083008], "source_ce": 0.4633880853652954, "relation_loss": 2.155380964279175}
{"job": "ordinary_s12163", "step": 10000, "planned_steps": 20000, "observed_validation_accuracy": [0.9880952835083008, 1.0, 1.0], "source_ce": 8.792971493676305e-05, "relation_loss": 1.9432662725448608}
{"job": "ordinary_s12163", "step": 11000, "planned_steps": 20000, "observed_validation_accuracy": [0.9880952835083008, 1.0, 0.9880952835083008], "source_ce": 0.0003191533323843032, "relation_loss": 1.9789435863494873}
{"job": "ordinary_s12163", "step": 12000, "planned_steps": 20000, "observed_validation_accuracy": [1.0, 1.0, 0.9880952835083008], "source_ce": 4.399028330226429e-05, "relation_loss": 2.1290509700775146}
{"job": "ordinary_s12163", "step": 13000, "planned_steps": 20000, "observed_validation_accuracy": [1.0, 0.9761905074119568, 1.0], "source_ce": 0.0004023498622700572, "relation_loss": 2.1418588161468506}
{"job": "ordinary_s12163", "step": 14000, "planned_steps": 20000, "observed_validation_accuracy": [1.0, 1.0, 0.9761905074119568], "source_ce": 4.738935604109429e-05, "relation_loss": 2.188699722290039}
{"job": "ordinary_s12163", "step": 15000, "planned_steps": 20000, "observed_validation_accuracy": [1.0, 1.0, 0.9761905074119568], "source_ce": 1.6975403923424892e-05, "relation_loss": 2.02858567237854}
{"job": "ordinary_s12163", "step": 16000, "planned_steps": 20000, "observed_validation_accuracy": [1.0, 1.0, 0.9761905074119568], "source_ce": 3.728556475834921e-05, "relation_loss": 2.0040016174316406}
{"job": "ordinary_s12163", "step": 17000, "planned_steps": 20000, "observed_validation_accuracy": [1.0, 1.0, 0.9880952835083008], "source_ce": 2.5797829948714934e-05, "relation_loss": 2.018604278564453}
{"job": "ordinary_s12163", "step": 18000, "planned_steps": 20000, "observed_validation_accuracy": [1.0, 1.0, 0.9880952835083008], "source_ce": 6.4273285715898965e-06, "relation_loss": 2.0618691444396973}
{"job": "ordinary_s12163", "step": 19000, "planned_steps": 20000, "observed_validation_accuracy": [1.0, 1.0, 0.9880952835083008], "source_ce": 4.676464868680341e-06, "relation_loss": 2.0088846683502197}
{"job": "ordinary_s12163", "step": 20000, "planned_steps": 20000, "observed_validation_accuracy": [1.0, 1.0, 0.9880952835083008], "source_ce": 9.501419299340341e-06, "relation_loss": 2.001037836074829}
{"new_seed_evaluated": "ordinary_s12163", "primary": [{"split": "answer_collisions", "word": "ci", "action": 5, "displacement_nmse": 1.0, "prediction_energy_over_source": 0.0, "answer_accuracy": 0.20238095238095238, "direct_transformed_input_accuracy": 0.9973958333333334, "pair_both_correct": 0.0, "paired_accuracy_interval_95": [0.18936011904761904, 0.21503906249999996], "pair_both_correct_interval_95": [0.0, 0.0], "wrong_order_minus_correct_gap": -0.011484367912571153}, {"split": "answer_collisions", "word": "ici", "action": 2, "displacement_nmse": 1.0, "prediction_energy_over_source": 0.0, "answer_accuracy": 0.20238095238095238, "direct_transformed_input_accuracy": 0.9981398809523809, "pair_both_correct": 0.0, "paired_accuracy_interval_95": [0.18936011904761904, 0.21503906249999996], "pair_both_correct_interval_95": [0.0, 0.0]}]}
{"job": "correct_relations_s12163", "step": 1000, "planned_steps": 20000, "observed_validation_accuracy": [0.3333333432674408, 0.4285714328289032, 0.3095238208770752], "source_ce": 1.4794362783432007, "relation_loss": 0.8985346555709839}
{"job": "correct_relations_s12163", "step": 2000, "planned_steps": 20000, "observed_validation_accuracy": [0.7261905074119568, 0.75, 0.7976190447807312], "source_ce": 0.4901909828186035, "relation_loss": 0.7752352356910706}
{"job": "correct_relations_s12163", "step": 3000, "planned_steps": 20000, "observed_validation_accuracy": [0.8571428656578064, 0.8452380895614624, 0.8571428656578064], "source_ce": 0.5495959520339966, "relation_loss": 0.6722139716148376}
{"job": "correct_relations_s12163", "step": 4000, "planned_steps": 20000, "observed_validation_accuracy": [0.9047619104385376, 0.9047619104385376, 0.8571428656578064], "source_ce": 0.5115483403205872, "relation_loss": 0.5752833485603333}
{"job": "correct_relations_s12163", "step": 5000, "planned_steps": 20000, "observed_validation_accuracy": [0.9642857313156128, 0.9523809552192688, 0.9166666865348816], "source_ce": 0.10044703632593155, "relation_loss": 0.4693378210067749}
{"job": "correct_relations_s12163", "step": 6000, "planned_steps": 20000, "observed_validation_accuracy": [0.9642857313156128, 0.9523809552192688, 0.9404761791229248], "source_ce": 0.1555027812719345, "relation_loss": 0.3876340985298157}
{"job": "correct_relations_s12163", "step": 7000, "planned_steps": 20000, "observed_validation_accuracy": [0.9761905074119568, 0.9761905074119568, 0.9642857313156128], "source_ce": 0.1412532776594162, "relation_loss": 0.3343037962913513}
{"job": "correct_relations_s12163", "step": 8000, "planned_steps": 20000, "observed_validation_accuracy": [0.9761905074119568, 0.9761905074119568, 0.9523809552192688], "source_ce": 0.1354415863752365, "relation_loss": 0.3023103177547455}
{"job": "correct_relations_s12163", "step": 9000, "planned_steps": 20000, "observed_validation_accuracy": [0.9880952835083008, 0.9523809552192688, 0.9523809552192688], "source_ce": 0.07519064098596573, "relation_loss": 0.26143956184387207}
{"job": "correct_relations_s12163", "step": 10000, "planned_steps": 20000, "observed_validation_accuracy": [0.9761905074119568, 0.9642857313156128, 0.9642857313156128], "source_ce": 0.015599344857037067, "relation_loss": 0.12529543042182922}
{"job": "correct_relations_s12163", "step": 11000, "planned_steps": 20000, "observed_validation_accuracy": [0.9880952835083008, 0.9761905074119568, 0.9642857313156128], "source_ce": 0.03081223927438259, "relation_loss": 0.26040950417518616}
{"job": "correct_relations_s12163", "step": 12000, "planned_steps": 20000, "observed_validation_accuracy": [1.0, 0.9880952835083008, 0.9761905074119568], "source_ce": 0.013267740607261658, "relation_loss": 0.11204691976308823}
{"job": "correct_relations_s12163", "step": 13000, "planned_steps": 20000, "observed_validation_accuracy": [0.9880952835083008, 0.9880952835083008, 0.9642857313156128], "source_ce": 0.020283391699194908, "relation_loss": 0.1902284473180771}
{"job": "correct_relations_s12163", "step": 14000, "planned_steps": 20000, "observed_validation_accuracy": [0.9880952835083008, 0.9880952835083008, 0.9880952835083008], "source_ce": 0.020561458542943, "relation_loss": 0.14667728543281555}
{"job": "correct_relations_s12163", "step": 15000, "planned_steps": 20000, "observed_validation_accuracy": [1.0, 0.9880952835083008, 0.9761905074119568], "source_ce": 0.00931467767804861, "relation_loss": 0.11861592531204224}
{"job": "correct_relations_s12163", "step": 16000, "planned_steps": 20000, "observed_validation_accuracy": [0.9880952835083008, 0.9880952835083008, 0.9761905074119568], "source_ce": 0.01670001819729805, "relation_loss": 0.1526624709367752}
{"job": "correct_relations_s12163", "step": 17000, "planned_steps": 20000, "observed_validation_accuracy": [0.9880952835083008, 0.9761905074119568, 0.9761905074119568], "source_ce": 0.013341228477656841, "relation_loss": 0.1455039232969284}
{"job": "correct_relations_s12163", "step": 18000, "planned_steps": 20000, "observed_validation_accuracy": [0.9880952835083008, 0.9761905074119568, 0.9761905074119568], "source_ce": 0.0063733975403010845, "relation_loss": 0.08480897545814514}
{"job": "correct_relations_s12163", "step": 19000, "planned_steps": 20000, "observed_validation_accuracy": [0.9880952835083008, 0.9523809552192688, 0.9761905074119568], "source_ce": 0.006376267876476049, "relation_loss": 0.07512488961219788}
{"job": "correct_relations_s12163", "step": 20000, "planned_steps": 20000, "observed_validation_accuracy": [1.0, 0.9761905074119568, 0.9761905074119568], "source_ce": 0.011876950971782207, "relation_loss": 0.11081217229366302}
{"new_seed_evaluated": "correct_relations_s12163", "primary": [{"split": "answer_collisions", "word": "ci", "action": 5, "displacement_nmse": 0.32583244109804615, "prediction_energy_over_source": 1.4689665363191347, "answer_accuracy": 0.35751488095238093, "direct_transformed_input_accuracy": 0.9654017857142857, "pair_both_correct": 0.09375, "paired_accuracy_interval_95": [0.3396577380952381, 0.37351190476190477], "pair_both_correct_interval_95": [0.078125, 0.109375], "wrong_order_minus_correct_gap": 0.19281370116998955}, {"split": "answer_collisions", "word": "ici", "action": 2, "displacement_nmse": 0.35527621004971877, "prediction_energy_over_source": 1.335213809383319, "answer_accuracy": 0.3314732142857143, "direct_transformed_input_accuracy": 0.9680059523809523, "pair_both_correct": 0.06398809523809523, "paired_accuracy_interval_95": [0.31473214285714285, 0.34636346726190476], "pair_both_correct_interval_95": [0.05133928571428571, 0.07738095238095238]}]}
{"job": "shuffled_relations_s12163", "step": 1000, "planned_steps": 20000, "observed_validation_accuracy": [0.3571428656578064, 0.4642857313156128, 0.4166666865348816], "source_ce": 1.1407877206802368, "relation_loss": 0.6422033309936523}
{"job": "shuffled_relations_s12163", "step": 2000, "planned_steps": 20000, "observed_validation_accuracy": [0.8214285969734192, 0.8214285969734192, 0.75], "source_ce": 0.628457248210907, "relation_loss": 0.8292233943939209}
{"job": "shuffled_relations_s12163", "step": 3000, "planned_steps": 20000, "observed_validation_accuracy": [0.9047619104385376, 0.9166666865348816, 0.8809524178504944], "source_ce": 0.3298201262950897, "relation_loss": 0.752354621887207}
{"job": "shuffled_relations_s12163", "step": 4000, "planned_steps": 20000, "observed_validation_accuracy": [0.9404761791229248, 0.9642857313156128, 0.9642857313156128], "source_ce": 0.4657926559448242, "relation_loss": 0.5460957288742065}
{"job": "shuffled_relations_s12163", "step": 5000, "planned_steps": 20000, "observed_validation_accuracy": [0.9642857313156128, 0.9761905074119568, 0.9523809552192688], "source_ce": 0.07697047293186188, "relation_loss": 0.38200807571411133}
{"job": "shuffled_relations_s12163", "step": 6000, "planned_steps": 20000, "observed_validation_accuracy": [0.9761905074119568, 1.0, 1.0], "source_ce": 0.04768890142440796, "relation_loss": 0.38229823112487793}
{"job": "shuffled_relations_s12163", "step": 7000, "planned_steps": 20000, "observed_validation_accuracy": [0.9642857313156128, 0.9880952835083008, 0.9523809552192688], "source_ce": 0.10349464416503906, "relation_loss": 0.30796825885772705}
{"job": "shuffled_relations_s12163", "step": 8000, "planned_steps": 20000, "observed_validation_accuracy": [0.9761905074119568, 0.9880952835083008, 0.9880952835083008], "source_ce": 0.09155359864234924, "relation_loss": 0.2795451879501343}
{"job": "shuffled_relations_s12163", "step": 9000, "planned_steps": 20000, "observed_validation_accuracy": [0.9761905074119568, 0.9880952835083008, 0.9761905074119568], "source_ce": 0.06308824568986893, "relation_loss": 0.24972978234291077}
{"job": "shuffled_relations_s12163", "step": 10000, "planned_steps": 20000, "observed_validation_accuracy": [0.9880952835083008, 0.9880952835083008, 1.0], "source_ce": 0.015202116221189499, "relation_loss": 0.16281907260417938}
{"job": "shuffled_relations_s12163", "step": 11000, "planned_steps": 20000, "observed_validation_accuracy": [1.0, 1.0, 1.0], "source_ce": 0.018584616482257843, "relation_loss": 0.19841231405735016}
{"job": "shuffled_relations_s12163", "step": 12000, "planned_steps": 20000, "observed_validation_accuracy": [0.9880952835083008, 1.0, 1.0], "source_ce": 0.011519496329128742, "relation_loss": 0.12807174026966095}
{"job": "shuffled_relations_s12163", "step": 13000, "planned_steps": 20000, "observed_validation_accuracy": [0.9880952835083008, 1.0, 1.0], "source_ce": 0.014866680838167667, "relation_loss": 0.15583433210849762}
{"job": "shuffled_relations_s12163", "step": 14000, "planned_steps": 20000, "observed_validation_accuracy": [1.0, 1.0, 1.0], "source_ce": 0.014018443413078785, "relation_loss": 0.16536013782024384}
{"job": "shuffled_relations_s12163", "step": 15000, "planned_steps": 20000, "observed_validation_accuracy": [0.9880952835083008, 1.0, 1.0], "source_ce": 0.009107498452067375, "relation_loss": 0.11417046189308167}
{"job": "shuffled_relations_s12163", "step": 16000, "planned_steps": 20000, "observed_validation_accuracy": [1.0, 1.0, 1.0], "source_ce": 0.016259612515568733, "relation_loss": 0.1361677050590515}
{"job": "shuffled_relations_s12163", "step": 17000, "planned_steps": 20000, "observed_validation_accuracy": [1.0, 1.0, 1.0], "source_ce": 0.010683760046958923, "relation_loss": 0.12401973456144333}
{"job": "shuffled_relations_s12163", "step": 18000, "planned_steps": 20000, "observed_validation_accuracy": [1.0, 1.0, 1.0], "source_ce": 0.00792006030678749, "relation_loss": 0.10654863715171814}
{"job": "shuffled_relations_s12163", "step": 19000, "planned_steps": 20000, "observed_validation_accuracy": [1.0, 1.0, 1.0], "source_ce": 0.007808773312717676, "relation_loss": 0.09709925949573517}
{"job": "shuffled_relations_s12163", "step": 20000, "planned_steps": 20000, "observed_validation_accuracy": [1.0, 1.0, 1.0], "source_ce": 0.009325764141976833, "relation_loss": 0.11618577688932419}
{"new_seed_evaluated": "shuffled_relations_s12163", "primary": [{"split": "answer_collisions", "word": "ci", "action": 5, "displacement_nmse": 0.5336779624901905, "prediction_energy_over_source": 0.8358773959440214, "answer_accuracy": 0.2760416666666667, "direct_transformed_input_accuracy": 0.9966517857142857, "pair_both_correct": 0.003720238095238095, "paired_accuracy_interval_95": [0.2622767857142857, 0.2894438244047619], "pair_both_correct_interval_95": [0.000744047619047619, 0.00744047619047619], "wrong_order_minus_correct_gap": -0.0877108763544589}, {"split": "answer_collisions", "word": "ici", "action": 2, "displacement_nmse": 0.5342576445277435, "prediction_energy_over_source": 0.8385421676825443, "answer_accuracy": 0.27529761904761907, "direct_transformed_input_accuracy": 0.9959077380952381, "pair_both_correct": 0.0, "paired_accuracy_interval_95": [0.26189546130952385, 0.2883184523809524], "pair_both_correct_interval_95": [0.0, 0.0]}]}
{"job": "ordinary_s13171", "step": 1000, "planned_steps": 20000, "observed_validation_accuracy": [0.5833333730697632, 0.5476190447807312, 0.6071428656578064], "source_ce": 0.965191662311554, "relation_loss": 2.1774582862854004}
{"job": "ordinary_s13171", "step": 2000, "planned_steps": 20000, "observed_validation_accuracy": [0.8809524178504944, 0.785714328289032, 0.8214285969734192], "source_ce": 0.27367717027664185, "relation_loss": 2.220796585083008}
{"job": "ordinary_s13171", "step": 3000, "planned_steps": 20000, "observed_validation_accuracy": [0.9166666865348816, 0.8928571343421936, 0.8928571343421936], "source_ce": 0.3552623689174652, "relation_loss": 1.9752997159957886}
{"job": "ordinary_s13171", "step": 4000, "planned_steps": 20000, "observed_validation_accuracy": [0.9285714626312256, 0.9642857313156128, 0.9761905074119568], "source_ce": 0.0307071004062891, "relation_loss": 2.0298964977264404}
{"job": "ordinary_s13171", "step": 5000, "planned_steps": 20000, "observed_validation_accuracy": [0.9642857313156128, 0.9047619104385376, 0.9285714626312256], "source_ce": 0.07351133972406387, "relation_loss": 2.1840076446533203}
{"job": "ordinary_s13171", "step": 6000, "planned_steps": 20000, "observed_validation_accuracy": [0.9642857313156128, 0.9880952835083008, 0.9880952835083008], "source_ce": 0.03639631345868111, "relation_loss": 2.1367874145507812}
{"job": "ordinary_s13171", "step": 7000, "planned_steps": 20000, "observed_validation_accuracy": [0.9642857313156128, 0.9880952835083008, 0.9880952835083008], "source_ce": 0.0035590745974332094, "relation_loss": 2.092510938644409}
{"job": "ordinary_s13171", "step": 8000, "planned_steps": 20000, "observed_validation_accuracy": [0.9880952835083008, 1.0, 0.9761905074119568], "source_ce": 0.015702445060014725, "relation_loss": 2.1387369632720947}
{"job": "ordinary_s13171", "step": 9000, "planned_steps": 20000, "observed_validation_accuracy": [0.9880952835083008, 1.0, 1.0], "source_ce": 0.07943476736545563, "relation_loss": 2.079669713973999}
{"job": "ordinary_s13171", "step": 10000, "planned_steps": 20000, "observed_validation_accuracy": [1.0, 1.0, 0.9880952835083008], "source_ce": 9.98813848127611e-05, "relation_loss": 2.1863765716552734}
{"job": "ordinary_s13171", "step": 11000, "planned_steps": 20000, "observed_validation_accuracy": [1.0, 1.0, 1.0], "source_ce": 0.000565883528906852, "relation_loss": 1.9789693355560303}
{"job": "ordinary_s13171", "step": 12000, "planned_steps": 20000, "observed_validation_accuracy": [0.9523809552192688, 0.9880952835083008, 0.9166666865348816], "source_ce": 0.0038196630775928497, "relation_loss": 2.0531373023986816}
{"job": "ordinary_s13171", "step": 13000, "planned_steps": 20000, "observed_validation_accuracy": [1.0, 0.9880952835083008, 1.0], "source_ce": 5.440261520561762e-05, "relation_loss": 2.2558836936950684}
{"job": "ordinary_s13171", "step": 14000, "planned_steps": 20000, "observed_validation_accuracy": [1.0, 1.0, 1.0], "source_ce": 6.477328861365095e-05, "relation_loss": 1.9611412286758423}
{"job": "ordinary_s13171", "step": 15000, "planned_steps": 20000, "observed_validation_accuracy": [1.0, 0.9880952835083008, 1.0], "source_ce": 0.0006110902759246528, "relation_loss": 2.0361297130584717}
{"job": "ordinary_s13171", "step": 16000, "planned_steps": 20000, "observed_validation_accuracy": [1.0, 1.0, 1.0], "source_ce": 3.05390713037923e-05, "relation_loss": 1.9727187156677246}
{"job": "ordinary_s13171", "step": 17000, "planned_steps": 20000, "observed_validation_accuracy": [1.0, 1.0, 1.0], "source_ce": 2.5085362722165883e-05, "relation_loss": 2.05214524269104}
{"job": "ordinary_s13171", "step": 18000, "planned_steps": 20000, "observed_validation_accuracy": [1.0, 1.0, 1.0], "source_ce": 3.689427103381604e-05, "relation_loss": 2.151711940765381}
{"job": "ordinary_s13171", "step": 19000, "planned_steps": 20000, "observed_validation_accuracy": [1.0, 1.0, 1.0], "source_ce": 9.172837053483818e-06, "relation_loss": 2.171663522720337}
{"job": "ordinary_s13171", "step": 20000, "planned_steps": 20000, "observed_validation_accuracy": [1.0, 1.0, 1.0], "source_ce": 1.4233861293178052e-05, "relation_loss": 2.0066611766815186}
{"new_seed_evaluated": "ordinary_s13171", "primary": [{"split": "answer_collisions", "word": "ci", "action": 5, "displacement_nmse": 1.0, "prediction_energy_over_source": 0.0, "answer_accuracy": 0.20238095238095238, "direct_transformed_input_accuracy": 0.9985119047619048, "pair_both_correct": 0.0, "paired_accuracy_interval_95": [0.18936011904761904, 0.21503906249999996], "pair_both_correct_interval_95": [0.0, 0.0], "wrong_order_minus_correct_gap": -0.013230491495028885}, {"split": "answer_collisions", "word": "ici", "action": 2, "displacement_nmse": 1.0, "prediction_energy_over_source": 0.0, "answer_accuracy": 0.20238095238095238, "direct_transformed_input_accuracy": 0.9985119047619048, "pair_both_correct": 0.0, "paired_accuracy_interval_95": [0.18936011904761904, 0.21503906249999996], "pair_both_correct_interval_95": [0.0, 0.0]}]}
{"job": "correct_relations_s13171", "step": 1000, "planned_steps": 20000, "observed_validation_accuracy": [0.4047619104385376, 0.5, 0.4523809552192688], "source_ce": 1.4984050989151, "relation_loss": 0.3161337971687317}
{"job": "correct_relations_s13171", "step": 2000, "planned_steps": 20000, "observed_validation_accuracy": [0.7023809552192688, 0.7142857313156128, 0.761904776096344], "source_ce": 0.5059162974357605, "relation_loss": 0.7242096066474915}
{"job": "correct_relations_s13171", "step": 3000, "planned_steps": 20000, "observed_validation_accuracy": [0.8571428656578064, 0.8690476417541504, 0.8095238208770752], "source_ce": 0.4487309753894806, "relation_loss": 0.669856071472168}
{"job": "correct_relations_s13171", "step": 4000, "planned_steps": 20000, "observed_validation_accuracy": [0.9404761791229248, 0.9047619104385376, 0.8214285969734192], "source_ce": 0.2593825161457062, "relation_loss": 0.46554794907569885}
{"job": "correct_relations_s13171", "step": 5000, "planned_steps": 20000, "observed_validation_accuracy": [0.8809524178504944, 0.8095238208770752, 0.8809524178504944], "source_ce": 0.43380942940711975, "relation_loss": 0.5404508113861084}
{"job": "correct_relations_s13171", "step": 6000, "planned_steps": 20000, "observed_validation_accuracy": [0.9523809552192688, 0.9285714626312256, 0.9285714626312256], "source_ce": 0.05676065385341644, "relation_loss": 0.32400643825531006}
{"job": "correct_relations_s13171", "step": 7000, "planned_steps": 20000, "observed_validation_accuracy": [0.9047619104385376, 0.9404761791229248, 0.9285714626312256], "source_ce": 0.1719130128622055, "relation_loss": 0.35385212302207947}
{"job": "correct_relations_s13171", "step": 8000, "planned_steps": 20000, "observed_validation_accuracy": [0.9047619104385376, 0.9166666865348816, 0.9523809552192688], "source_ce": 0.20771187543869019, "relation_loss": 0.360082745552063}
{"job": "correct_relations_s13171", "step": 9000, "planned_steps": 20000, "observed_validation_accuracy": [0.9642857313156128, 0.9761905074119568, 0.9642857313156128], "source_ce": 0.03568156436085701, "relation_loss": 0.1818763166666031}
{"job": "correct_relations_s13171", "step": 10000, "planned_steps": 20000, "observed_validation_accuracy": [0.9523809552192688, 0.9404761791229248, 0.9761905074119568], "source_ce": 0.019635150209069252, "relation_loss": 0.13284356892108917}
{"job": "correct_relations_s13171", "step": 11000, "planned_steps": 20000, "observed_validation_accuracy": [0.9523809552192688, 0.9523809552192688, 0.9761905074119568], "source_ce": 0.05162733793258667, "relation_loss": 0.18768368661403656}
{"job": "correct_relations_s13171", "step": 12000, "planned_steps": 20000, "observed_validation_accuracy": [0.9761905074119568, 0.9642857313156128, 0.9761905074119568], "source_ce": 0.11954503506422043, "relation_loss": 0.22740092873573303}
{"job": "correct_relations_s13171", "step": 13000, "planned_steps": 20000, "observed_validation_accuracy": [0.9761905074119568, 0.9761905074119568, 0.9523809552192688], "source_ce": 0.010279613547027111, "relation_loss": 0.09363878518342972}
{"job": "correct_relations_s13171", "step": 14000, "planned_steps": 20000, "observed_validation_accuracy": [0.9880952835083008, 1.0, 0.9761905074119568], "source_ce": 0.014715838246047497, "relation_loss": 0.1286655217409134}
{"job": "correct_relations_s13171", "step": 15000, "planned_steps": 20000, "observed_validation_accuracy": [0.9761905074119568, 1.0, 0.9880952835083008], "source_ce": 0.055031243711709976, "relation_loss": 0.1300070881843567}
{"job": "correct_relations_s13171", "step": 16000, "planned_steps": 20000, "observed_validation_accuracy": [0.9761905074119568, 1.0, 0.9880952835083008], "source_ce": 0.0057985782623291016, "relation_loss": 0.06428933888673782}
{"job": "correct_relations_s13171", "step": 17000, "planned_steps": 20000, "observed_validation_accuracy": [0.9880952835083008, 0.9761905074119568, 0.9761905074119568], "source_ce": 0.0069363415241241455, "relation_loss": 0.07757096737623215}
{"job": "correct_relations_s13171", "step": 18000, "planned_steps": 20000, "observed_validation_accuracy": [0.9761905074119568, 1.0, 0.9880952835083008], "source_ce": 0.010485614649951458, "relation_loss": 0.10351470112800598}
{"job": "correct_relations_s13171", "step": 19000, "planned_steps": 20000, "observed_validation_accuracy": [0.9761905074119568, 1.0, 0.9880952835083008], "source_ce": 0.002565618371590972, "relation_loss": 0.031198028475046158}
{"job": "correct_relations_s13171", "step": 20000, "planned_steps": 20000, "observed_validation_accuracy": [0.9880952835083008, 1.0, 0.9880952835083008], "source_ce": 0.0064802286215126514, "relation_loss": 0.0747518539428711}
{"new_seed_evaluated": "correct_relations_s13171", "primary": [{"split": "answer_collisions", "word": "ci", "action": 5, "displacement_nmse": 0.24879516818760705, "prediction_energy_over_source": 1.655403286358316, "answer_accuracy": 0.44308035714285715, "direct_transformed_input_accuracy": 0.9635416666666666, "pair_both_correct": 0.18303571428571427, "paired_accuracy_interval_95": [0.4244698660714286, 0.46130952380952384], "pair_both_correct_interval_95": [0.16220238095238096, 0.20386904761904762], "wrong_order_minus_correct_gap": 0.33582507290931546}, {"split": "answer_collisions", "word": "ici", "action": 2, "displacement_nmse": 0.26499510927149644, "prediction_energy_over_source": 1.5689394434691306, "answer_accuracy": 0.42373511904761907, "direct_transformed_input_accuracy": 0.9661458333333334, "pair_both_correct": 0.15773809523809523, "paired_accuracy_interval_95": [0.40662202380952384, 0.4415922619047619], "pair_both_correct_interval_95": [0.13839285714285715, 0.17708333333333334]}]}
{"job": "shuffled_relations_s13171", "step": 1000, "planned_steps": 20000, "observed_validation_accuracy": [0.5476190447807312, 0.5, 0.511904776096344], "source_ce": 1.4100003242492676, "relation_loss": 0.42953938245773315}
{"job": "shuffled_relations_s13171", "step": 2000, "planned_steps": 20000, "observed_validation_accuracy": [0.8452380895614624, 0.8095238208770752, 0.75], "source_ce": 0.4115377962589264, "relation_loss": 0.8808046579360962}
{"job": "shuffled_relations_s13171", "step": 3000, "planned_steps": 20000, "observed_validation_accuracy": [0.8571428656578064, 0.8809524178504944, 0.8452380895614624], "source_ce": 0.4067762792110443, "relation_loss": 0.7592161893844604}
{"job": "shuffled_relations_s13171", "step": 4000, "planned_steps": 20000, "observed_validation_accuracy": [0.8809524178504944, 0.9404761791229248, 0.8809524178504944], "source_ce": 0.16467221081256866, "relation_loss": 0.733863890171051}
{"job": "shuffled_relations_s13171", "step": 5000, "planned_steps": 20000, "observed_validation_accuracy": [0.9047619104385376, 0.9285714626312256, 0.9166666865348816], "source_ce": 0.37476181983947754, "relation_loss": 0.5808655023574829}
{"job": "shuffled_relations_s13171", "step": 6000, "planned_steps": 20000, "observed_validation_accuracy": [0.9642857313156128, 0.9880952835083008, 0.9404761791229248], "source_ce": 0.0591655932366848, "relation_loss": 0.40359801054000854}
{"job": "shuffled_relations_s13171", "step": 7000, "planned_steps": 20000, "observed_validation_accuracy": [0.9642857313156128, 0.9642857313156128, 0.9404761791229248], "source_ce": 0.0953894853591919, "relation_loss": 0.38562214374542236}
{"job": "shuffled_relations_s13171", "step": 8000, "planned_steps": 20000, "observed_validation_accuracy": [0.9523809552192688, 0.9761905074119568, 0.9523809552192688], "source_ce": 0.11941728740930557, "relation_loss": 0.4838159382343292}
{"job": "shuffled_relations_s13171", "step": 9000, "planned_steps": 20000, "observed_validation_accuracy": [0.9404761791229248, 1.0, 0.9642857313156128], "source_ce": 0.050814587622880936, "relation_loss": 0.28370004892349243}
{"job": "shuffled_relations_s13171", "step": 10000, "planned_steps": 20000, "observed_validation_accuracy": [0.9761905074119568, 0.9880952835083008, 0.9642857313156128], "source_ce": 0.02094138413667679, "relation_loss": 0.21846066415309906}
{"job": "shuffled_relations_s13171", "step": 11000, "planned_steps": 20000, "observed_validation_accuracy": [0.9761905074119568, 0.9880952835083008, 0.9642857313156128], "source_ce": 0.045357584953308105, "relation_loss": 0.24766291677951813}
{"job": "shuffled_relations_s13171", "step": 12000, "planned_steps": 20000, "observed_validation_accuracy": [0.9523809552192688, 0.9642857313156128, 0.9880952835083008], "source_ce": 0.1740339994430542, "relation_loss": 0.26260513067245483}
{"job": "shuffled_relations_s13171", "step": 13000, "planned_steps": 20000, "observed_validation_accuracy": [0.9761905074119568, 1.0, 0.9880952835083008], "source_ce": 0.01811397075653076, "relation_loss": 0.19000829756259918}
{"job": "shuffled_relations_s13171", "step": 14000, "planned_steps": 20000, "observed_validation_accuracy": [0.9761905074119568, 1.0, 0.9642857313156128], "source_ce": 0.020207613706588745, "relation_loss": 0.20380716025829315}
{"job": "shuffled_relations_s13171", "step": 15000, "planned_steps": 20000, "observed_validation_accuracy": [0.9880952835083008, 0.9880952835083008, 0.9880952835083008], "source_ce": 0.02243179641664028, "relation_loss": 0.21722452342510223}
{"job": "shuffled_relations_s13171", "step": 16000, "planned_steps": 20000, "observed_validation_accuracy": [0.9880952835083008, 1.0, 0.9880952835083008], "source_ce": 0.012745276093482971, "relation_loss": 0.14769865572452545}
{"job": "shuffled_relations_s13171", "step": 17000, "planned_steps": 20000, "observed_validation_accuracy": [0.9880952835083008, 0.9880952835083008, 0.9761905074119568], "source_ce": 0.013253498822450638, "relation_loss": 0.15748348832130432}
{"job": "shuffled_relations_s13171", "step": 18000, "planned_steps": 20000, "observed_validation_accuracy": [0.9880952835083008, 1.0, 0.9761905074119568], "source_ce": 0.015492335893213749, "relation_loss": 0.17208316922187805}
{"job": "shuffled_relations_s13171", "step": 19000, "planned_steps": 20000, "observed_validation_accuracy": [0.9880952835083008, 1.0, 0.9761905074119568], "source_ce": 0.010022946633398533, "relation_loss": 0.11756045371294022}
{"job": "shuffled_relations_s13171", "step": 20000, "planned_steps": 20000, "observed_validation_accuracy": [0.9880952835083008, 1.0, 0.9761905074119568], "source_ce": 0.012417522259056568, "relation_loss": 0.1466127187013626}
{"new_seed_evaluated": "shuffled_relations_s13171", "primary": [{"split": "answer_collisions", "word": "ci", "action": 5, "displacement_nmse": 0.5290199605454684, "prediction_energy_over_source": 0.897469978641292, "answer_accuracy": 0.26674107142857145, "direct_transformed_input_accuracy": 0.9810267857142857, "pair_both_correct": 0.0, "paired_accuracy_interval_95": [0.25408296130952385, 0.2805059523809524], "pair_both_correct_interval_95": [0.0, 0.0], "wrong_order_minus_correct_gap": -0.07631259956486895}, {"split": "answer_collisions", "word": "ici", "action": 2, "displacement_nmse": 0.5342622942037354, "prediction_energy_over_source": 0.900121127914553, "answer_accuracy": 0.26748511904761907, "direct_transformed_input_accuracy": 0.9832589285714286, "pair_both_correct": 0.000744047619047619, "paired_accuracy_interval_95": [0.2544642857142857, 0.28125], "pair_both_correct_interval_95": [0.0, 0.002232142857142857]}]}
