{"stability_evaluated": "shuffled_relations_s11159", "method": "shared_center_affine", "primary": [{"word": "ci", "answer_accuracy": 0.27455357142857145, "displacement_nmse": 0.5314773267578331}, {"word": "ici", "answer_accuracy": 0.2779017857142857, "displacement_nmse": 0.533448613786183}]}
{"stability_evaluated": "shuffled_relations_s11159", "method": "orthogonal_reflection", "primary": [{"word": "ci", "answer_accuracy": 0.23363095238095238, "displacement_nmse": 0.9858897358045583}, {"word": "ici", "answer_accuracy": 0.22358630952380953, "displacement_nmse": 0.9915688753425691}]}
{"stability_evaluated": "shuffled_relations_s11159", "method": "native_bias_refit", "primary": [{"word": "ci", "answer_accuracy": 0.27566964285714285, "displacement_nmse": 0.5331916777357988}, {"word": "ici", "answer_accuracy": 0.27566964285714285, "displacement_nmse": 0.5349031749261077}]}
{"stability_evaluated": "shuffled_relations_s11159", "method": "native_validation_gain_cap", "primary": [{"word": "ci", "answer_accuracy": 0.27120535714285715, "displacement_nmse": 0.5697405689002423}, {"word": "ici", "answer_accuracy": 0.27120535714285715, "displacement_nmse": 0.5875215158199039}]}
{"stability_evaluated": "ordinary_s12163", "method": "shared_center_affine", "primary": [{"word": "ci", "answer_accuracy": 0.2741815476190476, "displacement_nmse": 0.5009077981334648}, {"word": "ici", "answer_accuracy": 0.27492559523809523, "displacement_nmse": 0.49870930419176085}]}
{"stability_evaluated": "ordinary_s12163", "method": "orthogonal_reflection", "primary": [{"word": "ci", "answer_accuracy": 0.18154761904761904, "displacement_nmse": 0.9861645473585995}, {"word": "ici", "answer_accuracy": 0.21949404761904762, "displacement_nmse": 0.9856756270903592}]}
{"stability_evaluated": "ordinary_s12163", "method": "native_bias_refit", "primary": [{"word": "ci", "answer_accuracy": 0.20238095238095238, "displacement_nmse": 1.0}, {"word": "ici", "answer_accuracy": 0.20238095238095238, "displacement_nmse": 1.0}]}
{"stability_evaluated": "ordinary_s12163", "method": "native_validation_gain_cap", "primary": [{"word": "ci", "answer_accuracy": 0.20238095238095238, "displacement_nmse": 1.0}, {"word": "ici", "answer_accuracy": 0.20238095238095238, "displacement_nmse": 1.0}]}
{"stability_evaluated": "correct_relations_s12163", "method": "shared_center_affine", "primary": [{"word": "ci", "answer_accuracy": 0.42001488095238093, "displacement_nmse": 0.27883775594761884}, {"word": "ici", "answer_accuracy": 0.4088541666666667, "displacement_nmse": 0.2970765499588762}]}
{"stability_evaluated": "correct_relations_s12163", "method": "orthogonal_reflection", "primary": [{"word": "ci", "answer_accuracy": 0.26599702380952384, "displacement_nmse": 0.6383553704404913}, {"word": "ici", "answer_accuracy": 0.265625, "displacement_nmse": 0.8283729915779718}]}
{"stability_evaluated": "correct_relations_s12163", "method": "native_bias_refit", "primary": [{"word": "ci", "answer_accuracy": 0.37202380952380953, "displacement_nmse": 0.3236052227626413}, {"word": "ici", "answer_accuracy": 0.3392857142857143, "displacement_nmse": 0.3535012344825903}]}
{"stability_evaluated": "correct_relations_s12163", "method": "native_validation_gain_cap", "primary": [{"word": "ci", "answer_accuracy": 0.3723958333333333, "displacement_nmse": 0.3236182901227028}, {"word": "ici", "answer_accuracy": 0.3385416666666667, "displacement_nmse": 0.35351363697381666}]}
{"stability_evaluated": "shuffled_relations_s12163", "method": "shared_center_affine", "primary": [{"word": "ci", "answer_accuracy": 0.27380952380952384, "displacement_nmse": 0.5298263605843361}, {"word": "ici", "answer_accuracy": 0.27306547619047616, "displacement_nmse": 0.5294006486040117}]}
{"stability_evaluated": "shuffled_relations_s12163", "method": "orthogonal_reflection", "primary": [{"word": "ci", "answer_accuracy": 0.2340029761904762, "displacement_nmse": 0.9843535551982276}, {"word": "ici", "answer_accuracy": 0.22395833333333334, "displacement_nmse": 0.9841383289733096}]}
{"stability_evaluated": "shuffled_relations_s12163", "method": "native_bias_refit", "primary": [{"word": "ci", "answer_accuracy": 0.2734375, "displacement_nmse": 0.5308010965763819}, {"word": "ici", "answer_accuracy": 0.2734375, "displacement_nmse": 0.5301901706070776}]}
{"stability_evaluated": "shuffled_relations_s12163", "method": "native_validation_gain_cap", "primary": [{"word": "ci", "answer_accuracy": 0.27120535714285715, "displacement_nmse": 0.569944034388943}, {"word": "ici", "answer_accuracy": 0.27120535714285715, "displacement_nmse": 0.587413457416781}]}
{"stability_evaluated": "ordinary_s13171", "method": "shared_center_affine", "primary": [{"word": "ci", "answer_accuracy": 0.2760416666666667, "displacement_nmse": 0.4999399577215274}, {"word": "ici", "answer_accuracy": 0.27306547619047616, "displacement_nmse": 0.49850290552425885}]}
{"stability_evaluated": "ordinary_s13171", "method": "orthogonal_reflection", "primary": [{"word": "ci", "answer_accuracy": 0.2113095238095238, "displacement_nmse": 0.9815051911284979}, {"word": "ici", "answer_accuracy": 0.22284226190476192, "displacement_nmse": 0.9810050720350096}]}
{"stability_evaluated": "ordinary_s13171", "method": "native_bias_refit", "primary": [{"word": "ci", "answer_accuracy": 0.20238095238095238, "displacement_nmse": 1.0}, {"word": "ici", "answer_accuracy": 0.20238095238095238, "displacement_nmse": 1.0}]}
{"stability_evaluated": "ordinary_s13171", "method": "native_validation_gain_cap", "primary": [{"word": "ci", "answer_accuracy": 0.20238095238095238, "displacement_nmse": 1.0}, {"word": "ici", "answer_accuracy": 0.20238095238095238, "displacement_nmse": 1.0}]}
{"stability_evaluated": "correct_relations_s13171", "method": "shared_center_affine", "primary": [{"word": "ci", "answer_accuracy": 0.4921875, "displacement_nmse": 0.22180906725772478}, {"word": "ici", "answer_accuracy": 0.4817708333333333, "displacement_nmse": 0.23922882234720202}]}
{"stability_evaluated": "correct_relations_s13171", "method": "orthogonal_reflection", "primary": [{"word": "ci", "answer_accuracy": 0.2805059523809524, "displacement_nmse": 0.6098657508526526}, {"word": "ici", "answer_accuracy": 0.26525297619047616, "displacement_nmse": 0.7815075003697378}]}
{"stability_evaluated": "correct_relations_s13171", "method": "native_bias_refit", "primary": [{"word": "ci", "answer_accuracy": 0.4367559523809524, "displacement_nmse": 0.24786594505260892}, {"word": "ici", "answer_accuracy": 0.42038690476190477, "displacement_nmse": 0.2638791152062614}]}
{"stability_evaluated": "correct_relations_s13171", "method": "native_validation_gain_cap", "primary": [{"word": "ci", "answer_accuracy": 0.4367559523809524, "displacement_nmse": 0.24786594505260892}, {"word": "ici", "answer_accuracy": 0.42038690476190477, "displacement_nmse": 0.26387911520626134}]}
{"stability_evaluated": "shuffled_relations_s13171", "method": "shared_center_affine", "primary": [{"word": "ci", "answer_accuracy": 0.2779017857142857, "displacement_nmse": 0.5274176072565844}, {"word": "ici", "answer_accuracy": 0.27938988095238093, "displacement_nmse": 0.5314766534438868}]}
{"stability_evaluated": "shuffled_relations_s13171", "method": "orthogonal_reflection", "primary": [{"word": "ci", "answer_accuracy": 0.234375, "displacement_nmse": 0.9896916087542481}, {"word": "ici", "answer_accuracy": 0.22061011904761904, "displacement_nmse": 0.997767146212976}]}
{"stability_evaluated": "shuffled_relations_s13171", "method": "native_bias_refit", "primary": [{"word": "ci", "answer_accuracy": 0.27455357142857145, "displacement_nmse": 0.5278585330879794}, {"word": "ici", "answer_accuracy": 0.2726934523809524, "displacement_nmse": 0.5318684956153634}]}
{"stability_evaluated": "shuffled_relations_s13171", "method": "native_validation_gain_cap", "primary": [{"word": "ci", "answer_accuracy": 0.27120535714285715, "displacement_nmse": 0.5592228147269036}, {"word": "ici", "answer_accuracy": 0.27120535714285715, "displacement_nmse": 0.5754689077006885}]}
