data train: 42000 fresh inputs
data validation: 2100 fresh inputs
data representation: 840 fresh inputs
data support_pool: 2100 fresh inputs
data target_validation: 1050 fresh inputs
data target_test: 2100 fresh inputs
data source_audit: 2100 fresh inputs
{"job_id": "d128_l2_position_three_s17", "status": "running", "step": 1000, "planned_steps": 20000, "validation_macro": 0.35857142857142854, "seconds": 9.423715329961851, "updated_unix": 1791201553.307413}
{"job_id": "d128_l2_position_three_s17", "status": "running", "step": 2000, "planned_steps": 20000, "validation_macro": 0.46964285714285714, "seconds": 17.65776173095219, "updated_unix": 1791201561.5395405}
{"job_id": "d128_l2_position_three_s17", "status": "running", "step": 3000, "planned_steps": 20000, "validation_macro": 0.5154761904761904, "seconds": 25.862559403991327, "updated_unix": 1791201569.7433426}
{"job_id": "d128_l2_position_three_s17", "status": "running", "step": 4000, "planned_steps": 20000, "validation_macro": 0.6546428571428572, "seconds": 34.05584542499855, "updated_unix": 1791201577.934821}
{"job_id": "d128_l2_position_three_s17", "status": "running", "step": 5000, "planned_steps": 20000, "validation_macro": 0.7329761904761906, "seconds": 41.865994540043175, "updated_unix": 1791201585.7599244}
{"job_id": "d128_l2_position_three_s17", "status": "running", "step": 6000, "planned_steps": 20000, "validation_macro": 0.8138095238095238, "seconds": 50.17501601111144, "updated_unix": 1791201594.053424}
{"job_id": "d128_l2_position_three_s17", "status": "running", "step": 7000, "planned_steps": 20000, "validation_macro": 0.8539285714285715, "seconds": 58.4342769109644, "updated_unix": 1791201602.3130157}
{"job_id": "d128_l2_position_three_s17", "status": "running", "step": 8000, "planned_steps": 20000, "validation_macro": 0.8452380952380953, "seconds": 66.40662008104846, "updated_unix": 1791201610.2855084}
{"job_id": "d128_l2_position_three_s17", "status": "running", "step": 9000, "planned_steps": 20000, "validation_macro": 0.8530952380952381, "seconds": 74.36920302803628, "updated_unix": 1791201618.2476656}
{"job_id": "d128_l2_position_three_s17", "status": "running", "step": 10000, "planned_steps": 20000, "validation_macro": 0.9221428571428572, "seconds": 82.71405496494845, "updated_unix": 1791201626.6092663}
{"job_id": "d128_l2_position_three_s17", "status": "running", "step": 11000, "planned_steps": 20000, "validation_macro": 0.9253571428571429, "seconds": 90.71945154899731, "updated_unix": 1791201634.599076}
{"job_id": "d128_l2_position_three_s17", "status": "running", "step": 12000, "planned_steps": 20000, "validation_macro": 0.9479761904761904, "seconds": 98.82338134292513, "updated_unix": 1791201642.7024746}
{"job_id": "d128_l2_position_three_s17", "status": "running", "step": 13000, "planned_steps": 20000, "validation_macro": 0.9583333333333333, "seconds": 107.21026996709406, "updated_unix": 1791201651.0884383}
{"job_id": "d128_l2_position_three_s17", "status": "running", "step": 14000, "planned_steps": 20000, "validation_macro": 0.9620238095238096, "seconds": 115.09641537396237, "updated_unix": 1791201658.9751685}
{"job_id": "d128_l2_position_three_s17", "status": "running", "step": 15000, "planned_steps": 20000, "validation_macro": 0.9677380952380953, "seconds": 123.31658233189955, "updated_unix": 1791201667.1954331}
{"job_id": "d128_l2_position_three_s17", "status": "running", "step": 16000, "planned_steps": 20000, "validation_macro": 0.9660714285714287, "seconds": 131.41361470799893, "updated_unix": 1791201675.2924993}
{"job_id": "d128_l2_position_three_s17", "status": "running", "step": 17000, "planned_steps": 20000, "validation_macro": 0.9723809523809523, "seconds": 139.53043076908216, "updated_unix": 1791201683.408862}
{"job_id": "d128_l2_position_three_s17", "status": "running", "step": 18000, "planned_steps": 20000, "validation_macro": 0.9726190476190477, "seconds": 147.44691114104353, "updated_unix": 1791201691.3255777}
{"job_id": "d128_l2_position_three_s17", "status": "running", "step": 19000, "planned_steps": 20000, "validation_macro": 0.9770238095238095, "seconds": 155.6609206350986, "updated_unix": 1791201699.5391624}
{"job_id": "d128_l2_position_three_s17", "status": "running", "step": 20000, "planned_steps": 20000, "validation_macro": 0.9780952380952381, "seconds": 163.24113505496643, "updated_unix": 1791201707.1324158}
{"job_id": "d128_l2_cycle_four_s17", "status": "running", "step": 1000, "planned_steps": 20000, "validation_macro": 0.45023809523809527, "seconds": 8.087121682940051, "updated_unix": 1791201717.699014}
{"job_id": "d128_l2_cycle_four_s17", "status": "running", "step": 2000, "planned_steps": 20000, "validation_macro": 0.5346428571428571, "seconds": 16.354167947079986, "updated_unix": 1791201725.9671776}
{"job_id": "d128_l2_cycle_four_s17", "status": "running", "step": 3000, "planned_steps": 20000, "validation_macro": 0.545952380952381, "seconds": 24.178073548944667, "updated_unix": 1791201733.7901146}
{"job_id": "d128_l2_cycle_four_s17", "status": "running", "step": 4000, "planned_steps": 20000, "validation_macro": 0.5658333333333333, "seconds": 32.321102272951975, "updated_unix": 1791201741.9335337}
{"job_id": "d128_l2_cycle_four_s17", "status": "running", "step": 5000, "planned_steps": 20000, "validation_macro": 0.6014285714285714, "seconds": 40.37566078896634, "updated_unix": 1791201750.0011864}
{"job_id": "d128_l2_cycle_four_s17", "status": "running", "step": 6000, "planned_steps": 20000, "validation_macro": 0.6067857142857143, "seconds": 48.18448886787519, "updated_unix": 1791201757.7976153}
{"job_id": "d128_l2_cycle_four_s17", "status": "running", "step": 7000, "planned_steps": 20000, "validation_macro": 0.6063095238095237, "seconds": 56.421414534095675, "updated_unix": 1791201766.0352802}
{"job_id": "d128_l2_cycle_four_s17", "status": "running", "step": 8000, "planned_steps": 20000, "validation_macro": 0.6126190476190476, "seconds": 64.5291189099662, "updated_unix": 1791201774.1418629}
{"job_id": "d128_l2_cycle_four_s17", "status": "running", "step": 9000, "planned_steps": 20000, "validation_macro": 0.6092857142857143, "seconds": 72.59530315408483, "updated_unix": 1791201782.207267}
{"job_id": "d128_l2_cycle_four_s17", "status": "running", "step": 10000, "planned_steps": 20000, "validation_macro": 0.6122619047619047, "seconds": 80.5777196160052, "updated_unix": 1791201790.2073472}
{"job_id": "d128_l2_cycle_four_s17", "status": "running", "step": 11000, "planned_steps": 20000, "validation_macro": 0.6114285714285714, "seconds": 88.47696773009375, "updated_unix": 1791201798.0897307}
{"job_id": "d128_l2_cycle_four_s17", "status": "running", "step": 12000, "planned_steps": 20000, "validation_macro": 0.6144047619047618, "seconds": 96.88717288104817, "updated_unix": 1791201806.498824}
{"job_id": "d128_l2_cycle_four_s17", "status": "running", "step": 13000, "planned_steps": 20000, "validation_macro": 0.6165476190476191, "seconds": 104.6648779369425, "updated_unix": 1791201814.2778623}
{"job_id": "d128_l2_cycle_four_s17", "status": "running", "step": 14000, "planned_steps": 20000, "validation_macro": 0.6135714285714287, "seconds": 113.0629891268909, "updated_unix": 1791201822.6749845}
{"job_id": "d128_l2_cycle_four_s17", "status": "running", "step": 15000, "planned_steps": 20000, "validation_macro": 0.6144047619047619, "seconds": 121.0675140649546, "updated_unix": 1791201830.682296}
{"job_id": "d128_l2_cycle_four_s17", "status": "running", "step": 16000, "planned_steps": 20000, "validation_macro": 0.6152380952380953, "seconds": 129.5541175568942, "updated_unix": 1791201839.168614}
{"job_id": "d128_l2_cycle_four_s17", "status": "running", "step": 17000, "planned_steps": 20000, "validation_macro": 0.6126190476190476, "seconds": 137.82043832005002, "updated_unix": 1791201847.4338841}
{"job_id": "d128_l2_cycle_four_s17", "status": "running", "step": 18000, "planned_steps": 20000, "validation_macro": 0.6114285714285714, "seconds": 145.91332533909008, "updated_unix": 1791201855.5266452}
{"job_id": "d128_l2_cycle_four_s17", "status": "running", "step": 19000, "planned_steps": 20000, "validation_macro": 0.6102380952380952, "seconds": 154.0611880919896, "updated_unix": 1791201863.6746395}
{"job_id": "d128_l2_cycle_four_s17", "status": "running", "step": 20000, "planned_steps": 20000, "validation_macro": 0.6138095238095238, "seconds": 161.94585469202138, "updated_unix": 1791201871.5760858}
{"job_id": "d128_l2_interior_four_s17", "status": "running", "step": 1000, "planned_steps": 20000, "validation_macro": 0.31464285714285717, "seconds": 8.316859718877822, "updated_unix": 1791201882.3247216}
{"job_id": "d128_l2_interior_four_s17", "status": "running", "step": 2000, "planned_steps": 20000, "validation_macro": 0.3252380952380952, "seconds": 16.20774123002775, "updated_unix": 1791201890.214839}
{"job_id": "d128_l2_interior_four_s17", "status": "running", "step": 3000, "planned_steps": 20000, "validation_macro": 0.3296428571428571, "seconds": 24.477053506067023, "updated_unix": 1791201898.483541}
{"job_id": "d128_l2_interior_four_s17", "status": "running", "step": 4000, "planned_steps": 20000, "validation_macro": 0.3335714285714286, "seconds": 32.76770621794276, "updated_unix": 1791201906.774616}
{"job_id": "d128_l2_interior_four_s17", "status": "running", "step": 5000, "planned_steps": 20000, "validation_macro": 0.33392857142857146, "seconds": 40.723034172086045, "updated_unix": 1791201914.7418203}
{"job_id": "d128_l2_interior_four_s17", "status": "running", "step": 6000, "planned_steps": 20000, "validation_macro": 0.32952380952380955, "seconds": 48.86659047799185, "updated_unix": 1791201922.8746402}
{"job_id": "d128_l2_interior_four_s17", "status": "running", "step": 7000, "planned_steps": 20000, "validation_macro": 0.3388095238095238, "seconds": 57.129586728988215, "updated_unix": 1791201931.1354299}
{"job_id": "d128_l2_interior_four_s17", "status": "running", "step": 8000, "planned_steps": 20000, "validation_macro": 0.3420238095238095, "seconds": 65.22059210506268, "updated_unix": 1791201939.227894}
{"job_id": "d128_l2_interior_four_s17", "status": "running", "step": 9000, "planned_steps": 20000, "validation_macro": 0.34119047619047627, "seconds": 73.44901089998893, "updated_unix": 1791201947.4555295}
{"job_id": "d128_l2_interior_four_s17", "status": "running", "step": 10000, "planned_steps": 20000, "validation_macro": 0.34452380952380957, "seconds": 81.69579727691598, "updated_unix": 1791201955.7208316}
{"job_id": "d128_l2_interior_four_s17", "status": "running", "step": 11000, "planned_steps": 20000, "validation_macro": 0.35154761904761905, "seconds": 89.82625611801632, "updated_unix": 1791201963.8372712}
{"job_id": "d128_l2_interior_four_s17", "status": "running", "step": 12000, "planned_steps": 20000, "validation_macro": 0.3551190476190476, "seconds": 97.7859436639119, "updated_unix": 1791201971.7942388}
{"job_id": "d128_l2_interior_four_s17", "status": "running", "step": 13000, "planned_steps": 20000, "validation_macro": 0.3628571428571429, "seconds": 105.68788869306445, "updated_unix": 1791201979.6951225}
{"job_id": "d128_l2_interior_four_s17", "status": "running", "step": 14000, "planned_steps": 20000, "validation_macro": 0.36523809523809525, "seconds": 113.98013781500049, "updated_unix": 1791201987.9885483}
{"job_id": "d128_l2_interior_four_s17", "status": "running", "step": 15000, "planned_steps": 20000, "validation_macro": 0.36547619047619045, "seconds": 121.96766749792732, "updated_unix": 1791201995.9750533}
{"job_id": "d128_l2_interior_four_s17", "status": "running", "step": 16000, "planned_steps": 20000, "validation_macro": 0.3672619047619048, "seconds": 130.1431509819813, "updated_unix": 1791202004.149784}
{"job_id": "d128_l2_interior_four_s17", "status": "running", "step": 17000, "planned_steps": 20000, "validation_macro": 0.3653571428571429, "seconds": 138.35206831106916, "updated_unix": 1791202012.3584926}
{"job_id": "d128_l2_interior_four_s17", "status": "running", "step": 18000, "planned_steps": 20000, "validation_macro": 0.3688095238095238, "seconds": 146.47339347493835, "updated_unix": 1791202020.4794323}
{"job_id": "d128_l2_interior_four_s17", "status": "running", "step": 19000, "planned_steps": 20000, "validation_macro": 0.3686904761904762, "seconds": 154.72304583410732, "updated_unix": 1791202028.7286162}
{"job_id": "d128_l2_interior_four_s17", "status": "running", "step": 20000, "planned_steps": 20000, "validation_macro": 0.375, "seconds": 162.8966924669221, "updated_unix": 1791202036.9176192}
{"job_id": "d192_l4_position_three_s17", "status": "running", "step": 1000, "planned_steps": 20000, "validation_macro": 0.3330952380952381, "seconds": 12.98062244290486, "updated_unix": 1791202052.5787134}
{"job_id": "d192_l4_position_three_s17", "status": "running", "step": 2000, "planned_steps": 20000, "validation_macro": 0.4744047619047619, "seconds": 26.102938740048558, "updated_unix": 1791202065.7056448}
{"job_id": "d192_l4_position_three_s17", "status": "running", "step": 3000, "planned_steps": 20000, "validation_macro": 0.6564285714285714, "seconds": 38.55561684910208, "updated_unix": 1791202078.161359}
{"job_id": "d192_l4_position_three_s17", "status": "running", "step": 4000, "planned_steps": 20000, "validation_macro": 0.771547619047619, "seconds": 51.638085789978504, "updated_unix": 1791202091.2443497}
{"job_id": "d192_l4_position_three_s17", "status": "running", "step": 5000, "planned_steps": 20000, "validation_macro": 0.8099999999999999, "seconds": 64.09740339801647, "updated_unix": 1791202103.7304895}
{"job_id": "d192_l4_position_three_s17", "status": "running", "step": 6000, "planned_steps": 20000, "validation_macro": 0.9077380952380951, "seconds": 77.1063794279471, "updated_unix": 1791202116.7030003}
{"job_id": "d192_l4_position_three_s17", "status": "running", "step": 7000, "planned_steps": 20000, "validation_macro": 0.9138095238095238, "seconds": 89.82303719595075, "updated_unix": 1791202129.4203804}
{"job_id": "d192_l4_position_three_s17", "status": "running", "step": 8000, "planned_steps": 20000, "validation_macro": 0.921904761904762, "seconds": 102.4868922829628, "updated_unix": 1791202142.085438}
{"job_id": "d192_l4_position_three_s17", "status": "running", "step": 9000, "planned_steps": 20000, "validation_macro": 0.9141666666666667, "seconds": 115.62828926206566, "updated_unix": 1791202155.225552}
{"job_id": "d192_l4_position_three_s17", "status": "running", "step": 10000, "planned_steps": 20000, "validation_macro": 0.9461904761904761, "seconds": 128.6598518760875, "updated_unix": 1791202168.2915149}
{"job_id": "d192_l4_position_three_s17", "status": "running", "step": 11000, "planned_steps": 20000, "validation_macro": 0.9826190476190476, "seconds": 141.6376087849494, "updated_unix": 1791202181.233475}
{"job_id": "d192_l4_position_three_s17", "status": "running", "step": 12000, "planned_steps": 20000, "validation_macro": 0.9796428571428571, "seconds": 154.3398833910469, "updated_unix": 1791202193.935635}
{"job_id": "d192_l4_position_three_s17", "status": "running", "step": 13000, "planned_steps": 20000, "validation_macro": 0.9889285714285715, "seconds": 167.20135188498534, "updated_unix": 1791202206.7961097}
{"job_id": "d192_l4_position_three_s17", "status": "running", "step": 14000, "planned_steps": 20000, "validation_macro": 0.9946428571428572, "seconds": 179.67605906003155, "updated_unix": 1791202219.2731755}
{"job_id": "d192_l4_position_three_s17", "status": "running", "step": 15000, "planned_steps": 20000, "validation_macro": 0.9933333333333334, "seconds": 192.41407859302126, "updated_unix": 1791202232.0107594}
{"job_id": "d192_l4_position_three_s17", "status": "running", "step": 16000, "planned_steps": 20000, "validation_macro": 0.9967857142857144, "seconds": 205.2176446421072, "updated_unix": 1791202244.8149564}
{"job_id": "d192_l4_position_three_s17", "status": "running", "step": 17000, "planned_steps": 20000, "validation_macro": 0.9977380952380952, "seconds": 218.41029182402417, "updated_unix": 1791202258.0053122}
{"job_id": "d192_l4_position_three_s17", "status": "running", "step": 18000, "planned_steps": 20000, "validation_macro": 0.9977380952380952, "seconds": 231.06343573494814, "updated_unix": 1791202270.6598518}
{"job_id": "d192_l4_position_three_s17", "status": "running", "step": 19000, "planned_steps": 20000, "validation_macro": 0.9976190476190476, "seconds": 243.894657531986, "updated_unix": 1791202283.49213}
{"job_id": "d192_l4_position_three_s17", "status": "running", "step": 20000, "planned_steps": 20000, "validation_macro": 0.9979761904761904, "seconds": 256.61816921504214, "updated_unix": 1791202296.2518303}
{"job_id": "d192_l4_cycle_four_s17", "status": "running", "step": 1000, "planned_steps": 20000, "validation_macro": 0.48773809523809525, "seconds": 12.92913515586406, "updated_unix": 1791202314.307102}
{"job_id": "d192_l4_cycle_four_s17", "status": "running", "step": 2000, "planned_steps": 20000, "validation_macro": 0.5310714285714286, "seconds": 25.946463585831225, "updated_unix": 1791202327.3282156}
{"job_id": "d192_l4_cycle_four_s17", "status": "running", "step": 3000, "planned_steps": 20000, "validation_macro": 0.580595238095238, "seconds": 38.48492864891887, "updated_unix": 1791202339.8664923}
{"job_id": "d192_l4_cycle_four_s17", "status": "running", "step": 4000, "planned_steps": 20000, "validation_macro": 0.5926190476190477, "seconds": 51.29076441889629, "updated_unix": 1791202352.6744678}
{"job_id": "d192_l4_cycle_four_s17", "status": "running", "step": 5000, "planned_steps": 20000, "validation_macro": 0.6013095238095238, "seconds": 64.32582414592616, "updated_unix": 1791202365.7419777}
{"job_id": "d192_l4_cycle_four_s17", "status": "running", "step": 6000, "planned_steps": 20000, "validation_macro": 0.6030952380952381, "seconds": 77.28086562687531, "updated_unix": 1791202378.6618323}
{"job_id": "d192_l4_cycle_four_s17", "status": "running", "step": 7000, "planned_steps": 20000, "validation_macro": 0.6063095238095239, "seconds": 90.2638671908062, "updated_unix": 1791202391.643918}
{"job_id": "d192_l4_cycle_four_s17", "status": "running", "step": 8000, "planned_steps": 20000, "validation_macro": 0.6051190476190476, "seconds": 103.18526142090559, "updated_unix": 1791202404.5677316}
{"job_id": "d192_l4_cycle_four_s17", "status": "running", "step": 9000, "planned_steps": 20000, "validation_macro": 0.6091666666666666, "seconds": 116.43660074984655, "updated_unix": 1791202417.817285}
{"job_id": "d192_l4_cycle_four_s17", "status": "running", "step": 10000, "planned_steps": 20000, "validation_macro": 0.6105952380952381, "seconds": 129.6122302818112, "updated_unix": 1791202431.0301218}
{"job_id": "d192_l4_cycle_four_s17", "status": "running", "step": 11000, "planned_steps": 20000, "validation_macro": 0.6080952380952381, "seconds": 142.79446064587682, "updated_unix": 1791202444.1787243}
{"job_id": "d192_l4_cycle_four_s17", "status": "running", "step": 12000, "planned_steps": 20000, "validation_macro": 0.6116666666666667, "seconds": 155.0914987528231, "updated_unix": 1791202456.4716053}
{"job_id": "d192_l4_cycle_four_s17", "status": "running", "step": 13000, "planned_steps": 20000, "validation_macro": 0.6138095238095238, "seconds": 168.14860099181533, "updated_unix": 1791202469.5277028}
{"job_id": "d192_l4_cycle_four_s17", "status": "running", "step": 14000, "planned_steps": 20000, "validation_macro": 0.6151190476190477, "seconds": 180.7963032280095, "updated_unix": 1791202482.1752007}
{"job_id": "d192_l4_cycle_four_s17", "status": "running", "step": 15000, "planned_steps": 20000, "validation_macro": 0.6176190476190477, "seconds": 193.59272856102325, "updated_unix": 1791202494.9720619}
{"job_id": "d192_l4_cycle_four_s17", "status": "running", "step": 16000, "planned_steps": 20000, "validation_macro": 0.6128571428571429, "seconds": 206.4405023609288, "updated_unix": 1791202507.8210058}
{"job_id": "d192_l4_cycle_four_s17", "status": "running", "step": 17000, "planned_steps": 20000, "validation_macro": 0.6105952380952382, "seconds": 219.29354011896066, "updated_unix": 1791202520.672901}
{"job_id": "d192_l4_cycle_four_s17", "status": "running", "step": 18000, "planned_steps": 20000, "validation_macro": 0.6140476190476191, "seconds": 231.7518022810109, "updated_unix": 1791202533.1332133}
{"job_id": "d192_l4_cycle_four_s17", "status": "running", "step": 19000, "planned_steps": 20000, "validation_macro": 0.6105952380952381, "seconds": 244.4823371898383, "updated_unix": 1791202545.8647373}
{"job_id": "d192_l4_cycle_four_s17", "status": "running", "step": 20000, "planned_steps": 20000, "validation_macro": 0.6163095238095239, "seconds": 257.16416982980445, "updated_unix": 1791202558.578205}
{"job_id": "d192_l4_interior_four_s17", "status": "running", "step": 1000, "planned_steps": 20000, "validation_macro": 0.3298809523809524, "seconds": 12.981864197179675, "updated_unix": 1791202576.714397}
{"job_id": "d192_l4_interior_four_s17", "status": "running", "step": 2000, "planned_steps": 20000, "validation_macro": 0.3301190476190476, "seconds": 25.367515644058585, "updated_unix": 1791202589.10587}
{"job_id": "d192_l4_interior_four_s17", "status": "running", "step": 3000, "planned_steps": 20000, "validation_macro": 0.32428571428571423, "seconds": 37.72416578605771, "updated_unix": 1791202601.4589906}
{"job_id": "d192_l4_interior_four_s17", "status": "running", "step": 4000, "planned_steps": 20000, "validation_macro": 0.3332142857142857, "seconds": 50.45512696215883, "updated_unix": 1791202614.1906104}
{"job_id": "d192_l4_interior_four_s17", "status": "running", "step": 5000, "planned_steps": 20000, "validation_macro": 0.3325, "seconds": 63.17602888215333, "updated_unix": 1791202626.9429328}
{"job_id": "d192_l4_interior_four_s17", "status": "running", "step": 6000, "planned_steps": 20000, "validation_macro": 0.32738095238095244, "seconds": 76.00826807203703, "updated_unix": 1791202639.7430768}
{"job_id": "d192_l4_interior_four_s17", "status": "running", "step": 7000, "planned_steps": 20000, "validation_macro": 0.3358333333333333, "seconds": 88.92244218313135, "updated_unix": 1791202652.659198}
{"job_id": "d192_l4_interior_four_s17", "status": "running", "step": 8000, "planned_steps": 20000, "validation_macro": 0.35619047619047617, "seconds": 101.67962755518965, "updated_unix": 1791202665.4139628}
{"job_id": "d192_l4_interior_four_s17", "status": "running", "step": 9000, "planned_steps": 20000, "validation_macro": 0.3604761904761905, "seconds": 114.4535153741017, "updated_unix": 1791202678.1859527}
{"job_id": "d192_l4_interior_four_s17", "status": "running", "step": 10000, "planned_steps": 20000, "validation_macro": 0.36797619047619046, "seconds": 127.52577260602266, "updated_unix": 1791202691.3001108}
{"job_id": "d192_l4_interior_four_s17", "status": "running", "step": 11000, "planned_steps": 20000, "validation_macro": 0.3896428571428571, "seconds": 140.25524370907806, "updated_unix": 1791202703.9909394}
{"job_id": "d192_l4_interior_four_s17", "status": "running", "step": 12000, "planned_steps": 20000, "validation_macro": 0.39345238095238094, "seconds": 152.87183916009963, "updated_unix": 1791202716.6103878}
{"job_id": "d192_l4_interior_four_s17", "status": "running", "step": 13000, "planned_steps": 20000, "validation_macro": 0.41178571428571425, "seconds": 165.77701925998554, "updated_unix": 1791202729.5100236}
{"job_id": "d192_l4_interior_four_s17", "status": "running", "step": 14000, "planned_steps": 20000, "validation_macro": 0.4264285714285714, "seconds": 178.43465360999107, "updated_unix": 1791202742.1741056}
{"job_id": "d192_l4_interior_four_s17", "status": "running", "step": 15000, "planned_steps": 20000, "validation_macro": 0.43333333333333335, "seconds": 191.45335714006796, "updated_unix": 1791202755.1860619}
{"job_id": "d192_l4_interior_four_s17", "status": "running", "step": 16000, "planned_steps": 20000, "validation_macro": 0.43404761904761907, "seconds": 204.05387644516304, "updated_unix": 1791202767.7889621}
{"job_id": "d192_l4_interior_four_s17", "status": "running", "step": 17000, "planned_steps": 20000, "validation_macro": 0.43642857142857144, "seconds": 217.09178926819004, "updated_unix": 1791202780.8293524}
{"job_id": "d192_l4_interior_four_s17", "status": "running", "step": 18000, "planned_steps": 20000, "validation_macro": 0.4402380952380953, "seconds": 230.13568301219493, "updated_unix": 1791202793.8694715}
{"job_id": "d192_l4_interior_four_s17", "status": "running", "step": 19000, "planned_steps": 20000, "validation_macro": 0.4475, "seconds": 242.74154078308493, "updated_unix": 1791202806.4771886}
{"job_id": "d192_l4_interior_four_s17", "status": "running", "step": 20000, "planned_steps": 20000, "validation_macro": 0.45083333333333336, "seconds": 255.61006177519448, "updated_unix": 1791202819.3807893}
{"job_id": "d256_l4_position_three_s17", "status": "running", "step": 1000, "planned_steps": 20000, "validation_macro": 0.3795238095238095, "seconds": 13.451422371901572, "updated_unix": 1791202838.1474407}
{"job_id": "d256_l4_position_three_s17", "status": "running", "step": 2000, "planned_steps": 20000, "validation_macro": 0.5055952380952381, "seconds": 26.85641875793226, "updated_unix": 1791202851.549904}
{"job_id": "d256_l4_position_three_s17", "status": "running", "step": 3000, "planned_steps": 20000, "validation_macro": 0.6345238095238095, "seconds": 40.312641095835716, "updated_unix": 1791202865.0146055}
{"job_id": "d256_l4_position_three_s17", "status": "running", "step": 4000, "planned_steps": 20000, "validation_macro": 0.6672619047619048, "seconds": 53.38317164685577, "updated_unix": 1791202878.073697}
{"job_id": "d256_l4_position_three_s17", "status": "running", "step": 5000, "planned_steps": 20000, "validation_macro": 0.7998809523809524, "seconds": 66.9160788578447, "updated_unix": 1791202891.6559312}
{"job_id": "d256_l4_position_three_s17", "status": "running", "step": 6000, "planned_steps": 20000, "validation_macro": 0.8282142857142857, "seconds": 80.08156071882695, "updated_unix": 1791202904.7727544}
{"job_id": "d256_l4_position_three_s17", "status": "running", "step": 7000, "planned_steps": 20000, "validation_macro": 0.8405952380952381, "seconds": 93.73767343792133, "updated_unix": 1791202918.4370797}
{"job_id": "d256_l4_position_three_s17", "status": "running", "step": 8000, "planned_steps": 20000, "validation_macro": 0.8914285714285715, "seconds": 107.09371522790752, "updated_unix": 1791202931.7877812}
{"job_id": "d256_l4_position_three_s17", "status": "running", "step": 9000, "planned_steps": 20000, "validation_macro": 0.9048809523809523, "seconds": 120.2244272059761, "updated_unix": 1791202944.919603}
{"job_id": "d256_l4_position_three_s17", "status": "running", "step": 10000, "planned_steps": 20000, "validation_macro": 0.9597619047619048, "seconds": 133.59784650290385, "updated_unix": 1791202958.335858}
{"job_id": "d256_l4_position_three_s17", "status": "running", "step": 11000, "planned_steps": 20000, "validation_macro": 0.9460714285714286, "seconds": 146.99195036082529, "updated_unix": 1791202971.6869738}
{"job_id": "d256_l4_position_three_s17", "status": "running", "step": 12000, "planned_steps": 20000, "validation_macro": 0.9801190476190476, "seconds": 159.99361538980156, "updated_unix": 1791202984.6876385}
{"job_id": "d256_l4_position_three_s17", "status": "running", "step": 13000, "planned_steps": 20000, "validation_macro": 0.9869047619047618, "seconds": 173.3825500078965, "updated_unix": 1791202998.0745602}
{"job_id": "d256_l4_position_three_s17", "status": "running", "step": 14000, "planned_steps": 20000, "validation_macro": 0.9832142857142856, "seconds": 186.8676275999751, "updated_unix": 1791203011.5604527}
{"job_id": "d256_l4_position_three_s17", "status": "running", "step": 15000, "planned_steps": 20000, "validation_macro": 0.9892857142857143, "seconds": 200.45166833279654, "updated_unix": 1791203025.145043}
{"job_id": "d256_l4_position_three_s17", "status": "running", "step": 16000, "planned_steps": 20000, "validation_macro": 0.9895238095238096, "seconds": 213.72895701392554, "updated_unix": 1791203038.4205244}
{"job_id": "d256_l4_position_three_s17", "status": "running", "step": 17000, "planned_steps": 20000, "validation_macro": 0.9891666666666667, "seconds": 227.30565511086024, "updated_unix": 1791203051.9945378}
{"job_id": "d256_l4_position_three_s17", "status": "running", "step": 18000, "planned_steps": 20000, "validation_macro": 0.9920238095238095, "seconds": 240.720066846814, "updated_unix": 1791203065.420581}
{"job_id": "d256_l4_position_three_s17", "status": "running", "step": 19000, "planned_steps": 20000, "validation_macro": 0.9935714285714285, "seconds": 254.30734751885757, "updated_unix": 1791203079.0000336}
{"job_id": "d256_l4_position_three_s17", "status": "running", "step": 20000, "planned_steps": 20000, "validation_macro": 0.9938095238095239, "seconds": 267.59451981494203, "updated_unix": 1791203092.3469064}
{"job_id": "d256_l4_cycle_four_s17", "status": "running", "step": 1000, "planned_steps": 20000, "validation_macro": 0.5292857142857142, "seconds": 13.38140994682908, "updated_unix": 1791203112.8481011}
{"job_id": "d256_l4_cycle_four_s17", "status": "running", "step": 2000, "planned_steps": 20000, "validation_macro": 0.5814285714285714, "seconds": 26.893340033944696, "updated_unix": 1791203126.382345}
{"job_id": "d256_l4_cycle_four_s17", "status": "running", "step": 3000, "planned_steps": 20000, "validation_macro": 0.5929761904761904, "seconds": 40.29399182298221, "updated_unix": 1791203139.763134}
{"job_id": "d256_l4_cycle_four_s17", "status": "running", "step": 4000, "planned_steps": 20000, "validation_macro": 0.5995238095238096, "seconds": 53.74693019594997, "updated_unix": 1791203153.2385936}
{"job_id": "d256_l4_cycle_four_s17", "status": "running", "step": 5000, "planned_steps": 20000, "validation_macro": 0.6050000000000001, "seconds": 66.92403489095159, "updated_unix": 1791203166.4414222}
{"job_id": "d256_l4_cycle_four_s17", "status": "running", "step": 6000, "planned_steps": 20000, "validation_macro": 0.6003571428571428, "seconds": 80.43543231487274, "updated_unix": 1791203179.9025514}
{"job_id": "d256_l4_cycle_four_s17", "status": "running", "step": 7000, "planned_steps": 20000, "validation_macro": 0.605, "seconds": 94.20149718993343, "updated_unix": 1791203193.6703775}
{"job_id": "d256_l4_cycle_four_s17", "status": "running", "step": 8000, "planned_steps": 20000, "validation_macro": 0.6047619047619048, "seconds": 107.13217039802112, "updated_unix": 1791203206.6002789}
{"job_id": "d256_l4_cycle_four_s17", "status": "running", "step": 9000, "planned_steps": 20000, "validation_macro": 0.6098809523809524, "seconds": 120.29881430091336, "updated_unix": 1791203219.7693815}
{"job_id": "d256_l4_cycle_four_s17", "status": "running", "step": 10000, "planned_steps": 20000, "validation_macro": 0.6082142857142858, "seconds": 133.5858852979727, "updated_unix": 1791203233.1007378}
{"job_id": "d256_l4_cycle_four_s17", "status": "running", "step": 11000, "planned_steps": 20000, "validation_macro": 0.6091666666666666, "seconds": 147.13658829289488, "updated_unix": 1791203246.6165037}
{"job_id": "d256_l4_cycle_four_s17", "status": "running", "step": 12000, "planned_steps": 20000, "validation_macro": 0.6079761904761904, "seconds": 160.53971856902353, "updated_unix": 1791203260.0095463}
{"job_id": "d256_l4_cycle_four_s17", "status": "running", "step": 13000, "planned_steps": 20000, "validation_macro": 0.6124999999999999, "seconds": 173.72054321994074, "updated_unix": 1791203273.1881833}
{"job_id": "d256_l4_cycle_four_s17", "status": "running", "step": 14000, "planned_steps": 20000, "validation_macro": 0.6107142857142857, "seconds": 187.01029689982533, "updated_unix": 1791203286.4784718}
{"job_id": "d256_l4_cycle_four_s17", "status": "running", "step": 15000, "planned_steps": 20000, "validation_macro": 0.6161904761904762, "seconds": 200.3128227069974, "updated_unix": 1791203299.7806737}
{"job_id": "d256_l4_cycle_four_s17", "status": "running", "step": 16000, "planned_steps": 20000, "validation_macro": 0.6095238095238096, "seconds": 213.38611839781515, "updated_unix": 1791203312.8546484}
{"job_id": "d256_l4_cycle_four_s17", "status": "running", "step": 17000, "planned_steps": 20000, "validation_macro": 0.6107142857142858, "seconds": 226.98598034400493, "updated_unix": 1791203326.455166}
{"job_id": "d256_l4_cycle_four_s17", "status": "running", "step": 18000, "planned_steps": 20000, "validation_macro": 0.6104761904761905, "seconds": 240.06994903692976, "updated_unix": 1791203339.5399783}
{"job_id": "d256_l4_cycle_four_s17", "status": "running", "step": 19000, "planned_steps": 20000, "validation_macro": 0.6103571428571428, "seconds": 253.345798546914, "updated_unix": 1791203352.814039}
{"job_id": "d256_l4_cycle_four_s17", "status": "running", "step": 20000, "planned_steps": 20000, "validation_macro": 0.6116666666666667, "seconds": 266.9477491308935, "updated_unix": 1791203366.4641054}
{"job_id": "d256_l4_interior_four_s17", "status": "running", "step": 1000, "planned_steps": 20000, "validation_macro": 0.3175, "seconds": 13.735446255886927, "updated_unix": 1791203387.3086329}
{"job_id": "d256_l4_interior_four_s17", "status": "running", "step": 2000, "planned_steps": 20000, "validation_macro": 0.32726190476190475, "seconds": 26.97227144194767, "updated_unix": 1791203400.5444903}
{"job_id": "d256_l4_interior_four_s17", "status": "running", "step": 3000, "planned_steps": 20000, "validation_macro": 0.3246428571428571, "seconds": 39.99683198193088, "updated_unix": 1791203413.5683482}
{"job_id": "d256_l4_interior_four_s17", "status": "running", "step": 4000, "planned_steps": 20000, "validation_macro": 0.3355952380952381, "seconds": 53.13714867993258, "updated_unix": 1791203426.711456}
{"job_id": "d256_l4_interior_four_s17", "status": "running", "step": 5000, "planned_steps": 20000, "validation_macro": 0.33476190476190476, "seconds": 66.42601972795092, "updated_unix": 1791203440.042923}
{"job_id": "d256_l4_interior_four_s17", "status": "running", "step": 6000, "planned_steps": 20000, "validation_macro": 0.32678571428571423, "seconds": 79.37569487607107, "updated_unix": 1791203452.9472797}
{"job_id": "d256_l4_interior_four_s17", "status": "running", "step": 7000, "planned_steps": 20000, "validation_macro": 0.33952380952380956, "seconds": 92.80581357888877, "updated_unix": 1791203466.3777044}
{"job_id": "d256_l4_interior_four_s17", "status": "running", "step": 8000, "planned_steps": 20000, "validation_macro": 0.35119047619047616, "seconds": 105.99151054793037, "updated_unix": 1791203479.5628426}
{"job_id": "d256_l4_interior_four_s17", "status": "running", "step": 9000, "planned_steps": 20000, "validation_macro": 0.3597619047619047, "seconds": 119.22680788394064, "updated_unix": 1791203492.7977943}
{"job_id": "d256_l4_interior_four_s17", "status": "running", "step": 10000, "planned_steps": 20000, "validation_macro": 0.3769047619047619, "seconds": 132.4694981169887, "updated_unix": 1791203506.0858617}
{"job_id": "d256_l4_interior_four_s17", "status": "running", "step": 11000, "planned_steps": 20000, "validation_macro": 0.38416666666666666, "seconds": 145.97466252185404, "updated_unix": 1791203519.5479386}
{"job_id": "d256_l4_interior_four_s17", "status": "running", "step": 12000, "planned_steps": 20000, "validation_macro": 0.4064285714285714, "seconds": 159.33408122695982, "updated_unix": 1791203532.9063237}
{"job_id": "d256_l4_interior_four_s17", "status": "running", "step": 13000, "planned_steps": 20000, "validation_macro": 0.4278571428571429, "seconds": 172.81646438501775, "updated_unix": 1791203546.3897758}
{"job_id": "d256_l4_interior_four_s17", "status": "running", "step": 14000, "planned_steps": 20000, "validation_macro": 0.44595238095238093, "seconds": 186.12820689496584, "updated_unix": 1791203559.7002676}
{"job_id": "d256_l4_interior_four_s17", "status": "running", "step": 15000, "planned_steps": 20000, "validation_macro": 0.45666666666666667, "seconds": 199.56510063400492, "updated_unix": 1791203573.1438622}
{"job_id": "d256_l4_interior_four_s17", "status": "running", "step": 16000, "planned_steps": 20000, "validation_macro": 0.46761904761904766, "seconds": 212.6361992158927, "updated_unix": 1791203586.2094991}
{"job_id": "d256_l4_interior_four_s17", "status": "running", "step": 17000, "planned_steps": 20000, "validation_macro": 0.47869047619047617, "seconds": 226.13278879993595, "updated_unix": 1791203599.703216}
{"job_id": "d256_l4_interior_four_s17", "status": "running", "step": 18000, "planned_steps": 20000, "validation_macro": 0.4961904761904762, "seconds": 239.36366062099114, "updated_unix": 1791203612.9352977}
{"job_id": "d256_l4_interior_four_s17", "status": "running", "step": 19000, "planned_steps": 20000, "validation_macro": 0.4982142857142857, "seconds": 252.79891471890733, "updated_unix": 1791203626.3697026}
{"job_id": "d256_l4_interior_four_s17", "status": "running", "step": 20000, "planned_steps": 20000, "validation_macro": 0.5096428571428572, "seconds": 266.44772637006827, "updated_unix": 1791203640.0680854}
{
  "architecture_selection": {
    "architecture": {
      "id": "d256_l4",
      "d_model": 256,
      "layers": 4,
      "heads": 8
    },
    "source_validation_macro": 0.7050396825396824
  }
}
