{
  "report": "results/specialist_cka_controls/report.html",
  "primary_answer_matched": {
    "count": 24,
    "mean": 0.11784843810539765,
    "min": 0.006499745120840625,
    "max": 0.4094393859468009,
    "positive": 24
  },
  "input_adjusted": {
    "count": 24,
    "mean": 0.158047284221562,
    "min": 0.018005913328039858,
    "max": 0.3937899370429661,
    "positive": 24
  },
  "ablation_mean": {
    "native_frozen": {
      "answer_accuracy": 0.4098462301587302,
      "both_correct": 0.13988095238095238,
      "displacement_nmse": 0.26841311368201887
    },
    "unconstrained_refit": {
      "answer_accuracy": 0.4255952380952381,
      "both_correct": 0.15786210317460317,
      "displacement_nmse": 0.2576767471153386
    },
    "norm_constraint": {
      "answer_accuracy": 0.3653893849206349,
      "both_correct": 0.09461805555555554,
      "displacement_nmse": 0.3100948604635739
    },
    "roundtrip_constraint": {
      "answer_accuracy": 0.4259672619047619,
      "both_correct": 0.15811011904761904,
      "displacement_nmse": 0.2576565115986738
    },
    "combined_constraints": {
      "answer_accuracy": 0.3748139880952381,
      "both_correct": 0.11024305555555554,
      "displacement_nmse": 0.3187337394763971
    }
  }
}
