{
  "status": "complete",
  "completed_utc": "2026-10-06T23:39:03.392810+00:00",
  "source_models_retrained": 0,
  "original_specialist_source_checkpoints_unchanged": 48,
  "additional_frozen_operator_source_checkpoints_unchanged": 3,
  "test_anchors": 2688,
  "fresh_collision_pairs": 1344,
  "project_tests_passed": 123,
  "verified_core_gram_scores": 1944,
  "verified_input_adjusted_spectral_scores": 2592,
  "verified_constraint_endpoints": 30,
  "previous_completed_artifact_hashes_preserved": 1067,
  "core_pooled_answer_matched_contrasts_positive": 24,
  "per_length_answer_matched_increments_over_initialization_positive": 6,
  "per_length_positive_increment_scope": "Both predeclared inverse relations, all three source seeds; none of the six complement relations exceed initialization.",
  "supplemental_analysis_registered_after_core_results": true,
  "output_independent_algebraic_mechanism_confirmed": false,
  "stable_hidden_composition_confirmed": false,
  "report_local_links_verified": 23
}
