{'input_adjustment_verified': 'descent_inverse', 'seed': 17}
{'input_adjustment_verified': 'descent_inverse', 'seed': 42}
{'input_adjustment_verified': 'descent_inverse', 'seed': 101}
{'input_adjustment_verified': 'peak_complement', 'seed': 17}
{'input_adjustment_verified': 'peak_complement', 'seed': 42}
{'input_adjustment_verified': 'peak_complement', 'seed': 101}
{'input_adjustment_verified': 'fixed_complement', 'seed': 17}
{'input_adjustment_verified': 'fixed_complement', 'seed': 42}
{'input_adjustment_verified': 'fixed_complement', 'seed': 101}
{'input_adjustment_verified': 'exceedance_inverse', 'seed': 17}
{'input_adjustment_verified': 'exceedance_inverse', 'seed': 42}
{'input_adjustment_verified': 'exceedance_inverse', 'seed': 101}
{'input_adjustment_verified': 'subsequence_complement', 'seed': 17}
{'input_adjustment_verified': 'subsequence_complement', 'seed': 42}
{'input_adjustment_verified': 'subsequence_complement', 'seed': 101}
{'input_adjustment_verified': 'run_complement', 'seed': 17}
{'input_adjustment_verified': 'run_complement', 'seed': 42}
{'input_adjustment_verified': 'run_complement', 'seed': 101}
{'input_adjustment_verified': 'record_complement', 'seed': 17}
{'input_adjustment_verified': 'record_complement', 'seed': 42}
{'input_adjustment_verified': 'record_complement', 'seed': 101}
{'input_adjustment_verified': 'decomposition_complement', 'seed': 17}
{'input_adjustment_verified': 'decomposition_complement', 'seed': 42}
{'input_adjustment_verified': 'decomposition_complement', 'seed': 101}
