{'verified_relation': 'descent_inverse', 'seed': 17, 'scores_checked': 81}
{'verified_relation': 'descent_inverse', 'seed': 42, 'scores_checked': 162}
{'verified_relation': 'descent_inverse', 'seed': 101, 'scores_checked': 243}
{'verified_relation': 'peak_complement', 'seed': 17, 'scores_checked': 324}
{'verified_relation': 'peak_complement', 'seed': 42, 'scores_checked': 405}
{'verified_relation': 'peak_complement', 'seed': 101, 'scores_checked': 486}
{'verified_relation': 'fixed_complement', 'seed': 17, 'scores_checked': 567}
{'verified_relation': 'fixed_complement', 'seed': 42, 'scores_checked': 648}
{'verified_relation': 'fixed_complement', 'seed': 101, 'scores_checked': 729}
{'verified_relation': 'exceedance_inverse', 'seed': 17, 'scores_checked': 810}
{'verified_relation': 'exceedance_inverse', 'seed': 42, 'scores_checked': 891}
{'verified_relation': 'exceedance_inverse', 'seed': 101, 'scores_checked': 972}
{'verified_relation': 'subsequence_complement', 'seed': 17, 'scores_checked': 1053}
{'verified_relation': 'subsequence_complement', 'seed': 42, 'scores_checked': 1134}
{'verified_relation': 'subsequence_complement', 'seed': 101, 'scores_checked': 1215}
{'verified_relation': 'run_complement', 'seed': 17, 'scores_checked': 1296}
{'verified_relation': 'run_complement', 'seed': 42, 'scores_checked': 1377}
{'verified_relation': 'run_complement', 'seed': 101, 'scores_checked': 1458}
{'verified_relation': 'record_complement', 'seed': 17, 'scores_checked': 1539}
{'verified_relation': 'record_complement', 'seed': 42, 'scores_checked': 1620}
{'verified_relation': 'record_complement', 'seed': 101, 'scores_checked': 1701}
{'verified_relation': 'decomposition_complement', 'seed': 17, 'scores_checked': 1782}
{'verified_relation': 'decomposition_complement', 'seed': 42, 'scores_checked': 1863}
{'verified_relation': 'decomposition_complement', 'seed': 101, 'scores_checked': 1944}
