{'input_adjustment_complete': 'descent_inverse', 'seed': 17}
{'input_adjustment_complete': 'descent_inverse', 'seed': 42}
{'input_adjustment_complete': 'descent_inverse', 'seed': 101}
{'input_adjustment_complete': 'peak_complement', 'seed': 17}
{'input_adjustment_complete': 'peak_complement', 'seed': 42}
{'input_adjustment_complete': 'peak_complement', 'seed': 101}
{'input_adjustment_complete': 'fixed_complement', 'seed': 17}
{'input_adjustment_complete': 'fixed_complement', 'seed': 42}
{'input_adjustment_complete': 'fixed_complement', 'seed': 101}
{'input_adjustment_complete': 'exceedance_inverse', 'seed': 17}
{'input_adjustment_complete': 'exceedance_inverse', 'seed': 42}
{'input_adjustment_complete': 'exceedance_inverse', 'seed': 101}
{'input_adjustment_complete': 'subsequence_complement', 'seed': 17}
{'input_adjustment_complete': 'subsequence_complement', 'seed': 42}
{'input_adjustment_complete': 'subsequence_complement', 'seed': 101}
{'input_adjustment_complete': 'run_complement', 'seed': 17}
{'input_adjustment_complete': 'run_complement', 'seed': 42}
{'input_adjustment_complete': 'run_complement', 'seed': 101}
{'input_adjustment_complete': 'record_complement', 'seed': 17}
{'input_adjustment_complete': 'record_complement', 'seed': 42}
{'input_adjustment_complete': 'record_complement', 'seed': 101}
{'input_adjustment_complete': 'decomposition_complement', 'seed': 17}
{'input_adjustment_complete': 'decomposition_complement', 'seed': 42}
{'input_adjustment_complete': 'decomposition_complement', 'seed': 101}
