{"features_complete": "trained_anti_fixed_points_s17", "completed": 1, "planned": 120}
{"features_complete": "matched_init_anti_fixed_points_s17", "completed": 2, "planned": 120}
{"features_complete": "independent_init_anti_fixed_points_s17", "completed": 3, "planned": 120}
{"features_complete": "trained_anti_fixed_points_s42", "completed": 4, "planned": 120}
{"features_complete": "matched_init_anti_fixed_points_s42", "completed": 5, "planned": 120}
{"features_complete": "independent_init_anti_fixed_points_s42", "completed": 6, "planned": 120}
{"features_complete": "trained_anti_fixed_points_s101", "completed": 7, "planned": 120}
{"features_complete": "matched_init_anti_fixed_points_s101", "completed": 8, "planned": 120}
{"features_complete": "independent_init_anti_fixed_points_s101", "completed": 9, "planned": 120}
{"features_complete": "trained_components_s17", "completed": 10, "planned": 120}
{"features_complete": "matched_init_components_s17", "completed": 11, "planned": 120}
{"features_complete": "independent_init_components_s17", "completed": 12, "planned": 120}
{"features_complete": "trained_components_s42", "completed": 13, "planned": 120}
{"features_complete": "matched_init_components_s42", "completed": 14, "planned": 120}
{"features_complete": "independent_init_components_s42", "completed": 15, "planned": 120}
{"features_complete": "trained_components_s101", "completed": 16, "planned": 120}
{"features_complete": "matched_init_components_s101", "completed": 17, "planned": 120}
{"features_complete": "independent_init_components_s101", "completed": 18, "planned": 120}
{"features_complete": "trained_deficiencies_s17", "completed": 19, "planned": 120}
{"features_complete": "matched_init_deficiencies_s17", "completed": 20, "planned": 120}
{"features_complete": "independent_init_deficiencies_s17", "completed": 21, "planned": 120}
{"features_complete": "trained_deficiencies_s42", "completed": 22, "planned": 120}
{"features_complete": "matched_init_deficiencies_s42", "completed": 23, "planned": 120}
{"features_complete": "independent_init_deficiencies_s42", "completed": 24, "planned": 120}
{"features_complete": "trained_deficiencies_s101", "completed": 25, "planned": 120}
{"features_complete": "matched_init_deficiencies_s101", "completed": 26, "planned": 120}
{"features_complete": "independent_init_deficiencies_s101", "completed": 27, "planned": 120}
{"features_complete": "trained_descents_s17", "completed": 28, "planned": 120}
{"features_complete": "matched_init_descents_s17", "completed": 29, "planned": 120}
{"features_complete": "trained_descents_s42", "completed": 30, "planned": 120}
{"features_complete": "matched_init_descents_s42", "completed": 31, "planned": 120}
{"features_complete": "trained_descents_s101", "completed": 32, "planned": 120}
{"features_complete": "matched_init_descents_s101", "completed": 33, "planned": 120}
{"features_complete": "trained_exceedances_s17", "completed": 34, "planned": 120}
{"features_complete": "matched_init_exceedances_s17", "completed": 35, "planned": 120}
{"features_complete": "trained_exceedances_s42", "completed": 36, "planned": 120}
{"features_complete": "matched_init_exceedances_s42", "completed": 37, "planned": 120}
{"features_complete": "trained_exceedances_s101", "completed": 38, "planned": 120}
{"features_complete": "matched_init_exceedances_s101", "completed": 39, "planned": 120}
{"features_complete": "trained_fixed_points_s17", "completed": 40, "planned": 120}
{"features_complete": "matched_init_fixed_points_s17", "completed": 41, "planned": 120}
{"features_complete": "trained_fixed_points_s42", "completed": 42, "planned": 120}
{"features_complete": "matched_init_fixed_points_s42", "completed": 43, "planned": 120}
{"features_complete": "trained_fixed_points_s101", "completed": 44, "planned": 120}
{"features_complete": "matched_init_fixed_points_s101", "completed": 45, "planned": 120}
{"features_complete": "trained_global_descents_s17", "completed": 46, "planned": 120}
{"features_complete": "matched_init_global_descents_s17", "completed": 47, "planned": 120}
{"features_complete": "trained_global_descents_s42", "completed": 48, "planned": 120}
{"features_complete": "matched_init_global_descents_s42", "completed": 49, "planned": 120}
{"features_complete": "trained_global_descents_s101", "completed": 50, "planned": 120}
{"features_complete": "matched_init_global_descents_s101", "completed": 51, "planned": 120}
{"features_complete": "trained_lds_length_s17", "completed": 52, "planned": 120}
{"features_complete": "matched_init_lds_length_s17", "completed": 53, "planned": 120}
{"features_complete": "independent_init_lds_length_s17", "completed": 54, "planned": 120}
{"features_complete": "trained_lds_length_s42", "completed": 55, "planned": 120}
{"features_complete": "matched_init_lds_length_s42", "completed": 56, "planned": 120}
{"features_complete": "independent_init_lds_length_s42", "completed": 57, "planned": 120}
{"features_complete": "trained_lds_length_s101", "completed": 58, "planned": 120}
{"features_complete": "matched_init_lds_length_s101", "completed": 59, "planned": 120}
{"features_complete": "independent_init_lds_length_s101", "completed": 60, "planned": 120}
{"features_complete": "trained_left_to_right_maxima_s17", "completed": 61, "planned": 120}
{"features_complete": "matched_init_left_to_right_maxima_s17", "completed": 62, "planned": 120}
{"features_complete": "trained_left_to_right_maxima_s42", "completed": 63, "planned": 120}
{"features_complete": "matched_init_left_to_right_maxima_s42", "completed": 64, "planned": 120}
{"features_complete": "trained_left_to_right_maxima_s101", "completed": 65, "planned": 120}
{"features_complete": "matched_init_left_to_right_maxima_s101", "completed": 66, "planned": 120}
{"features_complete": "trained_left_to_right_minima_s17", "completed": 67, "planned": 120}
{"features_complete": "matched_init_left_to_right_minima_s17", "completed": 68, "planned": 120}
{"features_complete": "independent_init_left_to_right_minima_s17", "completed": 69, "planned": 120}
{"features_complete": "trained_left_to_right_minima_s42", "completed": 70, "planned": 120}
{"features_complete": "matched_init_left_to_right_minima_s42", "completed": 71, "planned": 120}
{"features_complete": "independent_init_left_to_right_minima_s42", "completed": 72, "planned": 120}
{"features_complete": "trained_left_to_right_minima_s101", "completed": 73, "planned": 120}
{"features_complete": "matched_init_left_to_right_minima_s101", "completed": 74, "planned": 120}
{"features_complete": "independent_init_left_to_right_minima_s101", "completed": 75, "planned": 120}
{"features_complete": "trained_lis_length_s17", "completed": 76, "planned": 120}
{"features_complete": "matched_init_lis_length_s17", "completed": 77, "planned": 120}
{"features_complete": "trained_lis_length_s42", "completed": 78, "planned": 120}
{"features_complete": "matched_init_lis_length_s42", "completed": 79, "planned": 120}
{"features_complete": "trained_lis_length_s101", "completed": 80, "planned": 120}
{"features_complete": "matched_init_lis_length_s101", "completed": 81, "planned": 120}
{"features_complete": "trained_longest_decreasing_run_s17", "completed": 82, "planned": 120}
{"features_complete": "matched_init_longest_decreasing_run_s17", "completed": 83, "planned": 120}
{"features_complete": "independent_init_longest_decreasing_run_s17", "completed": 84, "planned": 120}
{"features_complete": "trained_longest_decreasing_run_s42", "completed": 85, "planned": 120}
{"features_complete": "matched_init_longest_decreasing_run_s42", "completed": 86, "planned": 120}
{"features_complete": "independent_init_longest_decreasing_run_s42", "completed": 87, "planned": 120}
{"features_complete": "trained_longest_decreasing_run_s101", "completed": 88, "planned": 120}
{"features_complete": "matched_init_longest_decreasing_run_s101", "completed": 89, "planned": 120}
{"features_complete": "independent_init_longest_decreasing_run_s101", "completed": 90, "planned": 120}
{"features_complete": "trained_longest_increasing_run_s17", "completed": 91, "planned": 120}
{"features_complete": "matched_init_longest_increasing_run_s17", "completed": 92, "planned": 120}
{"features_complete": "trained_longest_increasing_run_s42", "completed": 93, "planned": 120}
{"features_complete": "matched_init_longest_increasing_run_s42", "completed": 94, "planned": 120}
{"features_complete": "trained_longest_increasing_run_s101", "completed": 95, "planned": 120}
{"features_complete": "matched_init_longest_increasing_run_s101", "completed": 96, "planned": 120}
{"features_complete": "trained_peaks_s17", "completed": 97, "planned": 120}
{"features_complete": "matched_init_peaks_s17", "completed": 98, "planned": 120}
{"features_complete": "trained_peaks_s42", "completed": 99, "planned": 120}
{"features_complete": "matched_init_peaks_s42", "completed": 100, "planned": 120}
{"features_complete": "trained_peaks_s101", "completed": 101, "planned": 120}
{"features_complete": "matched_init_peaks_s101", "completed": 102, "planned": 120}
{"features_complete": "trained_recoils_s17", "completed": 103, "planned": 120}
{"features_complete": "matched_init_recoils_s17", "completed": 104, "planned": 120}
{"features_complete": "independent_init_recoils_s17", "completed": 105, "planned": 120}
{"features_complete": "trained_recoils_s42", "completed": 106, "planned": 120}
{"features_complete": "matched_init_recoils_s42", "completed": 107, "planned": 120}
{"features_complete": "independent_init_recoils_s42", "completed": 108, "planned": 120}
{"features_complete": "trained_recoils_s101", "completed": 109, "planned": 120}
{"features_complete": "matched_init_recoils_s101", "completed": 110, "planned": 120}
{"features_complete": "independent_init_recoils_s101", "completed": 111, "planned": 120}
{"features_complete": "trained_valleys_s17", "completed": 112, "planned": 120}
{"features_complete": "matched_init_valleys_s17", "completed": 113, "planned": 120}
{"features_complete": "independent_init_valleys_s17", "completed": 114, "planned": 120}
{"features_complete": "trained_valleys_s42", "completed": 115, "planned": 120}
{"features_complete": "matched_init_valleys_s42", "completed": 116, "planned": 120}
{"features_complete": "independent_init_valleys_s42", "completed": 117, "planned": 120}
{"features_complete": "trained_valleys_s101", "completed": 118, "planned": 120}
{"features_complete": "matched_init_valleys_s101", "completed": 119, "planned": 120}
{"features_complete": "independent_init_valleys_s101", "completed": 120, "planned": 120}
