{"cka_complete": "descent_inverse", "seed": 17, "strata": {"anchors": 2688, "retained": 2249, "strata": 339, "discarded_singleton_or_small_strata": 337}}
{"cka_complete": "descent_inverse", "seed": 42, "strata": {"anchors": 2688, "retained": 2249, "strata": 339, "discarded_singleton_or_small_strata": 337}}
{"cka_complete": "descent_inverse", "seed": 101, "strata": {"anchors": 2688, "retained": 2249, "strata": 339, "discarded_singleton_or_small_strata": 337}}
{"cka_complete": "peak_complement", "seed": 17, "strata": {"anchors": 2688, "retained": 1999, "strata": 366, "discarded_singleton_or_small_strata": 525}}
{"cka_complete": "peak_complement", "seed": 42, "strata": {"anchors": 2688, "retained": 1999, "strata": 366, "discarded_singleton_or_small_strata": 525}}
{"cka_complete": "peak_complement", "seed": 101, "strata": {"anchors": 2688, "retained": 1999, "strata": 366, "discarded_singleton_or_small_strata": 525}}
{"cka_complete": "fixed_complement", "seed": 17, "strata": {"anchors": 2688, "retained": 2507, "strata": 239, "discarded_singleton_or_small_strata": 135}}
{"cka_complete": "fixed_complement", "seed": 42, "strata": {"anchors": 2688, "retained": 2507, "strata": 239, "discarded_singleton_or_small_strata": 135}}
{"cka_complete": "fixed_complement", "seed": 101, "strata": {"anchors": 2688, "retained": 2507, "strata": 239, "discarded_singleton_or_small_strata": 135}}
{"cka_complete": "exceedance_inverse", "seed": 17, "strata": {"anchors": 2688, "retained": 1347, "strata": 317, "discarded_singleton_or_small_strata": 1029}}
{"cka_complete": "exceedance_inverse", "seed": 42, "strata": {"anchors": 2688, "retained": 1347, "strata": 317, "discarded_singleton_or_small_strata": 1029}}
{"cka_complete": "exceedance_inverse", "seed": 101, "strata": {"anchors": 2688, "retained": 1347, "strata": 317, "discarded_singleton_or_small_strata": 1029}}
{"cka_complete": "subsequence_complement", "seed": 17, "strata": {"anchors": 2688, "retained": 2408, "strata": 278, "discarded_singleton_or_small_strata": 211}}
{"cka_complete": "subsequence_complement", "seed": 42, "strata": {"anchors": 2688, "retained": 2408, "strata": 278, "discarded_singleton_or_small_strata": 211}}
{"cka_complete": "subsequence_complement", "seed": 101, "strata": {"anchors": 2688, "retained": 2408, "strata": 278, "discarded_singleton_or_small_strata": 211}}
{"cka_complete": "run_complement", "seed": 17, "strata": {"anchors": 2688, "retained": 2122, "strata": 297, "discarded_singleton_or_small_strata": 450}}
{"cka_complete": "run_complement", "seed": 42, "strata": {"anchors": 2688, "retained": 2122, "strata": 297, "discarded_singleton_or_small_strata": 450}}
{"cka_complete": "run_complement", "seed": 101, "strata": {"anchors": 2688, "retained": 2122, "strata": 297, "discarded_singleton_or_small_strata": 450}}
{"cka_complete": "record_complement", "seed": 17, "strata": {"anchors": 2688, "retained": 2245, "strata": 382, "discarded_singleton_or_small_strata": 327}}
{"cka_complete": "record_complement", "seed": 42, "strata": {"anchors": 2688, "retained": 2245, "strata": 382, "discarded_singleton_or_small_strata": 327}}
{"cka_complete": "record_complement", "seed": 101, "strata": {"anchors": 2688, "retained": 2245, "strata": 382, "discarded_singleton_or_small_strata": 327}}
{"cka_complete": "decomposition_complement", "seed": 17, "strata": {"anchors": 2688, "retained": 2656, "strata": 72, "discarded_singleton_or_small_strata": 24}}
{"cka_complete": "decomposition_complement", "seed": 42, "strata": {"anchors": 2688, "retained": 2656, "strata": 72, "discarded_singleton_or_small_strata": 24}}
{"cka_complete": "decomposition_complement", "seed": 101, "strata": {"anchors": 2688, "retained": 2656, "strata": 72, "discarded_singleton_or_small_strata": 24}}
