{"fit": "n0_hidden_both_correct", "epoch": 5, "native_e_C_I_accuracy": [0.990625, 0.990625, 0.996875], "generator_C_I_accuracy": [0.496875, 0.2625]}
{"fit": "n0_hidden_both_correct", "epoch": 10, "native_e_C_I_accuracy": [0.9875, 0.975, 0.984375], "generator_C_I_accuracy": [0.596875, 0.325]}
{"fit": "n0_hidden_both_correct", "epoch": 15, "native_e_C_I_accuracy": [0.978125, 0.98125, 0.990625], "generator_C_I_accuracy": [0.63125, 0.375]}
{"fit": "n0_hidden_both_correct", "epoch": 20, "native_e_C_I_accuracy": [0.975, 0.978125, 0.98125], "generator_C_I_accuracy": [0.66875, 0.4625]}
{"fit": "n0_hidden_both_correct", "epoch": 25, "native_e_C_I_accuracy": [0.978125, 0.984375, 0.978125], "generator_C_I_accuracy": [0.653125, 0.475]}
{"fit": "n0_hidden_both_correct", "epoch": 30, "native_e_C_I_accuracy": [0.984375, 0.978125, 0.984375], "generator_C_I_accuracy": [0.68125, 0.51875]}
{"fit": "n0_hidden_both_correct", "epoch": 35, "native_e_C_I_accuracy": [0.975, 0.975, 0.98125], "generator_C_I_accuracy": [0.6375, 0.484375]}
{"fit": "n0_hidden_both_correct", "epoch": 40, "native_e_C_I_accuracy": [0.98125, 0.98125, 0.984375], "generator_C_I_accuracy": [0.675, 0.5375]}
{"fit": "n0_hidden_both_correct", "epoch": 45, "native_e_C_I_accuracy": [0.990625, 0.978125, 0.975], "generator_C_I_accuracy": [0.721875, 0.55]}
{"fit": "n0_hidden_both_correct", "epoch": 50, "native_e_C_I_accuracy": [0.98125, 0.978125, 0.978125], "generator_C_I_accuracy": [0.70625, 0.528125]}
{"fit": "n0_hidden_both_correct", "epoch": 55, "native_e_C_I_accuracy": [0.984375, 0.975, 0.98125], "generator_C_I_accuracy": [0.6875, 0.5625]}
{"fit": "n0_hidden_both_correct", "epoch": 60, "native_e_C_I_accuracy": [0.98125, 0.965625, 0.971875], "generator_C_I_accuracy": [0.7, 0.546875]}
{"fit": "n0_hidden_both_correct", "epoch": 65, "native_e_C_I_accuracy": [0.975, 0.971875, 0.971875], "generator_C_I_accuracy": [0.746875, 0.55625]}
{"fit": "n0_hidden_both_correct", "epoch": 70, "native_e_C_I_accuracy": [0.975, 0.96875, 0.971875], "generator_C_I_accuracy": [0.75, 0.56875]}
{"fit": "n0_hidden_both_correct", "epoch": 75, "native_e_C_I_accuracy": [0.98125, 0.965625, 0.96875], "generator_C_I_accuracy": [0.728125, 0.55]}
{"fit": "n0_hidden_both_correct", "epoch": 80, "native_e_C_I_accuracy": [0.96875, 0.96875, 0.965625], "generator_C_I_accuracy": [0.73125, 0.559375]}
{"fit": "n0_hidden_both_correct", "epoch": 85, "native_e_C_I_accuracy": [0.975, 0.965625, 0.965625], "generator_C_I_accuracy": [0.7375, 0.54375]}
{"fit": "n0_hidden_both_correct", "epoch": 90, "native_e_C_I_accuracy": [0.978125, 0.9625, 0.96875], "generator_C_I_accuracy": [0.753125, 0.540625]}
{"fit": "n0_hidden_both_correct", "epoch": 95, "native_e_C_I_accuracy": [0.975, 0.965625, 0.96875], "generator_C_I_accuracy": [0.71875, 0.55]}
{"fit": "n0_hidden_both_correct", "epoch": 100, "native_e_C_I_accuracy": [0.971875, 0.965625, 0.96875], "generator_C_I_accuracy": [0.740625, 0.540625]}
{"fit": "n0_hidden_both_correct", "epoch": 5, "native_e_C_I_accuracy": [0.965625, 0.978125, 0.978125], "generator_C_I_accuracy": [0.49375, 0.30625]}
{"fit": "n0_hidden_both_correct", "epoch": 10, "native_e_C_I_accuracy": [0.98125, 0.984375, 0.98125], "generator_C_I_accuracy": [0.6625, 0.38125]}
{"fit": "n0_hidden_both_correct", "epoch": 15, "native_e_C_I_accuracy": [0.978125, 0.975, 0.990625], "generator_C_I_accuracy": [0.65625, 0.49375]}
{"fit": "n0_hidden_both_correct", "epoch": 20, "native_e_C_I_accuracy": [0.975, 0.98125, 0.978125], "generator_C_I_accuracy": [0.76875, 0.534375]}
{"fit": "n0_hidden_both_correct", "epoch": 25, "native_e_C_I_accuracy": [0.984375, 0.98125, 0.990625], "generator_C_I_accuracy": [0.840625, 0.55]}
{"fit": "n0_hidden_both_correct", "epoch": 30, "native_e_C_I_accuracy": [0.978125, 0.975, 0.975], "generator_C_I_accuracy": [0.8625, 0.49375]}
{"fit": "n0_hidden_both_correct", "epoch": 35, "native_e_C_I_accuracy": [0.98125, 0.978125, 0.9875], "generator_C_I_accuracy": [0.85625, 0.540625]}
{"fit": "n0_hidden_both_correct", "epoch": 40, "native_e_C_I_accuracy": [0.98125, 0.98125, 0.9875], "generator_C_I_accuracy": [0.846875, 0.61875]}
{"fit": "n0_hidden_both_correct", "epoch": 45, "native_e_C_I_accuracy": [0.975, 0.975, 0.975], "generator_C_I_accuracy": [0.8625, 0.63125]}
{"fit": "n0_hidden_both_correct", "epoch": 50, "native_e_C_I_accuracy": [0.971875, 0.975, 0.978125], "generator_C_I_accuracy": [0.85625, 0.603125]}
{"fit": "n0_hidden_both_correct", "epoch": 55, "native_e_C_I_accuracy": [0.984375, 0.98125, 0.975], "generator_C_I_accuracy": [0.871875, 0.65625]}
{"fit": "n0_hidden_both_correct", "epoch": 60, "native_e_C_I_accuracy": [0.978125, 0.98125, 0.978125], "generator_C_I_accuracy": [0.909375, 0.675]}
{"fit": "n0_hidden_both_correct", "epoch": 65, "native_e_C_I_accuracy": [0.984375, 0.984375, 0.975], "generator_C_I_accuracy": [0.896875, 0.678125]}
{"fit": "n0_hidden_both_correct", "epoch": 70, "native_e_C_I_accuracy": [0.98125, 0.978125, 0.975], "generator_C_I_accuracy": [0.89375, 0.66875]}
{"fit": "n0_hidden_both_correct", "epoch": 75, "native_e_C_I_accuracy": [0.98125, 0.98125, 0.978125], "generator_C_I_accuracy": [0.90625, 0.68125]}
{"fit": "n0_hidden_both_correct", "epoch": 80, "native_e_C_I_accuracy": [0.975, 0.984375, 0.96875], "generator_C_I_accuracy": [0.909375, 0.6875]}
{"fit": "n0_hidden_both_correct", "epoch": 85, "native_e_C_I_accuracy": [0.98125, 0.98125, 0.96875], "generator_C_I_accuracy": [0.90625, 0.7]}
{"fit": "n0_hidden_both_correct", "epoch": 90, "native_e_C_I_accuracy": [0.978125, 0.984375, 0.96875], "generator_C_I_accuracy": [0.91875, 0.7]}
{"fit": "n0_hidden_both_correct", "epoch": 95, "native_e_C_I_accuracy": [0.98125, 0.984375, 0.96875], "generator_C_I_accuracy": [0.91875, 0.703125]}
{"fit": "n0_hidden_both_correct", "epoch": 100, "native_e_C_I_accuracy": [0.984375, 0.984375, 0.971875], "generator_C_I_accuracy": [0.91875, 0.7125]}
