{"id": "n0", "path": "results/two_step_relation_joint/dataset/n0/support/dataset.npz", "sha256": "7b713f692e4331e46ac20a54b6e2a0709b6a0b135754a34e3ae1572c91f68377", "pairings_sha256": "3504ded46a96e09542d36e6d57484bdde8bb72d52db391f2bff5133ccbc2ef93", "fit_anchors": 2560, "eligible_anchors": 1893, "eligible_by_length": {"12": 429, "15": 409, "20": 360, "25": 372, "30": 323}}
{"id": "n1", "path": "results/two_step_relation_joint/dataset/n1/support/dataset.npz", "sha256": "a7a073c06e66d49985ae1b0b4548662202c9b984257fba6398a2ac3c1a528327", "pairings_sha256": "94e5f40f5f7f278a68055599e794b4b1d8677bba507c1d7e523f754043fc47ea", "fit_anchors": 2560, "eligible_anchors": 1861, "eligible_by_length": {"12": 424, "15": 399, "20": 368, "25": 344, "30": 326}}
{"id": "n2", "path": "results/two_step_relation_joint/dataset/n2/support/dataset.npz", "sha256": "f20d3b49b11c46977d0a0abc928feeb7898261c59dd99d96ee4fad8f26b93e96", "pairings_sha256": "c7f471a2de4c98a5c5a82ac7c5075444e773272f20a3fb7ed760b775cf7a220e", "fit_anchors": 2560, "eligible_anchors": 1899, "eligible_by_length": {"12": 413, "15": 394, "20": 391, "25": 356, "30": 345}}
{"id": "n3", "path": "results/two_step_relation_joint/dataset/n3/support/dataset.npz", "sha256": "1a342e96fc56fc6c257a8437b1152a341acb16dec0fe33a3b15f2acfb251e95b", "pairings_sha256": "8bb10adee4038bbbf8d267afffac2c0c43f4eb8f4860d49bb824a79221bcb71e", "fit_anchors": 2560, "eligible_anchors": 1900, "eligible_by_length": {"12": 436, "15": 400, "20": 383, "25": 350, "30": 331}}
{"id": "n4", "path": "results/two_step_relation_joint/dataset/n4/support/dataset.npz", "sha256": "1f5c7eec3056d70b1066fee8c22de49e04c745051f660e8da6cca09998c501e6", "pairings_sha256": "a18bd8cc2892b3a40e8e3aa9dab1f9cbf19ade586481d99ec4727c1aaf29360c", "fit_anchors": 2560, "eligible_anchors": 1876, "eligible_by_length": {"12": 427, "15": 412, "20": 361, "25": 344, "30": 332}}
{"id": "n5", "path": "results/two_step_relation_joint/dataset/n5/support/dataset.npz", "sha256": "256a8be6c54f2cd1b46d7bbb3bba730daf620518824a96fe3962150e62076d3b", "pairings_sha256": "093b51d30a7d745244ed3f5dcc961133ced3f3669542fa7349e4984ffe3afc70", "fit_anchors": 2560, "eligible_anchors": 1903, "eligible_by_length": {"12": 429, "15": 409, "20": 368, "25": 360, "30": 337}}
{"support_features": "n0", "visible_accuracy": [1.0, 1.0, 0.996875]}
{"support_features": "n1", "visible_accuracy": [0.996875, 1.0, 0.996875]}
{"support_features": "n2", "visible_accuracy": [1.0, 1.0, 0.996875]}
{"support_features": "n3", "visible_accuracy": [0.996875, 0.996875, 1.0]}
{"support_features": "n4", "visible_accuracy": [1.0, 0.990625, 0.996875]}
{"support_features": "n5", "visible_accuracy": [1.0, 1.0, 0.996875]}
{"fit": "n0_hidden_both_correct", "epoch": 5, "native_e_C_I_accuracy": [0.990625, 0.99375, 0.99375], "generator_C_I_accuracy": [0.384375, 0.240625]}
{"fit": "n0_hidden_both_correct", "epoch": 10, "native_e_C_I_accuracy": [0.990625, 0.996875, 0.99375], "generator_C_I_accuracy": [0.509375, 0.3]}
{"fit": "n0_hidden_both_correct", "epoch": 15, "native_e_C_I_accuracy": [0.9875, 0.996875, 0.99375], "generator_C_I_accuracy": [0.546875, 0.303125]}
{"fit": "n0_hidden_both_correct", "epoch": 20, "native_e_C_I_accuracy": [0.98125, 0.996875, 0.99375], "generator_C_I_accuracy": [0.59375, 0.265625]}
{"fit": "n0_hidden_both_correct", "epoch": 25, "native_e_C_I_accuracy": [0.984375, 0.996875, 0.99375], "generator_C_I_accuracy": [0.5875, 0.278125]}
{"fit": "n0_hidden_both_correct", "epoch": 30, "native_e_C_I_accuracy": [0.984375, 0.996875, 0.99375], "generator_C_I_accuracy": [0.621875, 0.325]}
{"fit": "n0_hidden_both_correct", "epoch": 35, "native_e_C_I_accuracy": [0.984375, 0.99375, 0.99375], "generator_C_I_accuracy": [0.60625, 0.34375]}
{"fit": "n0_hidden_both_correct", "epoch": 40, "native_e_C_I_accuracy": [0.9875, 0.99375, 0.99375], "generator_C_I_accuracy": [0.609375, 0.340625]}
{"fit": "n0_hidden_both_correct", "epoch": 45, "native_e_C_I_accuracy": [0.984375, 0.99375, 0.990625], "generator_C_I_accuracy": [0.596875, 0.3125]}
{"fit": "n0_hidden_both_correct", "epoch": 50, "native_e_C_I_accuracy": [0.984375, 0.99375, 0.990625], "generator_C_I_accuracy": [0.584375, 0.346875]}
{"fit": "n0_hidden_c_correct_i_wrong", "epoch": 5, "native_e_C_I_accuracy": [0.990625, 0.99375, 0.99375], "generator_C_I_accuracy": [0.384375, 0.2375]}
{"fit": "n0_hidden_c_correct_i_wrong", "epoch": 10, "native_e_C_I_accuracy": [0.990625, 0.996875, 0.99375], "generator_C_I_accuracy": [0.5125, 0.296875]}
{"fit": "n0_hidden_c_correct_i_wrong", "epoch": 15, "native_e_C_I_accuracy": [0.9875, 0.996875, 0.99375], "generator_C_I_accuracy": [0.55, 0.303125]}
{"fit": "n0_hidden_c_correct_i_wrong", "epoch": 20, "native_e_C_I_accuracy": [0.98125, 0.996875, 0.99375], "generator_C_I_accuracy": [0.590625, 0.265625]}
{"fit": "n0_hidden_c_correct_i_wrong", "epoch": 25, "native_e_C_I_accuracy": [0.9875, 0.996875, 0.99375], "generator_C_I_accuracy": [0.578125, 0.275]}
{"fit": "n0_hidden_c_correct_i_wrong", "epoch": 30, "native_e_C_I_accuracy": [0.984375, 0.996875, 0.99375], "generator_C_I_accuracy": [0.61875, 0.31875]}
{"fit": "n0_hidden_c_correct_i_wrong", "epoch": 35, "native_e_C_I_accuracy": [0.9875, 0.990625, 0.99375], "generator_C_I_accuracy": [0.60625, 0.35625]}
{"fit": "n0_hidden_c_correct_i_wrong", "epoch": 40, "native_e_C_I_accuracy": [0.990625, 0.990625, 0.990625], "generator_C_I_accuracy": [0.615625, 0.353125]}
{"fit": "n0_hidden_c_correct_i_wrong", "epoch": 45, "native_e_C_I_accuracy": [0.990625, 0.99375, 0.990625], "generator_C_I_accuracy": [0.584375, 0.321875]}
{"fit": "n0_hidden_c_correct_i_wrong", "epoch": 50, "native_e_C_I_accuracy": [0.990625, 0.99375, 0.990625], "generator_C_I_accuracy": [0.5875, 0.3625]}
{"fit": "n0_hidden_c_wrong_i_correct", "epoch": 5, "native_e_C_I_accuracy": [0.99375, 0.99375, 0.99375], "generator_C_I_accuracy": [0.38125, 0.24375]}
{"fit": "n0_hidden_c_wrong_i_correct", "epoch": 10, "native_e_C_I_accuracy": [0.990625, 0.996875, 0.99375], "generator_C_I_accuracy": [0.515625, 0.296875]}
{"fit": "n0_hidden_c_wrong_i_correct", "epoch": 15, "native_e_C_I_accuracy": [0.9875, 0.996875, 0.99375], "generator_C_I_accuracy": [0.54375, 0.3]}
{"fit": "n0_hidden_c_wrong_i_correct", "epoch": 20, "native_e_C_I_accuracy": [0.98125, 0.996875, 0.99375], "generator_C_I_accuracy": [0.58125, 0.259375]}
{"fit": "n0_hidden_c_wrong_i_correct", "epoch": 25, "native_e_C_I_accuracy": [0.9875, 0.996875, 0.99375], "generator_C_I_accuracy": [0.56875, 0.29375]}
{"fit": "n0_hidden_c_wrong_i_correct", "epoch": 30, "native_e_C_I_accuracy": [0.990625, 0.996875, 0.99375], "generator_C_I_accuracy": [0.628125, 0.30625]}
{"fit": "n0_hidden_c_wrong_i_correct", "epoch": 35, "native_e_C_I_accuracy": [0.990625, 0.996875, 0.99375], "generator_C_I_accuracy": [0.596875, 0.33125]}
{"fit": "n0_hidden_c_wrong_i_correct", "epoch": 40, "native_e_C_I_accuracy": [0.990625, 0.996875, 0.99375], "generator_C_I_accuracy": [0.59375, 0.340625]}
{"fit": "n0_hidden_c_wrong_i_correct", "epoch": 45, "native_e_C_I_accuracy": [0.990625, 0.996875, 0.990625], "generator_C_I_accuracy": [0.596875, 0.3125]}
{"fit": "n0_hidden_c_wrong_i_correct", "epoch": 50, "native_e_C_I_accuracy": [0.990625, 0.996875, 0.990625], "generator_C_I_accuracy": [0.590625, 0.35]}
{"fit": "n0_hidden_both_wrong", "epoch": 5, "native_e_C_I_accuracy": [0.99375, 0.99375, 0.99375], "generator_C_I_accuracy": [0.384375, 0.24375]}
{"fit": "n0_hidden_both_wrong", "epoch": 10, "native_e_C_I_accuracy": [0.990625, 0.996875, 0.99375], "generator_C_I_accuracy": [0.515625, 0.29375]}
{"fit": "n0_hidden_both_wrong", "epoch": 15, "native_e_C_I_accuracy": [0.9875, 0.996875, 0.99375], "generator_C_I_accuracy": [0.54375, 0.3]}
{"fit": "n0_hidden_both_wrong", "epoch": 20, "native_e_C_I_accuracy": [0.984375, 0.996875, 0.99375], "generator_C_I_accuracy": [0.590625, 0.265625]}
{"fit": "n0_hidden_both_wrong", "epoch": 25, "native_e_C_I_accuracy": [0.9875, 0.996875, 0.99375], "generator_C_I_accuracy": [0.5625, 0.28125]}
{"fit": "n0_hidden_both_wrong", "epoch": 30, "native_e_C_I_accuracy": [0.990625, 0.996875, 0.990625], "generator_C_I_accuracy": [0.615625, 0.309375]}
{"fit": "n0_hidden_both_wrong", "epoch": 35, "native_e_C_I_accuracy": [0.990625, 0.996875, 0.990625], "generator_C_I_accuracy": [0.596875, 0.321875]}
{"fit": "n0_hidden_both_wrong", "epoch": 40, "native_e_C_I_accuracy": [0.990625, 0.996875, 0.990625], "generator_C_I_accuracy": [0.590625, 0.321875]}
{"fit": "n0_hidden_both_wrong", "epoch": 45, "native_e_C_I_accuracy": [0.990625, 0.996875, 0.9875], "generator_C_I_accuracy": [0.6, 0.315625]}
{"fit": "n0_hidden_both_wrong", "epoch": 50, "native_e_C_I_accuracy": [0.990625, 0.996875, 0.990625], "generator_C_I_accuracy": [0.58125, 0.34375]}
{"fit": "n1_hidden_both_correct", "epoch": 5, "native_e_C_I_accuracy": [0.99375, 0.990625, 0.9875], "generator_C_I_accuracy": [0.340625, 0.225]}
{"fit": "n1_hidden_both_correct", "epoch": 10, "native_e_C_I_accuracy": [0.99375, 0.99375, 0.9875], "generator_C_I_accuracy": [0.4125, 0.30625]}
{"fit": "n1_hidden_both_correct", "epoch": 15, "native_e_C_I_accuracy": [0.9875, 0.990625, 0.996875], "generator_C_I_accuracy": [0.4375, 0.4125]}
{"fit": "n1_hidden_both_correct", "epoch": 20, "native_e_C_I_accuracy": [0.984375, 0.99375, 0.9875], "generator_C_I_accuracy": [0.534375, 0.471875]}
{"fit": "n1_hidden_both_correct", "epoch": 25, "native_e_C_I_accuracy": [0.984375, 0.99375, 0.98125], "generator_C_I_accuracy": [0.571875, 0.475]}
{"fit": "n1_hidden_both_correct", "epoch": 30, "native_e_C_I_accuracy": [0.990625, 0.99375, 0.98125], "generator_C_I_accuracy": [0.578125, 0.5]}
{"fit": "n1_hidden_both_correct", "epoch": 35, "native_e_C_I_accuracy": [0.990625, 0.990625, 0.98125], "generator_C_I_accuracy": [0.58125, 0.478125]}
{"fit": "n1_hidden_both_correct", "epoch": 40, "native_e_C_I_accuracy": [0.984375, 0.990625, 0.98125], "generator_C_I_accuracy": [0.621875, 0.525]}
{"fit": "n1_hidden_both_correct", "epoch": 45, "native_e_C_I_accuracy": [0.984375, 0.990625, 0.978125], "generator_C_I_accuracy": [0.6125, 0.521875]}
{"fit": "n1_hidden_both_correct", "epoch": 50, "native_e_C_I_accuracy": [0.984375, 0.990625, 0.978125], "generator_C_I_accuracy": [0.603125, 0.5125]}
{"fit": "n1_hidden_c_correct_i_wrong", "epoch": 5, "native_e_C_I_accuracy": [0.99375, 0.990625, 0.9875], "generator_C_I_accuracy": [0.3375, 0.225]}
{"fit": "n1_hidden_c_correct_i_wrong", "epoch": 10, "native_e_C_I_accuracy": [0.990625, 0.990625, 0.9875], "generator_C_I_accuracy": [0.403125, 0.3125]}
{"fit": "n1_hidden_c_correct_i_wrong", "epoch": 15, "native_e_C_I_accuracy": [0.9875, 0.9875, 0.996875], "generator_C_I_accuracy": [0.446875, 0.390625]}
{"fit": "n1_hidden_c_correct_i_wrong", "epoch": 20, "native_e_C_I_accuracy": [0.984375, 0.9875, 0.9875], "generator_C_I_accuracy": [0.540625, 0.45625]}
{"fit": "n1_hidden_c_correct_i_wrong", "epoch": 25, "native_e_C_I_accuracy": [0.9875, 0.990625, 0.984375], "generator_C_I_accuracy": [0.5875, 0.484375]}
{"fit": "n1_hidden_c_correct_i_wrong", "epoch": 30, "native_e_C_I_accuracy": [0.984375, 0.984375, 0.98125], "generator_C_I_accuracy": [0.5875, 0.48125]}
{"fit": "n1_hidden_c_correct_i_wrong", "epoch": 35, "native_e_C_I_accuracy": [0.984375, 0.9875, 0.978125], "generator_C_I_accuracy": [0.590625, 0.471875]}
{"fit": "n1_hidden_c_correct_i_wrong", "epoch": 40, "native_e_C_I_accuracy": [0.9875, 0.984375, 0.978125], "generator_C_I_accuracy": [0.60625, 0.521875]}
{"fit": "n1_hidden_c_correct_i_wrong", "epoch": 45, "native_e_C_I_accuracy": [0.98125, 0.984375, 0.978125], "generator_C_I_accuracy": [0.621875, 0.50625]}
{"fit": "n1_hidden_c_correct_i_wrong", "epoch": 50, "native_e_C_I_accuracy": [0.98125, 0.984375, 0.978125], "generator_C_I_accuracy": [0.60625, 0.51875]}
{"fit": "n1_hidden_c_wrong_i_correct", "epoch": 5, "native_e_C_I_accuracy": [0.99375, 0.990625, 0.990625], "generator_C_I_accuracy": [0.34375, 0.234375]}
{"fit": "n1_hidden_c_wrong_i_correct", "epoch": 10, "native_e_C_I_accuracy": [0.990625, 0.99375, 0.9875], "generator_C_I_accuracy": [0.409375, 0.315625]}
{"fit": "n1_hidden_c_wrong_i_correct", "epoch": 15, "native_e_C_I_accuracy": [0.9875, 0.9875, 0.990625], "generator_C_I_accuracy": [0.4625, 0.403125]}
{"fit": "n1_hidden_c_wrong_i_correct", "epoch": 20, "native_e_C_I_accuracy": [0.9875, 0.990625, 0.990625], "generator_C_I_accuracy": [0.5375, 0.48125]}
{"fit": "n1_hidden_c_wrong_i_correct", "epoch": 25, "native_e_C_I_accuracy": [0.990625, 0.9875, 0.984375], "generator_C_I_accuracy": [0.575, 0.478125]}
{"fit": "n1_hidden_c_wrong_i_correct", "epoch": 30, "native_e_C_I_accuracy": [0.9875, 0.9875, 0.984375], "generator_C_I_accuracy": [0.584375, 0.50625]}
{"fit": "n1_hidden_c_wrong_i_correct", "epoch": 35, "native_e_C_I_accuracy": [0.990625, 0.984375, 0.98125], "generator_C_I_accuracy": [0.584375, 0.478125]}
{"fit": "n1_hidden_c_wrong_i_correct", "epoch": 40, "native_e_C_I_accuracy": [0.990625, 0.984375, 0.98125], "generator_C_I_accuracy": [0.615625, 0.521875]}
{"fit": "n1_hidden_c_wrong_i_correct", "epoch": 45, "native_e_C_I_accuracy": [0.9875, 0.984375, 0.978125], "generator_C_I_accuracy": [0.6, 0.5125]}
{"fit": "n1_hidden_c_wrong_i_correct", "epoch": 50, "native_e_C_I_accuracy": [0.990625, 0.98125, 0.978125], "generator_C_I_accuracy": [0.60625, 0.51875]}
{"fit": "n1_hidden_both_wrong", "epoch": 5, "native_e_C_I_accuracy": [0.990625, 0.990625, 0.990625], "generator_C_I_accuracy": [0.340625, 0.221875]}
{"fit": "n1_hidden_both_wrong", "epoch": 10, "native_e_C_I_accuracy": [0.99375, 0.9875, 0.9875], "generator_C_I_accuracy": [0.409375, 0.315625]}
{"fit": "n1_hidden_both_wrong", "epoch": 15, "native_e_C_I_accuracy": [0.9875, 0.990625, 0.99375], "generator_C_I_accuracy": [0.4625, 0.4125]}
{"fit": "n1_hidden_both_wrong", "epoch": 20, "native_e_C_I_accuracy": [0.9875, 0.99375, 0.984375], "generator_C_I_accuracy": [0.525, 0.475]}
{"fit": "n1_hidden_both_wrong", "epoch": 25, "native_e_C_I_accuracy": [0.9875, 0.990625, 0.98125], "generator_C_I_accuracy": [0.5875, 0.484375]}
{"fit": "n1_hidden_both_wrong", "epoch": 30, "native_e_C_I_accuracy": [0.9875, 0.990625, 0.98125], "generator_C_I_accuracy": [0.575, 0.5125]}
{"fit": "n1_hidden_both_wrong", "epoch": 35, "native_e_C_I_accuracy": [0.9875, 0.990625, 0.98125], "generator_C_I_accuracy": [0.584375, 0.478125]}
{"fit": "n1_hidden_both_wrong", "epoch": 40, "native_e_C_I_accuracy": [0.990625, 0.990625, 0.98125], "generator_C_I_accuracy": [0.6125, 0.528125]}
{"fit": "n1_hidden_both_wrong", "epoch": 45, "native_e_C_I_accuracy": [0.9875, 0.9875, 0.98125], "generator_C_I_accuracy": [0.60625, 0.521875]}
{"fit": "n1_hidden_both_wrong", "epoch": 50, "native_e_C_I_accuracy": [0.990625, 0.9875, 0.98125], "generator_C_I_accuracy": [0.59375, 0.51875]}
{"fit": "n2_hidden_both_correct", "epoch": 5, "native_e_C_I_accuracy": [0.99375, 0.996875, 0.99375], "generator_C_I_accuracy": [0.2625, 0.234375]}
{"fit": "n2_hidden_both_correct", "epoch": 10, "native_e_C_I_accuracy": [0.990625, 0.996875, 0.990625], "generator_C_I_accuracy": [0.425, 0.334375]}
{"fit": "n2_hidden_both_correct", "epoch": 15, "native_e_C_I_accuracy": [0.99375, 0.996875, 0.9875], "generator_C_I_accuracy": [0.453125, 0.446875]}
{"fit": "n2_hidden_both_correct", "epoch": 20, "native_e_C_I_accuracy": [0.990625, 0.99375, 0.9875], "generator_C_I_accuracy": [0.5125, 0.475]}
{"fit": "n2_hidden_both_correct", "epoch": 25, "native_e_C_I_accuracy": [0.98125, 0.99375, 0.984375], "generator_C_I_accuracy": [0.565625, 0.50625]}
{"fit": "n2_hidden_both_correct", "epoch": 30, "native_e_C_I_accuracy": [0.98125, 0.99375, 0.984375], "generator_C_I_accuracy": [0.621875, 0.528125]}
{"fit": "n2_hidden_both_correct", "epoch": 35, "native_e_C_I_accuracy": [0.984375, 0.99375, 0.98125], "generator_C_I_accuracy": [0.64375, 0.54375]}
{"fit": "n2_hidden_both_correct", "epoch": 40, "native_e_C_I_accuracy": [0.984375, 0.990625, 0.98125], "generator_C_I_accuracy": [0.6625, 0.546875]}
{"fit": "n2_hidden_both_correct", "epoch": 45, "native_e_C_I_accuracy": [0.984375, 0.990625, 0.98125], "generator_C_I_accuracy": [0.66875, 0.54375]}
{"fit": "n2_hidden_both_correct", "epoch": 50, "native_e_C_I_accuracy": [0.984375, 0.99375, 0.98125], "generator_C_I_accuracy": [0.665625, 0.575]}
{"fit": "n2_hidden_c_correct_i_wrong", "epoch": 5, "native_e_C_I_accuracy": [0.99375, 0.996875, 0.99375], "generator_C_I_accuracy": [0.26875, 0.2375]}
{"fit": "n2_hidden_c_correct_i_wrong", "epoch": 10, "native_e_C_I_accuracy": [0.990625, 0.996875, 0.990625], "generator_C_I_accuracy": [0.425, 0.3625]}
{"fit": "n2_hidden_c_correct_i_wrong", "epoch": 15, "native_e_C_I_accuracy": [0.99375, 0.996875, 0.990625], "generator_C_I_accuracy": [0.453125, 0.45625]}
{"fit": "n2_hidden_c_correct_i_wrong", "epoch": 20, "native_e_C_I_accuracy": [0.99375, 0.990625, 0.984375], "generator_C_I_accuracy": [0.50625, 0.484375]}
{"fit": "n2_hidden_c_correct_i_wrong", "epoch": 25, "native_e_C_I_accuracy": [0.98125, 0.990625, 0.978125], "generator_C_I_accuracy": [0.559375, 0.51875]}
{"fit": "n2_hidden_c_correct_i_wrong", "epoch": 30, "native_e_C_I_accuracy": [0.98125, 0.990625, 0.98125], "generator_C_I_accuracy": [0.63125, 0.53125]}
{"fit": "n2_hidden_c_correct_i_wrong", "epoch": 35, "native_e_C_I_accuracy": [0.984375, 0.9875, 0.984375], "generator_C_I_accuracy": [0.628125, 0.55]}
{"fit": "n2_hidden_c_correct_i_wrong", "epoch": 40, "native_e_C_I_accuracy": [0.984375, 0.990625, 0.984375], "generator_C_I_accuracy": [0.640625, 0.553125]}
{"fit": "n2_hidden_c_correct_i_wrong", "epoch": 45, "native_e_C_I_accuracy": [0.984375, 0.9875, 0.98125], "generator_C_I_accuracy": [0.6625, 0.55625]}
{"fit": "n2_hidden_c_correct_i_wrong", "epoch": 50, "native_e_C_I_accuracy": [0.984375, 0.9875, 0.98125], "generator_C_I_accuracy": [0.665625, 0.5625]}
{"fit": "n2_hidden_c_wrong_i_correct", "epoch": 5, "native_e_C_I_accuracy": [0.99375, 0.996875, 0.990625], "generator_C_I_accuracy": [0.26875, 0.23125]}
{"fit": "n2_hidden_c_wrong_i_correct", "epoch": 10, "native_e_C_I_accuracy": [0.9875, 0.996875, 0.9875], "generator_C_I_accuracy": [0.421875, 0.3625]}
{"fit": "n2_hidden_c_wrong_i_correct", "epoch": 15, "native_e_C_I_accuracy": [0.99375, 0.996875, 0.9875], "generator_C_I_accuracy": [0.44375, 0.4625]}
{"fit": "n2_hidden_c_wrong_i_correct", "epoch": 20, "native_e_C_I_accuracy": [0.99375, 0.99375, 0.9875], "generator_C_I_accuracy": [0.5125, 0.484375]}
{"fit": "n2_hidden_c_wrong_i_correct", "epoch": 25, "native_e_C_I_accuracy": [0.98125, 0.99375, 0.978125], "generator_C_I_accuracy": [0.55, 0.5]}
{"fit": "n2_hidden_c_wrong_i_correct", "epoch": 30, "native_e_C_I_accuracy": [0.98125, 0.99375, 0.984375], "generator_C_I_accuracy": [0.61875, 0.540625]}
{"fit": "n2_hidden_c_wrong_i_correct", "epoch": 35, "native_e_C_I_accuracy": [0.98125, 0.99375, 0.98125], "generator_C_I_accuracy": [0.6125, 0.55625]}
{"fit": "n2_hidden_c_wrong_i_correct", "epoch": 40, "native_e_C_I_accuracy": [0.984375, 0.990625, 0.98125], "generator_C_I_accuracy": [0.628125, 0.553125]}
{"fit": "n2_hidden_c_wrong_i_correct", "epoch": 45, "native_e_C_I_accuracy": [0.984375, 0.990625, 0.98125], "generator_C_I_accuracy": [0.646875, 0.56875]}
{"fit": "n2_hidden_c_wrong_i_correct", "epoch": 50, "native_e_C_I_accuracy": [0.984375, 0.99375, 0.978125], "generator_C_I_accuracy": [0.659375, 0.575]}
{"fit": "n2_hidden_both_wrong", "epoch": 5, "native_e_C_I_accuracy": [0.99375, 0.996875, 0.990625], "generator_C_I_accuracy": [0.265625, 0.234375]}
{"fit": "n2_hidden_both_wrong", "epoch": 10, "native_e_C_I_accuracy": [0.990625, 0.996875, 0.990625], "generator_C_I_accuracy": [0.44375, 0.334375]}
{"fit": "n2_hidden_both_wrong", "epoch": 15, "native_e_C_I_accuracy": [0.99375, 0.996875, 0.9875], "generator_C_I_accuracy": [0.45, 0.45625]}
{"fit": "n2_hidden_both_wrong", "epoch": 20, "native_e_C_I_accuracy": [0.990625, 0.99375, 0.984375], "generator_C_I_accuracy": [0.484375, 0.44375]}
{"fit": "n2_hidden_both_wrong", "epoch": 25, "native_e_C_I_accuracy": [0.98125, 0.99375, 0.978125], "generator_C_I_accuracy": [0.525, 0.4875]}
{"fit": "n2_hidden_both_wrong", "epoch": 30, "native_e_C_I_accuracy": [0.98125, 0.990625, 0.984375], "generator_C_I_accuracy": [0.590625, 0.54375]}
{"fit": "n2_hidden_both_wrong", "epoch": 35, "native_e_C_I_accuracy": [0.984375, 0.99375, 0.984375], "generator_C_I_accuracy": [0.603125, 0.534375]}
{"fit": "n2_hidden_both_wrong", "epoch": 40, "native_e_C_I_accuracy": [0.98125, 0.990625, 0.984375], "generator_C_I_accuracy": [0.628125, 0.5375]}
{"fit": "n2_hidden_both_wrong", "epoch": 45, "native_e_C_I_accuracy": [0.98125, 0.990625, 0.984375], "generator_C_I_accuracy": [0.6375, 0.54375]}
{"fit": "n2_hidden_both_wrong", "epoch": 50, "native_e_C_I_accuracy": [0.98125, 0.9875, 0.984375], "generator_C_I_accuracy": [0.646875, 0.546875]}
{"fit": "n3_hidden_both_correct", "epoch": 5, "native_e_C_I_accuracy": [0.99375, 0.996875, 0.99375], "generator_C_I_accuracy": [0.375, 0.25625]}
{"fit": "n3_hidden_both_correct", "epoch": 10, "native_e_C_I_accuracy": [0.99375, 0.996875, 1.0], "generator_C_I_accuracy": [0.521875, 0.21875]}
{"fit": "n3_hidden_both_correct", "epoch": 15, "native_e_C_I_accuracy": [0.99375, 0.996875, 1.0], "generator_C_I_accuracy": [0.521875, 0.278125]}
{"fit": "n3_hidden_both_correct", "epoch": 20, "native_e_C_I_accuracy": [0.99375, 0.996875, 1.0], "generator_C_I_accuracy": [0.596875, 0.2625]}
{"fit": "n3_hidden_both_correct", "epoch": 25, "native_e_C_I_accuracy": [0.99375, 0.996875, 1.0], "generator_C_I_accuracy": [0.596875, 0.284375]}
{"fit": "n3_hidden_both_correct", "epoch": 30, "native_e_C_I_accuracy": [0.99375, 0.996875, 1.0], "generator_C_I_accuracy": [0.590625, 0.271875]}
{"fit": "n3_hidden_both_correct", "epoch": 35, "native_e_C_I_accuracy": [0.99375, 0.996875, 1.0], "generator_C_I_accuracy": [0.584375, 0.303125]}
{"fit": "n3_hidden_both_correct", "epoch": 40, "native_e_C_I_accuracy": [0.99375, 0.996875, 1.0], "generator_C_I_accuracy": [0.60625, 0.3125]}
{"fit": "n3_hidden_both_correct", "epoch": 45, "native_e_C_I_accuracy": [0.99375, 0.99375, 1.0], "generator_C_I_accuracy": [0.575, 0.309375]}
{"fit": "n3_hidden_both_correct", "epoch": 50, "native_e_C_I_accuracy": [0.99375, 0.99375, 1.0], "generator_C_I_accuracy": [0.590625, 0.31875]}
{"fit": "n3_hidden_c_correct_i_wrong", "epoch": 5, "native_e_C_I_accuracy": [0.99375, 0.996875, 0.996875], "generator_C_I_accuracy": [0.371875, 0.246875]}
{"fit": "n3_hidden_c_correct_i_wrong", "epoch": 10, "native_e_C_I_accuracy": [0.99375, 0.996875, 1.0], "generator_C_I_accuracy": [0.54375, 0.209375]}
{"fit": "n3_hidden_c_correct_i_wrong", "epoch": 15, "native_e_C_I_accuracy": [0.99375, 0.996875, 1.0], "generator_C_I_accuracy": [0.5125, 0.271875]}
{"fit": "n3_hidden_c_correct_i_wrong", "epoch": 20, "native_e_C_I_accuracy": [0.99375, 0.996875, 1.0], "generator_C_I_accuracy": [0.5875, 0.26875]}
{"fit": "n3_hidden_c_correct_i_wrong", "epoch": 25, "native_e_C_I_accuracy": [0.99375, 0.996875, 1.0], "generator_C_I_accuracy": [0.609375, 0.28125]}
{"fit": "n3_hidden_c_correct_i_wrong", "epoch": 30, "native_e_C_I_accuracy": [0.996875, 0.996875, 1.0], "generator_C_I_accuracy": [0.59375, 0.28125]}
{"fit": "n3_hidden_c_correct_i_wrong", "epoch": 35, "native_e_C_I_accuracy": [0.99375, 0.996875, 1.0], "generator_C_I_accuracy": [0.603125, 0.303125]}
{"fit": "n3_hidden_c_correct_i_wrong", "epoch": 40, "native_e_C_I_accuracy": [0.99375, 0.996875, 1.0], "generator_C_I_accuracy": [0.60625, 0.309375]}
{"fit": "n3_hidden_c_correct_i_wrong", "epoch": 45, "native_e_C_I_accuracy": [0.99375, 0.996875, 1.0], "generator_C_I_accuracy": [0.584375, 0.3125]}
{"fit": "n3_hidden_c_correct_i_wrong", "epoch": 50, "native_e_C_I_accuracy": [0.99375, 0.996875, 1.0], "generator_C_I_accuracy": [0.60625, 0.315625]}
{"fit": "n3_hidden_c_wrong_i_correct", "epoch": 5, "native_e_C_I_accuracy": [0.99375, 0.99375, 0.996875], "generator_C_I_accuracy": [0.353125, 0.246875]}
{"fit": "n3_hidden_c_wrong_i_correct", "epoch": 10, "native_e_C_I_accuracy": [0.99375, 0.996875, 1.0], "generator_C_I_accuracy": [0.525, 0.225]}
{"fit": "n3_hidden_c_wrong_i_correct", "epoch": 15, "native_e_C_I_accuracy": [0.99375, 0.996875, 1.0], "generator_C_I_accuracy": [0.528125, 0.26875]}
{"fit": "n3_hidden_c_wrong_i_correct", "epoch": 20, "native_e_C_I_accuracy": [0.99375, 0.996875, 1.0], "generator_C_I_accuracy": [0.603125, 0.271875]}
{"fit": "n3_hidden_c_wrong_i_correct", "epoch": 25, "native_e_C_I_accuracy": [0.99375, 0.996875, 1.0], "generator_C_I_accuracy": [0.5875, 0.271875]}
{"fit": "n3_hidden_c_wrong_i_correct", "epoch": 30, "native_e_C_I_accuracy": [0.99375, 0.996875, 1.0], "generator_C_I_accuracy": [0.603125, 0.3]}
{"fit": "n3_hidden_c_wrong_i_correct", "epoch": 35, "native_e_C_I_accuracy": [0.996875, 0.996875, 1.0], "generator_C_I_accuracy": [0.59375, 0.31875]}
{"fit": "n3_hidden_c_wrong_i_correct", "epoch": 40, "native_e_C_I_accuracy": [0.99375, 0.996875, 1.0], "generator_C_I_accuracy": [0.603125, 0.325]}
{"fit": "n3_hidden_c_wrong_i_correct", "epoch": 45, "native_e_C_I_accuracy": [0.99375, 0.996875, 0.996875], "generator_C_I_accuracy": [0.58125, 0.284375]}
{"fit": "n3_hidden_c_wrong_i_correct", "epoch": 50, "native_e_C_I_accuracy": [0.99375, 0.996875, 0.996875], "generator_C_I_accuracy": [0.609375, 0.315625]}
{"fit": "n3_hidden_both_wrong", "epoch": 5, "native_e_C_I_accuracy": [0.99375, 0.99375, 0.996875], "generator_C_I_accuracy": [0.359375, 0.25]}
{"fit": "n3_hidden_both_wrong", "epoch": 10, "native_e_C_I_accuracy": [0.99375, 0.996875, 1.0], "generator_C_I_accuracy": [0.5375, 0.2125]}
{"fit": "n3_hidden_both_wrong", "epoch": 15, "native_e_C_I_accuracy": [0.99375, 0.996875, 1.0], "generator_C_I_accuracy": [0.53125, 0.271875]}
{"fit": "n3_hidden_both_wrong", "epoch": 20, "native_e_C_I_accuracy": [0.99375, 0.996875, 1.0], "generator_C_I_accuracy": [0.590625, 0.265625]}
{"fit": "n3_hidden_both_wrong", "epoch": 25, "native_e_C_I_accuracy": [0.99375, 0.996875, 1.0], "generator_C_I_accuracy": [0.609375, 0.28125]}
{"fit": "n3_hidden_both_wrong", "epoch": 30, "native_e_C_I_accuracy": [0.99375, 0.996875, 1.0], "generator_C_I_accuracy": [0.578125, 0.284375]}
{"fit": "n3_hidden_both_wrong", "epoch": 35, "native_e_C_I_accuracy": [0.99375, 0.996875, 1.0], "generator_C_I_accuracy": [0.575, 0.3125]}
{"fit": "n3_hidden_both_wrong", "epoch": 40, "native_e_C_I_accuracy": [0.99375, 0.996875, 1.0], "generator_C_I_accuracy": [0.590625, 0.33125]}
{"fit": "n3_hidden_both_wrong", "epoch": 45, "native_e_C_I_accuracy": [0.99375, 0.996875, 1.0], "generator_C_I_accuracy": [0.571875, 0.309375]}
{"fit": "n3_hidden_both_wrong", "epoch": 50, "native_e_C_I_accuracy": [0.99375, 0.996875, 1.0], "generator_C_I_accuracy": [0.58125, 0.315625]}
{"fit": "n4_hidden_both_correct", "epoch": 5, "native_e_C_I_accuracy": [0.990625, 0.9875, 0.98125], "generator_C_I_accuracy": [0.33125, 0.2625]}
{"fit": "n4_hidden_both_correct", "epoch": 10, "native_e_C_I_accuracy": [0.99375, 0.98125, 0.990625], "generator_C_I_accuracy": [0.5, 0.35]}
{"fit": "n4_hidden_both_correct", "epoch": 15, "native_e_C_I_accuracy": [0.99375, 0.984375, 0.99375], "generator_C_I_accuracy": [0.55, 0.4375]}
{"fit": "n4_hidden_both_correct", "epoch": 20, "native_e_C_I_accuracy": [0.996875, 0.990625, 0.99375], "generator_C_I_accuracy": [0.571875, 0.471875]}
{"fit": "n4_hidden_both_correct", "epoch": 25, "native_e_C_I_accuracy": [0.996875, 0.990625, 0.990625], "generator_C_I_accuracy": [0.59375, 0.515625]}
{"fit": "n4_hidden_both_correct", "epoch": 30, "native_e_C_I_accuracy": [0.996875, 0.990625, 0.990625], "generator_C_I_accuracy": [0.590625, 0.5]}
{"fit": "n4_hidden_both_correct", "epoch": 35, "native_e_C_I_accuracy": [0.99375, 0.9875, 0.990625], "generator_C_I_accuracy": [0.6125, 0.515625]}
{"fit": "n4_hidden_both_correct", "epoch": 40, "native_e_C_I_accuracy": [0.990625, 0.9875, 0.990625], "generator_C_I_accuracy": [0.609375, 0.525]}
{"fit": "n4_hidden_both_correct", "epoch": 45, "native_e_C_I_accuracy": [0.990625, 0.9875, 0.990625], "generator_C_I_accuracy": [0.6, 0.54375]}
{"fit": "n4_hidden_both_correct", "epoch": 50, "native_e_C_I_accuracy": [0.990625, 0.9875, 0.990625], "generator_C_I_accuracy": [0.646875, 0.5375]}
{"fit": "n4_hidden_c_correct_i_wrong", "epoch": 5, "native_e_C_I_accuracy": [0.990625, 0.9875, 0.98125], "generator_C_I_accuracy": [0.325, 0.2625]}
{"fit": "n4_hidden_c_correct_i_wrong", "epoch": 10, "native_e_C_I_accuracy": [0.99375, 0.9875, 0.99375], "generator_C_I_accuracy": [0.503125, 0.3375]}
{"fit": "n4_hidden_c_correct_i_wrong", "epoch": 15, "native_e_C_I_accuracy": [0.99375, 0.984375, 1.0], "generator_C_I_accuracy": [0.546875, 0.4125]}
{"fit": "n4_hidden_c_correct_i_wrong", "epoch": 20, "native_e_C_I_accuracy": [0.99375, 0.990625, 0.99375], "generator_C_I_accuracy": [0.571875, 0.48125]}
{"fit": "n4_hidden_c_correct_i_wrong", "epoch": 25, "native_e_C_I_accuracy": [0.996875, 0.990625, 0.99375], "generator_C_I_accuracy": [0.6, 0.5]}
{"fit": "n4_hidden_c_correct_i_wrong", "epoch": 30, "native_e_C_I_accuracy": [0.996875, 0.9875, 0.996875], "generator_C_I_accuracy": [0.596875, 0.496875]}
{"fit": "n4_hidden_c_correct_i_wrong", "epoch": 35, "native_e_C_I_accuracy": [0.9875, 0.984375, 0.99375], "generator_C_I_accuracy": [0.621875, 0.534375]}
{"fit": "n4_hidden_c_correct_i_wrong", "epoch": 40, "native_e_C_I_accuracy": [0.9875, 0.984375, 0.99375], "generator_C_I_accuracy": [0.603125, 0.528125]}
{"fit": "n4_hidden_c_correct_i_wrong", "epoch": 45, "native_e_C_I_accuracy": [0.9875, 0.9875, 0.99375], "generator_C_I_accuracy": [0.60625, 0.55]}
{"fit": "n4_hidden_c_correct_i_wrong", "epoch": 50, "native_e_C_I_accuracy": [0.9875, 0.9875, 0.99375], "generator_C_I_accuracy": [0.646875, 0.55625]}
{"fit": "n4_hidden_c_wrong_i_correct", "epoch": 5, "native_e_C_I_accuracy": [0.990625, 0.9875, 0.984375], "generator_C_I_accuracy": [0.328125, 0.2625]}
{"fit": "n4_hidden_c_wrong_i_correct", "epoch": 10, "native_e_C_I_accuracy": [0.99375, 0.98125, 0.99375], "generator_C_I_accuracy": [0.496875, 0.340625]}
{"fit": "n4_hidden_c_wrong_i_correct", "epoch": 15, "native_e_C_I_accuracy": [0.99375, 0.9875, 0.99375], "generator_C_I_accuracy": [0.553125, 0.425]}
{"fit": "n4_hidden_c_wrong_i_correct", "epoch": 20, "native_e_C_I_accuracy": [0.99375, 0.990625, 0.990625], "generator_C_I_accuracy": [0.56875, 0.475]}
{"fit": "n4_hidden_c_wrong_i_correct", "epoch": 25, "native_e_C_I_accuracy": [0.996875, 0.990625, 0.990625], "generator_C_I_accuracy": [0.584375, 0.5125]}
{"fit": "n4_hidden_c_wrong_i_correct", "epoch": 30, "native_e_C_I_accuracy": [1.0, 0.990625, 0.99375], "generator_C_I_accuracy": [0.590625, 0.5]}
{"fit": "n4_hidden_c_wrong_i_correct", "epoch": 35, "native_e_C_I_accuracy": [1.0, 0.990625, 0.9875], "generator_C_I_accuracy": [0.628125, 0.53125]}
{"fit": "n4_hidden_c_wrong_i_correct", "epoch": 40, "native_e_C_I_accuracy": [0.99375, 0.990625, 0.990625], "generator_C_I_accuracy": [0.621875, 0.540625]}
{"fit": "n4_hidden_c_wrong_i_correct", "epoch": 45, "native_e_C_I_accuracy": [0.990625, 0.9875, 0.990625], "generator_C_I_accuracy": [0.63125, 0.55]}
{"fit": "n4_hidden_c_wrong_i_correct", "epoch": 50, "native_e_C_I_accuracy": [0.9875, 0.9875, 0.990625], "generator_C_I_accuracy": [0.653125, 0.55]}
{"fit": "n4_hidden_both_wrong", "epoch": 5, "native_e_C_I_accuracy": [0.990625, 0.9875, 0.98125], "generator_C_I_accuracy": [0.328125, 0.2625]}
{"fit": "n4_hidden_both_wrong", "epoch": 10, "native_e_C_I_accuracy": [0.99375, 0.984375, 0.99375], "generator_C_I_accuracy": [0.496875, 0.353125]}
{"fit": "n4_hidden_both_wrong", "epoch": 15, "native_e_C_I_accuracy": [0.99375, 0.990625, 0.996875], "generator_C_I_accuracy": [0.55625, 0.409375]}
{"fit": "n4_hidden_both_wrong", "epoch": 20, "native_e_C_I_accuracy": [0.99375, 0.9875, 0.990625], "generator_C_I_accuracy": [0.575, 0.471875]}
{"fit": "n4_hidden_both_wrong", "epoch": 25, "native_e_C_I_accuracy": [0.996875, 0.990625, 0.990625], "generator_C_I_accuracy": [0.603125, 0.50625]}
{"fit": "n4_hidden_both_wrong", "epoch": 30, "native_e_C_I_accuracy": [0.996875, 0.990625, 0.99375], "generator_C_I_accuracy": [0.5875, 0.50625]}
{"fit": "n4_hidden_both_wrong", "epoch": 35, "native_e_C_I_accuracy": [0.99375, 0.990625, 0.990625], "generator_C_I_accuracy": [0.625, 0.53125]}
{"fit": "n4_hidden_both_wrong", "epoch": 40, "native_e_C_I_accuracy": [0.99375, 0.990625, 0.99375], "generator_C_I_accuracy": [0.6125, 0.528125]}
{"fit": "n4_hidden_both_wrong", "epoch": 45, "native_e_C_I_accuracy": [0.9875, 0.9875, 0.990625], "generator_C_I_accuracy": [0.61875, 0.55]}
{"fit": "n4_hidden_both_wrong", "epoch": 50, "native_e_C_I_accuracy": [0.9875, 0.984375, 0.9875], "generator_C_I_accuracy": [0.646875, 0.553125]}
{"fit": "n5_hidden_both_correct", "epoch": 5, "native_e_C_I_accuracy": [1.0, 0.990625, 0.996875], "generator_C_I_accuracy": [0.33125, 0.25]}
{"fit": "n5_hidden_both_correct", "epoch": 10, "native_e_C_I_accuracy": [1.0, 0.990625, 0.99375], "generator_C_I_accuracy": [0.54375, 0.36875]}
{"fit": "n5_hidden_both_correct", "epoch": 15, "native_e_C_I_accuracy": [1.0, 0.9875, 0.996875], "generator_C_I_accuracy": [0.5625, 0.421875]}
{"fit": "n5_hidden_both_correct", "epoch": 20, "native_e_C_I_accuracy": [1.0, 0.98125, 0.996875], "generator_C_I_accuracy": [0.5875, 0.521875]}
{"fit": "n5_hidden_both_correct", "epoch": 25, "native_e_C_I_accuracy": [1.0, 0.984375, 0.99375], "generator_C_I_accuracy": [0.64375, 0.515625]}
{"fit": "n5_hidden_both_correct", "epoch": 30, "native_e_C_I_accuracy": [1.0, 0.984375, 0.990625], "generator_C_I_accuracy": [0.646875, 0.58125]}
{"fit": "n5_hidden_both_correct", "epoch": 35, "native_e_C_I_accuracy": [1.0, 0.984375, 0.99375], "generator_C_I_accuracy": [0.646875, 0.575]}
{"fit": "n5_hidden_both_correct", "epoch": 40, "native_e_C_I_accuracy": [1.0, 0.984375, 0.990625], "generator_C_I_accuracy": [0.671875, 0.61875]}
{"fit": "n5_hidden_both_correct", "epoch": 45, "native_e_C_I_accuracy": [1.0, 0.9875, 0.990625], "generator_C_I_accuracy": [0.6875, 0.615625]}
{"fit": "n5_hidden_both_correct", "epoch": 50, "native_e_C_I_accuracy": [1.0, 0.9875, 0.990625], "generator_C_I_accuracy": [0.68125, 0.590625]}
{"fit": "n5_hidden_c_correct_i_wrong", "epoch": 5, "native_e_C_I_accuracy": [1.0, 0.990625, 0.996875], "generator_C_I_accuracy": [0.33125, 0.253125]}
{"fit": "n5_hidden_c_correct_i_wrong", "epoch": 10, "native_e_C_I_accuracy": [1.0, 0.984375, 0.990625], "generator_C_I_accuracy": [0.5375, 0.375]}
{"fit": "n5_hidden_c_correct_i_wrong", "epoch": 15, "native_e_C_I_accuracy": [1.0, 0.984375, 0.996875], "generator_C_I_accuracy": [0.5625, 0.425]}
{"fit": "n5_hidden_c_correct_i_wrong", "epoch": 20, "native_e_C_I_accuracy": [0.996875, 0.98125, 0.996875], "generator_C_I_accuracy": [0.596875, 0.5]}
{"fit": "n5_hidden_c_correct_i_wrong", "epoch": 25, "native_e_C_I_accuracy": [0.996875, 0.984375, 0.99375], "generator_C_I_accuracy": [0.61875, 0.528125]}
{"fit": "n5_hidden_c_correct_i_wrong", "epoch": 30, "native_e_C_I_accuracy": [1.0, 0.98125, 0.99375], "generator_C_I_accuracy": [0.628125, 0.559375]}
{"fit": "n5_hidden_c_correct_i_wrong", "epoch": 35, "native_e_C_I_accuracy": [1.0, 0.98125, 0.99375], "generator_C_I_accuracy": [0.646875, 0.571875]}
{"fit": "n5_hidden_c_correct_i_wrong", "epoch": 40, "native_e_C_I_accuracy": [1.0, 0.98125, 0.99375], "generator_C_I_accuracy": [0.65625, 0.6125]}
{"fit": "n5_hidden_c_correct_i_wrong", "epoch": 45, "native_e_C_I_accuracy": [1.0, 0.98125, 0.99375], "generator_C_I_accuracy": [0.684375, 0.625]}
{"fit": "n5_hidden_c_correct_i_wrong", "epoch": 50, "native_e_C_I_accuracy": [0.996875, 0.98125, 0.99375], "generator_C_I_accuracy": [0.675, 0.575]}
{"fit": "n5_hidden_c_wrong_i_correct", "epoch": 5, "native_e_C_I_accuracy": [1.0, 0.990625, 0.996875], "generator_C_I_accuracy": [0.346875, 0.25625]}
{"fit": "n5_hidden_c_wrong_i_correct", "epoch": 10, "native_e_C_I_accuracy": [0.996875, 0.990625, 0.990625], "generator_C_I_accuracy": [0.540625, 0.3625]}
{"fit": "n5_hidden_c_wrong_i_correct", "epoch": 15, "native_e_C_I_accuracy": [1.0, 0.9875, 0.996875], "generator_C_I_accuracy": [0.58125, 0.434375]}
{"fit": "n5_hidden_c_wrong_i_correct", "epoch": 20, "native_e_C_I_accuracy": [1.0, 0.98125, 0.996875], "generator_C_I_accuracy": [0.6, 0.51875]}
{"fit": "n5_hidden_c_wrong_i_correct", "epoch": 25, "native_e_C_I_accuracy": [0.996875, 0.984375, 0.990625], "generator_C_I_accuracy": [0.63125, 0.528125]}
{"fit": "n5_hidden_c_wrong_i_correct", "epoch": 30, "native_e_C_I_accuracy": [0.996875, 0.984375, 0.99375], "generator_C_I_accuracy": [0.646875, 0.584375]}
{"fit": "n5_hidden_c_wrong_i_correct", "epoch": 35, "native_e_C_I_accuracy": [0.996875, 0.98125, 0.99375], "generator_C_I_accuracy": [0.6375, 0.584375]}
{"fit": "n5_hidden_c_wrong_i_correct", "epoch": 40, "native_e_C_I_accuracy": [0.996875, 0.98125, 0.990625], "generator_C_I_accuracy": [0.66875, 0.615625]}
{"fit": "n5_hidden_c_wrong_i_correct", "epoch": 45, "native_e_C_I_accuracy": [0.996875, 0.98125, 0.990625], "generator_C_I_accuracy": [0.6875, 0.63125]}
{"fit": "n5_hidden_c_wrong_i_correct", "epoch": 50, "native_e_C_I_accuracy": [0.996875, 0.98125, 0.990625], "generator_C_I_accuracy": [0.684375, 0.590625]}
{"fit": "n5_hidden_both_wrong", "epoch": 5, "native_e_C_I_accuracy": [1.0, 0.990625, 0.996875], "generator_C_I_accuracy": [0.34375, 0.25625]}
{"fit": "n5_hidden_both_wrong", "epoch": 10, "native_e_C_I_accuracy": [1.0, 0.9875, 0.99375], "generator_C_I_accuracy": [0.525, 0.365625]}
{"fit": "n5_hidden_both_wrong", "epoch": 15, "native_e_C_I_accuracy": [1.0, 0.9875, 0.996875], "generator_C_I_accuracy": [0.575, 0.425]}
{"fit": "n5_hidden_both_wrong", "epoch": 20, "native_e_C_I_accuracy": [1.0, 0.98125, 0.996875], "generator_C_I_accuracy": [0.590625, 0.51875]}
{"fit": "n5_hidden_both_wrong", "epoch": 25, "native_e_C_I_accuracy": [1.0, 0.984375, 0.990625], "generator_C_I_accuracy": [0.6375, 0.51875]}
{"fit": "n5_hidden_both_wrong", "epoch": 30, "native_e_C_I_accuracy": [1.0, 0.984375, 0.990625], "generator_C_I_accuracy": [0.646875, 0.590625]}
{"fit": "n5_hidden_both_wrong", "epoch": 35, "native_e_C_I_accuracy": [1.0, 0.98125, 0.990625], "generator_C_I_accuracy": [0.65625, 0.575]}
{"fit": "n5_hidden_both_wrong", "epoch": 40, "native_e_C_I_accuracy": [1.0, 0.98125, 0.990625], "generator_C_I_accuracy": [0.675, 0.61875]}
{"fit": "n5_hidden_both_wrong", "epoch": 45, "native_e_C_I_accuracy": [1.0, 0.98125, 0.990625], "generator_C_I_accuracy": [0.69375, 0.628125]}
{"fit": "n5_hidden_both_wrong", "epoch": 50, "native_e_C_I_accuracy": [0.996875, 0.98125, 0.9875], "generator_C_I_accuracy": [0.684375, 0.59375]}
