{"id": "n0", "path": "results/two_step_relation_coverage_confirmation/dataset/n0/support/dataset.npz", "sha256": "87456c5f13c5a2afb2356a6d05d47d1f2c9d22bc8d80a56f2e809b9d7c6dbe91", "pairings_sha256": "552945d4deeae113ffadf7889c0a24baf0f46f442c8554a4a505069666f04d76", "fit_anchors": 40960, "eligible_anchors": 40290, "eligible_by_length": {"12": 8113, "15": 8082, "20": 8069, "25": 8020, "30": 8006}}
{"id": "n1", "path": "results/two_step_relation_coverage_confirmation/dataset/n1/support/dataset.npz", "sha256": "bd00ff455254e22017fb9704fcc121cf0a8e4abee8de55f163cee0053c23a419", "pairings_sha256": "ce0e97a19bf27b29add50f73475d1560c030f6cd589bc617cbdc49ab4b58e917", "fit_anchors": 40960, "eligible_anchors": 40282, "eligible_by_length": {"12": 8122, "15": 8099, "20": 8065, "25": 8016, "30": 7980}}
{"id": "n2", "path": "results/two_step_relation_coverage_confirmation/dataset/n2/support/dataset.npz", "sha256": "c00f59b346b62bb4cd00045b5f0dfe3d343b24821b4cf02e50e8236c75f51a07", "pairings_sha256": "fc5a1c016922cb2452208e2102785230da32e22ba50a4d4a6c21e29858c69383", "fit_anchors": 40960, "eligible_anchors": 40285, "eligible_by_length": {"12": 8121, "15": 8101, "20": 8051, "25": 8014, "30": 7998}}
{"id": "n3", "path": "results/two_step_relation_coverage_confirmation/dataset/n3/support/dataset.npz", "sha256": "91cb10b502e274ed1a6481a515f6e22440e74a3cfb517528a2f7e34485a1392f", "pairings_sha256": "efd670c3d375c6612a29c0b69bde8676338b7c19bc72aef7c802b3a6779253d2", "fit_anchors": 40960, "eligible_anchors": 40316, "eligible_by_length": {"12": 8132, "15": 8096, "20": 8080, "25": 8030, "30": 7978}}
{"id": "n4", "path": "results/two_step_relation_coverage_confirmation/dataset/n4/support/dataset.npz", "sha256": "25e8e420499557a7e2c258fc48216b46e5599bf1bd0cf1f9e6bf8b2c355ca92a", "pairings_sha256": "c8fefaddac47a6349a012984b87fd93b247bc1fbd095aedf7ff621389b6d1a8c", "fit_anchors": 40960, "eligible_anchors": 40287, "eligible_by_length": {"12": 8124, "15": 8095, "20": 8053, "25": 8020, "30": 7995}}
{"id": "n5", "path": "results/two_step_relation_coverage_confirmation/dataset/n5/support/dataset.npz", "sha256": "d364a11eafe13caed9e247ef1acc5b3c6fd839610817106e32f26e89a9943182", "pairings_sha256": "33f9677ad314059ad28d5be423f1a4ebbd45e85063e315a7a05d717d389afe4f", "fit_anchors": 40960, "eligible_anchors": 40271, "eligible_by_length": {"12": 8134, "15": 8093, "20": 8038, "25": 8002, "30": 8004}}
{"support_features": "n0", "visible_accuracy": [0.9984375, 0.99921875, 0.999609375]}
{"support_features": "n1", "visible_accuracy": [0.99765625, 0.998046875, 0.99765625]}
{"support_features": "n2", "visible_accuracy": [0.999609375, 0.999609375, 0.998828125]}
{"support_features": "n3", "visible_accuracy": [0.998828125, 0.9984375, 1.0]}
{"support_features": "n4", "visible_accuracy": [0.9984375, 0.996875, 0.997265625]}
{"support_features": "n5", "visible_accuracy": [0.99921875, 0.999609375, 0.999609375]}
{"fit": "n0_hidden_both_correct", "epoch": 5, "native_e_C_I_accuracy": [0.998046875, 0.994140625, 0.9984375], "generator_C_I_accuracy": [0.981640625, 0.83359375]}
{"fit": "n0_hidden_both_correct", "epoch": 10, "native_e_C_I_accuracy": [1.0, 0.998828125, 0.99921875], "generator_C_I_accuracy": [0.99453125, 0.943359375]}
{"fit": "n0_hidden_c_correct_i_wrong", "epoch": 5, "native_e_C_I_accuracy": [0.99921875, 0.996484375, 0.999609375], "generator_C_I_accuracy": [0.965625, 0.762109375]}
{"fit": "n0_hidden_c_correct_i_wrong", "epoch": 10, "native_e_C_I_accuracy": [0.999609375, 0.99765625, 0.998828125], "generator_C_I_accuracy": [0.99296875, 0.943359375]}
{"fit": "n0_hidden_c_wrong_i_correct", "epoch": 5, "native_e_C_I_accuracy": [0.997265625, 0.99609375, 0.998828125], "generator_C_I_accuracy": [0.975390625, 0.7640625]}
{"fit": "n0_hidden_c_wrong_i_correct", "epoch": 10, "native_e_C_I_accuracy": [0.999609375, 0.998828125, 0.998828125], "generator_C_I_accuracy": [0.983203125, 0.93203125]}
{"fit": "n0_hidden_both_wrong", "epoch": 5, "native_e_C_I_accuracy": [0.9984375, 0.995703125, 0.9984375], "generator_C_I_accuracy": [0.9578125, 0.841796875]}
{"fit": "n0_hidden_both_wrong", "epoch": 10, "native_e_C_I_accuracy": [0.999609375, 0.99765625, 0.999609375], "generator_C_I_accuracy": [0.958203125, 0.938671875]}
{"fit": "n1_hidden_both_correct", "epoch": 5, "native_e_C_I_accuracy": [0.973828125, 0.969140625, 0.96953125], "generator_C_I_accuracy": [0.935546875, 0.78515625]}
{"fit": "n1_hidden_both_correct", "epoch": 10, "native_e_C_I_accuracy": [1.0, 0.99765625, 0.998046875], "generator_C_I_accuracy": [0.994140625, 0.920703125]}
{"fit": "n1_hidden_c_correct_i_wrong", "epoch": 5, "native_e_C_I_accuracy": [0.964453125, 0.944140625, 0.9421875], "generator_C_I_accuracy": [0.9546875, 0.77734375]}
{"fit": "n1_hidden_c_correct_i_wrong", "epoch": 10, "native_e_C_I_accuracy": [0.998046875, 0.998828125, 0.9984375], "generator_C_I_accuracy": [0.992578125, 0.9234375]}
{"fit": "n1_hidden_c_wrong_i_correct", "epoch": 5, "native_e_C_I_accuracy": [0.986328125, 0.98359375, 0.98203125], "generator_C_I_accuracy": [0.921875, 0.706640625]}
{"fit": "n1_hidden_c_wrong_i_correct", "epoch": 10, "native_e_C_I_accuracy": [0.998828125, 0.998046875, 0.99765625], "generator_C_I_accuracy": [0.991796875, 0.906640625]}
{"fit": "n1_hidden_both_wrong", "epoch": 5, "native_e_C_I_accuracy": [0.9875, 0.98125, 0.983984375], "generator_C_I_accuracy": [0.959765625, 0.68515625]}
{"fit": "n1_hidden_both_wrong", "epoch": 10, "native_e_C_I_accuracy": [0.998046875, 0.998046875, 0.998046875], "generator_C_I_accuracy": [0.994921875, 0.905078125]}
{"fit": "n2_hidden_both_correct", "epoch": 5, "native_e_C_I_accuracy": [0.99765625, 0.998046875, 0.9984375], "generator_C_I_accuracy": [0.942578125, 0.75390625]}
{"fit": "n2_hidden_both_correct", "epoch": 10, "native_e_C_I_accuracy": [0.99765625, 0.99921875, 0.999609375], "generator_C_I_accuracy": [0.980078125, 0.851171875]}
{"fit": "n2_hidden_c_correct_i_wrong", "epoch": 5, "native_e_C_I_accuracy": [0.99453125, 0.995703125, 0.996875], "generator_C_I_accuracy": [0.95078125, 0.7546875]}
{"fit": "n2_hidden_c_correct_i_wrong", "epoch": 10, "native_e_C_I_accuracy": [0.99921875, 0.99921875, 0.999609375], "generator_C_I_accuracy": [0.99375, 0.914453125]}
{"fit": "n2_hidden_c_wrong_i_correct", "epoch": 5, "native_e_C_I_accuracy": [0.99765625, 0.996875, 0.998046875], "generator_C_I_accuracy": [0.969921875, 0.82890625]}
{"fit": "n2_hidden_c_wrong_i_correct", "epoch": 10, "native_e_C_I_accuracy": [0.9984375, 0.999609375, 0.9984375], "generator_C_I_accuracy": [0.992578125, 0.903515625]}
{"fit": "n2_hidden_both_wrong", "epoch": 5, "native_e_C_I_accuracy": [0.997265625, 0.997265625, 0.99765625], "generator_C_I_accuracy": [0.94453125, 0.78125]}
{"fit": "n2_hidden_both_wrong", "epoch": 10, "native_e_C_I_accuracy": [0.99921875, 0.99921875, 0.99921875], "generator_C_I_accuracy": [0.99375, 0.834375]}
{"fit": "n3_hidden_both_correct", "epoch": 5, "native_e_C_I_accuracy": [0.997265625, 0.997265625, 0.998046875], "generator_C_I_accuracy": [0.98515625, 0.840234375]}
{"fit": "n3_hidden_both_correct", "epoch": 10, "native_e_C_I_accuracy": [0.998828125, 0.998046875, 0.998828125], "generator_C_I_accuracy": [0.985546875, 0.903515625]}
{"fit": "n3_hidden_c_correct_i_wrong", "epoch": 5, "native_e_C_I_accuracy": [0.9984375, 0.99609375, 0.997265625], "generator_C_I_accuracy": [0.9875, 0.8171875]}
{"fit": "n3_hidden_c_correct_i_wrong", "epoch": 10, "native_e_C_I_accuracy": [0.997265625, 0.99765625, 0.997265625], "generator_C_I_accuracy": [0.987109375, 0.917578125]}
{"fit": "n3_hidden_c_wrong_i_correct", "epoch": 5, "native_e_C_I_accuracy": [0.997265625, 0.9953125, 0.998046875], "generator_C_I_accuracy": [0.980078125, 0.804296875]}
{"fit": "n3_hidden_c_wrong_i_correct", "epoch": 10, "native_e_C_I_accuracy": [0.998046875, 0.996875, 0.998046875], "generator_C_I_accuracy": [0.983984375, 0.925]}
{"fit": "n3_hidden_both_wrong", "epoch": 5, "native_e_C_I_accuracy": [0.99296875, 0.991015625, 0.99375], "generator_C_I_accuracy": [0.989453125, 0.810546875]}
{"fit": "n3_hidden_both_wrong", "epoch": 10, "native_e_C_I_accuracy": [0.998046875, 0.99765625, 0.99921875], "generator_C_I_accuracy": [0.991796875, 0.91015625]}
{"fit": "n4_hidden_both_correct", "epoch": 5, "native_e_C_I_accuracy": [0.991796875, 0.990625, 0.990625], "generator_C_I_accuracy": [0.974609375, 0.7765625]}
{"fit": "n4_hidden_both_correct", "epoch": 10, "native_e_C_I_accuracy": [0.998046875, 0.996484375, 0.9984375], "generator_C_I_accuracy": [0.989453125, 0.90859375]}
{"fit": "n4_hidden_c_correct_i_wrong", "epoch": 5, "native_e_C_I_accuracy": [0.990625, 0.9890625, 0.990234375], "generator_C_I_accuracy": [0.98046875, 0.787890625]}
{"fit": "n4_hidden_c_correct_i_wrong", "epoch": 10, "native_e_C_I_accuracy": [0.994140625, 0.994921875, 0.99609375], "generator_C_I_accuracy": [0.9875, 0.819921875]}
{"fit": "n4_hidden_c_wrong_i_correct", "epoch": 5, "native_e_C_I_accuracy": [0.994140625, 0.99453125, 0.9953125], "generator_C_I_accuracy": [0.959765625, 0.769140625]}
{"fit": "n4_hidden_c_wrong_i_correct", "epoch": 10, "native_e_C_I_accuracy": [0.998046875, 0.995703125, 0.99765625], "generator_C_I_accuracy": [0.971484375, 0.908203125]}
{"fit": "n4_hidden_both_wrong", "epoch": 5, "native_e_C_I_accuracy": [0.98515625, 0.981640625, 0.98671875], "generator_C_I_accuracy": [0.97578125, 0.812109375]}
{"fit": "n4_hidden_both_wrong", "epoch": 10, "native_e_C_I_accuracy": [0.997265625, 0.994140625, 0.994140625], "generator_C_I_accuracy": [0.975, 0.83515625]}
{"fit": "n5_hidden_both_correct", "epoch": 5, "native_e_C_I_accuracy": [0.9953125, 0.99453125, 0.994921875], "generator_C_I_accuracy": [0.9703125, 0.7203125]}
{"fit": "n5_hidden_both_correct", "epoch": 10, "native_e_C_I_accuracy": [0.998046875, 0.998046875, 0.99921875], "generator_C_I_accuracy": [0.991796875, 0.8625]}
{"fit": "n5_hidden_c_correct_i_wrong", "epoch": 5, "native_e_C_I_accuracy": [0.998046875, 0.998046875, 0.99921875], "generator_C_I_accuracy": [0.95859375, 0.75234375]}
{"fit": "n5_hidden_c_correct_i_wrong", "epoch": 10, "native_e_C_I_accuracy": [0.999609375, 0.998828125, 0.99921875], "generator_C_I_accuracy": [0.9859375, 0.9015625]}
{"fit": "n5_hidden_c_wrong_i_correct", "epoch": 5, "native_e_C_I_accuracy": [0.99609375, 0.996875, 0.997265625], "generator_C_I_accuracy": [0.956640625, 0.616015625]}
{"fit": "n5_hidden_c_wrong_i_correct", "epoch": 10, "native_e_C_I_accuracy": [0.998828125, 0.99765625, 0.999609375], "generator_C_I_accuracy": [0.9859375, 0.860546875]}
{"fit": "n5_hidden_both_wrong", "epoch": 5, "native_e_C_I_accuracy": [0.99765625, 0.997265625, 0.996875], "generator_C_I_accuracy": [0.98203125, 0.601953125]}
{"fit": "n5_hidden_both_wrong", "epoch": 10, "native_e_C_I_accuracy": [0.998046875, 0.99765625, 0.998828125], "generator_C_I_accuracy": [0.9921875, 0.899609375]}
{"status": "complete", "completed_utc": "2026-10-07T15:27:10.982447+00:00", "independent_condition_means": 48, "independent_paired_contrasts": 48, "multinomial_bootstrap_intervals": 96, "independent_schedules_and_exact_marginal_exposures": 6, "all24_fits_completed_before_test_opened": true, "summary_sha256": "c5cf9b524f1b3e45406daddfb8a0c6ebad64d2ee43cec6c696483a9693190c3d", "verifier_sha256": "364c6bfb75db72573fbdfbf15290edc15f0c071b8350e3b3f8f676b93ef6afed"}
