{"verified_control": "results/relation_observed_start/evaluations/shuffled_relations_s5081.json"}
{"verified_control": "results/relation_observed_start/evaluations/correct_relations_s10141.json"}
{"verified_control": "results/relation_observed_start/evaluations/correct_relations_s11159.json"}
{"verified_control": "results/relation_observed_start/evaluations/ordinary_s5081.json"}
{"verified_control": "results/relation_observed_start/evaluations/ordinary_s11159.json"}
{"verified_control": "results/relation_observed_start/evaluations/correct_relations_s12163.json"}
{"verified_control": "results/relation_observed_start/evaluations/shuffled_relations_s11159.json"}
{"verified_control": "results/relation_observed_start/evaluations/shuffled_relations_s10141.json"}
{"verified_control": "results/relation_observed_start/evaluations/ordinary_s10141.json"}
{"verified_control": "results/relation_observed_start/evaluations/ordinary_s7103.json"}
{"verified_control": "results/relation_observed_start/evaluations/ordinary_s12163.json"}
{"verified_control": "results/relation_observed_start/evaluations/correct_relations_s7103.json"}
{"verified_control": "results/relation_observed_start/evaluations/ordinary_s13171.json"}
{"verified_control": "results/relation_observed_start/evaluations/shuffled_relations_s8111.json"}
{"verified_control": "results/relation_observed_start/evaluations/shuffled_relations_s9127.json"}
{"verified_control": "results/relation_observed_start/evaluations/ordinary_s9127.json"}
{"verified_control": "results/relation_observed_start/evaluations/shuffled_relations_s12163.json"}
{"verified_control": "results/relation_observed_start/evaluations/correct_relations_s8111.json"}
{"verified_control": "results/relation_observed_start/evaluations/correct_relations_s6091.json"}
{"verified_control": "results/relation_observed_start/evaluations/ordinary_s8111.json"}
{"verified_control": "results/relation_observed_start/evaluations/correct_relations_s9127.json"}
{"verified_control": "results/relation_observed_start/evaluations/shuffled_relations_s6091.json"}
{"verified_control": "results/relation_observed_start/evaluations/correct_relations_s5081.json"}
{"verified_control": "results/relation_observed_start/evaluations/shuffled_relations_s7103.json"}
{"verified_control": "results/relation_observed_start/evaluations/ordinary_s6091.json"}
{"verified_control": "results/relation_operator_stability/evaluations/correct_relations_s8111_native_bias_refit.json"}
{"verified_control": "results/relation_operator_stability/evaluations/ordinary_s6091_native_validation_gain_cap.json"}
{"verified_control": "results/relation_operator_stability/evaluations/ordinary_s10141_native_bias_refit.json"}
{"verified_control": "results/relation_operator_stability/evaluations/ordinary_s5081_orthogonal_reflection.json"}
{"verified_control": "results/relation_operator_stability/evaluations/ordinary_s7103_shared_center_affine.json"}
{"verified_control": "results/relation_operator_stability/evaluations/ordinary_s8111_shared_center_affine.json"}
{"verified_control": "results/relation_operator_stability/evaluations/ordinary_s5081_shared_center_affine.json"}
{"verified_control": "results/relation_operator_stability/evaluations/correct_relations_s5081_native_bias_refit.json"}
{"verified_control": "results/relation_operator_stability/evaluations/shuffled_relations_s5081_orthogonal_reflection.json"}
{"verified_control": "results/relation_operator_stability/evaluations/correct_relations_s10141_orthogonal_reflection.json"}
{"verified_control": "results/relation_operator_stability/evaluations/shuffled_relations_s9127_native_bias_refit.json"}
{"verified_control": "results/relation_operator_stability/evaluations/shuffled_relations_s8111_shared_center_affine.json"}
{"verified_control": "results/relation_operator_stability/evaluations/shuffled_relations_s10141_native_bias_refit.json"}
{"verified_control": "results/relation_operator_stability/evaluations/correct_relations_s5081_native_validation_gain_cap.json"}
{"verified_control": "results/relation_operator_stability/evaluations/correct_relations_s11159_shared_center_affine.json"}
{"verified_control": "results/relation_operator_stability/evaluations/ordinary_s10141_native_validation_gain_cap.json"}
{"verified_control": "results/relation_operator_stability/evaluations/shuffled_relations_s5081_shared_center_affine.json"}
{"verified_control": "results/relation_operator_stability/evaluations/correct_relations_s6091_native_validation_gain_cap.json"}
{"verified_control": "results/relation_operator_stability/evaluations/ordinary_s6091_shared_center_affine.json"}
{"verified_control": "results/relation_operator_stability/evaluations/ordinary_s11159_orthogonal_reflection.json"}
{"verified_control": "results/relation_operator_stability/evaluations/shuffled_relations_s7103_shared_center_affine.json"}
{"verified_control": "results/relation_operator_stability/evaluations/ordinary_s8111_native_bias_refit.json"}
{"verified_control": "results/relation_operator_stability/evaluations/ordinary_s7103_native_bias_refit.json"}
{"verified_control": "results/relation_operator_stability/evaluations/shuffled_relations_s5081_native_bias_refit.json"}
{"verified_control": "results/relation_operator_stability/evaluations/shuffled_relations_s5081_native_validation_gain_cap.json"}
{"verified_control": "results/relation_operator_stability/evaluations/ordinary_s9127_orthogonal_reflection.json"}
{"verified_control": "results/relation_operator_stability/evaluations/ordinary_s6091_native_bias_refit.json"}
{"verified_control": "results/relation_operator_stability/evaluations/correct_relations_s5081_orthogonal_reflection.json"}
{"verified_control": "results/relation_operator_stability/evaluations/shuffled_relations_s6091_orthogonal_reflection.json"}
{"verified_control": "results/relation_operator_stability/evaluations/shuffled_relations_s6091_native_bias_refit.json"}
{"verified_control": "results/relation_operator_stability/evaluations/correct_relations_s7103_shared_center_affine.json"}
{"verified_control": "results/relation_operator_stability/evaluations/correct_relations_s11159_native_bias_refit.json"}
{"verified_control": "results/relation_operator_stability/evaluations/correct_relations_s6091_orthogonal_reflection.json"}
{"verified_control": "results/relation_operator_stability/evaluations/ordinary_s9127_native_validation_gain_cap.json"}
{"verified_control": "results/relation_operator_stability/evaluations/correct_relations_s9127_native_bias_refit.json"}
{"verified_control": "results/relation_operator_stability/evaluations/ordinary_s9127_shared_center_affine.json"}
{"verified_control": "results/relation_operator_stability/evaluations/correct_relations_s7103_orthogonal_reflection.json"}
{"verified_control": "results/relation_operator_stability/evaluations/ordinary_s5081_native_validation_gain_cap.json"}
{"verified_control": "results/relation_operator_stability/evaluations/shuffled_relations_s9127_orthogonal_reflection.json"}
{"verified_control": "results/relation_operator_stability/evaluations/correct_relations_s5081_shared_center_affine.json"}
{"verified_control": "results/relation_operator_stability/evaluations/shuffled_relations_s8111_native_validation_gain_cap.json"}
{"verified_control": "results/relation_operator_stability/evaluations/shuffled_relations_s6091_shared_center_affine.json"}
{"verified_control": "results/relation_operator_stability/evaluations/correct_relations_s9127_shared_center_affine.json"}
{"verified_control": "results/relation_operator_stability/evaluations/shuffled_relations_s8111_native_bias_refit.json"}
{"verified_control": "results/relation_operator_stability/evaluations/correct_relations_s11159_orthogonal_reflection.json"}
{"verified_control": "results/relation_operator_stability/evaluations/ordinary_s10141_shared_center_affine.json"}
{"verified_control": "results/relation_operator_stability/evaluations/shuffled_relations_s7103_orthogonal_reflection.json"}
{"verified_control": "results/relation_operator_stability/evaluations/correct_relations_s6091_native_bias_refit.json"}
{"verified_control": "results/relation_operator_stability/evaluations/correct_relations_s8111_orthogonal_reflection.json"}
{"verified_control": "results/relation_operator_stability/evaluations/ordinary_s7103_orthogonal_reflection.json"}
{"verified_control": "results/relation_operator_stability/evaluations/ordinary_s7103_native_validation_gain_cap.json"}
{"verified_control": "results/relation_operator_stability/evaluations/correct_relations_s8111_shared_center_affine.json"}
{"verified_control": "results/relation_operator_stability/evaluations/ordinary_s11159_shared_center_affine.json"}
{"verified_control": "results/relation_operator_stability/evaluations/shuffled_relations_s10141_native_validation_gain_cap.json"}
{"verified_control": "results/relation_operator_stability/evaluations/shuffled_relations_s6091_native_validation_gain_cap.json"}
{"verified_control": "results/relation_operator_stability/evaluations/ordinary_s5081_native_bias_refit.json"}
{"verified_control": "results/relation_operator_stability/evaluations/correct_relations_s10141_native_bias_refit.json"}
{"verified_control": "results/relation_operator_stability/evaluations/ordinary_s10141_orthogonal_reflection.json"}
{"verified_control": "results/relation_operator_stability/evaluations/shuffled_relations_s10141_shared_center_affine.json"}
{"verified_control": "results/relation_operator_stability/evaluations/shuffled_relations_s7103_native_bias_refit.json"}
{"verified_control": "results/relation_operator_stability/evaluations/ordinary_s11159_native_validation_gain_cap.json"}
{"verified_control": "results/relation_operator_stability/evaluations/ordinary_s6091_orthogonal_reflection.json"}
{"verified_control": "results/relation_operator_stability/evaluations/correct_relations_s8111_native_validation_gain_cap.json"}
{"verified_control": "results/relation_operator_stability/evaluations/correct_relations_s7103_native_validation_gain_cap.json"}
{"verified_control": "results/relation_operator_stability/evaluations/correct_relations_s11159_native_validation_gain_cap.json"}
{"verified_control": "results/relation_operator_stability/evaluations/ordinary_s11159_native_bias_refit.json"}
{"verified_control": "results/relation_operator_stability/evaluations/shuffled_relations_s10141_orthogonal_reflection.json"}
{"verified_control": "results/relation_operator_stability/evaluations/ordinary_s9127_native_bias_refit.json"}
{"verified_control": "results/relation_operator_stability/evaluations/correct_relations_s9127_native_validation_gain_cap.json"}
{"verified_control": "results/relation_operator_stability/evaluations/ordinary_s8111_native_validation_gain_cap.json"}
{"verified_control": "results/relation_operator_stability/evaluations/shuffled_relations_s9127_native_validation_gain_cap.json"}
{"verified_control": "results/relation_operator_stability/evaluations/shuffled_relations_s7103_native_validation_gain_cap.json"}
{"verified_control": "results/relation_operator_stability/evaluations/correct_relations_s9127_orthogonal_reflection.json"}
{"verified_control": "results/relation_operator_stability/evaluations/shuffled_relations_s8111_orthogonal_reflection.json"}
{"verified_control": "results/relation_operator_stability/evaluations/correct_relations_s10141_native_validation_gain_cap.json"}
{"verified_control": "results/relation_operator_stability/evaluations/correct_relations_s6091_shared_center_affine.json"}
{"verified_control": "results/relation_operator_stability/evaluations/correct_relations_s10141_shared_center_affine.json"}
{"verified_control": "results/relation_operator_stability/evaluations/shuffled_relations_s9127_shared_center_affine.json"}
{"verified_control": "results/relation_operator_stability/evaluations/correct_relations_s7103_native_bias_refit.json"}
{"verified_control": "results/relation_operator_stability/evaluations/ordinary_s8111_orthogonal_reflection.json"}
{"check": "results/joint_answer_matched_geometry/evaluations/novel_minima_pair_s2027_trained.json", "status": "failed", "error": "AssertionError('\\nNot equal to tolerance rtol=1e-08, atol=0\\n\\nMismatched elements: 1 / 1 (100%)\\nMax absolute difference among violations: 4.45994621e-08\\nMax relative difference among violations: 4.83890648e-08\\n ACTUAL: array(0.921685)\\n DESIRED: array(0.921685)')"}
{"check": "results/joint_answer_matched_geometry/evaluations/novel_records_s4051_trained.json", "status": "failed", "error": "AssertionError('\\nNot equal to tolerance rtol=1e-08, atol=0\\n\\nMismatched elements: 1 / 1 (100%)\\nMax absolute difference among violations: 3.68095182e-08\\nMax relative difference among violations: 4.09272364e-08\\n ACTUAL: array(0.899389)\\n DESIRED: array(0.899389)')"}
{"check": "results/joint_answer_matched_geometry/evaluations/novel_peak_mixed_s2027_trained.json", "status": "failed", "error": "AssertionError('\\nNot equal to tolerance rtol=1e-08, atol=0\\n\\nMismatched elements: 1 / 1 (100%)\\nMax absolute difference among violations: 9.57969448e-09\\nMax relative difference among violations: 1.09518531e-08\\n ACTUAL: array(0.87471)\\n DESIRED: array(0.87471)')"}
{"check": "results/joint_answer_matched_geometry/evaluations/novel_minima_pair_s3037_trained.json", "status": "failed", "error": "AssertionError('\\nNot equal to tolerance rtol=1e-08, atol=0\\n\\nMismatched elements: 1 / 1 (100%)\\nMax absolute difference among violations: 3.93049786e-08\\nMax relative difference among violations: 4.53340903e-08\\n ACTUAL: array(0.867007)\\n DESIRED: array(0.867007)')"}
{"check": "results/joint_answer_matched_geometry/evaluations/novel_minima_pair_s4051_trained.json", "status": "failed", "error": "AssertionError('\\nNot equal to tolerance rtol=1e-08, atol=0\\n\\nMismatched elements: 1 / 1 (100%)\\nMax absolute difference among violations: 1.67397295e-08\\nMax relative difference among violations: 1.94174536e-08\\n ACTUAL: array(0.862097)\\n DESIRED: array(0.862097)')"}
{"check": "results/joint_answer_matched_geometry/evaluations/novel_minima_pair_s3037_random.json", "status": "failed", "error": "AssertionError('\\nNot equal to tolerance rtol=1e-08, atol=0\\n\\nMismatched elements: 1 / 1 (100%)\\nMax absolute difference among violations: 3.72388634e-08\\nMax relative difference among violations: 3.81421623e-08\\n ACTUAL: array(0.976318)\\n DESIRED: array(0.976318)')"}
{"check": "results/joint_answer_matched_geometry/evaluations/novel_minima_pair_s2027_random.json", "status": "failed", "error": "AssertionError('\\nNot equal to tolerance rtol=1e-08, atol=0\\n\\nMismatched elements: 1 / 1 (100%)\\nMax absolute difference among violations: 3.86390288e-08\\nMax relative difference among violations: 3.96596241e-08\\n ACTUAL: array(0.974266)\\n DESIRED: array(0.974266)')"}
{"check": "results/joint_answer_matched_geometry/evaluations/novel_records_s3037_random.json", "status": "failed", "error": "AssertionError('\\nNot equal to tolerance rtol=1e-08, atol=0\\n\\nMismatched elements: 1 / 1 (100%)\\nMax absolute difference among violations: 3.94727739e-08\\nMax relative difference among violations: 4.04254908e-08\\n ACTUAL: array(0.976433)\\n DESIRED: array(0.976433)')"}
{"check": "results/joint_answer_matched_geometry/evaluations/novel_records_s2027_trained.json", "status": "failed", "error": "AssertionError('\\nNot equal to tolerance rtol=1e-08, atol=0\\n\\nMismatched elements: 1 / 1 (100%)\\nMax absolute difference among violations: 3.18277794e-08\\nMax relative difference among violations: 3.49348773e-08\\n ACTUAL: array(0.91106)\\n DESIRED: array(0.91106)')"}
{"check": "results/joint_answer_matched_geometry/evaluations/novel_minima_pair_s4051_random.json", "status": "failed", "error": "AssertionError('\\nNot equal to tolerance rtol=1e-08, atol=0\\n\\nMismatched elements: 1 / 1 (100%)\\nMax absolute difference among violations: 2.38061495e-08\\nMax relative difference among violations: 2.44026201e-08\\n ACTUAL: array(0.975557)\\n DESIRED: array(0.975557)')"}
{"check": "results/joint_answer_matched_geometry/evaluations/novel_records_s3037_trained.json", "status": "failed", "error": "AssertionError('\\nNot equal to tolerance rtol=1e-08, atol=0\\n\\nMismatched elements: 1 / 1 (100%)\\nMax absolute difference among violations: 5.20163232e-08\\nMax relative difference among violations: 5.62129394e-08\\n ACTUAL: array(0.925344)\\n DESIRED: array(0.925344)')"}
{"check": "results/joint_answer_matched_geometry/evaluations/novel_peak_mixed_s2027_random.json", "status": "failed", "error": "AssertionError('\\nNot equal to tolerance rtol=1e-08, atol=0\\n\\nMismatched elements: 1 / 1 (100%)\\nMax absolute difference among violations: 2.27073219e-08\\nMax relative difference among violations: 2.33069953e-08\\n ACTUAL: array(0.974271)\\n DESIRED: array(0.974271)')"}
{"verified_control": "results/joint_answer_matched_geometry/evaluations/novel_peak_mixed_s3037_random.json"}
{"check": "results/joint_answer_matched_geometry/evaluations/novel_peak_mixed_s4051_random.json", "status": "failed", "error": "AssertionError('\\nNot equal to tolerance rtol=1e-08, atol=0\\n\\nMismatched elements: 1 / 1 (100%)\\nMax absolute difference among violations: 2.23136403e-08\\nMax relative difference among violations: 2.28710949e-08\\n ACTUAL: array(0.975626)\\n DESIRED: array(0.975626)')"}
{"check": "results/joint_answer_matched_geometry/evaluations/novel_records_s4051_random.json", "status": "failed", "error": "AssertionError('\\nNot equal to tolerance rtol=1e-08, atol=0\\n\\nMismatched elements: 1 / 1 (100%)\\nMax absolute difference among violations: 1.73152003e-08\\nMax relative difference among violations: 1.7746278e-08\\n ACTUAL: array(0.975709)\\n DESIRED: array(0.975709)')"}
{"check": "results/joint_answer_matched_geometry/evaluations/novel_peak_mixed_s3037_trained.json", "status": "failed", "error": "AssertionError('\\nNot equal to tolerance rtol=1e-08, atol=0\\n\\nMismatched elements: 1 / 1 (100%)\\nMax absolute difference among violations: 4.65254621e-08\\nMax relative difference among violations: 5.21800456e-08\\n ACTUAL: array(0.891633)\\n DESIRED: array(0.891633)')"}
{"check": "results/joint_answer_matched_geometry/evaluations/novel_peak_mixed_s4051_trained.json", "status": "failed", "error": "AssertionError('\\nNot equal to tolerance rtol=1e-08, atol=0\\n\\nMismatched elements: 1 / 1 (100%)\\nMax absolute difference among violations: 4.6082261e-08\\nMax relative difference among violations: 5.26056295e-08\\n ACTUAL: array(0.875995)\\n DESIRED: array(0.875995)')"}
{"check": "results/joint_answer_matched_geometry/evaluations/novel_records_s2027_random.json", "status": "failed", "error": "AssertionError('\\nNot equal to tolerance rtol=1e-08, atol=0\\n\\nMismatched elements: 1 / 1 (100%)\\nMax absolute difference among violations: 2.75190365e-08\\nMax relative difference among violations: 2.8246037e-08\\n ACTUAL: array(0.974262)\\n DESIRED: array(0.974262)')"}
{"verified_control": "results/relation_readout_diagnostics/evaluations/shuffled_relations_s5081.json"}
{"verified_control": "results/relation_readout_diagnostics/evaluations/correct_relations_s10141.json"}
{"verified_control": "results/relation_readout_diagnostics/evaluations/correct_relations_s11159.json"}
{"verified_control": "results/relation_readout_diagnostics/evaluations/ordinary_s5081.json"}
{"verified_control": "results/relation_readout_diagnostics/evaluations/ordinary_s11159.json"}
{"verified_control": "results/relation_readout_diagnostics/evaluations/correct_relations_s12163.json"}
{"verified_control": "results/relation_readout_diagnostics/evaluations/shuffled_relations_s11159.json"}
{"verified_control": "results/relation_readout_diagnostics/evaluations/shuffled_relations_s10141.json"}
{"verified_control": "results/relation_readout_diagnostics/evaluations/ordinary_s10141.json"}
{"verified_control": "results/relation_readout_diagnostics/evaluations/ordinary_s7103.json"}
{"verified_control": "results/relation_readout_diagnostics/evaluations/ordinary_s12163.json"}
{"verified_control": "results/relation_readout_diagnostics/evaluations/correct_relations_s7103.json"}
{"verified_control": "results/relation_readout_diagnostics/evaluations/ordinary_s13171.json"}
{"verified_control": "results/relation_readout_diagnostics/evaluations/shuffled_relations_s8111.json"}
{"verified_control": "results/relation_readout_diagnostics/evaluations/shuffled_relations_s9127.json"}
{"verified_control": "results/relation_readout_diagnostics/evaluations/ordinary_s9127.json"}
{"verified_control": "results/relation_readout_diagnostics/evaluations/shuffled_relations_s12163.json"}
{"verified_control": "results/relation_readout_diagnostics/evaluations/correct_relations_s8111.json"}
{"verified_control": "results/relation_readout_diagnostics/evaluations/correct_relations_s6091.json"}
{"verified_control": "results/relation_readout_diagnostics/evaluations/ordinary_s8111.json"}
{"verified_control": "results/relation_readout_diagnostics/evaluations/correct_relations_s9127.json"}
{"verified_control": "results/relation_readout_diagnostics/evaluations/shuffled_relations_s6091.json"}
{"verified_control": "results/relation_readout_diagnostics/evaluations/correct_relations_s5081.json"}
{"verified_control": "results/relation_readout_diagnostics/evaluations/shuffled_relations_s7103.json"}
{"verified_control": "results/relation_readout_diagnostics/evaluations/ordinary_s6091.json"}
{"control_verification_status": "failed", "checks": 131, "failures": 17}
