{"verified_control": "results/relation_observed_start/evaluations/shuffled_relations_s5081.json"}
{"verified_control": "results/relation_observed_start/evaluations/correct_relations_s10141.json"}
{"verified_control": "results/relation_observed_start/evaluations/correct_relations_s11159.json"}
{"verified_control": "results/relation_observed_start/evaluations/ordinary_s5081.json"}
{"verified_control": "results/relation_observed_start/evaluations/ordinary_s11159.json"}
{"verified_control": "results/relation_observed_start/evaluations/correct_relations_s12163.json"}
{"verified_control": "results/relation_observed_start/evaluations/shuffled_relations_s13171.json"}
{"verified_control": "results/relation_observed_start/evaluations/shuffled_relations_s11159.json"}
{"verified_control": "results/relation_observed_start/evaluations/shuffled_relations_s10141.json"}
{"verified_control": "results/relation_observed_start/evaluations/correct_relations_s13171.json"}
{"verified_control": "results/relation_observed_start/evaluations/ordinary_s10141.json"}
{"verified_control": "results/relation_observed_start/evaluations/ordinary_s7103.json"}
{"verified_control": "results/relation_observed_start/evaluations/ordinary_s12163.json"}
{"verified_control": "results/relation_observed_start/evaluations/correct_relations_s7103.json"}
{"verified_control": "results/relation_observed_start/evaluations/ordinary_s13171.json"}
{"verified_control": "results/relation_observed_start/evaluations/shuffled_relations_s8111.json"}
{"verified_control": "results/relation_observed_start/evaluations/shuffled_relations_s9127.json"}
{"verified_control": "results/relation_observed_start/evaluations/ordinary_s9127.json"}
{"verified_control": "results/relation_observed_start/evaluations/shuffled_relations_s12163.json"}
{"verified_control": "results/relation_observed_start/evaluations/correct_relations_s8111.json"}
{"verified_control": "results/relation_observed_start/evaluations/correct_relations_s6091.json"}
{"verified_control": "results/relation_observed_start/evaluations/ordinary_s8111.json"}
{"verified_control": "results/relation_observed_start/evaluations/correct_relations_s9127.json"}
{"verified_control": "results/relation_observed_start/evaluations/shuffled_relations_s6091.json"}
{"verified_control": "results/relation_observed_start/evaluations/correct_relations_s5081.json"}
{"verified_control": "results/relation_observed_start/evaluations/shuffled_relations_s7103.json"}
{"verified_control": "results/relation_observed_start/evaluations/ordinary_s6091.json"}
{"verified_control": "results/relation_world_confirmation/world0/observed_start/ordinary_s14173.json"}
{"verified_control": "results/relation_operator_stability/evaluations/correct_relations_s8111_native_bias_refit.json"}
{"verified_control": "results/relation_operator_stability/evaluations/ordinary_s6091_native_validation_gain_cap.json"}
{"verified_control": "results/relation_operator_stability/evaluations/ordinary_s10141_native_bias_refit.json"}
{"verified_control": "results/relation_operator_stability/evaluations/ordinary_s5081_orthogonal_reflection.json"}
{"verified_control": "results/relation_operator_stability/evaluations/shuffled_relations_s11159_native_validation_gain_cap.json"}
{"verified_control": "results/relation_operator_stability/evaluations/ordinary_s7103_shared_center_affine.json"}
{"verified_control": "results/relation_operator_stability/evaluations/ordinary_s8111_shared_center_affine.json"}
{"verified_control": "results/relation_operator_stability/evaluations/ordinary_s5081_shared_center_affine.json"}
{"verified_control": "results/relation_operator_stability/evaluations/correct_relations_s5081_native_bias_refit.json"}
{"verified_control": "results/relation_operator_stability/evaluations/ordinary_s13171_native_validation_gain_cap.json"}
{"verified_control": "results/relation_operator_stability/evaluations/shuffled_relations_s5081_orthogonal_reflection.json"}
{"verified_control": "results/relation_operator_stability/evaluations/correct_relations_s10141_orthogonal_reflection.json"}
{"verified_control": "results/relation_operator_stability/evaluations/shuffled_relations_s9127_native_bias_refit.json"}
{"verified_control": "results/relation_operator_stability/evaluations/shuffled_relations_s8111_shared_center_affine.json"}
{"verified_control": "results/relation_operator_stability/evaluations/shuffled_relations_s10141_native_bias_refit.json"}
{"verified_control": "results/relation_operator_stability/evaluations/correct_relations_s5081_native_validation_gain_cap.json"}
{"verified_control": "results/relation_operator_stability/evaluations/correct_relations_s11159_shared_center_affine.json"}
{"verified_control": "results/relation_operator_stability/evaluations/correct_relations_s12163_native_bias_refit.json"}
{"verified_control": "results/relation_operator_stability/evaluations/ordinary_s10141_native_validation_gain_cap.json"}
{"verified_control": "results/relation_operator_stability/evaluations/shuffled_relations_s5081_shared_center_affine.json"}
{"verified_control": "results/relation_operator_stability/evaluations/shuffled_relations_s13171_native_validation_gain_cap.json"}
{"verified_control": "results/relation_operator_stability/evaluations/correct_relations_s6091_native_validation_gain_cap.json"}
{"verified_control": "results/relation_operator_stability/evaluations/ordinary_s6091_shared_center_affine.json"}
{"verified_control": "results/relation_operator_stability/evaluations/ordinary_s11159_orthogonal_reflection.json"}
{"verified_control": "results/relation_operator_stability/evaluations/correct_relations_s12163_orthogonal_reflection.json"}
{"verified_control": "results/relation_operator_stability/evaluations/shuffled_relations_s7103_shared_center_affine.json"}
{"verified_control": "results/relation_operator_stability/evaluations/ordinary_s8111_native_bias_refit.json"}
{"verified_control": "results/relation_operator_stability/evaluations/ordinary_s7103_native_bias_refit.json"}
{"verified_control": "results/relation_operator_stability/evaluations/shuffled_relations_s5081_native_bias_refit.json"}
{"verified_control": "results/relation_operator_stability/evaluations/shuffled_relations_s5081_native_validation_gain_cap.json"}
{"verified_control": "results/relation_operator_stability/evaluations/ordinary_s9127_orthogonal_reflection.json"}
{"verified_control": "results/relation_operator_stability/evaluations/ordinary_s6091_native_bias_refit.json"}
{"verified_control": "results/relation_operator_stability/evaluations/correct_relations_s5081_orthogonal_reflection.json"}
{"verified_control": "results/relation_operator_stability/evaluations/shuffled_relations_s6091_orthogonal_reflection.json"}
{"verified_control": "results/relation_operator_stability/evaluations/shuffled_relations_s6091_native_bias_refit.json"}
{"verified_control": "results/relation_operator_stability/evaluations/ordinary_s12163_shared_center_affine.json"}
{"verified_control": "results/relation_operator_stability/evaluations/ordinary_s12163_native_validation_gain_cap.json"}
{"verified_control": "results/relation_operator_stability/evaluations/correct_relations_s7103_shared_center_affine.json"}
{"verified_control": "results/relation_operator_stability/evaluations/correct_relations_s11159_native_bias_refit.json"}
{"verified_control": "results/relation_operator_stability/evaluations/shuffled_relations_s12163_shared_center_affine.json"}
{"verified_control": "results/relation_operator_stability/evaluations/correct_relations_s6091_orthogonal_reflection.json"}
{"verified_control": "results/relation_operator_stability/evaluations/ordinary_s9127_native_validation_gain_cap.json"}
{"verified_control": "results/relation_operator_stability/evaluations/ordinary_s13171_orthogonal_reflection.json"}
{"verified_control": "results/relation_operator_stability/evaluations/correct_relations_s13171_native_bias_refit.json"}
{"verified_control": "results/relation_operator_stability/evaluations/correct_relations_s9127_native_bias_refit.json"}
{"verified_control": "results/relation_operator_stability/evaluations/ordinary_s9127_shared_center_affine.json"}
{"verified_control": "results/relation_operator_stability/evaluations/correct_relations_s7103_orthogonal_reflection.json"}
{"verified_control": "results/relation_operator_stability/evaluations/ordinary_s5081_native_validation_gain_cap.json"}
{"verified_control": "results/relation_operator_stability/evaluations/shuffled_relations_s9127_orthogonal_reflection.json"}
{"verified_control": "results/relation_operator_stability/evaluations/correct_relations_s5081_shared_center_affine.json"}
{"verified_control": "results/relation_operator_stability/evaluations/shuffled_relations_s8111_native_validation_gain_cap.json"}
{"verified_control": "results/relation_operator_stability/evaluations/shuffled_relations_s13171_orthogonal_reflection.json"}
{"verified_control": "results/relation_operator_stability/evaluations/shuffled_relations_s6091_shared_center_affine.json"}
{"verified_control": "results/relation_operator_stability/evaluations/shuffled_relations_s12163_native_bias_refit.json"}
{"verified_control": "results/relation_operator_stability/evaluations/correct_relations_s9127_shared_center_affine.json"}
{"verified_control": "results/relation_operator_stability/evaluations/correct_relations_s13171_native_validation_gain_cap.json"}
{"verified_control": "results/relation_operator_stability/evaluations/shuffled_relations_s8111_native_bias_refit.json"}
{"verified_control": "results/relation_operator_stability/evaluations/correct_relations_s11159_orthogonal_reflection.json"}
{"verified_control": "results/relation_operator_stability/evaluations/ordinary_s10141_shared_center_affine.json"}
{"verified_control": "results/relation_operator_stability/evaluations/shuffled_relations_s7103_orthogonal_reflection.json"}
{"verified_control": "results/relation_operator_stability/evaluations/correct_relations_s6091_native_bias_refit.json"}
{"verified_control": "results/relation_operator_stability/evaluations/correct_relations_s8111_orthogonal_reflection.json"}
{"verified_control": "results/relation_operator_stability/evaluations/ordinary_s7103_orthogonal_reflection.json"}
{"verified_control": "results/relation_operator_stability/evaluations/ordinary_s7103_native_validation_gain_cap.json"}
{"verified_control": "results/relation_operator_stability/evaluations/correct_relations_s8111_shared_center_affine.json"}
{"verified_control": "results/relation_operator_stability/evaluations/ordinary_s11159_shared_center_affine.json"}
{"verified_control": "results/relation_operator_stability/evaluations/shuffled_relations_s10141_native_validation_gain_cap.json"}
{"verified_control": "results/relation_operator_stability/evaluations/shuffled_relations_s12163_orthogonal_reflection.json"}
{"verified_control": "results/relation_operator_stability/evaluations/shuffled_relations_s6091_native_validation_gain_cap.json"}
{"verified_control": "results/relation_operator_stability/evaluations/ordinary_s5081_native_bias_refit.json"}
{"verified_control": "results/relation_operator_stability/evaluations/correct_relations_s10141_native_bias_refit.json"}
{"verified_control": "results/relation_operator_stability/evaluations/ordinary_s10141_orthogonal_reflection.json"}
{"verified_control": "results/relation_operator_stability/evaluations/shuffled_relations_s10141_shared_center_affine.json"}
{"verified_control": "results/relation_operator_stability/evaluations/ordinary_s13171_shared_center_affine.json"}
{"verified_control": "results/relation_operator_stability/evaluations/shuffled_relations_s11159_native_bias_refit.json"}
{"verified_control": "results/relation_operator_stability/evaluations/shuffled_relations_s7103_native_bias_refit.json"}
{"verified_control": "results/relation_operator_stability/evaluations/ordinary_s11159_native_validation_gain_cap.json"}
{"verified_control": "results/relation_operator_stability/evaluations/ordinary_s13171_native_bias_refit.json"}
{"verified_control": "results/relation_operator_stability/evaluations/ordinary_s6091_orthogonal_reflection.json"}
{"verified_control": "results/relation_operator_stability/evaluations/correct_relations_s13171_shared_center_affine.json"}
{"verified_control": "results/relation_operator_stability/evaluations/correct_relations_s8111_native_validation_gain_cap.json"}
{"verified_control": "results/relation_operator_stability/evaluations/correct_relations_s7103_native_validation_gain_cap.json"}
{"verified_control": "results/relation_operator_stability/evaluations/ordinary_s12163_native_bias_refit.json"}
{"verified_control": "results/relation_operator_stability/evaluations/correct_relations_s11159_native_validation_gain_cap.json"}
{"verified_control": "results/relation_operator_stability/evaluations/shuffled_relations_s13171_shared_center_affine.json"}
{"verified_control": "results/relation_operator_stability/evaluations/correct_relations_s12163_shared_center_affine.json"}
{"verified_control": "results/relation_operator_stability/evaluations/ordinary_s11159_native_bias_refit.json"}
{"verified_control": "results/relation_operator_stability/evaluations/shuffled_relations_s10141_orthogonal_reflection.json"}
{"verified_control": "results/relation_operator_stability/evaluations/shuffled_relations_s13171_native_bias_refit.json"}
{"verified_control": "results/relation_operator_stability/evaluations/ordinary_s9127_native_bias_refit.json"}
{"verified_control": "results/relation_operator_stability/evaluations/correct_relations_s9127_native_validation_gain_cap.json"}
{"verified_control": "results/relation_operator_stability/evaluations/ordinary_s8111_native_validation_gain_cap.json"}
{"verified_control": "results/relation_operator_stability/evaluations/shuffled_relations_s9127_native_validation_gain_cap.json"}
{"verified_control": "results/relation_operator_stability/evaluations/shuffled_relations_s7103_native_validation_gain_cap.json"}
{"verified_control": "results/relation_operator_stability/evaluations/correct_relations_s13171_orthogonal_reflection.json"}
{"verified_control": "results/relation_operator_stability/evaluations/correct_relations_s12163_native_validation_gain_cap.json"}
{"verified_control": "results/relation_operator_stability/evaluations/shuffled_relations_s11159_orthogonal_reflection.json"}
{"verified_control": "results/relation_operator_stability/evaluations/correct_relations_s9127_orthogonal_reflection.json"}
{"verified_control": "results/relation_operator_stability/evaluations/shuffled_relations_s8111_orthogonal_reflection.json"}
{"verified_control": "results/relation_operator_stability/evaluations/correct_relations_s10141_native_validation_gain_cap.json"}
{"verified_control": "results/relation_operator_stability/evaluations/shuffled_relations_s11159_shared_center_affine.json"}
{"verified_control": "results/relation_operator_stability/evaluations/correct_relations_s6091_shared_center_affine.json"}
{"verified_control": "results/relation_operator_stability/evaluations/correct_relations_s10141_shared_center_affine.json"}
{"verified_control": "results/relation_operator_stability/evaluations/shuffled_relations_s9127_shared_center_affine.json"}
{"verified_control": "results/relation_operator_stability/evaluations/correct_relations_s7103_native_bias_refit.json"}
{"verified_control": "results/relation_operator_stability/evaluations/shuffled_relations_s12163_native_validation_gain_cap.json"}
{"verified_control": "results/relation_operator_stability/evaluations/ordinary_s8111_orthogonal_reflection.json"}
{"verified_control": "results/relation_operator_stability/evaluations/ordinary_s12163_orthogonal_reflection.json"}
{"verified_control": "results/joint_answer_matched_geometry/evaluations/novel_minima_pair_s2027_trained.json"}
{"verified_control": "results/joint_answer_matched_geometry/evaluations/novel_records_s4051_trained.json"}
{"verified_control": "results/joint_answer_matched_geometry/evaluations/novel_peak_mixed_s2027_trained.json"}
{"verified_control": "results/joint_answer_matched_geometry/evaluations/novel_minima_pair_s3037_trained.json"}
{"verified_control": "results/joint_answer_matched_geometry/evaluations/novel_minima_pair_s4051_trained.json"}
{"verified_control": "results/joint_answer_matched_geometry/evaluations/novel_minima_pair_s3037_random.json"}
{"verified_control": "results/joint_answer_matched_geometry/evaluations/novel_minima_pair_s2027_random.json"}
{"verified_control": "results/joint_answer_matched_geometry/evaluations/novel_records_s3037_random.json"}
{"verified_control": "results/joint_answer_matched_geometry/evaluations/novel_records_s2027_trained.json"}
{"verified_control": "results/joint_answer_matched_geometry/evaluations/novel_minima_pair_s4051_random.json"}
{"verified_control": "results/joint_answer_matched_geometry/evaluations/novel_records_s3037_trained.json"}
{"verified_control": "results/joint_answer_matched_geometry/evaluations/novel_peak_mixed_s2027_random.json"}
{"verified_control": "results/joint_answer_matched_geometry/evaluations/novel_peak_mixed_s3037_random.json"}
{"verified_control": "results/joint_answer_matched_geometry/evaluations/novel_peak_mixed_s4051_random.json"}
{"verified_control": "results/joint_answer_matched_geometry/evaluations/novel_records_s4051_random.json"}
{"verified_control": "results/joint_answer_matched_geometry/evaluations/novel_peak_mixed_s3037_trained.json"}
{"verified_control": "results/joint_answer_matched_geometry/evaluations/novel_peak_mixed_s4051_trained.json"}
{"verified_control": "results/joint_answer_matched_geometry/evaluations/novel_records_s2027_random.json"}
{"verified_control": "results/relation_readout_diagnostics/evaluations/shuffled_relations_s5081.json"}
{"verified_control": "results/relation_readout_diagnostics/evaluations/correct_relations_s10141.json"}
{"verified_control": "results/relation_readout_diagnostics/evaluations/ordinary_s14173.json"}
{"verified_control": "results/relation_readout_diagnostics/evaluations/correct_relations_s11159.json"}
{"verified_control": "results/relation_readout_diagnostics/evaluations/ordinary_s5081.json"}
{"verified_control": "results/relation_readout_diagnostics/evaluations/ordinary_s11159.json"}
{"verified_control": "results/relation_readout_diagnostics/evaluations/correct_relations_s12163.json"}
{"verified_control": "results/relation_readout_diagnostics/evaluations/shuffled_relations_s13171.json"}
{"verified_control": "results/relation_readout_diagnostics/evaluations/shuffled_relations_s11159.json"}
{"verified_control": "results/relation_readout_diagnostics/evaluations/shuffled_relations_s10141.json"}
{"verified_control": "results/relation_readout_diagnostics/evaluations/correct_relations_s13171.json"}
{"verified_control": "results/relation_readout_diagnostics/evaluations/ordinary_s10141.json"}
{"verified_control": "results/relation_readout_diagnostics/evaluations/ordinary_s7103.json"}
{"verified_control": "results/relation_readout_diagnostics/evaluations/ordinary_s12163.json"}
{"verified_control": "results/relation_readout_diagnostics/evaluations/correct_relations_s7103.json"}
{"verified_control": "results/relation_readout_diagnostics/evaluations/ordinary_s13171.json"}
{"verified_control": "results/relation_readout_diagnostics/evaluations/shuffled_relations_s8111.json"}
{"verified_control": "results/relation_readout_diagnostics/evaluations/shuffled_relations_s9127.json"}
{"verified_control": "results/relation_readout_diagnostics/evaluations/ordinary_s9127.json"}
{"verified_control": "results/relation_readout_diagnostics/evaluations/shuffled_relations_s12163.json"}
{"verified_control": "results/relation_readout_diagnostics/evaluations/correct_relations_s8111.json"}
{"verified_control": "results/relation_readout_diagnostics/evaluations/correct_relations_s6091.json"}
{"verified_control": "results/relation_readout_diagnostics/evaluations/ordinary_s8111.json"}
{"verified_control": "results/relation_readout_diagnostics/evaluations/correct_relations_s9127.json"}
{"verified_control": "results/relation_readout_diagnostics/evaluations/shuffled_relations_s6091.json"}
{"verified_control": "results/relation_readout_diagnostics/evaluations/correct_relations_s5081.json"}
{"verified_control": "results/relation_readout_diagnostics/evaluations/shuffled_relations_s7103.json"}
{"verified_control": "results/relation_readout_diagnostics/evaluations/ordinary_s6091.json"}
{"control_verification_status": "passed_available_completed_records", "checks": 182, "failures": 0}
{"verified_control": "results/relation_world_confirmation/world0/observed_start/correct_relations_s14173.json"}
{"verified_control": "results/relation_readout_diagnostics/evaluations/correct_relations_s14173.json"}
{"control_verification_status": "passed_available_completed_records", "checks": 184, "failures": 0}
{"verified_control": "results/relation_world_confirmation/world0/observed_start/shuffled_relations_s14173.json"}
{"control_verification_status": "passed_available_completed_records", "checks": 185, "failures": 0}
{"verified_control": "results/relation_readout_diagnostics/evaluations/shuffled_relations_s14173.json"}
{"control_verification_status": "passed_available_completed_records", "checks": 186, "failures": 0}
{"control_verification_status": "passed_available_completed_records", "checks": 186, "failures": 0}
{"control_verification_status": "passed_available_completed_records", "checks": 186, "failures": 0}
{"control_verification_status": "passed_available_completed_records", "checks": 186, "failures": 0}
{"control_verification_status": "passed_available_completed_records", "checks": 186, "failures": 0}
{"control_verification_status": "passed_available_completed_records", "checks": 186, "failures": 0}
{"verified_control": "results/relation_world_confirmation/world1/observed_start/ordinary_s15187.json"}
{"control_verification_status": "passed_available_completed_records", "checks": 187, "failures": 0}
{"verified_control": "results/relation_readout_diagnostics/evaluations/ordinary_s15187.json"}
{"control_verification_status": "passed_available_completed_records", "checks": 188, "failures": 0}
{"control_verification_status": "passed_available_completed_records", "checks": 188, "failures": 0}
{"control_verification_status": "passed_available_completed_records", "checks": 188, "failures": 0}
{"control_verification_status": "passed_available_completed_records", "checks": 188, "failures": 0}
{"control_verification_status": "passed_available_completed_records", "checks": 188, "failures": 0}
{"control_verification_status": "passed_available_completed_records", "checks": 188, "failures": 0}
{"verified_control": "results/relation_world_confirmation/world1/observed_start/correct_relations_s15187.json"}
{"verified_control": "results/relation_readout_diagnostics/evaluations/correct_relations_s15187.json"}
{"control_verification_status": "passed_available_completed_records", "checks": 190, "failures": 0}
{"control_verification_status": "passed_available_completed_records", "checks": 190, "failures": 0}
{"control_verification_status": "passed_available_completed_records", "checks": 190, "failures": 0}
{"control_verification_status": "passed_available_completed_records", "checks": 190, "failures": 0}
{"control_verification_status": "passed_available_completed_records", "checks": 190, "failures": 0}
{"control_verification_status": "passed_available_completed_records", "checks": 190, "failures": 0}
{"control_verification_status": "passed_available_completed_records", "checks": 190, "failures": 0}
{"verified_control": "results/relation_world_confirmation/world1/observed_start/shuffled_relations_s15187.json"}
{"verified_control": "results/relation_readout_diagnostics/evaluations/shuffled_relations_s15187.json"}
{"control_verification_status": "passed_available_completed_records", "checks": 192, "failures": 0}
{"control_verification_status": "passed_available_completed_records", "checks": 192, "failures": 0}
{"control_verification_status": "passed_available_completed_records", "checks": 192, "failures": 0}
{"control_verification_status": "passed_available_completed_records", "checks": 192, "failures": 0}
{"control_verification_status": "passed_available_completed_records", "checks": 192, "failures": 0}
{"control_verification_status": "passed_available_completed_records", "checks": 192, "failures": 0}
{"control_verification_status": "passed_available_completed_records", "checks": 192, "failures": 0}
{"verified_control": "results/relation_world_confirmation/world2/observed_start/ordinary_s16189.json"}
{"verified_control": "results/relation_readout_diagnostics/evaluations/ordinary_s16189.json"}
{"control_verification_status": "passed_available_completed_records", "checks": 194, "failures": 0}
{"control_verification_status": "passed_available_completed_records", "checks": 194, "failures": 0}
{"control_verification_status": "passed_available_completed_records", "checks": 194, "failures": 0}
{"control_verification_status": "passed_available_completed_records", "checks": 194, "failures": 0}
{"control_verification_status": "passed_available_completed_records", "checks": 194, "failures": 0}
{"control_verification_status": "passed_available_completed_records", "checks": 194, "failures": 0}
{"control_verification_status": "passed_available_completed_records", "checks": 194, "failures": 0}
{"verified_control": "results/relation_world_confirmation/world2/observed_start/correct_relations_s16189.json"}
{"verified_control": "results/relation_readout_diagnostics/evaluations/correct_relations_s16189.json"}
{"control_verification_status": "passed_available_completed_records", "checks": 196, "failures": 0}
{"control_verification_status": "passed_available_completed_records", "checks": 196, "failures": 0}
{"control_verification_status": "passed_available_completed_records", "checks": 196, "failures": 0}
{"control_verification_status": "passed_available_completed_records", "checks": 196, "failures": 0}
{"control_verification_status": "passed_available_completed_records", "checks": 196, "failures": 0}
{"control_verification_status": "passed_available_completed_records", "checks": 196, "failures": 0}
{"control_verification_status": "passed_available_completed_records", "checks": 196, "failures": 0}
{"control_verification_status": "passed_available_completed_records", "checks": 196, "failures": 0}
{"verified_control": "results/relation_world_confirmation/world2/observed_start/shuffled_relations_s16189.json"}
{"verified_control": "results/relation_readout_diagnostics/evaluations/shuffled_relations_s16189.json"}
{"control_verification_status": "passed_available_completed_records", "checks": 198, "failures": 0}
{"control_verification_status": "passed_available_completed_records", "checks": 198, "failures": 0}
{"control_verification_status": "passed_available_completed_records", "checks": 198, "failures": 0}
{"control_verification_status": "passed_available_completed_records", "checks": 198, "failures": 0}
{"control_verification_status": "passed_available_completed_records", "checks": 198, "failures": 0}
{"control_verification_status": "passed_available_completed_records", "checks": 198, "failures": 0}
{"control_verification_status": "passed_available_completed_records", "checks": 198, "failures": 0}
{"control_verification_status": "passed_available_completed_records", "checks": 198, "failures": 0}
{"verified_control": "results/ordinary_relation_seed_confirmation/evaluations/novel_records_s17203.json"}
{"verified_control": "results/ordinary_initialization_control/evaluations/novel_records_s17203_random.json"}
{"control_verification_status": "passed_available_completed_records", "checks": 200, "failures": 0}
{"control_verification_status": "passed_available_completed_records", "checks": 200, "failures": 0}
{"control_verification_status": "passed_available_completed_records", "checks": 200, "failures": 0}
{"control_verification_status": "passed_available_completed_records", "checks": 200, "failures": 0}
{"control_verification_status": "passed_available_completed_records", "checks": 200, "failures": 0}
{"control_verification_status": "passed_available_completed_records", "checks": 200, "failures": 0}
{"control_verification_status": "passed_available_completed_records", "checks": 200, "failures": 0}
{"verified_control": "results/ordinary_relation_seed_confirmation/evaluations/novel_minima_pair_s17203.json"}
{"control_verification_status": "passed_available_completed_records", "checks": 201, "failures": 0}
{"verified_control": "results/ordinary_initialization_control/evaluations/novel_minima_pair_s17203_random.json"}
{"control_verification_status": "passed_available_completed_records", "checks": 202, "failures": 0}
{"control_verification_status": "passed_available_completed_records", "checks": 202, "failures": 0}
{"control_verification_status": "passed_available_completed_records", "checks": 202, "failures": 0}
{"control_verification_status": "passed_available_completed_records", "checks": 202, "failures": 0}
{"control_verification_status": "passed_available_completed_records", "checks": 202, "failures": 0}
{"control_verification_status": "passed_available_completed_records", "checks": 202, "failures": 0}
{"verified_control": "results/ordinary_relation_seed_confirmation/evaluations/novel_peak_mixed_s17203.json"}
{"verified_control": "results/ordinary_initialization_control/evaluations/novel_peak_mixed_s17203_random.json"}
{"control_verification_status": "passed_available_completed_records", "checks": 204, "failures": 0}
{"control_verification_status": "passed_available_completed_records", "checks": 204, "failures": 0}
{"control_verification_status": "passed_available_completed_records", "checks": 204, "failures": 0}
{"control_verification_status": "passed_available_completed_records", "checks": 204, "failures": 0}
{"control_verification_status": "passed_available_completed_records", "checks": 204, "failures": 0}
{"control_verification_status": "passed_available_completed_records", "checks": 204, "failures": 0}
{"control_verification_status": "passed_available_completed_records", "checks": 204, "failures": 0}
{"verified_control": "results/ordinary_relation_seed_confirmation/evaluations/novel_records_s18211.json"}
{"verified_control": "results/ordinary_initialization_control/evaluations/novel_records_s18211_random.json"}
{"control_verification_status": "passed_available_completed_records", "checks": 206, "failures": 0}
{"control_verification_status": "passed_available_completed_records", "checks": 206, "failures": 0}
{"control_verification_status": "passed_available_completed_records", "checks": 206, "failures": 0}
{"control_verification_status": "passed_available_completed_records", "checks": 206, "failures": 0}
{"control_verification_status": "passed_available_completed_records", "checks": 206, "failures": 0}
{"control_verification_status": "passed_available_completed_records", "checks": 206, "failures": 0}
{"verified_control": "results/ordinary_relation_seed_confirmation/evaluations/novel_minima_pair_s18211.json"}
{"verified_control": "results/ordinary_initialization_control/evaluations/novel_minima_pair_s18211_random.json"}
{"control_verification_status": "passed_available_completed_records", "checks": 208, "failures": 0}
{"control_verification_status": "passed_available_completed_records", "checks": 208, "failures": 0}
{"control_verification_status": "passed_available_completed_records", "checks": 208, "failures": 0}
{"control_verification_status": "passed_available_completed_records", "checks": 208, "failures": 0}
{"control_verification_status": "passed_available_completed_records", "checks": 208, "failures": 0}
{"control_verification_status": "passed_available_completed_records", "checks": 208, "failures": 0}
{"control_verification_status": "passed_available_completed_records", "checks": 208, "failures": 0}
{"verified_control": "results/ordinary_relation_seed_confirmation/evaluations/novel_peak_mixed_s18211.json"}
{"verified_control": "results/ordinary_initialization_control/evaluations/novel_peak_mixed_s18211_random.json"}
{"control_verification_status": "passed_available_completed_records", "checks": 210, "failures": 0}
{"control_verification_status": "passed_available_completed_records", "checks": 210, "failures": 0}
{"control_verification_status": "passed_available_completed_records", "checks": 210, "failures": 0}
{"control_verification_status": "passed_available_completed_records", "checks": 210, "failures": 0}
{"control_verification_status": "passed_available_completed_records", "checks": 210, "failures": 0}
{"control_verification_status": "passed_available_completed_records", "checks": 210, "failures": 0}
{"verified_control": "results/ordinary_relation_seed_confirmation/evaluations/novel_records_s19213.json"}
{"verified_control": "results/ordinary_initialization_control/evaluations/novel_records_s19213_random.json"}
{"control_verification_status": "passed_available_completed_records", "checks": 212, "failures": 0}
{"control_verification_status": "passed_available_completed_records", "checks": 212, "failures": 0}
{"control_verification_status": "passed_available_completed_records", "checks": 212, "failures": 0}
{"control_verification_status": "passed_available_completed_records", "checks": 212, "failures": 0}
{"control_verification_status": "passed_available_completed_records", "checks": 212, "failures": 0}
{"control_verification_status": "passed_available_completed_records", "checks": 212, "failures": 0}
{"control_verification_status": "passed_available_completed_records", "checks": 212, "failures": 0}
{"verified_control": "results/ordinary_relation_seed_confirmation/evaluations/novel_minima_pair_s19213.json"}
{"verified_control": "results/ordinary_initialization_control/evaluations/novel_minima_pair_s19213_random.json"}
{"control_verification_status": "passed_available_completed_records", "checks": 214, "failures": 0}
{"control_verification_status": "passed_available_completed_records", "checks": 214, "failures": 0}
{"control_verification_status": "passed_available_completed_records", "checks": 214, "failures": 0}
{"control_verification_status": "passed_available_completed_records", "checks": 214, "failures": 0}
{"control_verification_status": "passed_available_completed_records", "checks": 214, "failures": 0}
{"control_verification_status": "passed_available_completed_records", "checks": 214, "failures": 0}
{"verified_control": "results/ordinary_relation_seed_confirmation/evaluations/novel_peak_mixed_s19213.json"}
{"control_verification_status": "passed_available_completed_records", "checks": 215, "failures": 0}
{"verified_control": "results/ordinary_initialization_control/evaluations/novel_peak_mixed_s19213_random.json"}
{"control_verification_status": "passed_available_completed_records", "checks": 216, "failures": 0}
{"control_verification_status": "passed_available_completed_records", "checks": 216, "failures": 0}
{"control_verification_status": "passed_available_completed_records", "checks": 216, "failures": 0}
{"control_verification_status": "passed_available_completed_records", "checks": 216, "failures": 0}
{"control_verification_status": "passed_available_completed_records", "checks": 216, "failures": 0}
{"control_verification_status": "passed_available_completed_records", "checks": 216, "failures": 0}
{"control_verification_status": "passed_available_completed_records", "checks": 216, "failures": 0}
{"control_verification_status": "passed_available_completed_records", "checks": 216, "failures": 0}
{"control_verification_status": "passed_available_completed_records", "checks": 216, "failures": 0}
{"control_verification_status": "passed_available_completed_records", "checks": 216, "failures": 0}
{"control_verification_status": "passed_available_completed_records", "checks": 216, "failures": 0}
{"control_verification_status": "passed_available_completed_records", "checks": 216, "failures": 0}
{"control_verification_status": "passed_available_completed_records", "checks": 216, "failures": 0}
{"control_verification_status": "passed_available_completed_records", "checks": 216, "failures": 0}
{"control_verification_status": "passed_available_completed_records", "checks": 216, "failures": 0}
{"control_verification_status": "passed_available_completed_records", "checks": 216, "failures": 0}
{"control_verification_status": "passed_available_completed_records", "checks": 216, "failures": 0}
{"control_verification_status": "passed_available_completed_records", "checks": 216, "failures": 0}
{"control_verification_status": "passed_available_completed_records", "checks": 216, "failures": 0}
{"control_verification_status": "passed_available_completed_records", "checks": 216, "failures": 0}
{"control_verification_status": "passed_available_completed_records", "checks": 216, "failures": 0}
{"control_verification_status": "passed_available_completed_records", "checks": 216, "failures": 0}
{"control_verification_status": "passed_available_completed_records", "checks": 216, "failures": 0}
{"control_verification_status": "passed_available_completed_records", "checks": 216, "failures": 0}
{"control_verification_status": "passed_available_completed_records", "checks": 216, "failures": 0}
{"control_verification_status": "passed_available_completed_records", "checks": 216, "failures": 0}
{"control_verification_status": "passed_available_completed_records", "checks": 216, "failures": 0}
{"control_verification_status": "passed_available_completed_records", "checks": 216, "failures": 0}
{"control_verification_status": "passed_available_completed_records", "checks": 216, "failures": 0}
{"control_verification_status": "passed_available_completed_records", "checks": 216, "failures": 0}
{"control_verification_status": "passed_available_completed_records", "checks": 216, "failures": 0}
{"control_verification_status": "passed_available_completed_records", "checks": 216, "failures": 0}
{"control_verification_status": "passed_available_completed_records", "checks": 216, "failures": 0}
{"control_verification_status": "passed_available_completed_records", "checks": 216, "failures": 0}
{"control_verification_status": "passed_available_completed_records", "checks": 216, "failures": 0}
{"control_verification_status": "passed_available_completed_records", "checks": 216, "failures": 0}
{"control_verification_status": "passed_available_completed_records", "checks": 216, "failures": 0}
{"control_verification_status": "passed_available_completed_records", "checks": 216, "failures": 0}
{"control_verification_status": "passed_available_completed_records", "checks": 216, "failures": 0}
{"control_verification_status": "passed_available_completed_records", "checks": 216, "failures": 0}
{"control_verification_status": "passed_available_completed_records", "checks": 216, "failures": 0}
{"control_verification_status": "passed_available_completed_records", "checks": 216, "failures": 0}
{"control_verification_status": "passed_available_completed_records", "checks": 216, "failures": 0}
{"control_verification_status": "passed_available_completed_records", "checks": 216, "failures": 0}
{"control_verification_status": "passed_available_completed_records", "checks": 216, "failures": 0}
{"control_verification_status": "passed_available_completed_records", "checks": 216, "failures": 0}
{"control_verification_status": "passed_available_completed_records", "checks": 216, "failures": 0}
