{"verified_control": "results/relation_observed_start/evaluations/shuffled_relations_s5081.json"}
{"verified_control": "results/relation_observed_start/evaluations/correct_relations_s10141.json"}
{"verified_control": "results/relation_observed_start/evaluations/correct_relations_s11159.json"}
{"verified_control": "results/relation_observed_start/evaluations/ordinary_s5081.json"}
{"verified_control": "results/relation_observed_start/evaluations/ordinary_s11159.json"}
{"verified_control": "results/relation_observed_start/evaluations/correct_relations_s12163.json"}
{"verified_control": "results/relation_observed_start/evaluations/shuffled_relations_s11159.json"}
{"verified_control": "results/relation_observed_start/evaluations/shuffled_relations_s10141.json"}
{"verified_control": "results/relation_observed_start/evaluations/ordinary_s10141.json"}
{"verified_control": "results/relation_observed_start/evaluations/ordinary_s7103.json"}
{"verified_control": "results/relation_observed_start/evaluations/ordinary_s12163.json"}
{"verified_control": "results/relation_observed_start/evaluations/correct_relations_s7103.json"}
{"verified_control": "results/relation_observed_start/evaluations/shuffled_relations_s8111.json"}
{"verified_control": "results/relation_observed_start/evaluations/shuffled_relations_s9127.json"}
{"verified_control": "results/relation_observed_start/evaluations/ordinary_s9127.json"}
{"verified_control": "results/relation_observed_start/evaluations/shuffled_relations_s12163.json"}
{"verified_control": "results/relation_observed_start/evaluations/correct_relations_s8111.json"}
{"verified_control": "results/relation_observed_start/evaluations/correct_relations_s6091.json"}
{"verified_control": "results/relation_observed_start/evaluations/ordinary_s8111.json"}
{"verified_control": "results/relation_observed_start/evaluations/correct_relations_s9127.json"}
{"verified_control": "results/relation_observed_start/evaluations/shuffled_relations_s6091.json"}
{"verified_control": "results/relation_observed_start/evaluations/correct_relations_s5081.json"}
{"verified_control": "results/relation_observed_start/evaluations/shuffled_relations_s7103.json"}
{"verified_control": "results/relation_observed_start/evaluations/ordinary_s6091.json"}
{"verified_control": "results/relation_operator_stability/evaluations/correct_relations_s8111_native_bias_refit.json"}
{"verified_control": "results/relation_operator_stability/evaluations/ordinary_s6091_native_validation_gain_cap.json"}
{"verified_control": "results/relation_operator_stability/evaluations/ordinary_s10141_native_bias_refit.json"}
{"verified_control": "results/relation_operator_stability/evaluations/ordinary_s5081_orthogonal_reflection.json"}
{"verified_control": "results/relation_operator_stability/evaluations/ordinary_s7103_shared_center_affine.json"}
{"verified_control": "results/relation_operator_stability/evaluations/ordinary_s8111_shared_center_affine.json"}
{"verified_control": "results/relation_operator_stability/evaluations/ordinary_s5081_shared_center_affine.json"}
{"verified_control": "results/relation_operator_stability/evaluations/correct_relations_s5081_native_bias_refit.json"}
{"verified_control": "results/relation_operator_stability/evaluations/shuffled_relations_s5081_orthogonal_reflection.json"}
{"verified_control": "results/relation_operator_stability/evaluations/correct_relations_s10141_orthogonal_reflection.json"}
{"verified_control": "results/relation_operator_stability/evaluations/shuffled_relations_s9127_native_bias_refit.json"}
{"verified_control": "results/relation_operator_stability/evaluations/shuffled_relations_s8111_shared_center_affine.json"}
{"verified_control": "results/relation_operator_stability/evaluations/shuffled_relations_s10141_native_bias_refit.json"}
{"verified_control": "results/relation_operator_stability/evaluations/correct_relations_s5081_native_validation_gain_cap.json"}
{"verified_control": "results/relation_operator_stability/evaluations/correct_relations_s11159_shared_center_affine.json"}
{"verified_control": "results/relation_operator_stability/evaluations/ordinary_s10141_native_validation_gain_cap.json"}
{"verified_control": "results/relation_operator_stability/evaluations/shuffled_relations_s5081_shared_center_affine.json"}
{"verified_control": "results/relation_operator_stability/evaluations/correct_relations_s6091_native_validation_gain_cap.json"}
{"verified_control": "results/relation_operator_stability/evaluations/ordinary_s6091_shared_center_affine.json"}
{"verified_control": "results/relation_operator_stability/evaluations/ordinary_s11159_orthogonal_reflection.json"}
{"verified_control": "results/relation_operator_stability/evaluations/shuffled_relations_s7103_shared_center_affine.json"}
{"verified_control": "results/relation_operator_stability/evaluations/ordinary_s8111_native_bias_refit.json"}
{"verified_control": "results/relation_operator_stability/evaluations/ordinary_s7103_native_bias_refit.json"}
{"verified_control": "results/relation_operator_stability/evaluations/shuffled_relations_s5081_native_bias_refit.json"}
{"verified_control": "results/relation_operator_stability/evaluations/shuffled_relations_s5081_native_validation_gain_cap.json"}
{"verified_control": "results/relation_operator_stability/evaluations/ordinary_s9127_orthogonal_reflection.json"}
{"verified_control": "results/relation_operator_stability/evaluations/ordinary_s6091_native_bias_refit.json"}
{"verified_control": "results/relation_operator_stability/evaluations/correct_relations_s5081_orthogonal_reflection.json"}
{"verified_control": "results/relation_operator_stability/evaluations/shuffled_relations_s6091_orthogonal_reflection.json"}
{"verified_control": "results/relation_operator_stability/evaluations/shuffled_relations_s6091_native_bias_refit.json"}
{"verified_control": "results/relation_operator_stability/evaluations/correct_relations_s7103_shared_center_affine.json"}
{"verified_control": "results/relation_operator_stability/evaluations/correct_relations_s11159_native_bias_refit.json"}
{"verified_control": "results/relation_operator_stability/evaluations/correct_relations_s6091_orthogonal_reflection.json"}
{"verified_control": "results/relation_operator_stability/evaluations/ordinary_s9127_native_validation_gain_cap.json"}
{"verified_control": "results/relation_operator_stability/evaluations/correct_relations_s9127_native_bias_refit.json"}
{"verified_control": "results/relation_operator_stability/evaluations/ordinary_s9127_shared_center_affine.json"}
{"verified_control": "results/relation_operator_stability/evaluations/correct_relations_s7103_orthogonal_reflection.json"}
{"verified_control": "results/relation_operator_stability/evaluations/ordinary_s5081_native_validation_gain_cap.json"}
{"verified_control": "results/relation_operator_stability/evaluations/shuffled_relations_s9127_orthogonal_reflection.json"}
{"verified_control": "results/relation_operator_stability/evaluations/correct_relations_s5081_shared_center_affine.json"}
{"verified_control": "results/relation_operator_stability/evaluations/shuffled_relations_s8111_native_validation_gain_cap.json"}
{"verified_control": "results/relation_operator_stability/evaluations/shuffled_relations_s6091_shared_center_affine.json"}
{"verified_control": "results/relation_operator_stability/evaluations/correct_relations_s9127_shared_center_affine.json"}
{"verified_control": "results/relation_operator_stability/evaluations/shuffled_relations_s8111_native_bias_refit.json"}
{"verified_control": "results/relation_operator_stability/evaluations/correct_relations_s11159_orthogonal_reflection.json"}
{"verified_control": "results/relation_operator_stability/evaluations/ordinary_s10141_shared_center_affine.json"}
{"verified_control": "results/relation_operator_stability/evaluations/shuffled_relations_s7103_orthogonal_reflection.json"}
{"verified_control": "results/relation_operator_stability/evaluations/correct_relations_s6091_native_bias_refit.json"}
{"verified_control": "results/relation_operator_stability/evaluations/correct_relations_s8111_orthogonal_reflection.json"}
{"verified_control": "results/relation_operator_stability/evaluations/ordinary_s7103_orthogonal_reflection.json"}
{"verified_control": "results/relation_operator_stability/evaluations/ordinary_s7103_native_validation_gain_cap.json"}
{"verified_control": "results/relation_operator_stability/evaluations/correct_relations_s8111_shared_center_affine.json"}
{"verified_control": "results/relation_operator_stability/evaluations/ordinary_s11159_shared_center_affine.json"}
{"verified_control": "results/relation_operator_stability/evaluations/shuffled_relations_s10141_native_validation_gain_cap.json"}
{"verified_control": "results/relation_operator_stability/evaluations/shuffled_relations_s6091_native_validation_gain_cap.json"}
{"verified_control": "results/relation_operator_stability/evaluations/ordinary_s5081_native_bias_refit.json"}
{"verified_control": "results/relation_operator_stability/evaluations/correct_relations_s10141_native_bias_refit.json"}
{"verified_control": "results/relation_operator_stability/evaluations/ordinary_s10141_orthogonal_reflection.json"}
{"verified_control": "results/relation_operator_stability/evaluations/shuffled_relations_s10141_shared_center_affine.json"}
{"verified_control": "results/relation_operator_stability/evaluations/shuffled_relations_s7103_native_bias_refit.json"}
{"verified_control": "results/relation_operator_stability/evaluations/ordinary_s11159_native_validation_gain_cap.json"}
{"verified_control": "results/relation_operator_stability/evaluations/ordinary_s6091_orthogonal_reflection.json"}
{"verified_control": "results/relation_operator_stability/evaluations/correct_relations_s8111_native_validation_gain_cap.json"}
{"verified_control": "results/relation_operator_stability/evaluations/correct_relations_s7103_native_validation_gain_cap.json"}
{"verified_control": "results/relation_operator_stability/evaluations/correct_relations_s11159_native_validation_gain_cap.json"}
{"verified_control": "results/relation_operator_stability/evaluations/ordinary_s11159_native_bias_refit.json"}
{"verified_control": "results/relation_operator_stability/evaluations/shuffled_relations_s10141_orthogonal_reflection.json"}
{"verified_control": "results/relation_operator_stability/evaluations/ordinary_s9127_native_bias_refit.json"}
{"verified_control": "results/relation_operator_stability/evaluations/correct_relations_s9127_native_validation_gain_cap.json"}
{"verified_control": "results/relation_operator_stability/evaluations/ordinary_s8111_native_validation_gain_cap.json"}
{"verified_control": "results/relation_operator_stability/evaluations/shuffled_relations_s9127_native_validation_gain_cap.json"}
{"verified_control": "results/relation_operator_stability/evaluations/shuffled_relations_s7103_native_validation_gain_cap.json"}
{"verified_control": "results/relation_operator_stability/evaluations/correct_relations_s9127_orthogonal_reflection.json"}
{"verified_control": "results/relation_operator_stability/evaluations/shuffled_relations_s8111_orthogonal_reflection.json"}
{"verified_control": "results/relation_operator_stability/evaluations/correct_relations_s10141_native_validation_gain_cap.json"}
{"verified_control": "results/relation_operator_stability/evaluations/correct_relations_s6091_shared_center_affine.json"}
{"verified_control": "results/relation_operator_stability/evaluations/correct_relations_s10141_shared_center_affine.json"}
{"verified_control": "results/relation_operator_stability/evaluations/shuffled_relations_s9127_shared_center_affine.json"}
{"verified_control": "results/relation_operator_stability/evaluations/correct_relations_s7103_native_bias_refit.json"}
{"verified_control": "results/relation_operator_stability/evaluations/ordinary_s8111_orthogonal_reflection.json"}
{"check": "results/joint_answer_matched_geometry/evaluations/novel_minima_pair_s2027_trained.json", "status": "failed", "error": "KeyError('lm_head.bias')"}
{"check": "results/joint_answer_matched_geometry/evaluations/novel_records_s4051_trained.json", "status": "failed", "error": "KeyError('lm_head.bias')"}
{"check": "results/joint_answer_matched_geometry/evaluations/novel_peak_mixed_s2027_trained.json", "status": "failed", "error": "KeyError('lm_head.bias')"}
{"check": "results/joint_answer_matched_geometry/evaluations/novel_minima_pair_s3037_trained.json", "status": "failed", "error": "KeyError('lm_head.bias')"}
{"check": "results/joint_answer_matched_geometry/evaluations/novel_minima_pair_s4051_trained.json", "status": "failed", "error": "KeyError('lm_head.bias')"}
{"check": "results/joint_answer_matched_geometry/evaluations/novel_minima_pair_s3037_random.json", "status": "failed", "error": "TypeError(\"'NoneType' object is not subscriptable\")"}
{"check": "results/joint_answer_matched_geometry/evaluations/novel_minima_pair_s2027_random.json", "status": "failed", "error": "TypeError(\"'NoneType' object is not subscriptable\")"}
{"check": "results/joint_answer_matched_geometry/evaluations/novel_records_s3037_random.json", "status": "failed", "error": "TypeError(\"'NoneType' object is not subscriptable\")"}
{"check": "results/joint_answer_matched_geometry/evaluations/novel_records_s2027_trained.json", "status": "failed", "error": "KeyError('lm_head.bias')"}
{"check": "results/joint_answer_matched_geometry/evaluations/novel_minima_pair_s4051_random.json", "status": "failed", "error": "TypeError(\"'NoneType' object is not subscriptable\")"}
{"check": "results/joint_answer_matched_geometry/evaluations/novel_records_s3037_trained.json", "status": "failed", "error": "KeyError('lm_head.bias')"}
{"check": "results/joint_answer_matched_geometry/evaluations/novel_peak_mixed_s2027_random.json", "status": "failed", "error": "TypeError(\"'NoneType' object is not subscriptable\")"}
{"check": "results/joint_answer_matched_geometry/evaluations/novel_peak_mixed_s3037_random.json", "status": "failed", "error": "TypeError(\"'NoneType' object is not subscriptable\")"}
{"check": "results/joint_answer_matched_geometry/evaluations/novel_peak_mixed_s4051_random.json", "status": "failed", "error": "TypeError(\"'NoneType' object is not subscriptable\")"}
{"check": "results/joint_answer_matched_geometry/evaluations/novel_records_s4051_random.json", "status": "failed", "error": "TypeError(\"'NoneType' object is not subscriptable\")"}
{"check": "results/joint_answer_matched_geometry/evaluations/novel_peak_mixed_s3037_trained.json", "status": "failed", "error": "KeyError('lm_head.bias')"}
{"check": "results/joint_answer_matched_geometry/evaluations/novel_peak_mixed_s4051_trained.json", "status": "failed", "error": "KeyError('lm_head.bias')"}
{"check": "results/joint_answer_matched_geometry/evaluations/novel_records_s2027_random.json", "status": "failed", "error": "TypeError(\"'NoneType' object is not subscriptable\")"}
{"check": "results/relation_readout_diagnostics/evaluations/shuffled_relations_s5081.json", "status": "failed", "error": "AssertionError()"}
{"check": "results/relation_readout_diagnostics/evaluations/correct_relations_s10141.json", "status": "failed", "error": "AssertionError()"}
{"check": "results/relation_readout_diagnostics/evaluations/correct_relations_s11159.json", "status": "failed", "error": "AssertionError()"}
{"check": "results/relation_readout_diagnostics/evaluations/ordinary_s5081.json", "status": "failed", "error": "AssertionError()"}
{"check": "results/relation_readout_diagnostics/evaluations/ordinary_s11159.json", "status": "failed", "error": "AssertionError()"}
{"check": "results/relation_readout_diagnostics/evaluations/correct_relations_s12163.json", "status": "failed", "error": "AssertionError()"}
{"check": "results/relation_readout_diagnostics/evaluations/shuffled_relations_s11159.json", "status": "failed", "error": "AssertionError()"}
{"check": "results/relation_readout_diagnostics/evaluations/shuffled_relations_s10141.json", "status": "failed", "error": "AssertionError()"}
{"check": "results/relation_readout_diagnostics/evaluations/ordinary_s10141.json", "status": "failed", "error": "AssertionError()"}
{"check": "results/relation_readout_diagnostics/evaluations/ordinary_s7103.json", "status": "failed", "error": "AssertionError()"}
{"check": "results/relation_readout_diagnostics/evaluations/ordinary_s12163.json", "status": "failed", "error": "AssertionError()"}
{"check": "results/relation_readout_diagnostics/evaluations/correct_relations_s7103.json", "status": "failed", "error": "AssertionError()"}
{"check": "results/relation_readout_diagnostics/evaluations/shuffled_relations_s8111.json", "status": "failed", "error": "AssertionError()"}
{"check": "results/relation_readout_diagnostics/evaluations/shuffled_relations_s9127.json", "status": "failed", "error": "AssertionError()"}
{"check": "results/relation_readout_diagnostics/evaluations/ordinary_s9127.json", "status": "failed", "error": "AssertionError()"}
{"check": "results/relation_readout_diagnostics/evaluations/shuffled_relations_s12163.json", "status": "failed", "error": "AssertionError()"}
{"check": "results/relation_readout_diagnostics/evaluations/correct_relations_s8111.json", "status": "failed", "error": "AssertionError()"}
{"check": "results/relation_readout_diagnostics/evaluations/correct_relations_s6091.json", "status": "failed", "error": "AssertionError()"}
{"check": "results/relation_readout_diagnostics/evaluations/ordinary_s8111.json", "status": "failed", "error": "AssertionError()"}
{"check": "results/relation_readout_diagnostics/evaluations/correct_relations_s9127.json", "status": "failed", "error": "AssertionError()"}
{"check": "results/relation_readout_diagnostics/evaluations/shuffled_relations_s6091.json", "status": "failed", "error": "AssertionError()"}
{"check": "results/relation_readout_diagnostics/evaluations/correct_relations_s5081.json", "status": "failed", "error": "AssertionError()"}
{"check": "results/relation_readout_diagnostics/evaluations/shuffled_relations_s7103.json", "status": "failed", "error": "AssertionError()"}
{"check": "results/relation_readout_diagnostics/evaluations/ordinary_s6091.json", "status": "failed", "error": "AssertionError()"}
{"control_verification_status": "failed", "checks": 104, "failures": 42}
