{"verified": "algebra_structure_replication_preserved", "checks": 1}
{"verified": "algebra_hidden_relations_preserved", "checks": 2}
{"verified": "results/algebra_hidden_relations_data", "checks": 3}
{"verified": "results/relation_world_confirmation/world0_data", "checks": 4}
{"verified": "results/relation_world_confirmation/world1_data", "checks": 5}
{"verified": "results/relation_world_confirmation/world2_data", "checks": 6}
{"verified": "results/answer_matched_geometry_data", "checks": 7}
{"verified": "results/joint_answer_matched_geometry_data", "checks": 8}
{"verified": "results/relation_seed_extension/source/correct_relations_s10141.json_training", "checks": 9}
{"verified": "results/relation_seed_extension/source/correct_relations_s11159.json_training", "checks": 10}
{"verified": "results/relation_seed_extension/source/correct_relations_s12163.json_training", "checks": 11}
{"verified": "results/relation_seed_extension/source/correct_relations_s8111.json_training", "checks": 12}
{"verified": "results/relation_seed_extension/source/correct_relations_s9127.json_training", "checks": 13}
{"verified": "results/relation_seed_extension/source/ordinary_s10141.json_training", "checks": 14}
{"verified": "results/relation_seed_extension/source/ordinary_s11159.json_training", "checks": 15}
{"verified": "results/relation_seed_extension/source/ordinary_s12163.json_training", "checks": 16}
{"verified": "results/relation_seed_extension/source/ordinary_s8111.json_training", "checks": 17}
{"verified": "results/relation_seed_extension/source/ordinary_s9127.json_training", "checks": 18}
{"verified": "results/relation_seed_extension/source/shuffled_relations_s10141.json_training", "checks": 19}
{"verified": "results/relation_seed_extension/source/shuffled_relations_s11159.json_training", "checks": 20}
{"verified": "results/relation_seed_extension/source/shuffled_relations_s12163.json_training", "checks": 21}
{"verified": "results/relation_seed_extension/source/shuffled_relations_s8111.json_training", "checks": 22}
{"verified": "results/relation_seed_extension/source/shuffled_relations_s9127.json_training", "checks": 23}
{"verified": "results/relation_seed_extension/evaluations/correct_relations_s10141.json_numerics", "checks": 24}
{"verified": "results/relation_seed_extension/evaluations/correct_relations_s11159.json_numerics", "checks": 25}
{"verified": "results/relation_seed_extension/evaluations/correct_relations_s12163.json_numerics", "checks": 26}
{"verified": "results/relation_seed_extension/evaluations/correct_relations_s8111.json_numerics", "checks": 27}
{"verified": "results/relation_seed_extension/evaluations/correct_relations_s9127.json_numerics", "checks": 28}
{"verified": "results/relation_seed_extension/evaluations/ordinary_s10141.json_numerics", "checks": 29}
{"verified": "results/relation_seed_extension/evaluations/ordinary_s11159.json_numerics", "checks": 30}
{"verified": "results/relation_seed_extension/evaluations/ordinary_s12163.json_numerics", "checks": 31}
{"verified": "results/relation_seed_extension/evaluations/ordinary_s8111.json_numerics", "checks": 32}
{"verified": "results/relation_seed_extension/evaluations/ordinary_s9127.json_numerics", "checks": 33}
{"verified": "results/relation_seed_extension/evaluations/shuffled_relations_s10141.json_numerics", "checks": 34}
{"verified": "results/relation_seed_extension/evaluations/shuffled_relations_s11159.json_numerics", "checks": 35}
{"verified": "results/relation_seed_extension/evaluations/shuffled_relations_s12163.json_numerics", "checks": 36}
{"verified": "results/relation_seed_extension/evaluations/shuffled_relations_s8111.json_numerics", "checks": 37}
{"verified": "results/relation_seed_extension/evaluations/shuffled_relations_s9127.json_numerics", "checks": 38}
{"verified": "results/frozen_relation_followup/evaluations/correct_relations_s5081_k16_correct.json_known_only_fit_and_numerics", "checks": 39}
{"verified": "results/frozen_relation_followup/evaluations/correct_relations_s5081_k16_shuffled.json_known_only_fit_and_numerics", "checks": 40}
{"verified": "results/frozen_relation_followup/evaluations/correct_relations_s5081_k256_correct.json_known_only_fit_and_numerics", "checks": 41}
{"verified": "results/frozen_relation_followup/evaluations/correct_relations_s5081_k256_shuffled.json_known_only_fit_and_numerics", "checks": 42}
{"verified": "results/frozen_relation_followup/evaluations/correct_relations_s5081_k4_correct.json_known_only_fit_and_numerics", "checks": 43}
{"verified": "results/frozen_relation_followup/evaluations/correct_relations_s5081_k4_shuffled.json_known_only_fit_and_numerics", "checks": 44}
{"verified": "results/frozen_relation_followup/evaluations/correct_relations_s5081_k64_correct.json_known_only_fit_and_numerics", "checks": 45}
{"verified": "results/frozen_relation_followup/evaluations/correct_relations_s5081_k64_shuffled.json_known_only_fit_and_numerics", "checks": 46}
{"verified": "results/frozen_relation_followup/evaluations/correct_relations_s6091_k16_correct.json_known_only_fit_and_numerics", "checks": 47}
{"verified": "results/frozen_relation_followup/evaluations/correct_relations_s6091_k16_shuffled.json_known_only_fit_and_numerics", "checks": 48}
{"verified": "results/frozen_relation_followup/evaluations/correct_relations_s6091_k256_correct.json_known_only_fit_and_numerics", "checks": 49}
{"verified": "results/frozen_relation_followup/evaluations/correct_relations_s6091_k256_shuffled.json_known_only_fit_and_numerics", "checks": 50}
{"verified": "results/frozen_relation_followup/evaluations/correct_relations_s6091_k4_correct.json_known_only_fit_and_numerics", "checks": 51}
{"verified": "results/frozen_relation_followup/evaluations/correct_relations_s6091_k4_shuffled.json_known_only_fit_and_numerics", "checks": 52}
{"verified": "results/frozen_relation_followup/evaluations/correct_relations_s6091_k64_correct.json_known_only_fit_and_numerics", "checks": 53}
{"verified": "results/frozen_relation_followup/evaluations/correct_relations_s6091_k64_shuffled.json_known_only_fit_and_numerics", "checks": 54}
{"verified": "results/frozen_relation_followup/evaluations/correct_relations_s7103_k16_correct.json_known_only_fit_and_numerics", "checks": 55}
{"verified": "results/frozen_relation_followup/evaluations/correct_relations_s7103_k16_shuffled.json_known_only_fit_and_numerics", "checks": 56}
{"verified": "results/frozen_relation_followup/evaluations/correct_relations_s7103_k256_correct.json_known_only_fit_and_numerics", "checks": 57}
{"verified": "results/frozen_relation_followup/evaluations/correct_relations_s7103_k256_shuffled.json_known_only_fit_and_numerics", "checks": 58}
{"verified": "results/frozen_relation_followup/evaluations/correct_relations_s7103_k4_correct.json_known_only_fit_and_numerics", "checks": 59}
{"verified": "results/frozen_relation_followup/evaluations/correct_relations_s7103_k4_shuffled.json_known_only_fit_and_numerics", "checks": 60}
{"verified": "results/frozen_relation_followup/evaluations/correct_relations_s7103_k64_correct.json_known_only_fit_and_numerics", "checks": 61}
{"verified": "results/frozen_relation_followup/evaluations/correct_relations_s7103_k64_shuffled.json_known_only_fit_and_numerics", "checks": 62}
{"verified": "results/frozen_relation_followup/evaluations/ordinary_s5081_k16_correct.json_known_only_fit_and_numerics", "checks": 63}
{"verified": "results/frozen_relation_followup/evaluations/ordinary_s5081_k16_shuffled.json_known_only_fit_and_numerics", "checks": 64}
{"check": "results/frozen_relation_followup/evaluations/ordinary_s5081_k256_correct.json_known_only_fit_and_numerics", "status": "failed", "error": "AssertionError('\\nNot equal to tolerance rtol=1e-08, atol=1e-09\\n\\nMismatched elements: 6 / 65536 (0.00916%)\\nFirst 5 mismatches are at indices:\\n [29, 193]: 0.03660734933167143 (ACTUAL), 0.03660735078566665 (DESIRED)\\n [35, 84]: -0.023473349528276462 (ACTUAL), -0.023473350789800368 (DESIRED)\\n [109, 250]: -0.011468839101768324 (ACTUAL), -0.011468837933568765 (DESIRED)\\n [114, 250]: 0.04183692874798574 (ACTUAL), 0.04183693019473506 (DESIRED)\\n [119, 243]: -0.0037324085002348596 (ACTUAL), -0.0037324072728240837 (DESIRED)\\nMax absolute difference among violations: 1.45399522e-09\\nMax relative difference among violations: 3.28852316e-07\\n ACTUAL: array([[ 0.912776,  1.666731, -0.524662, ...,  0.668546, -3.612727,\\n        -0.024699],\\n       [ 2.94317 ,  1.370155,  2.432329, ..., -0.646223,  3.559472,...\\n DESIRED: array([[ 0.912776,  1.666731, -0.524662, ...,  0.668546, -3.612727,\\n        -0.024699],\\n       [ 2.94317 ,  1.370155,  2.432329, ..., -0.646223,  3.559472,...')"}
{"verified": "results/frozen_relation_followup/evaluations/ordinary_s5081_k256_shuffled.json_known_only_fit_and_numerics", "checks": 65}
{"verified": "results/frozen_relation_followup/evaluations/ordinary_s5081_k4_correct.json_known_only_fit_and_numerics", "checks": 66}
{"verified": "results/frozen_relation_followup/evaluations/ordinary_s5081_k4_shuffled.json_known_only_fit_and_numerics", "checks": 67}
{"verified": "results/frozen_relation_followup/evaluations/ordinary_s5081_k64_correct.json_known_only_fit_and_numerics", "checks": 68}
{"verified": "results/frozen_relation_followup/evaluations/ordinary_s5081_k64_shuffled.json_known_only_fit_and_numerics", "checks": 69}
{"verified": "results/frozen_relation_followup/evaluations/ordinary_s6091_k16_correct.json_known_only_fit_and_numerics", "checks": 70}
{"verified": "results/frozen_relation_followup/evaluations/ordinary_s6091_k16_shuffled.json_known_only_fit_and_numerics", "checks": 71}
{"verified": "results/frozen_relation_followup/evaluations/ordinary_s6091_k256_correct.json_known_only_fit_and_numerics", "checks": 72}
{"verified": "results/frozen_relation_followup/evaluations/ordinary_s6091_k256_shuffled.json_known_only_fit_and_numerics", "checks": 73}
{"verified": "results/frozen_relation_followup/evaluations/ordinary_s6091_k4_correct.json_known_only_fit_and_numerics", "checks": 74}
{"verified": "results/frozen_relation_followup/evaluations/ordinary_s6091_k4_shuffled.json_known_only_fit_and_numerics", "checks": 75}
{"verified": "results/frozen_relation_followup/evaluations/ordinary_s6091_k64_correct.json_known_only_fit_and_numerics", "checks": 76}
{"verified": "results/frozen_relation_followup/evaluations/ordinary_s6091_k64_shuffled.json_known_only_fit_and_numerics", "checks": 77}
{"verified": "results/frozen_relation_followup/evaluations/ordinary_s7103_k16_correct.json_known_only_fit_and_numerics", "checks": 78}
{"verified": "results/frozen_relation_followup/evaluations/ordinary_s7103_k16_shuffled.json_known_only_fit_and_numerics", "checks": 79}
{"verified": "results/frozen_relation_followup/evaluations/ordinary_s7103_k256_correct.json_known_only_fit_and_numerics", "checks": 80}
{"verified": "results/frozen_relation_followup/evaluations/ordinary_s7103_k256_shuffled.json_known_only_fit_and_numerics", "checks": 81}
{"verified": "results/frozen_relation_followup/evaluations/ordinary_s7103_k4_correct.json_known_only_fit_and_numerics", "checks": 82}
{"verified": "results/frozen_relation_followup/evaluations/ordinary_s7103_k4_shuffled.json_known_only_fit_and_numerics", "checks": 83}
{"verified": "results/frozen_relation_followup/evaluations/ordinary_s7103_k64_correct.json_known_only_fit_and_numerics", "checks": 84}
{"verified": "results/frozen_relation_followup/evaluations/ordinary_s7103_k64_shuffled.json_known_only_fit_and_numerics", "checks": 85}
{"verified": "results/frozen_relation_followup/evaluations/shuffled_relations_s5081_k16_correct.json_known_only_fit_and_numerics", "checks": 86}
{"verified": "results/frozen_relation_followup/evaluations/shuffled_relations_s5081_k16_shuffled.json_known_only_fit_and_numerics", "checks": 87}
{"verified": "results/frozen_relation_followup/evaluations/shuffled_relations_s5081_k256_correct.json_known_only_fit_and_numerics", "checks": 88}
{"verified": "results/frozen_relation_followup/evaluations/shuffled_relations_s5081_k256_shuffled.json_known_only_fit_and_numerics", "checks": 89}
{"verified": "results/frozen_relation_followup/evaluations/shuffled_relations_s5081_k4_correct.json_known_only_fit_and_numerics", "checks": 90}
{"verified": "results/frozen_relation_followup/evaluations/shuffled_relations_s5081_k4_shuffled.json_known_only_fit_and_numerics", "checks": 91}
{"verified": "results/frozen_relation_followup/evaluations/shuffled_relations_s5081_k64_correct.json_known_only_fit_and_numerics", "checks": 92}
{"verified": "results/frozen_relation_followup/evaluations/shuffled_relations_s5081_k64_shuffled.json_known_only_fit_and_numerics", "checks": 93}
{"verified": "results/frozen_relation_followup/evaluations/shuffled_relations_s6091_k16_correct.json_known_only_fit_and_numerics", "checks": 94}
{"verified": "results/frozen_relation_followup/evaluations/shuffled_relations_s6091_k16_shuffled.json_known_only_fit_and_numerics", "checks": 95}
{"check": "results/frozen_relation_followup/evaluations/shuffled_relations_s6091_k256_correct.json_known_only_fit_and_numerics", "status": "failed", "error": "AssertionError('\\nNot equal to tolerance rtol=1e-08, atol=1e-09\\n\\nMismatched elements: 3 / 65536 (0.00458%)\\nMismatch at indices:\\n [7, 182]: -0.02719432892191789 (ACTUAL), -0.02719433020636307 (DESIRED)\\n [63, 95]: -0.050582839245265715 (ACTUAL), -0.05058284078620433 (DESIRED)\\n [144, 95]: -0.03998255811398988 (ACTUAL), -0.03998255989418471 (DESIRED)\\nMax absolute difference among violations: 1.78019483e-09\\nMax relative difference among violations: 4.72320948e-08\\n ACTUAL: array([[ 0.023425,  0.732412, -3.380481, ..., -0.528972, -1.069907,\\n        -0.616304],\\n       [ 0.635883,  0.15071 ,  0.105509, ..., -0.170754, -4.466898,...\\n DESIRED: array([[ 0.023425,  0.732412, -3.380481, ..., -0.528972, -1.069907,\\n        -0.616304],\\n       [ 0.635883,  0.15071 ,  0.105509, ..., -0.170754, -4.466898,...')"}
{"verified": "results/frozen_relation_followup/evaluations/shuffled_relations_s6091_k256_shuffled.json_known_only_fit_and_numerics", "checks": 96}
{"verified": "results/frozen_relation_followup/evaluations/shuffled_relations_s6091_k4_correct.json_known_only_fit_and_numerics", "checks": 97}
{"verified": "results/frozen_relation_followup/evaluations/shuffled_relations_s6091_k4_shuffled.json_known_only_fit_and_numerics", "checks": 98}
{"verified": "results/frozen_relation_followup/evaluations/shuffled_relations_s6091_k64_correct.json_known_only_fit_and_numerics", "checks": 99}
{"verified": "results/frozen_relation_followup/evaluations/shuffled_relations_s6091_k64_shuffled.json_known_only_fit_and_numerics", "checks": 100}
{"verified": "results/frozen_relation_followup/evaluations/shuffled_relations_s7103_k16_correct.json_known_only_fit_and_numerics", "checks": 101}
{"verified": "results/frozen_relation_followup/evaluations/shuffled_relations_s7103_k16_shuffled.json_known_only_fit_and_numerics", "checks": 102}
{"verified": "results/frozen_relation_followup/evaluations/shuffled_relations_s7103_k256_correct.json_known_only_fit_and_numerics", "checks": 103}
{"verified": "results/frozen_relation_followup/evaluations/shuffled_relations_s7103_k256_shuffled.json_known_only_fit_and_numerics", "checks": 104}
{"verified": "results/frozen_relation_followup/evaluations/shuffled_relations_s7103_k4_correct.json_known_only_fit_and_numerics", "checks": 105}
{"verified": "results/frozen_relation_followup/evaluations/shuffled_relations_s7103_k4_shuffled.json_known_only_fit_and_numerics", "checks": 106}
{"verified": "results/frozen_relation_followup/evaluations/shuffled_relations_s7103_k64_correct.json_known_only_fit_and_numerics", "checks": 107}
{"verified": "results/frozen_relation_followup/evaluations/shuffled_relations_s7103_k64_shuffled.json_known_only_fit_and_numerics", "checks": 108}
{"verification_status": "failed", "checks": 108, "failures": 2}
