{"layer_features_complete": "d256_l4_cycle_none_s17"}
{"layer_features_complete": "d256_l4_cycle_three_s17"}
{"layer_features_complete": "d256_l4_cycle_four_s17"}
{"layer_features_complete": "d256_l4_interior_none_s17"}
{"layer_features_complete": "d256_l4_interior_four_s17"}
{"layer_features_complete": "d256_l4_position_none_s17"}
{"layer_features_complete": "d256_l4_position_three_s17"}
{"layer_features_complete": "d256_l4_position_four_s17"}
{"layer_features_complete": "d256_l4_cycle_none_s42"}
{"layer_features_complete": "d256_l4_cycle_three_s42"}
{"layer_features_complete": "d256_l4_cycle_four_s42"}
{"layer_features_complete": "d256_l4_interior_none_s42"}
{"layer_features_complete": "d256_l4_interior_four_s42"}
{"layer_features_complete": "d256_l4_position_none_s42"}
{"layer_features_complete": "d256_l4_position_three_s42"}
{"layer_features_complete": "d256_l4_position_four_s42"}
{"layer_features_complete": "d256_l4_cycle_none_s101"}
{"layer_features_complete": "d256_l4_cycle_three_s101"}
{"layer_features_complete": "d256_l4_cycle_four_s101"}
{"layer_features_complete": "d256_l4_interior_none_s101"}
{"layer_features_complete": "d256_l4_interior_four_s101"}
{"layer_features_complete": "d256_l4_position_none_s101"}
{"layer_features_complete": "d256_l4_position_three_s101"}
{"layer_features_complete": "d256_l4_position_four_s101"}
