{"job_id": "d256_l4_cycle_none_s17", "status": "running", "step": 1000, "planned_steps": 20000, "validation_macro": 0.500952380952381, "seconds": 13.704853796865791, "updated_unix": 1791203666.45162}
{"job_id": "d256_l4_cycle_none_s17", "status": "running", "step": 2000, "planned_steps": 20000, "validation_macro": 0.5572619047619047, "seconds": 26.995834902860224, "updated_unix": 1791203679.7419074}
{"job_id": "d256_l4_cycle_none_s17", "status": "running", "step": 3000, "planned_steps": 20000, "validation_macro": 0.6104761904761904, "seconds": 40.57626819983125, "updated_unix": 1791203693.3217447}
{"job_id": "d256_l4_cycle_none_s17", "status": "running", "step": 4000, "planned_steps": 20000, "validation_macro": 0.6361904761904762, "seconds": 53.88833725894801, "updated_unix": 1791203706.631805}
{"job_id": "d256_l4_cycle_none_s17", "status": "running", "step": 5000, "planned_steps": 20000, "validation_macro": 0.6460714285714285, "seconds": 67.15176982898265, "updated_unix": 1791203719.9438052}
{"job_id": "d256_l4_cycle_none_s17", "status": "running", "step": 6000, "planned_steps": 20000, "validation_macro": 0.6472619047619048, "seconds": 80.490442374954, "updated_unix": 1791203733.2393503}
{"job_id": "d256_l4_cycle_none_s17", "status": "running", "step": 7000, "planned_steps": 20000, "validation_macro": 0.6355952380952381, "seconds": 93.81020524096675, "updated_unix": 1791203746.5554802}
{"job_id": "d256_l4_cycle_none_s17", "status": "running", "step": 8000, "planned_steps": 20000, "validation_macro": 0.6663095238095238, "seconds": 107.25032675382681, "updated_unix": 1791203759.995497}
{"job_id": "d256_l4_cycle_none_s17", "status": "running", "step": 9000, "planned_steps": 20000, "validation_macro": 0.6616666666666666, "seconds": 120.7375049169641, "updated_unix": 1791203773.483966}
{"job_id": "d256_l4_cycle_none_s17", "status": "running", "step": 10000, "planned_steps": 20000, "validation_macro": 0.6769047619047619, "seconds": 134.1815089408774, "updated_unix": 1791203786.972049}
{"job_id": "d256_l4_cycle_none_s17", "status": "running", "step": 11000, "planned_steps": 20000, "validation_macro": 0.685, "seconds": 147.72738992678933, "updated_unix": 1791203800.4722018}
{"job_id": "d256_l4_cycle_none_s17", "status": "running", "step": 12000, "planned_steps": 20000, "validation_macro": 0.6871428571428572, "seconds": 160.83087177481502, "updated_unix": 1791203813.5782056}
{"job_id": "d256_l4_cycle_none_s17", "status": "running", "step": 13000, "planned_steps": 20000, "validation_macro": 0.682142857142857, "seconds": 174.34697026899084, "updated_unix": 1791203827.0923865}
{"job_id": "d256_l4_cycle_none_s17", "status": "running", "step": 14000, "planned_steps": 20000, "validation_macro": 0.6867857142857142, "seconds": 187.3608820999507, "updated_unix": 1791203840.1017478}
{"job_id": "d256_l4_cycle_none_s17", "status": "running", "step": 15000, "planned_steps": 20000, "validation_macro": 0.6911904761904761, "seconds": 200.63325166585855, "updated_unix": 1791203853.3794158}
{"job_id": "d256_l4_cycle_none_s17", "status": "running", "step": 16000, "planned_steps": 20000, "validation_macro": 0.6878571428571428, "seconds": 214.0886149900034, "updated_unix": 1791203866.8309114}
{"job_id": "d256_l4_cycle_none_s17", "status": "running", "step": 17000, "planned_steps": 20000, "validation_macro": 0.684404761904762, "seconds": 227.77378186397254, "updated_unix": 1791203880.5217795}
{"job_id": "d256_l4_cycle_none_s17", "status": "running", "step": 18000, "planned_steps": 20000, "validation_macro": 0.6853571428571428, "seconds": 240.99083001585677, "updated_unix": 1791203893.7326193}
{"job_id": "d256_l4_cycle_none_s17", "status": "running", "step": 19000, "planned_steps": 20000, "validation_macro": 0.6867857142857143, "seconds": 254.41733353491873, "updated_unix": 1791203907.1637368}
{"job_id": "d256_l4_cycle_none_s17", "status": "running", "step": 20000, "planned_steps": 20000, "validation_macro": 0.6908333333333333, "seconds": 267.7845788258128, "updated_unix": 1791203920.5890932}
{"job_id": "d256_l4_cycle_three_s17", "status": "running", "step": 1000, "planned_steps": 20000, "validation_macro": 0.5479761904761905, "seconds": 13.69644009298645, "updated_unix": 1791203941.770026}
{"job_id": "d256_l4_cycle_three_s17", "status": "running", "step": 2000, "planned_steps": 20000, "validation_macro": 0.6416666666666666, "seconds": 27.221171262208372, "updated_unix": 1791203955.2961135}
{"job_id": "d256_l4_cycle_three_s17", "status": "running", "step": 3000, "planned_steps": 20000, "validation_macro": 0.6514285714285714, "seconds": 40.62052408698946, "updated_unix": 1791203968.694481}
{"job_id": "d256_l4_cycle_three_s17", "status": "running", "step": 4000, "planned_steps": 20000, "validation_macro": 0.6553571428571429, "seconds": 54.00840114499442, "updated_unix": 1791203982.0842059}
{"job_id": "d256_l4_cycle_three_s17", "status": "running", "step": 5000, "planned_steps": 20000, "validation_macro": 0.6619047619047619, "seconds": 67.44931541499682, "updated_unix": 1791203995.5714338}
{"job_id": "d256_l4_cycle_three_s17", "status": "running", "step": 6000, "planned_steps": 20000, "validation_macro": 0.6588095238095237, "seconds": 81.08616481604986, "updated_unix": 1791204009.16098}
{"job_id": "d256_l4_cycle_three_s17", "status": "running", "step": 7000, "planned_steps": 20000, "validation_macro": 0.6648809523809524, "seconds": 94.60996719100513, "updated_unix": 1791204022.683718}
{"job_id": "d256_l4_cycle_three_s17", "status": "running", "step": 8000, "planned_steps": 20000, "validation_macro": 0.6661904761904762, "seconds": 107.92522538406774, "updated_unix": 1791204036.0001333}
{"job_id": "d256_l4_cycle_three_s17", "status": "running", "step": 9000, "planned_steps": 20000, "validation_macro": 0.6692857142857143, "seconds": 121.34401004808024, "updated_unix": 1791204049.4195533}
{"job_id": "d256_l4_cycle_three_s17", "status": "running", "step": 10000, "planned_steps": 20000, "validation_macro": 0.6691666666666667, "seconds": 135.05645109713078, "updated_unix": 1791204063.1783404}
{"job_id": "d256_l4_cycle_three_s17", "status": "running", "step": 11000, "planned_steps": 20000, "validation_macro": 0.6709523809523809, "seconds": 148.7217492570635, "updated_unix": 1791204076.7987564}
{"job_id": "d256_l4_cycle_three_s17", "status": "running", "step": 12000, "planned_steps": 20000, "validation_macro": 0.6696428571428572, "seconds": 162.1001263910439, "updated_unix": 1791204090.1750562}
{"job_id": "d256_l4_cycle_three_s17", "status": "running", "step": 13000, "planned_steps": 20000, "validation_macro": 0.6689285714285714, "seconds": 175.69666751404293, "updated_unix": 1791204103.7699664}
{"job_id": "d256_l4_cycle_three_s17", "status": "running", "step": 14000, "planned_steps": 20000, "validation_macro": 0.6695238095238095, "seconds": 189.48039150307886, "updated_unix": 1791204117.5652506}
{"job_id": "d256_l4_cycle_three_s17", "status": "running", "step": 15000, "planned_steps": 20000, "validation_macro": 0.6715476190476191, "seconds": 202.89790086820722, "updated_unix": 1791204130.9705887}
{"job_id": "d256_l4_cycle_three_s17", "status": "running", "step": 16000, "planned_steps": 20000, "validation_macro": 0.6728571428571428, "seconds": 216.2640730070416, "updated_unix": 1791204144.3376331}
{"job_id": "d256_l4_cycle_three_s17", "status": "running", "step": 17000, "planned_steps": 20000, "validation_macro": 0.6766666666666667, "seconds": 229.6852927391883, "updated_unix": 1791204157.757831}
{"job_id": "d256_l4_cycle_three_s17", "status": "running", "step": 18000, "planned_steps": 20000, "validation_macro": 0.6721428571428572, "seconds": 242.65561412507668, "updated_unix": 1791204170.7329752}
{"job_id": "d256_l4_cycle_three_s17", "status": "running", "step": 19000, "planned_steps": 20000, "validation_macro": 0.6749999999999999, "seconds": 256.12666926998645, "updated_unix": 1791204184.203327}
{"job_id": "d256_l4_cycle_three_s17", "status": "running", "step": 20000, "planned_steps": 20000, "validation_macro": 0.6738095238095239, "seconds": 269.59698185510933, "updated_unix": 1791204197.7219174}
{"job_id": "d256_l4_cycle_four_s17", "status": "running", "step": 1000, "planned_steps": 20000, "validation_macro": 0.5292857142857142, "seconds": 13.338850790867582, "updated_unix": 1791204218.4964736}
{"job_id": "d256_l4_cycle_four_s17", "status": "running", "step": 2000, "planned_steps": 20000, "validation_macro": 0.5814285714285714, "seconds": 26.48664642381482, "updated_unix": 1791204231.648554}
{"job_id": "d256_l4_cycle_four_s17", "status": "running", "step": 3000, "planned_steps": 20000, "validation_macro": 0.5929761904761904, "seconds": 39.946409911848605, "updated_unix": 1791204245.1043098}
{"job_id": "d256_l4_cycle_four_s17", "status": "running", "step": 4000, "planned_steps": 20000, "validation_macro": 0.5995238095238096, "seconds": 53.813789332984015, "updated_unix": 1791204258.9713721}
{"job_id": "d256_l4_cycle_four_s17", "status": "running", "step": 5000, "planned_steps": 20000, "validation_macro": 0.6050000000000001, "seconds": 67.03675311384723, "updated_unix": 1791204272.2408416}
{"job_id": "d256_l4_cycle_four_s17", "status": "running", "step": 6000, "planned_steps": 20000, "validation_macro": 0.6003571428571428, "seconds": 80.24463723390363, "updated_unix": 1791204285.4059155}
{"job_id": "d256_l4_cycle_four_s17", "status": "running", "step": 7000, "planned_steps": 20000, "validation_macro": 0.605, "seconds": 93.78426280478016, "updated_unix": 1791204298.9485502}
{"job_id": "d256_l4_cycle_four_s17", "status": "running", "step": 8000, "planned_steps": 20000, "validation_macro": 0.6047619047619048, "seconds": 107.06694829580374, "updated_unix": 1791204312.2250257}
{"job_id": "d256_l4_cycle_four_s17", "status": "running", "step": 9000, "planned_steps": 20000, "validation_macro": 0.6098809523809524, "seconds": 120.48376526287757, "updated_unix": 1791204325.645315}
{"job_id": "d256_l4_cycle_four_s17", "status": "running", "step": 10000, "planned_steps": 20000, "validation_macro": 0.6082142857142858, "seconds": 133.88028400880285, "updated_unix": 1791204339.085574}
{"job_id": "d256_l4_cycle_four_s17", "status": "running", "step": 11000, "planned_steps": 20000, "validation_macro": 0.6091666666666666, "seconds": 147.49868221580982, "updated_unix": 1791204352.659071}
{"job_id": "d256_l4_cycle_four_s17", "status": "running", "step": 12000, "planned_steps": 20000, "validation_macro": 0.6079761904761904, "seconds": 161.59069906687364, "updated_unix": 1791204366.7584975}
{"job_id": "d256_l4_cycle_four_s17", "status": "running", "step": 13000, "planned_steps": 20000, "validation_macro": 0.6124999999999999, "seconds": 174.46101451292634, "updated_unix": 1791204379.6248717}
{"job_id": "d256_l4_cycle_four_s17", "status": "running", "step": 14000, "planned_steps": 20000, "validation_macro": 0.6107142857142857, "seconds": 187.71646648086607, "updated_unix": 1791204392.880737}
{"job_id": "d256_l4_cycle_four_s17", "status": "running", "step": 15000, "planned_steps": 20000, "validation_macro": 0.6161904761904762, "seconds": 201.11127235600725, "updated_unix": 1791204406.2665653}
{"job_id": "d256_l4_cycle_four_s17", "status": "running", "step": 16000, "planned_steps": 20000, "validation_macro": 0.6095238095238096, "seconds": 214.415401131846, "updated_unix": 1791204419.5753484}
{"job_id": "d256_l4_cycle_four_s17", "status": "running", "step": 17000, "planned_steps": 20000, "validation_macro": 0.6107142857142858, "seconds": 227.8717256039381, "updated_unix": 1791204433.0285912}
{"job_id": "d256_l4_cycle_four_s17", "status": "running", "step": 18000, "planned_steps": 20000, "validation_macro": 0.6104761904761905, "seconds": 241.44447670085356, "updated_unix": 1791204446.601519}
{"job_id": "d256_l4_cycle_four_s17", "status": "running", "step": 19000, "planned_steps": 20000, "validation_macro": 0.6103571428571428, "seconds": 255.09787838184275, "updated_unix": 1791204460.253525}
{"job_id": "d256_l4_cycle_four_s17", "status": "running", "step": 20000, "planned_steps": 20000, "validation_macro": 0.6116666666666667, "seconds": 268.43182538985275, "updated_unix": 1791204473.6344864}
{"job_id": "d256_l4_interior_none_s17", "status": "running", "step": 1000, "planned_steps": 20000, "validation_macro": 0.33107142857142857, "seconds": 13.39012366021052, "updated_unix": 1791204494.4827113}
{"job_id": "d256_l4_interior_none_s17", "status": "running", "step": 2000, "planned_steps": 20000, "validation_macro": 0.39595238095238094, "seconds": 26.60666246106848, "updated_unix": 1791204507.6992633}
{"job_id": "d256_l4_interior_none_s17", "status": "running", "step": 3000, "planned_steps": 20000, "validation_macro": 0.49642857142857144, "seconds": 39.98394566401839, "updated_unix": 1791204521.074149}
{"job_id": "d256_l4_interior_none_s17", "status": "running", "step": 4000, "planned_steps": 20000, "validation_macro": 0.5013095238095238, "seconds": 53.44251796207391, "updated_unix": 1791204534.545755}
{"job_id": "d256_l4_interior_none_s17", "status": "running", "step": 5000, "planned_steps": 20000, "validation_macro": 0.5358333333333334, "seconds": 67.12600730312988, "updated_unix": 1791204548.266588}
{"job_id": "d256_l4_interior_none_s17", "status": "running", "step": 6000, "planned_steps": 20000, "validation_macro": 0.526547619047619, "seconds": 80.52586459321901, "updated_unix": 1791204561.616214}
{"job_id": "d256_l4_interior_none_s17", "status": "running", "step": 7000, "planned_steps": 20000, "validation_macro": 0.5647619047619048, "seconds": 93.71099437400699, "updated_unix": 1791204574.802033}
{"job_id": "d256_l4_interior_none_s17", "status": "running", "step": 8000, "planned_steps": 20000, "validation_macro": 0.5926190476190476, "seconds": 107.11074510705657, "updated_unix": 1791204588.199746}
{"job_id": "d256_l4_interior_none_s17", "status": "running", "step": 9000, "planned_steps": 20000, "validation_macro": 0.6164285714285714, "seconds": 120.26219935412519, "updated_unix": 1791204601.3514283}
{"job_id": "d256_l4_interior_none_s17", "status": "running", "step": 10000, "planned_steps": 20000, "validation_macro": 0.62, "seconds": 133.82520479219966, "updated_unix": 1791204614.9619064}
{"job_id": "d256_l4_interior_none_s17", "status": "running", "step": 11000, "planned_steps": 20000, "validation_macro": 0.6214285714285714, "seconds": 147.87004804005846, "updated_unix": 1791204628.9645429}
{"job_id": "d256_l4_interior_none_s17", "status": "running", "step": 12000, "planned_steps": 20000, "validation_macro": 0.6446428571428572, "seconds": 161.21390527416952, "updated_unix": 1791204642.3028052}
{"job_id": "d256_l4_interior_none_s17", "status": "running", "step": 13000, "planned_steps": 20000, "validation_macro": 0.6533333333333333, "seconds": 174.77438249718398, "updated_unix": 1791204655.8695111}
{"job_id": "d256_l4_interior_none_s17", "status": "running", "step": 14000, "planned_steps": 20000, "validation_macro": 0.6725, "seconds": 187.9428907642141, "updated_unix": 1791204669.033712}
{"job_id": "d256_l4_interior_none_s17", "status": "running", "step": 15000, "planned_steps": 20000, "validation_macro": 0.6947619047619047, "seconds": 201.44397191121243, "updated_unix": 1791204682.535882}
{"job_id": "d256_l4_interior_none_s17", "status": "running", "step": 16000, "planned_steps": 20000, "validation_macro": 0.7138095238095238, "seconds": 214.8873535641469, "updated_unix": 1791204695.9915426}
{"job_id": "d256_l4_interior_none_s17", "status": "running", "step": 17000, "planned_steps": 20000, "validation_macro": 0.7365476190476191, "seconds": 228.39538948400877, "updated_unix": 1791204709.4875205}
{"job_id": "d256_l4_interior_none_s17", "status": "running", "step": 18000, "planned_steps": 20000, "validation_macro": 0.756547619047619, "seconds": 241.75414872402325, "updated_unix": 1791204722.8448653}
{"job_id": "d256_l4_interior_none_s17", "status": "running", "step": 19000, "planned_steps": 20000, "validation_macro": 0.7686904761904761, "seconds": 255.74879439617507, "updated_unix": 1791204736.847199}
{"job_id": "d256_l4_interior_none_s17", "status": "running", "step": 20000, "planned_steps": 20000, "validation_macro": 0.7857142857142858, "seconds": 269.8298020600341, "updated_unix": 1791204750.9748633}
{"job_id": "d256_l4_interior_four_s17", "status": "running", "step": 1000, "planned_steps": 20000, "validation_macro": 0.3175, "seconds": 13.572663880186155, "updated_unix": 1791204771.9801733}
{"job_id": "d256_l4_interior_four_s17", "status": "running", "step": 2000, "planned_steps": 20000, "validation_macro": 0.32726190476190475, "seconds": 26.68051905510947, "updated_unix": 1791204785.0951722}
{"job_id": "d256_l4_interior_four_s17", "status": "running", "step": 3000, "planned_steps": 20000, "validation_macro": 0.3246428571428571, "seconds": 39.98104451503605, "updated_unix": 1791204798.396318}
{"job_id": "d256_l4_interior_four_s17", "status": "running", "step": 4000, "planned_steps": 20000, "validation_macro": 0.3355952380952381, "seconds": 53.32445536903106, "updated_unix": 1791204811.7352755}
{"job_id": "d256_l4_interior_four_s17", "status": "running", "step": 5000, "planned_steps": 20000, "validation_macro": 0.33476190476190476, "seconds": 67.0585575310979, "updated_unix": 1791204825.5342553}
{"job_id": "d256_l4_interior_four_s17", "status": "running", "step": 6000, "planned_steps": 20000, "validation_macro": 0.32678571428571423, "seconds": 80.49006797117181, "updated_unix": 1791204838.9057276}
{"job_id": "d256_l4_interior_four_s17", "status": "running", "step": 7000, "planned_steps": 20000, "validation_macro": 0.33952380952380956, "seconds": 93.9566000001505, "updated_unix": 1791204852.3663373}
{"job_id": "d256_l4_interior_four_s17", "status": "running", "step": 8000, "planned_steps": 20000, "validation_macro": 0.35119047619047616, "seconds": 107.20891053415835, "updated_unix": 1791204865.6185927}
{"job_id": "d256_l4_interior_four_s17", "status": "running", "step": 9000, "planned_steps": 20000, "validation_macro": 0.3597619047619047, "seconds": 120.63075896399096, "updated_unix": 1791204879.0405385}
{"job_id": "d256_l4_interior_four_s17", "status": "running", "step": 10000, "planned_steps": 20000, "validation_macro": 0.3769047619047619, "seconds": 133.82798605714925, "updated_unix": 1791204892.2819786}
{"job_id": "d256_l4_interior_four_s17", "status": "running", "step": 11000, "planned_steps": 20000, "validation_macro": 0.38416666666666666, "seconds": 147.37554070912302, "updated_unix": 1791204905.7883883}
{"job_id": "d256_l4_interior_four_s17", "status": "running", "step": 12000, "planned_steps": 20000, "validation_macro": 0.4064285714285714, "seconds": 160.66650676797144, "updated_unix": 1791204919.0763252}
{"job_id": "d256_l4_interior_four_s17", "status": "running", "step": 13000, "planned_steps": 20000, "validation_macro": 0.4278571428571429, "seconds": 174.05658557917923, "updated_unix": 1791204932.4690912}
{"job_id": "d256_l4_interior_four_s17", "status": "running", "step": 14000, "planned_steps": 20000, "validation_macro": 0.44595238095238093, "seconds": 187.6396126979962, "updated_unix": 1791204946.046946}
{"job_id": "d256_l4_interior_four_s17", "status": "running", "step": 15000, "planned_steps": 20000, "validation_macro": 0.45666666666666667, "seconds": 200.7273592071142, "updated_unix": 1791204959.1357067}
{"job_id": "d256_l4_interior_four_s17", "status": "running", "step": 16000, "planned_steps": 20000, "validation_macro": 0.46761904761904766, "seconds": 213.8686718819663, "updated_unix": 1791204972.2755437}
{"job_id": "d256_l4_interior_four_s17", "status": "running", "step": 17000, "planned_steps": 20000, "validation_macro": 0.47869047619047617, "seconds": 226.98759198118933, "updated_unix": 1791204985.397633}
{"job_id": "d256_l4_interior_four_s17", "status": "running", "step": 18000, "planned_steps": 20000, "validation_macro": 0.4961904761904762, "seconds": 240.3586775700096, "updated_unix": 1791204998.766494}
{"job_id": "d256_l4_interior_four_s17", "status": "running", "step": 19000, "planned_steps": 20000, "validation_macro": 0.4982142857142857, "seconds": 253.39594803913496, "updated_unix": 1791205011.8034246}
{"job_id": "d256_l4_interior_four_s17", "status": "running", "step": 20000, "planned_steps": 20000, "validation_macro": 0.5096428571428572, "seconds": 266.7262028960977, "updated_unix": 1791205025.182262}
{"job_id": "d256_l4_position_none_s17", "status": "running", "step": 1000, "planned_steps": 20000, "validation_macro": 0.305, "seconds": 13.853603570954874, "updated_unix": 1791205046.5288618}
{"job_id": "d256_l4_position_none_s17", "status": "running", "step": 2000, "planned_steps": 20000, "validation_macro": 0.3016666666666667, "seconds": 27.52658117096871, "updated_unix": 1791205060.2086391}
{"job_id": "d256_l4_position_none_s17", "status": "running", "step": 3000, "planned_steps": 20000, "validation_macro": 0.30428571428571427, "seconds": 40.852425965014845, "updated_unix": 1791205073.5314622}
{"job_id": "d256_l4_position_none_s17", "status": "running", "step": 4000, "planned_steps": 20000, "validation_macro": 0.30142857142857143, "seconds": 54.20147680793889, "updated_unix": 1791205086.881108}
{"job_id": "d256_l4_position_none_s17", "status": "running", "step": 5000, "planned_steps": 20000, "validation_macro": 0.30404761904761907, "seconds": 67.81046602595598, "updated_unix": 1791205100.5353546}
{"job_id": "d256_l4_position_none_s17", "status": "running", "step": 6000, "planned_steps": 20000, "validation_macro": 0.3091666666666667, "seconds": 81.3405072640162, "updated_unix": 1791205114.0204957}
{"job_id": "d256_l4_position_none_s17", "status": "running", "step": 7000, "planned_steps": 20000, "validation_macro": 0.3147619047619048, "seconds": 94.79367826902308, "updated_unix": 1791205127.471282}
{"job_id": "d256_l4_position_none_s17", "status": "running", "step": 8000, "planned_steps": 20000, "validation_macro": 0.32761904761904764, "seconds": 108.0979904460255, "updated_unix": 1791205140.7777147}
{"job_id": "d256_l4_position_none_s17", "status": "running", "step": 9000, "planned_steps": 20000, "validation_macro": 0.3286904761904762, "seconds": 121.7581810390111, "updated_unix": 1791205154.436808}
{"job_id": "d256_l4_position_none_s17", "status": "running", "step": 10000, "planned_steps": 20000, "validation_macro": 0.3380952380952381, "seconds": 135.503080944065, "updated_unix": 1791205168.230102}
{"job_id": "d256_l4_position_none_s17", "status": "running", "step": 11000, "planned_steps": 20000, "validation_macro": 0.3461904761904762, "seconds": 149.31286843586713, "updated_unix": 1791205181.9945748}
{"job_id": "d256_l4_position_none_s17", "status": "running", "step": 12000, "planned_steps": 20000, "validation_macro": 0.3509523809523809, "seconds": 162.72261402802542, "updated_unix": 1791205195.404234}
{"job_id": "d256_l4_position_none_s17", "status": "running", "step": 13000, "planned_steps": 20000, "validation_macro": 0.3634523809523809, "seconds": 176.14932096004486, "updated_unix": 1791205208.8319125}
{"job_id": "d256_l4_position_none_s17", "status": "running", "step": 14000, "planned_steps": 20000, "validation_macro": 0.37202380952380953, "seconds": 189.60186935705133, "updated_unix": 1791205222.2835138}
{"job_id": "d256_l4_position_none_s17", "status": "running", "step": 15000, "planned_steps": 20000, "validation_macro": 0.3830952380952381, "seconds": 202.96563683985732, "updated_unix": 1791205235.6459002}
{"job_id": "d256_l4_position_none_s17", "status": "running", "step": 16000, "planned_steps": 20000, "validation_macro": 0.3889285714285714, "seconds": 216.3441474540159, "updated_unix": 1791205249.0384989}
{"job_id": "d256_l4_position_none_s17", "status": "running", "step": 17000, "planned_steps": 20000, "validation_macro": 0.39226190476190476, "seconds": 229.76428955886513, "updated_unix": 1791205262.4623773}
{"job_id": "d256_l4_position_none_s17", "status": "running", "step": 18000, "planned_steps": 20000, "validation_macro": 0.3958333333333333, "seconds": 243.22809154703282, "updated_unix": 1791205275.9078681}
{"job_id": "d256_l4_position_none_s17", "status": "running", "step": 19000, "planned_steps": 20000, "validation_macro": 0.40464285714285714, "seconds": 256.6872879508883, "updated_unix": 1791205289.369416}
{"job_id": "d256_l4_position_none_s17", "status": "running", "step": 20000, "planned_steps": 20000, "validation_macro": 0.41119047619047616, "seconds": 270.22838340187445, "updated_unix": 1791205302.9554913}
{"job_id": "d256_l4_position_three_s17", "status": "running", "step": 1000, "planned_steps": 20000, "validation_macro": 0.3795238095238095, "seconds": 13.768201297847554, "updated_unix": 1791205324.1855545}
{"job_id": "d256_l4_position_three_s17", "status": "running", "step": 2000, "planned_steps": 20000, "validation_macro": 0.5055952380952381, "seconds": 27.205719445832074, "updated_unix": 1791205337.630209}
{"job_id": "d256_l4_position_three_s17", "status": "running", "step": 3000, "planned_steps": 20000, "validation_macro": 0.6345238095238095, "seconds": 40.87821219302714, "updated_unix": 1791205351.29726}
{"job_id": "d256_l4_position_three_s17", "status": "running", "step": 4000, "planned_steps": 20000, "validation_macro": 0.6672619047619048, "seconds": 54.12266761995852, "updated_unix": 1791205364.5526557}
{"job_id": "d256_l4_position_three_s17", "status": "running", "step": 5000, "planned_steps": 20000, "validation_macro": 0.7998809523809524, "seconds": 67.51696503488347, "updated_unix": 1791205377.9831903}
{"job_id": "d256_l4_position_three_s17", "status": "running", "step": 6000, "planned_steps": 20000, "validation_macro": 0.8282142857142857, "seconds": 81.00296989199705, "updated_unix": 1791205391.4264417}
{"job_id": "d256_l4_position_three_s17", "status": "running", "step": 7000, "planned_steps": 20000, "validation_macro": 0.8405952380952381, "seconds": 94.52128363098018, "updated_unix": 1791205404.9424572}
{"job_id": "d256_l4_position_three_s17", "status": "running", "step": 8000, "planned_steps": 20000, "validation_macro": 0.8914285714285715, "seconds": 107.75338376802392, "updated_unix": 1791205418.1754436}
{"job_id": "d256_l4_position_three_s17", "status": "running", "step": 9000, "planned_steps": 20000, "validation_macro": 0.9048809523809523, "seconds": 120.92831671703607, "updated_unix": 1791205431.3478098}
{"job_id": "d256_l4_position_three_s17", "status": "running", "step": 10000, "planned_steps": 20000, "validation_macro": 0.9597619047619048, "seconds": 134.48216169304214, "updated_unix": 1791205444.9502904}
{"job_id": "d256_l4_position_three_s17", "status": "running", "step": 11000, "planned_steps": 20000, "validation_macro": 0.9460714285714286, "seconds": 147.71103318291716, "updated_unix": 1791205458.1299477}
{"job_id": "d256_l4_position_three_s17", "status": "running", "step": 12000, "planned_steps": 20000, "validation_macro": 0.9801190476190476, "seconds": 161.06302042584866, "updated_unix": 1791205471.4846945}
{"job_id": "d256_l4_position_three_s17", "status": "running", "step": 13000, "planned_steps": 20000, "validation_macro": 0.9869047619047618, "seconds": 174.45367711992003, "updated_unix": 1791205484.870307}
{"job_id": "d256_l4_position_three_s17", "status": "running", "step": 14000, "planned_steps": 20000, "validation_macro": 0.9832142857142856, "seconds": 187.81701919902116, "updated_unix": 1791205498.2366362}
{"job_id": "d256_l4_position_three_s17", "status": "running", "step": 15000, "planned_steps": 20000, "validation_macro": 0.9892857142857143, "seconds": 201.87116149882786, "updated_unix": 1791205512.2817826}
{"job_id": "d256_l4_position_three_s17", "status": "running", "step": 16000, "planned_steps": 20000, "validation_macro": 0.9895238095238096, "seconds": 215.59288159385324, "updated_unix": 1791205526.010612}
{"job_id": "d256_l4_position_three_s17", "status": "running", "step": 17000, "planned_steps": 20000, "validation_macro": 0.9891666666666667, "seconds": 229.50863159494475, "updated_unix": 1791205539.9292643}
{"job_id": "d256_l4_position_three_s17", "status": "running", "step": 18000, "planned_steps": 20000, "validation_macro": 0.9920238095238095, "seconds": 242.9860903949011, "updated_unix": 1791205553.404858}
{"job_id": "d256_l4_position_three_s17", "status": "running", "step": 19000, "planned_steps": 20000, "validation_macro": 0.9935714285714285, "seconds": 256.2991053208243, "updated_unix": 1791205566.7207453}
{"job_id": "d256_l4_position_three_s17", "status": "running", "step": 20000, "planned_steps": 20000, "validation_macro": 0.9938095238095239, "seconds": 269.6686650158372, "updated_unix": 1791205580.129378}
{"job_id": "d256_l4_position_four_s17", "status": "running", "step": 1000, "planned_steps": 20000, "validation_macro": 0.2997619047619048, "seconds": 13.462689565028995, "updated_unix": 1791205601.1141896}
{"job_id": "d256_l4_position_four_s17", "status": "running", "step": 2000, "planned_steps": 20000, "validation_macro": 0.30797619047619046, "seconds": 26.991216900991276, "updated_unix": 1791205614.6417744}
{"job_id": "d256_l4_position_four_s17", "status": "running", "step": 3000, "planned_steps": 20000, "validation_macro": 0.37630952380952376, "seconds": 40.592217691009864, "updated_unix": 1791205628.2427485}
{"job_id": "d256_l4_position_four_s17", "status": "running", "step": 4000, "planned_steps": 20000, "validation_macro": 0.4636904761904762, "seconds": 54.31905859615654, "updated_unix": 1791205641.9671354}
{"job_id": "d256_l4_position_four_s17", "status": "running", "step": 5000, "planned_steps": 20000, "validation_macro": 0.5140476190476191, "seconds": 68.00539779895917, "updated_unix": 1791205655.703366}
{"job_id": "d256_l4_position_four_s17", "status": "running", "step": 6000, "planned_steps": 20000, "validation_macro": 0.5038095238095238, "seconds": 80.97813550801948, "updated_unix": 1791205668.624043}
{"job_id": "d256_l4_position_four_s17", "status": "running", "step": 7000, "planned_steps": 20000, "validation_macro": 0.5383333333333333, "seconds": 94.81050023809075, "updated_unix": 1791205682.4584563}
{"job_id": "d256_l4_position_four_s17", "status": "running", "step": 8000, "planned_steps": 20000, "validation_macro": 0.560952380952381, "seconds": 108.13717608503066, "updated_unix": 1791205695.7853587}
{"job_id": "d256_l4_position_four_s17", "status": "running", "step": 9000, "planned_steps": 20000, "validation_macro": 0.5741666666666666, "seconds": 121.60113250510767, "updated_unix": 1791205709.2514017}
{"job_id": "d256_l4_position_four_s17", "status": "running", "step": 10000, "planned_steps": 20000, "validation_macro": 0.5734523809523809, "seconds": 134.93585244799033, "updated_unix": 1791205722.6312718}
{"job_id": "d256_l4_position_four_s17", "status": "running", "step": 11000, "planned_steps": 20000, "validation_macro": 0.6472619047619047, "seconds": 148.41901205503382, "updated_unix": 1791205736.0690968}
{"job_id": "d256_l4_position_four_s17", "status": "running", "step": 12000, "planned_steps": 20000, "validation_macro": 0.6555952380952381, "seconds": 161.7168324510567, "updated_unix": 1791205749.3629231}
{"job_id": "d256_l4_position_four_s17", "status": "running", "step": 13000, "planned_steps": 20000, "validation_macro": 0.6476190476190476, "seconds": 176.5298838200979, "updated_unix": 1791205764.1748955}
{"job_id": "d256_l4_position_four_s17", "status": "running", "step": 14000, "planned_steps": 20000, "validation_macro": 0.6546428571428571, "seconds": 189.85330728604458, "updated_unix": 1791205777.5041506}
{"job_id": "d256_l4_position_four_s17", "status": "running", "step": 15000, "planned_steps": 20000, "validation_macro": 0.6720238095238096, "seconds": 203.16295787901618, "updated_unix": 1791205790.8152683}
{"job_id": "d256_l4_position_four_s17", "status": "running", "step": 16000, "planned_steps": 20000, "validation_macro": 0.6684523809523809, "seconds": 216.67130176606588, "updated_unix": 1791205804.3198886}
{"job_id": "d256_l4_position_four_s17", "status": "running", "step": 17000, "planned_steps": 20000, "validation_macro": 0.6713095238095238, "seconds": 230.0365158941131, "updated_unix": 1791205817.6834238}
{"job_id": "d256_l4_position_four_s17", "status": "running", "step": 18000, "planned_steps": 20000, "validation_macro": 0.6708333333333333, "seconds": 243.1456127120182, "updated_unix": 1791205830.7943385}
{"job_id": "d256_l4_position_four_s17", "status": "running", "step": 19000, "planned_steps": 20000, "validation_macro": 0.6697619047619047, "seconds": 256.5908421780914, "updated_unix": 1791205844.2375126}
{"job_id": "d256_l4_position_four_s17", "status": "running", "step": 20000, "planned_steps": 20000, "validation_macro": 0.6717857142857143, "seconds": 269.99248899309896, "updated_unix": 1791205857.6898062}
{"job_id": "d256_l4_cycle_none_s42", "status": "running", "step": 1000, "planned_steps": 20000, "validation_macro": 0.48083333333333333, "seconds": 13.401798826875165, "updated_unix": 1791205878.509451}
{"job_id": "d256_l4_cycle_none_s42", "status": "running", "step": 2000, "planned_steps": 20000, "validation_macro": 0.5465476190476191, "seconds": 26.811006627045572, "updated_unix": 1791205891.9210923}
{"job_id": "d256_l4_cycle_none_s42", "status": "running", "step": 3000, "planned_steps": 20000, "validation_macro": 0.6173809523809524, "seconds": 40.437612747075036, "updated_unix": 1791205905.5463653}
{"job_id": "d256_l4_cycle_none_s42", "status": "running", "step": 4000, "planned_steps": 20000, "validation_macro": 0.6348809523809524, "seconds": 53.92371193994768, "updated_unix": 1791205919.0345674}
{"job_id": "d256_l4_cycle_none_s42", "status": "running", "step": 5000, "planned_steps": 20000, "validation_macro": 0.6161904761904762, "seconds": 67.68329837196507, "updated_unix": 1791205932.8401766}
{"job_id": "d256_l4_cycle_none_s42", "status": "running", "step": 6000, "planned_steps": 20000, "validation_macro": 0.6379761904761905, "seconds": 81.02633129805326, "updated_unix": 1791205946.1355705}
{"job_id": "d256_l4_cycle_none_s42", "status": "running", "step": 7000, "planned_steps": 20000, "validation_macro": 0.68, "seconds": 94.77348371502012, "updated_unix": 1791205959.8850117}
{"job_id": "d256_l4_cycle_none_s42", "status": "running", "step": 8000, "planned_steps": 20000, "validation_macro": 0.6630952380952382, "seconds": 108.06051704194397, "updated_unix": 1791205973.1691937}
{"job_id": "d256_l4_cycle_none_s42", "status": "running", "step": 9000, "planned_steps": 20000, "validation_macro": 0.6770238095238095, "seconds": 121.5934693950694, "updated_unix": 1791205986.7058876}
{"job_id": "d256_l4_cycle_none_s42", "status": "running", "step": 10000, "planned_steps": 20000, "validation_macro": 0.6677380952380952, "seconds": 135.1361986938864, "updated_unix": 1791206000.2929313}
{"job_id": "d256_l4_cycle_none_s42", "status": "running", "step": 11000, "planned_steps": 20000, "validation_macro": 0.6620238095238096, "seconds": 148.35094774491154, "updated_unix": 1791206013.463163}
{"job_id": "d256_l4_cycle_none_s42", "status": "running", "step": 12000, "planned_steps": 20000, "validation_macro": 0.6849999999999999, "seconds": 161.80757551291026, "updated_unix": 1791206026.9185429}
{"job_id": "d256_l4_cycle_none_s42", "status": "running", "step": 13000, "planned_steps": 20000, "validation_macro": 0.6873809523809523, "seconds": 175.2746963670943, "updated_unix": 1791206040.3848557}
{"job_id": "d256_l4_cycle_none_s42", "status": "running", "step": 14000, "planned_steps": 20000, "validation_macro": 0.690595238095238, "seconds": 188.63738648500293, "updated_unix": 1791206053.7486956}
{"job_id": "d256_l4_cycle_none_s42", "status": "running", "step": 15000, "planned_steps": 20000, "validation_macro": 0.6869047619047619, "seconds": 202.85339713608846, "updated_unix": 1791206067.9667542}
{"job_id": "d256_l4_cycle_none_s42", "status": "running", "step": 16000, "planned_steps": 20000, "validation_macro": 0.6894047619047619, "seconds": 216.3264089699369, "updated_unix": 1791206081.4411952}
{"job_id": "d256_l4_cycle_none_s42", "status": "running", "step": 17000, "planned_steps": 20000, "validation_macro": 0.6871428571428572, "seconds": 230.02037930791266, "updated_unix": 1791206095.1232905}
{"job_id": "d256_l4_cycle_none_s42", "status": "running", "step": 18000, "planned_steps": 20000, "validation_macro": 0.6898809523809524, "seconds": 243.64226675592363, "updated_unix": 1791206108.7518055}
{"job_id": "d256_l4_cycle_none_s42", "status": "running", "step": 19000, "planned_steps": 20000, "validation_macro": 0.6903571428571429, "seconds": 256.9933697190136, "updated_unix": 1791206122.1042168}
{"job_id": "d256_l4_cycle_none_s42", "status": "running", "step": 20000, "planned_steps": 20000, "validation_macro": 0.6877380952380953, "seconds": 270.2728261980228, "updated_unix": 1791206135.4318976}
{"job_id": "d256_l4_cycle_three_s42", "status": "running", "step": 1000, "planned_steps": 20000, "validation_macro": 0.5045238095238096, "seconds": 13.59549720515497, "updated_unix": 1791206156.4968312}
{"job_id": "d256_l4_cycle_three_s42", "status": "running", "step": 2000, "planned_steps": 20000, "validation_macro": 0.5216666666666667, "seconds": 26.81989731010981, "updated_unix": 1791206169.7238176}
{"job_id": "d256_l4_cycle_three_s42", "status": "running", "step": 3000, "planned_steps": 20000, "validation_macro": 0.6226190476190476, "seconds": 40.46027667704038, "updated_unix": 1791206183.3616004}
{"job_id": "d256_l4_cycle_three_s42", "status": "running", "step": 4000, "planned_steps": 20000, "validation_macro": 0.6430952380952382, "seconds": 53.971220119157806, "updated_unix": 1791206196.8750033}
{"job_id": "d256_l4_cycle_three_s42", "status": "running", "step": 5000, "planned_steps": 20000, "validation_macro": 0.6571428571428571, "seconds": 67.05914491508156, "updated_unix": 1791206210.0112271}
{"job_id": "d256_l4_cycle_three_s42", "status": "running", "step": 6000, "planned_steps": 20000, "validation_macro": 0.6607142857142857, "seconds": 80.54309604805894, "updated_unix": 1791206223.4480283}
{"job_id": "d256_l4_cycle_three_s42", "status": "running", "step": 7000, "planned_steps": 20000, "validation_macro": 0.6667857142857142, "seconds": 94.07280689408071, "updated_unix": 1791206236.9767036}
{"job_id": "d256_l4_cycle_three_s42", "status": "running", "step": 8000, "planned_steps": 20000, "validation_macro": 0.6622619047619047, "seconds": 107.54760340298526, "updated_unix": 1791206250.4519532}
{"job_id": "d256_l4_cycle_three_s42", "status": "running", "step": 9000, "planned_steps": 20000, "validation_macro": 0.6716666666666667, "seconds": 121.44413871015422, "updated_unix": 1791206264.3496194}
{"job_id": "d256_l4_cycle_three_s42", "status": "running", "step": 10000, "planned_steps": 20000, "validation_macro": 0.6644047619047619, "seconds": 134.91408853814937, "updated_unix": 1791206277.8638072}
{"job_id": "d256_l4_cycle_three_s42", "status": "running", "step": 11000, "planned_steps": 20000, "validation_macro": 0.6644047619047619, "seconds": 148.5291880320292, "updated_unix": 1791206291.432196}
{"job_id": "d256_l4_cycle_three_s42", "status": "running", "step": 12000, "planned_steps": 20000, "validation_macro": 0.6689285714285713, "seconds": 161.81845920998603, "updated_unix": 1791206304.719831}
{"job_id": "d256_l4_cycle_three_s42", "status": "running", "step": 13000, "planned_steps": 20000, "validation_macro": 0.6692857142857143, "seconds": 175.5423758381512, "updated_unix": 1791206318.4454122}
{"job_id": "d256_l4_cycle_three_s42", "status": "running", "step": 14000, "planned_steps": 20000, "validation_macro": 0.6701190476190476, "seconds": 189.15653916215524, "updated_unix": 1791206332.058705}
{"job_id": "d256_l4_cycle_three_s42", "status": "running", "step": 15000, "planned_steps": 20000, "validation_macro": 0.6740476190476191, "seconds": 202.52415100415237, "updated_unix": 1791206345.4274802}
{"job_id": "d256_l4_cycle_three_s42", "status": "running", "step": 16000, "planned_steps": 20000, "validation_macro": 0.6713095238095238, "seconds": 216.09081510896794, "updated_unix": 1791206358.9923184}
{"job_id": "d256_l4_cycle_three_s42", "status": "running", "step": 17000, "planned_steps": 20000, "validation_macro": 0.6721428571428572, "seconds": 229.73577905911952, "updated_unix": 1791206372.639952}
{"job_id": "d256_l4_cycle_three_s42", "status": "running", "step": 18000, "planned_steps": 20000, "validation_macro": 0.6713095238095238, "seconds": 243.2655563170556, "updated_unix": 1791206386.1677299}
{"job_id": "d256_l4_cycle_three_s42", "status": "running", "step": 19000, "planned_steps": 20000, "validation_macro": 0.6720238095238096, "seconds": 257.0247822990641, "updated_unix": 1791206399.9255633}
{"job_id": "d256_l4_cycle_three_s42", "status": "running", "step": 20000, "planned_steps": 20000, "validation_macro": 0.6728571428571428, "seconds": 270.7987176210154, "updated_unix": 1791206413.7507918}
{"job_id": "d256_l4_cycle_four_s42", "status": "running", "step": 1000, "planned_steps": 20000, "validation_macro": 0.46321428571428575, "seconds": 13.687047411920503, "updated_unix": 1791206435.0216289}
{"job_id": "d256_l4_cycle_four_s42", "status": "running", "step": 2000, "planned_steps": 20000, "validation_macro": 0.5566666666666668, "seconds": 27.42168867192231, "updated_unix": 1791206448.7587094}
{"job_id": "d256_l4_cycle_four_s42", "status": "running", "step": 3000, "planned_steps": 20000, "validation_macro": 0.6027380952380953, "seconds": 41.35849475185387, "updated_unix": 1791206462.7012706}
{"job_id": "d256_l4_cycle_four_s42", "status": "running", "step": 4000, "planned_steps": 20000, "validation_macro": 0.6080952380952381, "seconds": 55.38067389302887, "updated_unix": 1791206476.720158}
{"job_id": "d256_l4_cycle_four_s42", "status": "running", "step": 5000, "planned_steps": 20000, "validation_macro": 0.606904761904762, "seconds": 69.01922616595402, "updated_unix": 1791206490.4044867}
{"job_id": "d256_l4_cycle_four_s42", "status": "running", "step": 6000, "planned_steps": 20000, "validation_macro": 0.5992857142857143, "seconds": 82.40600460488349, "updated_unix": 1791206503.7498188}
{"job_id": "d256_l4_cycle_four_s42", "status": "running", "step": 7000, "planned_steps": 20000, "validation_macro": 0.6075, "seconds": 96.186047967989, "updated_unix": 1791206517.5256257}
{"job_id": "d256_l4_cycle_four_s42", "status": "running", "step": 8000, "planned_steps": 20000, "validation_macro": 0.6071428571428572, "seconds": 109.55532616190612, "updated_unix": 1791206530.8930724}
{"job_id": "d256_l4_cycle_four_s42", "status": "running", "step": 9000, "planned_steps": 20000, "validation_macro": 0.6078571428571429, "seconds": 123.35802067187615, "updated_unix": 1791206544.6946065}
{"job_id": "d256_l4_cycle_four_s42", "status": "running", "step": 10000, "planned_steps": 20000, "validation_macro": 0.6097619047619048, "seconds": 137.583388234023, "updated_unix": 1791206558.9672706}
{"job_id": "d256_l4_cycle_four_s42", "status": "running", "step": 11000, "planned_steps": 20000, "validation_macro": 0.6052380952380954, "seconds": 151.14289589086547, "updated_unix": 1791206572.4799879}
{"job_id": "d256_l4_cycle_four_s42", "status": "running", "step": 12000, "planned_steps": 20000, "validation_macro": 0.6095238095238096, "seconds": 164.73687571496703, "updated_unix": 1791206586.075506}
{"job_id": "d256_l4_cycle_four_s42", "status": "running", "step": 13000, "planned_steps": 20000, "validation_macro": 0.6098809523809523, "seconds": 178.9268843808677, "updated_unix": 1791206600.2660754}
{"job_id": "d256_l4_cycle_four_s42", "status": "running", "step": 14000, "planned_steps": 20000, "validation_macro": 0.6107142857142858, "seconds": 192.49917557789013, "updated_unix": 1791206613.8350527}
{"job_id": "d256_l4_cycle_four_s42", "status": "running", "step": 15000, "planned_steps": 20000, "validation_macro": 0.6126190476190476, "seconds": 205.84336568485014, "updated_unix": 1791206627.1819174}
{"job_id": "d256_l4_cycle_four_s42", "status": "running", "step": 16000, "planned_steps": 20000, "validation_macro": 0.6103571428571428, "seconds": 219.37203420791775, "updated_unix": 1791206640.7100224}
{"job_id": "d256_l4_cycle_four_s42", "status": "running", "step": 17000, "planned_steps": 20000, "validation_macro": 0.6139285714285715, "seconds": 232.78812715783715, "updated_unix": 1791206654.127095}
{"job_id": "d256_l4_cycle_four_s42", "status": "running", "step": 18000, "planned_steps": 20000, "validation_macro": 0.6113095238095237, "seconds": 246.03356509492733, "updated_unix": 1791206667.370912}
{"job_id": "d256_l4_cycle_four_s42", "status": "running", "step": 19000, "planned_steps": 20000, "validation_macro": 0.6127380952380952, "seconds": 259.7041487179231, "updated_unix": 1791206681.042827}
{"job_id": "d256_l4_cycle_four_s42", "status": "running", "step": 20000, "planned_steps": 20000, "validation_macro": 0.6108333333333333, "seconds": 273.00176611403003, "updated_unix": 1791206694.3904183}
{"job_id": "d256_l4_interior_none_s42", "status": "running", "step": 1000, "planned_steps": 20000, "validation_macro": 0.33785714285714286, "seconds": 13.147518486017361, "updated_unix": 1791206714.9967673}
{"job_id": "d256_l4_interior_none_s42", "status": "running", "step": 2000, "planned_steps": 20000, "validation_macro": 0.37202380952380953, "seconds": 26.53127443906851, "updated_unix": 1791206728.3887115}
{"job_id": "d256_l4_interior_none_s42", "status": "running", "step": 3000, "planned_steps": 20000, "validation_macro": 0.4691666666666667, "seconds": 40.1738308921922, "updated_unix": 1791206742.0265791}
{"job_id": "d256_l4_interior_none_s42", "status": "running", "step": 4000, "planned_steps": 20000, "validation_macro": 0.5230952380952381, "seconds": 53.71141964918934, "updated_unix": 1791206755.565595}
{"job_id": "d256_l4_interior_none_s42", "status": "running", "step": 5000, "planned_steps": 20000, "validation_macro": 0.5688095238095239, "seconds": 67.31465059798211, "updated_unix": 1791206769.2163644}
{"job_id": "d256_l4_interior_none_s42", "status": "running", "step": 6000, "planned_steps": 20000, "validation_macro": 0.6051190476190476, "seconds": 80.80447947815992, "updated_unix": 1791206782.6575224}
{"job_id": "d256_l4_interior_none_s42", "status": "running", "step": 7000, "planned_steps": 20000, "validation_macro": 0.6311904761904762, "seconds": 94.40983756212518, "updated_unix": 1791206796.2789676}
{"job_id": "d256_l4_interior_none_s42", "status": "running", "step": 8000, "planned_steps": 20000, "validation_macro": 0.6429761904761905, "seconds": 107.94971065805294, "updated_unix": 1791206809.804567}
{"job_id": "d256_l4_interior_none_s42", "status": "running", "step": 9000, "planned_steps": 20000, "validation_macro": 0.6596428571428572, "seconds": 121.30353721510619, "updated_unix": 1791206823.15935}
{"job_id": "d256_l4_interior_none_s42", "status": "running", "step": 10000, "planned_steps": 20000, "validation_macro": 0.6730952380952381, "seconds": 134.66040307213552, "updated_unix": 1791206836.5631084}
{"job_id": "d256_l4_interior_none_s42", "status": "running", "step": 11000, "planned_steps": 20000, "validation_macro": 0.6792857142857143, "seconds": 148.23292021802627, "updated_unix": 1791206850.1017537}
{"job_id": "d256_l4_interior_none_s42", "status": "running", "step": 12000, "planned_steps": 20000, "validation_macro": 0.690952380952381, "seconds": 162.10740467905998, "updated_unix": 1791206863.9635854}
{"job_id": "d256_l4_interior_none_s42", "status": "running", "step": 13000, "planned_steps": 20000, "validation_macro": 0.7003571428571429, "seconds": 175.75174770713784, "updated_unix": 1791206877.610609}
{"job_id": "d256_l4_interior_none_s42", "status": "running", "step": 14000, "planned_steps": 20000, "validation_macro": 0.7094047619047619, "seconds": 189.2788177721668, "updated_unix": 1791206891.1354368}
{"job_id": "d256_l4_interior_none_s42", "status": "running", "step": 15000, "planned_steps": 20000, "validation_macro": 0.7130952380952381, "seconds": 202.77335787308402, "updated_unix": 1791206904.629048}
{"job_id": "d256_l4_interior_none_s42", "status": "running", "step": 16000, "planned_steps": 20000, "validation_macro": 0.7169047619047618, "seconds": 216.09992091008462, "updated_unix": 1791206917.956497}
{"job_id": "d256_l4_interior_none_s42", "status": "running", "step": 17000, "planned_steps": 20000, "validation_macro": 0.7216666666666667, "seconds": 229.3269845531322, "updated_unix": 1791206931.1801293}
{"job_id": "d256_l4_interior_none_s42", "status": "running", "step": 18000, "planned_steps": 20000, "validation_macro": 0.7246428571428571, "seconds": 243.08548322715797, "updated_unix": 1791206944.9417617}
{"job_id": "d256_l4_interior_none_s42", "status": "running", "step": 19000, "planned_steps": 20000, "validation_macro": 0.7285714285714285, "seconds": 256.3969166080933, "updated_unix": 1791206958.2496583}
{"job_id": "d256_l4_interior_none_s42", "status": "running", "step": 20000, "planned_steps": 20000, "validation_macro": 0.7339285714285714, "seconds": 269.783796163043, "updated_unix": 1791206971.6879563}
{"job_id": "d256_l4_interior_four_s42", "status": "running", "step": 1000, "planned_steps": 20000, "validation_macro": 0.3257142857142857, "seconds": 13.211558401817456, "updated_unix": 1791206992.3739696}
{"job_id": "d256_l4_interior_four_s42", "status": "running", "step": 2000, "planned_steps": 20000, "validation_macro": 0.3290476190476191, "seconds": 26.89611466997303, "updated_unix": 1791207006.0630007}
{"job_id": "d256_l4_interior_four_s42", "status": "running", "step": 3000, "planned_steps": 20000, "validation_macro": 0.3308333333333333, "seconds": 40.96296134288423, "updated_unix": 1791207020.1257083}
{"job_id": "d256_l4_interior_four_s42", "status": "running", "step": 4000, "planned_steps": 20000, "validation_macro": 0.31547619047619047, "seconds": 54.489692764822394, "updated_unix": 1791207033.6555293}
{"job_id": "d256_l4_interior_four_s42", "status": "running", "step": 5000, "planned_steps": 20000, "validation_macro": 0.3239285714285714, "seconds": 67.67684956896119, "updated_unix": 1791207046.8898003}
{"job_id": "d256_l4_interior_four_s42", "status": "running", "step": 6000, "planned_steps": 20000, "validation_macro": 0.3292857142857143, "seconds": 81.04846672294661, "updated_unix": 1791207060.2130404}
{"job_id": "d256_l4_interior_four_s42", "status": "running", "step": 7000, "planned_steps": 20000, "validation_macro": 0.33285714285714285, "seconds": 94.61961889383383, "updated_unix": 1791207073.7837083}
{"job_id": "d256_l4_interior_four_s42", "status": "running", "step": 8000, "planned_steps": 20000, "validation_macro": 0.3436904761904762, "seconds": 108.00740268081427, "updated_unix": 1791207087.173467}
{"job_id": "d256_l4_interior_four_s42", "status": "running", "step": 9000, "planned_steps": 20000, "validation_macro": 0.35023809523809524, "seconds": 121.28194097196683, "updated_unix": 1791207100.4492671}
{"job_id": "d256_l4_interior_four_s42", "status": "running", "step": 10000, "planned_steps": 20000, "validation_macro": 0.3621428571428572, "seconds": 134.8085366098676, "updated_unix": 1791207114.0214078}
{"job_id": "d256_l4_interior_four_s42", "status": "running", "step": 11000, "planned_steps": 20000, "validation_macro": 0.37476190476190474, "seconds": 148.40065907500684, "updated_unix": 1791207127.568495}
{"job_id": "d256_l4_interior_four_s42", "status": "running", "step": 12000, "planned_steps": 20000, "validation_macro": 0.38416666666666666, "seconds": 161.7866148208268, "updated_unix": 1791207140.9509704}
{"job_id": "d256_l4_interior_four_s42", "status": "running", "step": 13000, "planned_steps": 20000, "validation_macro": 0.3805952380952381, "seconds": 175.13137213187292, "updated_unix": 1791207154.2958639}
{"job_id": "d256_l4_interior_four_s42", "status": "running", "step": 14000, "planned_steps": 20000, "validation_macro": 0.3933333333333333, "seconds": 188.44360111886635, "updated_unix": 1791207167.6083481}
{"job_id": "d256_l4_interior_four_s42", "status": "running", "step": 15000, "planned_steps": 20000, "validation_macro": 0.3980952380952381, "seconds": 201.86989309685305, "updated_unix": 1791207181.0347307}
{"job_id": "d256_l4_interior_four_s42", "status": "running", "step": 16000, "planned_steps": 20000, "validation_macro": 0.40273809523809523, "seconds": 215.15789177198894, "updated_unix": 1791207194.3214037}
{"job_id": "d256_l4_interior_four_s42", "status": "running", "step": 17000, "planned_steps": 20000, "validation_macro": 0.39821428571428574, "seconds": 228.23999983398244, "updated_unix": 1791207207.4048207}
{"job_id": "d256_l4_interior_four_s42", "status": "running", "step": 18000, "planned_steps": 20000, "validation_macro": 0.4085714285714286, "seconds": 241.898722368991, "updated_unix": 1791207221.064188}
{"job_id": "d256_l4_interior_four_s42", "status": "running", "step": 19000, "planned_steps": 20000, "validation_macro": 0.4091666666666667, "seconds": 255.67920137080364, "updated_unix": 1791207234.8491192}
{"job_id": "d256_l4_interior_four_s42", "status": "running", "step": 20000, "planned_steps": 20000, "validation_macro": 0.4122619047619048, "seconds": 269.1078273409512, "updated_unix": 1791207248.325797}
{"job_id": "d256_l4_position_none_s42", "status": "running", "step": 1000, "planned_steps": 20000, "validation_macro": 0.2938095238095238, "seconds": 13.297533862059936, "updated_unix": 1791207269.1389256}
{"job_id": "d256_l4_position_none_s42", "status": "running", "step": 2000, "planned_steps": 20000, "validation_macro": 0.3054761904761905, "seconds": 26.617059289012104, "updated_unix": 1791207282.4636352}
{"job_id": "d256_l4_position_none_s42", "status": "running", "step": 3000, "planned_steps": 20000, "validation_macro": 0.3019047619047619, "seconds": 40.21781276585534, "updated_unix": 1791207296.061138}
{"job_id": "d256_l4_position_none_s42", "status": "running", "step": 4000, "planned_steps": 20000, "validation_macro": 0.30547619047619046, "seconds": 54.04917797003873, "updated_unix": 1791207309.889629}
{"job_id": "d256_l4_position_none_s42", "status": "running", "step": 5000, "planned_steps": 20000, "validation_macro": 0.2957142857142857, "seconds": 67.41685504605994, "updated_unix": 1791207323.309502}
{"job_id": "d256_l4_position_none_s42", "status": "running", "step": 6000, "planned_steps": 20000, "validation_macro": 0.30238095238095236, "seconds": 80.92860341304913, "updated_unix": 1791207336.7708578}
{"job_id": "d256_l4_position_none_s42", "status": "running", "step": 7000, "planned_steps": 20000, "validation_macro": 0.30547619047619046, "seconds": 94.06381067098118, "updated_unix": 1791207349.9084795}
{"job_id": "d256_l4_position_none_s42", "status": "running", "step": 8000, "planned_steps": 20000, "validation_macro": 0.3075, "seconds": 107.42100305506028, "updated_unix": 1791207363.2698424}
{"job_id": "d256_l4_position_none_s42", "status": "running", "step": 9000, "planned_steps": 20000, "validation_macro": 0.31416666666666665, "seconds": 120.74642544100061, "updated_unix": 1791207376.587517}
{"job_id": "d256_l4_position_none_s42", "status": "running", "step": 10000, "planned_steps": 20000, "validation_macro": 0.31452380952380954, "seconds": 134.5581342468504, "updated_unix": 1791207390.4556253}
{"job_id": "d256_l4_position_none_s42", "status": "running", "step": 11000, "planned_steps": 20000, "validation_macro": 0.31976190476190475, "seconds": 149.22849787585437, "updated_unix": 1791207405.0742059}
{"job_id": "d256_l4_position_none_s42", "status": "running", "step": 12000, "planned_steps": 20000, "validation_macro": 0.3197619047619048, "seconds": 163.5515574698802, "updated_unix": 1791207419.3984184}
{"job_id": "d256_l4_position_none_s42", "status": "running", "step": 13000, "planned_steps": 20000, "validation_macro": 0.32916666666666666, "seconds": 177.99139848700725, "updated_unix": 1791207433.8467963}
{"job_id": "d256_l4_position_none_s42", "status": "running", "step": 14000, "planned_steps": 20000, "validation_macro": 0.3332142857142857, "seconds": 192.33589589502662, "updated_unix": 1791207448.1798196}
{"job_id": "d256_l4_position_none_s42", "status": "running", "step": 15000, "planned_steps": 20000, "validation_macro": 0.3426190476190476, "seconds": 207.06168429297395, "updated_unix": 1791207462.9135783}
{"job_id": "d256_l4_position_none_s42", "status": "running", "step": 16000, "planned_steps": 20000, "validation_macro": 0.34273809523809523, "seconds": 221.98748724884354, "updated_unix": 1791207477.834997}
{"job_id": "d256_l4_position_none_s42", "status": "running", "step": 17000, "planned_steps": 20000, "validation_macro": 0.34559523809523807, "seconds": 236.50997440889478, "updated_unix": 1791207492.354072}
{"job_id": "d256_l4_position_none_s42", "status": "running", "step": 18000, "planned_steps": 20000, "validation_macro": 0.35119047619047616, "seconds": 250.24094564584084, "updated_unix": 1791207506.0856931}
{"job_id": "d256_l4_position_none_s42", "status": "running", "step": 19000, "planned_steps": 20000, "validation_macro": 0.35261904761904767, "seconds": 263.9356857610401, "updated_unix": 1791207519.7780392}
{"job_id": "d256_l4_position_none_s42", "status": "running", "step": 20000, "planned_steps": 20000, "validation_macro": 0.3482142857142857, "seconds": 277.6000608589966, "updated_unix": 1791207533.4869099}
{"job_id": "d256_l4_position_three_s42", "status": "running", "step": 1000, "planned_steps": 20000, "validation_macro": 0.3636904761904762, "seconds": 13.625657961005345, "updated_unix": 1791207554.6676204}
{"job_id": "d256_l4_position_three_s42", "status": "running", "step": 2000, "planned_steps": 20000, "validation_macro": 0.5132142857142857, "seconds": 27.356341399019584, "updated_unix": 1791207568.4011927}
{"job_id": "d256_l4_position_three_s42", "status": "running", "step": 3000, "planned_steps": 20000, "validation_macro": 0.6865476190476191, "seconds": 41.118979427963495, "updated_unix": 1791207582.1646821}
{"job_id": "d256_l4_position_three_s42", "status": "running", "step": 4000, "planned_steps": 20000, "validation_macro": 0.7690476190476191, "seconds": 54.961207289015874, "updated_unix": 1791207596.0064209}
{"job_id": "d256_l4_position_three_s42", "status": "running", "step": 5000, "planned_steps": 20000, "validation_macro": 0.8398809523809524, "seconds": 68.8080134850461, "updated_unix": 1791207609.9019172}
{"job_id": "d256_l4_position_three_s42", "status": "running", "step": 6000, "planned_steps": 20000, "validation_macro": 0.8522619047619047, "seconds": 82.8079874580726, "updated_unix": 1791207623.8542588}
{"job_id": "d256_l4_position_three_s42", "status": "running", "step": 7000, "planned_steps": 20000, "validation_macro": 0.9032142857142857, "seconds": 96.46237844717689, "updated_unix": 1791207637.5069542}
{"job_id": "d256_l4_position_three_s42", "status": "running", "step": 8000, "planned_steps": 20000, "validation_macro": 0.8610714285714286, "seconds": 110.80656377109699, "updated_unix": 1791207651.8433902}
{"job_id": "d256_l4_position_three_s42", "status": "running", "step": 9000, "planned_steps": 20000, "validation_macro": 0.9377380952380951, "seconds": 124.37124089011922, "updated_unix": 1791207665.4167}
{"job_id": "d256_l4_position_three_s42", "status": "running", "step": 10000, "planned_steps": 20000, "validation_macro": 0.8736904761904762, "seconds": 137.66560663306154, "updated_unix": 1791207678.7558107}
{"job_id": "d256_l4_position_three_s42", "status": "running", "step": 11000, "planned_steps": 20000, "validation_macro": 0.9302380952380952, "seconds": 150.9956094310619, "updated_unix": 1791207692.0394614}
{"job_id": "d256_l4_position_three_s42", "status": "running", "step": 12000, "planned_steps": 20000, "validation_macro": 0.9689285714285715, "seconds": 164.4044540540781, "updated_unix": 1791207705.4478855}
{"job_id": "d256_l4_position_three_s42", "status": "running", "step": 13000, "planned_steps": 20000, "validation_macro": 0.9767857142857143, "seconds": 177.75318381004035, "updated_unix": 1791207718.7962043}
{"job_id": "d256_l4_position_three_s42", "status": "running", "step": 14000, "planned_steps": 20000, "validation_macro": 0.9827380952380953, "seconds": 191.1087710140273, "updated_unix": 1791207732.151661}
{"job_id": "d256_l4_position_three_s42", "status": "running", "step": 15000, "planned_steps": 20000, "validation_macro": 0.9873809523809525, "seconds": 204.65297969500534, "updated_unix": 1791207745.6943305}
{"job_id": "d256_l4_position_three_s42", "status": "running", "step": 16000, "planned_steps": 20000, "validation_macro": 0.9897619047619048, "seconds": 218.12974199512973, "updated_unix": 1791207759.1731448}
{"job_id": "d256_l4_position_three_s42", "status": "running", "step": 17000, "planned_steps": 20000, "validation_macro": 0.9915476190476191, "seconds": 231.34809432015754, "updated_unix": 1791207772.3916583}
{"job_id": "d256_l4_position_three_s42", "status": "running", "step": 18000, "planned_steps": 20000, "validation_macro": 0.9946428571428572, "seconds": 244.5908012301661, "updated_unix": 1791207785.633488}
{"job_id": "d256_l4_position_three_s42", "status": "running", "step": 19000, "planned_steps": 20000, "validation_macro": 0.993452380952381, "seconds": 257.7764360010624, "updated_unix": 1791207798.8186512}
{"job_id": "d256_l4_position_three_s42", "status": "running", "step": 20000, "planned_steps": 20000, "validation_macro": 0.9947619047619048, "seconds": 271.3581959870644, "updated_unix": 1791207812.456714}
{"job_id": "d256_l4_position_four_s42", "status": "running", "step": 1000, "planned_steps": 20000, "validation_macro": 0.3053571428571429, "seconds": 13.105392994126305, "updated_unix": 1791207832.9812605}
{"job_id": "d256_l4_position_four_s42", "status": "running", "step": 2000, "planned_steps": 20000, "validation_macro": 0.31666666666666665, "seconds": 26.59470985108055, "updated_unix": 1791207846.4688437}
{"job_id": "d256_l4_position_four_s42", "status": "running", "step": 3000, "planned_steps": 20000, "validation_macro": 0.3385714285714285, "seconds": 39.87729418510571, "updated_unix": 1791207859.750862}
{"job_id": "d256_l4_position_four_s42", "status": "running", "step": 4000, "planned_steps": 20000, "validation_macro": 0.3626190476190476, "seconds": 53.362172516062856, "updated_unix": 1791207873.2390585}
{"job_id": "d256_l4_position_four_s42", "status": "running", "step": 5000, "planned_steps": 20000, "validation_macro": 0.5009523809523809, "seconds": 66.49155951011926, "updated_unix": 1791207886.412304}
{"job_id": "d256_l4_position_four_s42", "status": "running", "step": 6000, "planned_steps": 20000, "validation_macro": 0.48988095238095236, "seconds": 79.77960932417773, "updated_unix": 1791207899.6570668}
{"job_id": "d256_l4_position_four_s42", "status": "running", "step": 7000, "planned_steps": 20000, "validation_macro": 0.5482142857142858, "seconds": 93.10936950217001, "updated_unix": 1791207912.9878259}
{"job_id": "d256_l4_position_four_s42", "status": "running", "step": 8000, "planned_steps": 20000, "validation_macro": 0.569404761904762, "seconds": 106.7420491471421, "updated_unix": 1791207926.6186135}
{"job_id": "d256_l4_position_four_s42", "status": "running", "step": 9000, "planned_steps": 20000, "validation_macro": 0.5979761904761904, "seconds": 120.05584240122698, "updated_unix": 1791207939.9325447}
{"job_id": "d256_l4_position_four_s42", "status": "running", "step": 10000, "planned_steps": 20000, "validation_macro": 0.625, "seconds": 133.33229789114557, "updated_unix": 1791207953.2540731}
{"job_id": "d256_l4_position_four_s42", "status": "running", "step": 11000, "planned_steps": 20000, "validation_macro": 0.6448809523809524, "seconds": 146.63510605413467, "updated_unix": 1791207966.5115693}
{"job_id": "d256_l4_position_four_s42", "status": "running", "step": 12000, "planned_steps": 20000, "validation_macro": 0.6302380952380953, "seconds": 159.9518519351259, "updated_unix": 1791207979.8250377}
{"job_id": "d256_l4_position_four_s42", "status": "running", "step": 13000, "planned_steps": 20000, "validation_macro": 0.6586904761904763, "seconds": 173.386857225094, "updated_unix": 1791207993.2626119}
{"job_id": "d256_l4_position_four_s42", "status": "running", "step": 14000, "planned_steps": 20000, "validation_macro": 0.6576190476190477, "seconds": 186.97324643703178, "updated_unix": 1791208006.8496683}
{"job_id": "d256_l4_position_four_s42", "status": "running", "step": 15000, "planned_steps": 20000, "validation_macro": 0.6704761904761904, "seconds": 200.43241678806953, "updated_unix": 1791208020.3083465}
{"job_id": "d256_l4_position_four_s42", "status": "running", "step": 16000, "planned_steps": 20000, "validation_macro": 0.6633333333333333, "seconds": 214.0216788861435, "updated_unix": 1791208033.896641}
{"job_id": "d256_l4_position_four_s42", "status": "running", "step": 17000, "planned_steps": 20000, "validation_macro": 0.6695238095238095, "seconds": 227.94779357104562, "updated_unix": 1791208047.82369}
{"job_id": "d256_l4_position_four_s42", "status": "running", "step": 18000, "planned_steps": 20000, "validation_macro": 0.6677380952380952, "seconds": 241.59466909011826, "updated_unix": 1791208061.4695246}
{"job_id": "d256_l4_position_four_s42", "status": "running", "step": 19000, "planned_steps": 20000, "validation_macro": 0.6727380952380952, "seconds": 254.8166966640856, "updated_unix": 1791208074.6945307}
{"job_id": "d256_l4_position_four_s42", "status": "running", "step": 20000, "planned_steps": 20000, "validation_macro": 0.6713095238095238, "seconds": 268.1814799141139, "updated_unix": 1791208088.105835}
{"job_id": "d256_l4_cycle_none_s101", "status": "running", "step": 1000, "planned_steps": 20000, "validation_macro": 0.49642857142857144, "seconds": 13.487951950868592, "updated_unix": 1791208109.0696335}
{"job_id": "d256_l4_cycle_none_s101", "status": "running", "step": 2000, "planned_steps": 20000, "validation_macro": 0.5380952380952381, "seconds": 27.02836063783616, "updated_unix": 1791208122.5313804}
{"job_id": "d256_l4_cycle_none_s101", "status": "running", "step": 3000, "planned_steps": 20000, "validation_macro": 0.5829761904761905, "seconds": 40.324161913013086, "updated_unix": 1791208135.831375}
{"job_id": "d256_l4_cycle_none_s101", "status": "running", "step": 4000, "planned_steps": 20000, "validation_macro": 0.5558333333333333, "seconds": 55.4459499840159, "updated_unix": 1791208150.9524088}
{"job_id": "d256_l4_cycle_none_s101", "status": "running", "step": 5000, "planned_steps": 20000, "validation_macro": 0.5615476190476191, "seconds": 69.94675543298945, "updated_unix": 1791208165.5013459}
{"job_id": "d256_l4_cycle_none_s101", "status": "running", "step": 6000, "planned_steps": 20000, "validation_macro": 0.6614285714285715, "seconds": 84.97280795080587, "updated_unix": 1791208180.4785075}
{"job_id": "d256_l4_cycle_none_s101", "status": "running", "step": 7000, "planned_steps": 20000, "validation_macro": 0.6346428571428571, "seconds": 98.25237365881912, "updated_unix": 1791208193.7567272}
{"job_id": "d256_l4_cycle_none_s101", "status": "running", "step": 8000, "planned_steps": 20000, "validation_macro": 0.6126190476190476, "seconds": 111.45760175283067, "updated_unix": 1791208206.9635305}
{"job_id": "d256_l4_cycle_none_s101", "status": "running", "step": 9000, "planned_steps": 20000, "validation_macro": 0.6378571428571429, "seconds": 124.5467420599889, "updated_unix": 1791208220.0494623}
{"job_id": "d256_l4_cycle_none_s101", "status": "running", "step": 10000, "planned_steps": 20000, "validation_macro": 0.6741666666666667, "seconds": 137.50936230295338, "updated_unix": 1791208233.0606296}
{"job_id": "d256_l4_cycle_none_s101", "status": "running", "step": 11000, "planned_steps": 20000, "validation_macro": 0.6211904761904762, "seconds": 150.45677895681, "updated_unix": 1791208245.958231}
{"job_id": "d256_l4_cycle_none_s101", "status": "running", "step": 12000, "planned_steps": 20000, "validation_macro": 0.684404761904762, "seconds": 163.56041314592585, "updated_unix": 1791208259.0627263}
{"job_id": "d256_l4_cycle_none_s101", "status": "running", "step": 13000, "planned_steps": 20000, "validation_macro": 0.684404761904762, "seconds": 176.57577829202637, "updated_unix": 1791208272.0782466}
{"job_id": "d256_l4_cycle_none_s101", "status": "running", "step": 14000, "planned_steps": 20000, "validation_macro": 0.6797619047619048, "seconds": 189.63076564087532, "updated_unix": 1791208285.1321552}
{"job_id": "d256_l4_cycle_none_s101", "status": "running", "step": 15000, "planned_steps": 20000, "validation_macro": 0.6835714285714286, "seconds": 202.51206647302024, "updated_unix": 1791208298.0154417}
{"job_id": "d256_l4_cycle_none_s101", "status": "running", "step": 16000, "planned_steps": 20000, "validation_macro": 0.6829761904761904, "seconds": 215.70934254000895, "updated_unix": 1791208311.212305}
{"job_id": "d256_l4_cycle_none_s101", "status": "running", "step": 17000, "planned_steps": 20000, "validation_macro": 0.6864285714285714, "seconds": 228.94822139688767, "updated_unix": 1791208324.4515827}
{"job_id": "d256_l4_cycle_none_s101", "status": "running", "step": 18000, "planned_steps": 20000, "validation_macro": 0.685952380952381, "seconds": 242.10559034789912, "updated_unix": 1791208337.6073596}
{"job_id": "d256_l4_cycle_none_s101", "status": "running", "step": 19000, "planned_steps": 20000, "validation_macro": 0.6852380952380952, "seconds": 254.80534883984365, "updated_unix": 1791208350.3086166}
{"job_id": "d256_l4_cycle_none_s101", "status": "running", "step": 20000, "planned_steps": 20000, "validation_macro": 0.6867857142857143, "seconds": 267.52441855100915, "updated_unix": 1791208363.0710511}
{"job_id": "d256_l4_cycle_three_s101", "status": "running", "step": 1000, "planned_steps": 20000, "validation_macro": 0.53, "seconds": 12.640888962894678, "updated_unix": 1791208382.9239507}
{"job_id": "d256_l4_cycle_three_s101", "status": "running", "step": 2000, "planned_steps": 20000, "validation_macro": 0.621547619047619, "seconds": 25.383955898927525, "updated_unix": 1791208395.6674767}
{"job_id": "d256_l4_cycle_three_s101", "status": "running", "step": 3000, "planned_steps": 20000, "validation_macro": 0.6466666666666666, "seconds": 38.29106649104506, "updated_unix": 1791208408.5739305}
{"job_id": "d256_l4_cycle_three_s101", "status": "running", "step": 4000, "planned_steps": 20000, "validation_macro": 0.6611904761904762, "seconds": 51.11682262690738, "updated_unix": 1791208421.401158}
{"job_id": "d256_l4_cycle_three_s101", "status": "running", "step": 5000, "planned_steps": 20000, "validation_macro": 0.6635714285714286, "seconds": 64.15597690991126, "updated_unix": 1791208434.4879048}
{"job_id": "d256_l4_cycle_three_s101", "status": "running", "step": 6000, "planned_steps": 20000, "validation_macro": 0.6630952380952381, "seconds": 76.9859384149313, "updated_unix": 1791208447.2695315}
{"job_id": "d256_l4_cycle_three_s101", "status": "running", "step": 7000, "planned_steps": 20000, "validation_macro": 0.6634523809523809, "seconds": 89.85854832804762, "updated_unix": 1791208460.1409729}
{"job_id": "d256_l4_cycle_three_s101", "status": "running", "step": 8000, "planned_steps": 20000, "validation_macro": 0.6648809523809524, "seconds": 102.81708951899782, "updated_unix": 1791208473.103568}
{"job_id": "d256_l4_cycle_three_s101", "status": "running", "step": 9000, "planned_steps": 20000, "validation_macro": 0.6683333333333333, "seconds": 115.74491807701997, "updated_unix": 1791208486.0285428}
{"job_id": "d256_l4_cycle_three_s101", "status": "running", "step": 10000, "planned_steps": 20000, "validation_macro": 0.6663095238095238, "seconds": 128.32490122504532, "updated_unix": 1791208498.6564276}
{"job_id": "d256_l4_cycle_three_s101", "status": "running", "step": 11000, "planned_steps": 20000, "validation_macro": 0.6671428571428571, "seconds": 141.74398501589894, "updated_unix": 1791208512.0354397}
{"job_id": "d256_l4_cycle_three_s101", "status": "running", "step": 12000, "planned_steps": 20000, "validation_macro": 0.6689285714285714, "seconds": 155.01258270908147, "updated_unix": 1791208525.2965274}
{"job_id": "d256_l4_cycle_three_s101", "status": "running", "step": 13000, "planned_steps": 20000, "validation_macro": 0.6686904761904762, "seconds": 167.90105334995314, "updated_unix": 1791208538.1842155}
{"job_id": "d256_l4_cycle_three_s101", "status": "running", "step": 14000, "planned_steps": 20000, "validation_macro": 0.6734523809523809, "seconds": 180.9090220190119, "updated_unix": 1791208551.192272}
{"job_id": "d256_l4_cycle_three_s101", "status": "running", "step": 15000, "planned_steps": 20000, "validation_macro": 0.6742857142857143, "seconds": 193.8182309740223, "updated_unix": 1791208564.1028283}
{"job_id": "d256_l4_cycle_three_s101", "status": "running", "step": 16000, "planned_steps": 20000, "validation_macro": 0.6723809523809524, "seconds": 206.6182578909211, "updated_unix": 1791208576.9014573}
{"job_id": "d256_l4_cycle_three_s101", "status": "running", "step": 17000, "planned_steps": 20000, "validation_macro": 0.6738095238095239, "seconds": 219.66028001904488, "updated_unix": 1791208589.9447787}
{"job_id": "d256_l4_cycle_three_s101", "status": "running", "step": 18000, "planned_steps": 20000, "validation_macro": 0.6727380952380952, "seconds": 232.55735846492462, "updated_unix": 1791208602.841109}
{"job_id": "d256_l4_cycle_three_s101", "status": "running", "step": 19000, "planned_steps": 20000, "validation_macro": 0.6759523809523809, "seconds": 245.68925271602347, "updated_unix": 1791208615.9727516}
{"job_id": "d256_l4_cycle_three_s101", "status": "running", "step": 20000, "planned_steps": 20000, "validation_macro": 0.6740476190476191, "seconds": 258.53413462103345, "updated_unix": 1791208628.8650517}
{"job_id": "d256_l4_cycle_four_s101", "status": "running", "step": 1000, "planned_steps": 20000, "validation_macro": 0.5076190476190476, "seconds": 12.444782065227628, "updated_unix": 1791208648.5504725}
{"job_id": "d256_l4_cycle_four_s101", "status": "running", "step": 2000, "planned_steps": 20000, "validation_macro": 0.5698809523809524, "seconds": 25.33838757313788, "updated_unix": 1791208661.4460058}
{"job_id": "d256_l4_cycle_four_s101", "status": "running", "step": 3000, "planned_steps": 20000, "validation_macro": 0.5977380952380952, "seconds": 38.50247814622708, "updated_unix": 1791208674.6094372}
{"job_id": "d256_l4_cycle_four_s101", "status": "running", "step": 4000, "planned_steps": 20000, "validation_macro": 0.6033333333333333, "seconds": 50.96442571119405, "updated_unix": 1791208687.0711572}
{"job_id": "d256_l4_cycle_four_s101", "status": "running", "step": 5000, "planned_steps": 20000, "validation_macro": 0.5977380952380952, "seconds": 63.99084917316213, "updated_unix": 1791208700.1453547}
{"job_id": "d256_l4_cycle_four_s101", "status": "running", "step": 6000, "planned_steps": 20000, "validation_macro": 0.605, "seconds": 76.85200314107351, "updated_unix": 1791208712.9598668}
{"job_id": "d256_l4_cycle_four_s101", "status": "running", "step": 7000, "planned_steps": 20000, "validation_macro": 0.6057142857142856, "seconds": 90.02663099416532, "updated_unix": 1791208726.1352897}
{"job_id": "d256_l4_cycle_four_s101", "status": "running", "step": 8000, "planned_steps": 20000, "validation_macro": 0.6017857142857144, "seconds": 102.7313116940204, "updated_unix": 1791208738.8389132}
{"job_id": "d256_l4_cycle_four_s101", "status": "running", "step": 9000, "planned_steps": 20000, "validation_macro": 0.611904761904762, "seconds": 115.66146519617178, "updated_unix": 1791208751.7711987}
{"job_id": "d256_l4_cycle_four_s101", "status": "running", "step": 10000, "planned_steps": 20000, "validation_macro": 0.611904761904762, "seconds": 128.53533023502678, "updated_unix": 1791208764.687856}
{"job_id": "d256_l4_cycle_four_s101", "status": "running", "step": 11000, "planned_steps": 20000, "validation_macro": 0.6058333333333333, "seconds": 141.49739039200358, "updated_unix": 1791208777.61265}
{"job_id": "d256_l4_cycle_four_s101", "status": "running", "step": 12000, "planned_steps": 20000, "validation_macro": 0.6117857142857143, "seconds": 155.42980948509648, "updated_unix": 1791208791.5392702}
{"job_id": "d256_l4_cycle_four_s101", "status": "running", "step": 13000, "planned_steps": 20000, "validation_macro": 0.6097619047619047, "seconds": 168.77015332109295, "updated_unix": 1791208804.882534}
{"job_id": "d256_l4_cycle_four_s101", "status": "running", "step": 14000, "planned_steps": 20000, "validation_macro": 0.6078571428571429, "seconds": 182.77397409221157, "updated_unix": 1791208818.884794}
{"job_id": "d256_l4_cycle_four_s101", "status": "running", "step": 15000, "planned_steps": 20000, "validation_macro": 0.6060714285714286, "seconds": 196.89128481317312, "updated_unix": 1791208833.0037026}
{"job_id": "d256_l4_cycle_four_s101", "status": "running", "step": 16000, "planned_steps": 20000, "validation_macro": 0.6128571428571429, "seconds": 211.02789805922657, "updated_unix": 1791208847.1373935}
{"job_id": "d256_l4_cycle_four_s101", "status": "running", "step": 17000, "planned_steps": 20000, "validation_macro": 0.6122619047619048, "seconds": 224.95878386613913, "updated_unix": 1791208861.069255}
{"job_id": "d256_l4_cycle_four_s101", "status": "running", "step": 18000, "planned_steps": 20000, "validation_macro": 0.6074999999999999, "seconds": 238.79957278212532, "updated_unix": 1791208874.9095447}
{"job_id": "d256_l4_cycle_four_s101", "status": "running", "step": 19000, "planned_steps": 20000, "validation_macro": 0.6117857142857143, "seconds": 253.0675827700179, "updated_unix": 1791208889.1780477}
{"job_id": "d256_l4_cycle_four_s101", "status": "running", "step": 20000, "planned_steps": 20000, "validation_macro": 0.6109523809523809, "seconds": 266.5469048311934, "updated_unix": 1791208902.7026834}
{"job_id": "d256_l4_interior_none_s101", "status": "running", "step": 1000, "planned_steps": 20000, "validation_macro": 0.3470238095238095, "seconds": 13.220588593976572, "updated_unix": 1791208923.2563767}
{"job_id": "d256_l4_interior_none_s101", "status": "running", "step": 2000, "planned_steps": 20000, "validation_macro": 0.4090476190476191, "seconds": 26.477116096997634, "updated_unix": 1791208936.5142255}
{"job_id": "d256_l4_interior_none_s101", "status": "running", "step": 3000, "planned_steps": 20000, "validation_macro": 0.47654761904761905, "seconds": 39.614304416812956, "updated_unix": 1791208949.6586087}
{"job_id": "d256_l4_interior_none_s101", "status": "running", "step": 4000, "planned_steps": 20000, "validation_macro": 0.5316666666666666, "seconds": 52.96893726591952, "updated_unix": 1791208963.0072062}
{"job_id": "d256_l4_interior_none_s101", "status": "running", "step": 5000, "planned_steps": 20000, "validation_macro": 0.5754761904761905, "seconds": 66.94204637687653, "updated_unix": 1791208977.0272663}
{"job_id": "d256_l4_interior_none_s101", "status": "running", "step": 6000, "planned_steps": 20000, "validation_macro": 0.5997619047619047, "seconds": 80.63968003191985, "updated_unix": 1791208990.6779785}
{"job_id": "d256_l4_interior_none_s101", "status": "running", "step": 7000, "planned_steps": 20000, "validation_macro": 0.6033333333333334, "seconds": 94.10504997894168, "updated_unix": 1791209004.1414204}
{"job_id": "d256_l4_interior_none_s101", "status": "running", "step": 8000, "planned_steps": 20000, "validation_macro": 0.6563095238095238, "seconds": 107.8094677478075, "updated_unix": 1791209017.85438}
{"job_id": "d256_l4_interior_none_s101", "status": "running", "step": 9000, "planned_steps": 20000, "validation_macro": 0.6588095238095238, "seconds": 121.31575441989116, "updated_unix": 1791209031.3511138}
{"job_id": "d256_l4_interior_none_s101", "status": "running", "step": 10000, "planned_steps": 20000, "validation_macro": 0.6951190476190476, "seconds": 134.5793294957839, "updated_unix": 1791209044.676189}
{"job_id": "d256_l4_interior_none_s101", "status": "running", "step": 11000, "planned_steps": 20000, "validation_macro": 0.7185714285714285, "seconds": 147.6363882359583, "updated_unix": 1791209057.6732469}
{"job_id": "d256_l4_interior_none_s101", "status": "running", "step": 12000, "planned_steps": 20000, "validation_macro": 0.7385714285714285, "seconds": 160.98092211596668, "updated_unix": 1791209071.017864}
{"job_id": "d256_l4_interior_none_s101", "status": "running", "step": 13000, "planned_steps": 20000, "validation_macro": 0.7683333333333333, "seconds": 173.91795135778375, "updated_unix": 1791209083.954401}
{"job_id": "d256_l4_interior_none_s101", "status": "running", "step": 14000, "planned_steps": 20000, "validation_macro": 0.8401190476190477, "seconds": 186.77612344687805, "updated_unix": 1791209096.811568}
{"job_id": "d256_l4_interior_none_s101", "status": "running", "step": 15000, "planned_steps": 20000, "validation_macro": 0.8722619047619047, "seconds": 199.71902176481672, "updated_unix": 1791209109.7537518}
{"job_id": "d256_l4_interior_none_s101", "status": "running", "step": 16000, "planned_steps": 20000, "validation_macro": 0.8938095238095237, "seconds": 212.7615471999161, "updated_unix": 1791209122.7959113}
{"job_id": "d256_l4_interior_none_s101", "status": "running", "step": 17000, "planned_steps": 20000, "validation_macro": 0.9253571428571429, "seconds": 225.710561448941, "updated_unix": 1791209135.746572}
{"job_id": "d256_l4_interior_none_s101", "status": "running", "step": 18000, "planned_steps": 20000, "validation_macro": 0.9435714285714285, "seconds": 239.62537895096466, "updated_unix": 1791209149.6621244}
{"job_id": "d256_l4_interior_none_s101", "status": "running", "step": 19000, "planned_steps": 20000, "validation_macro": 0.9472619047619049, "seconds": 252.80124710686505, "updated_unix": 1791209162.8377342}
{"job_id": "d256_l4_interior_none_s101", "status": "running", "step": 20000, "planned_steps": 20000, "validation_macro": 0.9526190476190476, "seconds": 266.32493319385685, "updated_unix": 1791209176.4111683}
{"job_id": "d256_l4_interior_four_s101", "status": "running", "step": 1000, "planned_steps": 20000, "validation_macro": 0.32380952380952377, "seconds": 14.121175621869043, "updated_unix": 1791209198.361857}
{"job_id": "d256_l4_interior_four_s101", "status": "running", "step": 2000, "planned_steps": 20000, "validation_macro": 0.33130952380952383, "seconds": 28.25333425286226, "updated_unix": 1791209212.494678}
{"job_id": "d256_l4_interior_four_s101", "status": "running", "step": 3000, "planned_steps": 20000, "validation_macro": 0.32333333333333336, "seconds": 41.01732556708157, "updated_unix": 1791209225.2685766}
{"job_id": "d256_l4_interior_four_s101", "status": "running", "step": 4000, "planned_steps": 20000, "validation_macro": 0.3341666666666666, "seconds": 54.279611970996484, "updated_unix": 1791209238.5224328}
{"job_id": "d256_l4_interior_four_s101", "status": "running", "step": 5000, "planned_steps": 20000, "validation_macro": 0.3317857142857143, "seconds": 67.29058925504796, "updated_unix": 1791209251.5778003}
{"job_id": "d256_l4_interior_four_s101", "status": "running", "step": 6000, "planned_steps": 20000, "validation_macro": 0.328452380952381, "seconds": 80.26182255102322, "updated_unix": 1791209264.502303}
{"job_id": "d256_l4_interior_four_s101", "status": "running", "step": 7000, "planned_steps": 20000, "validation_macro": 0.33595238095238095, "seconds": 93.41002917196602, "updated_unix": 1791209277.6533284}
{"job_id": "d256_l4_interior_four_s101", "status": "running", "step": 8000, "planned_steps": 20000, "validation_macro": 0.35059523809523807, "seconds": 106.09312425600365, "updated_unix": 1791209290.3341174}
{"job_id": "d256_l4_interior_four_s101", "status": "running", "step": 9000, "planned_steps": 20000, "validation_macro": 0.3554761904761905, "seconds": 119.02547195903026, "updated_unix": 1791209303.2649975}
{"job_id": "d256_l4_interior_four_s101", "status": "running", "step": 10000, "planned_steps": 20000, "validation_macro": 0.3777380952380952, "seconds": 131.7766467249021, "updated_unix": 1791209316.0637894}
{"job_id": "d256_l4_interior_four_s101", "status": "running", "step": 11000, "planned_steps": 20000, "validation_macro": 0.39595238095238094, "seconds": 144.8608195260167, "updated_unix": 1791209329.1005714}
{"job_id": "d256_l4_interior_four_s101", "status": "running", "step": 12000, "planned_steps": 20000, "validation_macro": 0.4026190476190476, "seconds": 157.6021700759884, "updated_unix": 1791209341.8425539}
{"job_id": "d256_l4_interior_four_s101", "status": "running", "step": 13000, "planned_steps": 20000, "validation_macro": 0.4203571428571429, "seconds": 170.569532077061, "updated_unix": 1791209354.8106947}
{"job_id": "d256_l4_interior_four_s101", "status": "running", "step": 14000, "planned_steps": 20000, "validation_macro": 0.4347619047619048, "seconds": 183.30786705203354, "updated_unix": 1791209367.5512571}
{"job_id": "d256_l4_interior_four_s101", "status": "running", "step": 15000, "planned_steps": 20000, "validation_macro": 0.45559523809523805, "seconds": 196.3830871770624, "updated_unix": 1791209380.625443}
{"job_id": "d256_l4_interior_four_s101", "status": "running", "step": 16000, "planned_steps": 20000, "validation_macro": 0.4760714285714286, "seconds": 209.41680398001336, "updated_unix": 1791209393.6574354}
{"job_id": "d256_l4_interior_four_s101", "status": "running", "step": 17000, "planned_steps": 20000, "validation_macro": 0.47500000000000003, "seconds": 222.2005281120073, "updated_unix": 1791209406.4434779}
{"job_id": "d256_l4_interior_four_s101", "status": "running", "step": 18000, "planned_steps": 20000, "validation_macro": 0.49392857142857144, "seconds": 234.8973080709111, "updated_unix": 1791209419.1388352}
{"job_id": "d256_l4_interior_four_s101", "status": "running", "step": 19000, "planned_steps": 20000, "validation_macro": 0.4989285714285714, "seconds": 247.82117393799126, "updated_unix": 1791209432.0640604}
{"job_id": "d256_l4_interior_four_s101", "status": "running", "step": 20000, "planned_steps": 20000, "validation_macro": 0.5077380952380952, "seconds": 260.65993361803703, "updated_unix": 1791209444.9472144}
{"job_id": "d256_l4_position_none_s101", "status": "running", "step": 1000, "planned_steps": 20000, "validation_macro": 0.308452380952381, "seconds": 15.084069267148152, "updated_unix": 1791209467.3573592}
{"job_id": "d256_l4_position_none_s101", "status": "running", "step": 2000, "planned_steps": 20000, "validation_macro": 0.3026190476190476, "seconds": 29.93998827598989, "updated_unix": 1791209482.216278}
{"job_id": "d256_l4_position_none_s101", "status": "running", "step": 3000, "planned_steps": 20000, "validation_macro": 0.2970238095238095, "seconds": 43.28725722595118, "updated_unix": 1791209495.5685422}
{"job_id": "d256_l4_position_none_s101", "status": "running", "step": 4000, "planned_steps": 20000, "validation_macro": 0.30214285714285716, "seconds": 56.032886469969526, "updated_unix": 1791209508.3073487}
{"job_id": "d256_l4_position_none_s101", "status": "running", "step": 5000, "planned_steps": 20000, "validation_macro": 0.3034523809523809, "seconds": 68.77034976612777, "updated_unix": 1791209521.088917}
{"job_id": "d256_l4_position_none_s101", "status": "running", "step": 6000, "planned_steps": 20000, "validation_macro": 0.3055952380952381, "seconds": 81.50657062209211, "updated_unix": 1791209533.781496}
{"job_id": "d256_l4_position_none_s101", "status": "running", "step": 7000, "planned_steps": 20000, "validation_macro": 0.30785714285714283, "seconds": 94.15579534415156, "updated_unix": 1791209546.4293454}
{"job_id": "d256_l4_position_none_s101", "status": "running", "step": 8000, "planned_steps": 20000, "validation_macro": 0.31488095238095243, "seconds": 106.87095126695931, "updated_unix": 1791209559.1438885}
{"job_id": "d256_l4_position_none_s101", "status": "running", "step": 9000, "planned_steps": 20000, "validation_macro": 0.3147619047619048, "seconds": 119.75643088202924, "updated_unix": 1791209572.0267158}
{"job_id": "d256_l4_position_none_s101", "status": "running", "step": 10000, "planned_steps": 20000, "validation_macro": 0.32083333333333336, "seconds": 132.88155068596825, "updated_unix": 1791209585.203559}
{"job_id": "d256_l4_position_none_s101", "status": "running", "step": 11000, "planned_steps": 20000, "validation_macro": 0.31, "seconds": 145.71102889510803, "updated_unix": 1791209597.9850163}
{"job_id": "d256_l4_position_none_s101", "status": "running", "step": 12000, "planned_steps": 20000, "validation_macro": 0.32416666666666666, "seconds": 159.0314218669664, "updated_unix": 1791209611.304989}
{"job_id": "d256_l4_position_none_s101", "status": "running", "step": 13000, "planned_steps": 20000, "validation_macro": 0.3214285714285714, "seconds": 172.06050093309022, "updated_unix": 1791209624.3342903}
{"job_id": "d256_l4_position_none_s101", "status": "running", "step": 14000, "planned_steps": 20000, "validation_macro": 0.33333333333333337, "seconds": 184.86440914403647, "updated_unix": 1791209637.1373217}
{"job_id": "d256_l4_position_none_s101", "status": "running", "step": 15000, "planned_steps": 20000, "validation_macro": 0.32869047619047614, "seconds": 197.61059907614253, "updated_unix": 1791209649.8844316}
{"job_id": "d256_l4_position_none_s101", "status": "running", "step": 16000, "planned_steps": 20000, "validation_macro": 0.33178571428571435, "seconds": 210.52194968611002, "updated_unix": 1791209662.7942314}
{"job_id": "d256_l4_position_none_s101", "status": "running", "step": 17000, "planned_steps": 20000, "validation_macro": 0.3342857142857143, "seconds": 223.2014538270887, "updated_unix": 1791209675.4741855}
{"job_id": "d256_l4_position_none_s101", "status": "running", "step": 18000, "planned_steps": 20000, "validation_macro": 0.34130952380952384, "seconds": 236.4333798440639, "updated_unix": 1791209688.7042084}
{"job_id": "d256_l4_position_none_s101", "status": "running", "step": 19000, "planned_steps": 20000, "validation_macro": 0.3413095238095238, "seconds": 249.4406779180281, "updated_unix": 1791209701.7137258}
{"job_id": "d256_l4_position_none_s101", "status": "running", "step": 20000, "planned_steps": 20000, "validation_macro": 0.34154761904761904, "seconds": 262.29621406598017, "updated_unix": 1791209714.6174023}
{"job_id": "d256_l4_position_three_s101", "status": "running", "step": 1000, "planned_steps": 20000, "validation_macro": 0.3846428571428571, "seconds": 12.924415891058743, "updated_unix": 1791209734.8632622}
{"job_id": "d256_l4_position_three_s101", "status": "running", "step": 2000, "planned_steps": 20000, "validation_macro": 0.5173809523809523, "seconds": 25.823941332055256, "updated_unix": 1791209747.7681053}
{"job_id": "d256_l4_position_three_s101", "status": "running", "step": 3000, "planned_steps": 20000, "validation_macro": 0.6679761904761905, "seconds": 39.20452069514431, "updated_unix": 1791209761.148711}
{"job_id": "d256_l4_position_three_s101", "status": "running", "step": 4000, "planned_steps": 20000, "validation_macro": 0.8126190476190477, "seconds": 53.34261574805714, "updated_unix": 1791209775.2837284}
{"job_id": "d256_l4_position_three_s101", "status": "running", "step": 5000, "planned_steps": 20000, "validation_macro": 0.8203571428571428, "seconds": 66.7051127590239, "updated_unix": 1791209788.694352}
{"job_id": "d256_l4_position_three_s101", "status": "running", "step": 6000, "planned_steps": 20000, "validation_macro": 0.8809523809523809, "seconds": 80.11040407116525, "updated_unix": 1791209802.057731}
{"job_id": "d256_l4_position_three_s101", "status": "running", "step": 7000, "planned_steps": 20000, "validation_macro": 0.8772619047619048, "seconds": 93.70191106409766, "updated_unix": 1791209815.647924}
{"job_id": "d256_l4_position_three_s101", "status": "running", "step": 8000, "planned_steps": 20000, "validation_macro": 0.8977380952380951, "seconds": 106.96594738215208, "updated_unix": 1791209828.9081123}
{"job_id": "d256_l4_position_three_s101", "status": "running", "step": 9000, "planned_steps": 20000, "validation_macro": 0.9392857142857143, "seconds": 120.7173037440516, "updated_unix": 1791209842.660321}
{"job_id": "d256_l4_position_three_s101", "status": "running", "step": 10000, "planned_steps": 20000, "validation_macro": 0.9267857142857143, "seconds": 134.65099491318688, "updated_unix": 1791209856.6438415}
{"job_id": "d256_l4_position_three_s101", "status": "running", "step": 11000, "planned_steps": 20000, "validation_macro": 0.9079761904761905, "seconds": 147.72429713606834, "updated_unix": 1791209869.667507}
{"job_id": "d256_l4_position_three_s101", "status": "running", "step": 12000, "planned_steps": 20000, "validation_macro": 0.9733333333333334, "seconds": 161.09020382910967, "updated_unix": 1791209883.0346274}
{"job_id": "d256_l4_position_three_s101", "status": "running", "step": 13000, "planned_steps": 20000, "validation_macro": 0.9864285714285714, "seconds": 174.24471410317346, "updated_unix": 1791209896.1901913}
{"job_id": "d256_l4_position_three_s101", "status": "running", "step": 14000, "planned_steps": 20000, "validation_macro": 0.9870238095238095, "seconds": 187.95177628309466, "updated_unix": 1791209909.894712}
{"job_id": "d256_l4_position_three_s101", "status": "running", "step": 15000, "planned_steps": 20000, "validation_macro": 0.9858333333333333, "seconds": 201.14845484797843, "updated_unix": 1791209923.0926414}
{"job_id": "d256_l4_position_three_s101", "status": "running", "step": 16000, "planned_steps": 20000, "validation_macro": 0.9845238095238095, "seconds": 214.2990847839974, "updated_unix": 1791209936.239538}
{"job_id": "d256_l4_position_three_s101", "status": "running", "step": 17000, "planned_steps": 20000, "validation_macro": 0.995, "seconds": 227.16862174496055, "updated_unix": 1791209949.1104605}
{"job_id": "d256_l4_position_three_s101", "status": "running", "step": 18000, "planned_steps": 20000, "validation_macro": 0.9947619047619047, "seconds": 240.24548682803288, "updated_unix": 1791209962.1850872}
{"job_id": "d256_l4_position_three_s101", "status": "running", "step": 19000, "planned_steps": 20000, "validation_macro": 0.9951190476190477, "seconds": 253.22415254916996, "updated_unix": 1791209975.1724102}
{"job_id": "d256_l4_position_three_s101", "status": "running", "step": 20000, "planned_steps": 20000, "validation_macro": 0.9957142857142858, "seconds": 265.92915723705664, "updated_unix": 1791209987.919609}
{"job_id": "d256_l4_position_four_s101", "status": "running", "step": 1000, "planned_steps": 20000, "validation_macro": 0.2936904761904762, "seconds": 12.94740293500945, "updated_unix": 1791210008.153795}
{"job_id": "d256_l4_position_four_s101", "status": "running", "step": 2000, "planned_steps": 20000, "validation_macro": 0.3198809523809524, "seconds": 25.960246625123546, "updated_unix": 1791210021.1731822}
{"job_id": "d256_l4_position_four_s101", "status": "running", "step": 3000, "planned_steps": 20000, "validation_macro": 0.4276190476190477, "seconds": 39.082628917181864, "updated_unix": 1791210034.2936397}
{"job_id": "d256_l4_position_four_s101", "status": "running", "step": 4000, "planned_steps": 20000, "validation_macro": 0.4498809523809524, "seconds": 52.05787670915015, "updated_unix": 1791210047.2678432}
{"job_id": "d256_l4_position_four_s101", "status": "running", "step": 5000, "planned_steps": 20000, "validation_macro": 0.4725, "seconds": 64.74465846014209, "updated_unix": 1791210060.001906}
{"job_id": "d256_l4_position_four_s101", "status": "running", "step": 6000, "planned_steps": 20000, "validation_macro": 0.5207142857142857, "seconds": 77.76170983305201, "updated_unix": 1791210072.972579}
{"job_id": "d256_l4_position_four_s101", "status": "running", "step": 7000, "planned_steps": 20000, "validation_macro": 0.5560714285714285, "seconds": 90.5915486481972, "updated_unix": 1791210085.7988482}
{"job_id": "d256_l4_position_four_s101", "status": "running", "step": 8000, "planned_steps": 20000, "validation_macro": 0.4992857142857142, "seconds": 103.41969665815122, "updated_unix": 1791210098.626435}
{"job_id": "d256_l4_position_four_s101", "status": "running", "step": 9000, "planned_steps": 20000, "validation_macro": 0.5795238095238096, "seconds": 116.29390635015443, "updated_unix": 1791210111.5056312}
{"job_id": "d256_l4_position_four_s101", "status": "running", "step": 10000, "planned_steps": 20000, "validation_macro": 0.6273809523809525, "seconds": 130.05035474617034, "updated_unix": 1791210125.3278801}
{"job_id": "d256_l4_position_four_s101", "status": "running", "step": 11000, "planned_steps": 20000, "validation_macro": 0.6241666666666666, "seconds": 144.19815801619552, "updated_unix": 1791210139.407434}
{"job_id": "d256_l4_position_four_s101", "status": "running", "step": 12000, "planned_steps": 20000, "validation_macro": 0.6421428571428571, "seconds": 158.06735635199584, "updated_unix": 1791210153.278597}
{"job_id": "d256_l4_position_four_s101", "status": "running", "step": 13000, "planned_steps": 20000, "validation_macro": 0.6558333333333334, "seconds": 171.6778933322057, "updated_unix": 1791210166.8861554}
{"job_id": "d256_l4_position_four_s101", "status": "running", "step": 14000, "planned_steps": 20000, "validation_macro": 0.6641666666666667, "seconds": 184.95900127105415, "updated_unix": 1791210180.169645}
{"job_id": "d256_l4_position_four_s101", "status": "running", "step": 15000, "planned_steps": 20000, "validation_macro": 0.6627380952380952, "seconds": 198.55807410599664, "updated_unix": 1791210193.7688735}
{"job_id": "d256_l4_position_four_s101", "status": "running", "step": 16000, "planned_steps": 20000, "validation_macro": 0.6644047619047618, "seconds": 211.84520731912926, "updated_unix": 1791210207.0564637}
{"job_id": "d256_l4_position_four_s101", "status": "running", "step": 17000, "planned_steps": 20000, "validation_macro": 0.6738095238095239, "seconds": 225.0399061490316, "updated_unix": 1791210220.2516222}
{"job_id": "d256_l4_position_four_s101", "status": "running", "step": 18000, "planned_steps": 20000, "validation_macro": 0.6733333333333333, "seconds": 238.51224309718236, "updated_unix": 1791210233.7235956}
{"job_id": "d256_l4_position_four_s101", "status": "running", "step": 19000, "planned_steps": 20000, "validation_macro": 0.6741666666666666, "seconds": 251.68368492205627, "updated_unix": 1791210246.8973372}
{"job_id": "d256_l4_position_four_s101", "status": "running", "step": 20000, "planned_steps": 20000, "validation_macro": 0.6738095238095239, "seconds": 264.7389703991357, "updated_unix": 1791210259.9936006}
