{"landmarks_complete": "d256_l4_cycle_none_s17"}
{"landmarks_complete": "d256_l4_cycle_three_s17"}
{"landmarks_complete": "d256_l4_cycle_four_s17"}
{"landmarks_complete": "d256_l4_interior_none_s17"}
{"landmarks_complete": "d256_l4_interior_four_s17"}
{"landmarks_complete": "d256_l4_position_none_s17"}
{"landmarks_complete": "d256_l4_position_three_s17"}
{"landmarks_complete": "d256_l4_position_four_s17"}
{"landmarks_complete": "d256_l4_cycle_none_s42"}
{"landmarks_complete": "d256_l4_cycle_three_s42"}
{"landmarks_complete": "d256_l4_cycle_four_s42"}
{"landmarks_complete": "d256_l4_interior_none_s42"}
{"landmarks_complete": "d256_l4_interior_four_s42"}
{"landmarks_complete": "d256_l4_position_none_s42"}
{"landmarks_complete": "d256_l4_position_three_s42"}
{"landmarks_complete": "d256_l4_position_four_s42"}
{"landmarks_complete": "d256_l4_cycle_none_s101"}
{"landmarks_complete": "d256_l4_cycle_three_s101"}
{"landmarks_complete": "d256_l4_cycle_four_s101"}
{"landmarks_complete": "d256_l4_interior_none_s101"}
{"landmarks_complete": "d256_l4_interior_four_s101"}
{"landmarks_complete": "d256_l4_position_none_s101"}
{"landmarks_complete": "d256_l4_position_three_s101"}
{"landmarks_complete": "d256_l4_position_four_s101"}
[
  {
    "landmark": "ONE_END",
    "centering": "raw",
    "cells": 24,
    "trained_cka": 0.2836110014532754,
    "initial_cka": 0.803670477526313,
    "positive_changes": 0
  },
  {
    "landmark": "ONE_END",
    "centering": "within_length",
    "cells": 24,
    "trained_cka": 0.13973601949311257,
    "initial_cka": 0.5719414540610357,
    "positive_changes": 0
  },
  {
    "landmark": "heldout_query",
    "centering": "raw",
    "cells": 24,
    "trained_cka": 0.4594782939191335,
    "initial_cka": 0.7927397615198722,
    "positive_changes": 3
  },
  {
    "landmark": "heldout_query",
    "centering": "within_length",
    "cells": 24,
    "trained_cka": 0.30512763436464263,
    "initial_cka": 0.571320708288967,
    "positive_changes": 3
  },
  {
    "landmark": "prefix_mean",
    "centering": "raw",
    "cells": 24,
    "trained_cka": 0.6007798089680185,
    "initial_cka": 0.7586391897689166,
    "positive_changes": 7
  },
  {
    "landmark": "prefix_mean",
    "centering": "within_length",
    "cells": 24,
    "trained_cka": 0.42183148514095814,
    "initial_cka": 0.5963947854254056,
    "positive_changes": 5
  },
  {
    "landmark": "source_query_concat",
    "centering": "raw",
    "cells": 24,
    "trained_cka": 0.8823468040114218,
    "initial_cka": 0.7957433161247272,
    "positive_changes": 20
  },
  {
    "landmark": "source_query_concat",
    "centering": "within_length",
    "cells": 24,
    "trained_cka": 0.7872736546094551,
    "initial_cka": 0.5711673791818187,
    "positive_changes": 19
  }
]
{"transformed_cka_endpoints": 768}
