{"status": "prepared", "new_inputs": 5250, "frozen_forecasts": 5760}
target test evaluation: random_s17 / descents
target test evaluation: random_s17 / recoils
target test evaluation: random_s17 / lis_length
target test evaluation: random_s17 / longest_increasing_run
target test evaluation: d256_l4_cycle_none_s17 / descents
target test evaluation: d256_l4_cycle_none_s17 / recoils
target test evaluation: d256_l4_cycle_none_s17 / lis_length
target test evaluation: d256_l4_cycle_none_s17 / longest_increasing_run
target test evaluation: d256_l4_cycle_three_s17 / descents
target test evaluation: d256_l4_cycle_three_s17 / recoils
target test evaluation: d256_l4_cycle_three_s17 / lis_length
target test evaluation: d256_l4_cycle_three_s17 / longest_increasing_run
target test evaluation: d256_l4_cycle_four_s17 / descents
target test evaluation: d256_l4_cycle_four_s17 / recoils
target test evaluation: d256_l4_cycle_four_s17 / lis_length
target test evaluation: d256_l4_cycle_four_s17 / longest_increasing_run
target test evaluation: d256_l4_interior_none_s17 / descents
target test evaluation: d256_l4_interior_none_s17 / recoils
target test evaluation: d256_l4_interior_none_s17 / lis_length
target test evaluation: d256_l4_interior_none_s17 / longest_increasing_run
target test evaluation: d256_l4_interior_four_s17 / descents
target test evaluation: d256_l4_interior_four_s17 / recoils
target test evaluation: d256_l4_interior_four_s17 / lis_length
target test evaluation: d256_l4_interior_four_s17 / longest_increasing_run
target test evaluation: d256_l4_position_none_s17 / descents
target test evaluation: d256_l4_position_none_s17 / recoils
target test evaluation: d256_l4_position_none_s17 / lis_length
target test evaluation: d256_l4_position_none_s17 / longest_increasing_run
target test evaluation: d256_l4_position_three_s17 / descents
target test evaluation: d256_l4_position_three_s17 / recoils
target test evaluation: d256_l4_position_three_s17 / lis_length
target test evaluation: d256_l4_position_three_s17 / longest_increasing_run
target test evaluation: d256_l4_position_four_s17 / descents
target test evaluation: d256_l4_position_four_s17 / recoils
target test evaluation: d256_l4_position_four_s17 / lis_length
target test evaluation: d256_l4_position_four_s17 / longest_increasing_run
target test evaluation: random_s42 / descents
target test evaluation: random_s42 / recoils
target test evaluation: random_s42 / lis_length
target test evaluation: random_s42 / longest_increasing_run
target test evaluation: d256_l4_cycle_none_s42 / descents
target test evaluation: d256_l4_cycle_none_s42 / recoils
target test evaluation: d256_l4_cycle_none_s42 / lis_length
target test evaluation: d256_l4_cycle_none_s42 / longest_increasing_run
target test evaluation: d256_l4_cycle_three_s42 / descents
target test evaluation: d256_l4_cycle_three_s42 / recoils
target test evaluation: d256_l4_cycle_three_s42 / lis_length
target test evaluation: d256_l4_cycle_three_s42 / longest_increasing_run
target test evaluation: d256_l4_cycle_four_s42 / descents
target test evaluation: d256_l4_cycle_four_s42 / recoils
target test evaluation: d256_l4_cycle_four_s42 / lis_length
target test evaluation: d256_l4_cycle_four_s42 / longest_increasing_run
target test evaluation: d256_l4_interior_none_s42 / descents
target test evaluation: d256_l4_interior_none_s42 / recoils
target test evaluation: d256_l4_interior_none_s42 / lis_length
target test evaluation: d256_l4_interior_none_s42 / longest_increasing_run
target test evaluation: d256_l4_interior_four_s42 / descents
target test evaluation: d256_l4_interior_four_s42 / recoils
target test evaluation: d256_l4_interior_four_s42 / lis_length
target test evaluation: d256_l4_interior_four_s42 / longest_increasing_run
target test evaluation: d256_l4_position_none_s42 / descents
target test evaluation: d256_l4_position_none_s42 / recoils
target test evaluation: d256_l4_position_none_s42 / lis_length
target test evaluation: d256_l4_position_none_s42 / longest_increasing_run
target test evaluation: d256_l4_position_three_s42 / descents
target test evaluation: d256_l4_position_three_s42 / recoils
target test evaluation: d256_l4_position_three_s42 / lis_length
target test evaluation: d256_l4_position_three_s42 / longest_increasing_run
target test evaluation: d256_l4_position_four_s42 / descents
target test evaluation: d256_l4_position_four_s42 / recoils
target test evaluation: d256_l4_position_four_s42 / lis_length
target test evaluation: d256_l4_position_four_s42 / longest_increasing_run
target test evaluation: random_s101 / descents
target test evaluation: random_s101 / recoils
target test evaluation: random_s101 / lis_length
target test evaluation: random_s101 / longest_increasing_run
target test evaluation: d256_l4_cycle_none_s101 / descents
target test evaluation: d256_l4_cycle_none_s101 / recoils
target test evaluation: d256_l4_cycle_none_s101 / lis_length
target test evaluation: d256_l4_cycle_none_s101 / longest_increasing_run
target test evaluation: d256_l4_cycle_three_s101 / descents
target test evaluation: d256_l4_cycle_three_s101 / recoils
target test evaluation: d256_l4_cycle_three_s101 / lis_length
target test evaluation: d256_l4_cycle_three_s101 / longest_increasing_run
target test evaluation: d256_l4_cycle_four_s101 / descents
target test evaluation: d256_l4_cycle_four_s101 / recoils
target test evaluation: d256_l4_cycle_four_s101 / lis_length
target test evaluation: d256_l4_cycle_four_s101 / longest_increasing_run
target test evaluation: d256_l4_interior_none_s101 / descents
target test evaluation: d256_l4_interior_none_s101 / recoils
target test evaluation: d256_l4_interior_none_s101 / lis_length
target test evaluation: d256_l4_interior_none_s101 / longest_increasing_run
target test evaluation: d256_l4_interior_four_s101 / descents
target test evaluation: d256_l4_interior_four_s101 / recoils
target test evaluation: d256_l4_interior_four_s101 / lis_length
target test evaluation: d256_l4_interior_four_s101 / longest_increasing_run
target test evaluation: d256_l4_position_none_s101 / descents
target test evaluation: d256_l4_position_none_s101 / recoils
target test evaluation: d256_l4_position_none_s101 / lis_length
target test evaluation: d256_l4_position_none_s101 / longest_increasing_run
target test evaluation: d256_l4_position_three_s101 / descents
target test evaluation: d256_l4_position_three_s101 / recoils
target test evaluation: d256_l4_position_three_s101 / lis_length
target test evaluation: d256_l4_position_three_s101 / longest_increasing_run
target test evaluation: d256_l4_position_four_s101 / descents
target test evaluation: d256_l4_position_four_s101 / recoils
target test evaluation: d256_l4_position_four_s101 / lis_length
target test evaluation: d256_l4_position_four_s101 / longest_increasing_run
{"status": "complete", "endpoints": 1080, "forecasts": 5760}
