{"numeric_subspace_complete": "cycle_none"}
{"numeric_subspace_complete": "cycle_three"}
{"numeric_subspace_complete": "cycle_four"}
{"numeric_subspace_complete": "interior_none"}
{"numeric_subspace_complete": "interior_four"}
{"numeric_subspace_complete": "position_none"}
{"numeric_subspace_complete": "position_three"}
{"numeric_subspace_complete": "position_four"}
[
  {
    "landmark": "ONE_END",
    "centering": "raw",
    "component": "full",
    "initial_cka": 0.803670477526313,
    "trained_cka": 0.2836110014532754,
    "positive_changes": 0,
    "cells": 24
  },
  {
    "landmark": "ONE_END",
    "centering": "raw",
    "component": "numeric_contrast_space",
    "initial_cka": 0.5498445814412046,
    "trained_cka": 0.2310722661687791,
    "positive_changes": 1,
    "cells": 24
  },
  {
    "landmark": "ONE_END",
    "centering": "raw",
    "component": "numeric_null_space",
    "initial_cka": 0.7979767622050993,
    "trained_cka": 0.36108557488630016,
    "positive_changes": 0,
    "cells": 24
  },
  {
    "landmark": "ONE_END",
    "centering": "raw",
    "component": "centered_numeric_logits",
    "initial_cka": 0.5321184418550579,
    "trained_cka": 0.28335144180645866,
    "positive_changes": 2,
    "cells": 24
  },
  {
    "landmark": "ONE_END",
    "centering": "within_length",
    "component": "full",
    "initial_cka": 0.5719414540610358,
    "trained_cka": 0.1397360194931126,
    "positive_changes": 0,
    "cells": 24
  },
  {
    "landmark": "ONE_END",
    "centering": "within_length",
    "component": "numeric_contrast_space",
    "initial_cka": 0.39124899475641683,
    "trained_cka": 0.10977518685523131,
    "positive_changes": 0,
    "cells": 24
  },
  {
    "landmark": "ONE_END",
    "centering": "within_length",
    "component": "numeric_null_space",
    "initial_cka": 0.5691959894936621,
    "trained_cka": 0.18522018393756956,
    "positive_changes": 0,
    "cells": 24
  },
  {
    "landmark": "ONE_END",
    "centering": "within_length",
    "component": "centered_numeric_logits",
    "initial_cka": 0.37776323298382214,
    "trained_cka": 0.11905867997326529,
    "positive_changes": 1,
    "cells": 24
  },
  {
    "landmark": "source_query_concat",
    "centering": "raw",
    "component": "full",
    "initial_cka": 0.7957433161247272,
    "trained_cka": 0.8823468040114218,
    "positive_changes": 20,
    "cells": 24
  },
  {
    "landmark": "source_query_concat",
    "centering": "raw",
    "component": "numeric_contrast_space",
    "initial_cka": 0.5330035393738605,
    "trained_cka": 0.8767696161903779,
    "positive_changes": 24,
    "cells": 24
  },
  {
    "landmark": "source_query_concat",
    "centering": "raw",
    "component": "numeric_null_space",
    "initial_cka": 0.795042607730187,
    "trained_cka": 0.7179007693988094,
    "positive_changes": 4,
    "cells": 24
  },
  {
    "landmark": "source_query_concat",
    "centering": "raw",
    "component": "centered_numeric_logits",
    "initial_cka": 0.5279457434639809,
    "trained_cka": 0.8756827914526095,
    "positive_changes": 23,
    "cells": 24
  },
  {
    "landmark": "source_query_concat",
    "centering": "within_length",
    "component": "full",
    "initial_cka": 0.5711673791818187,
    "trained_cka": 0.7872736546094551,
    "positive_changes": 19,
    "cells": 24
  },
  {
    "landmark": "source_query_concat",
    "centering": "within_length",
    "component": "numeric_contrast_space",
    "initial_cka": 0.39328168619469456,
    "trained_cka": 0.7877861149101683,
    "positive_changes": 23,
    "cells": 24
  },
  {
    "landmark": "source_query_concat",
    "centering": "within_length",
    "component": "numeric_null_space",
    "initial_cka": 0.5687711535959808,
    "trained_cka": 0.5523885186096954,
    "positive_changes": 16,
    "cells": 24
  },
  {
    "landmark": "source_query_concat",
    "centering": "within_length",
    "component": "centered_numeric_logits",
    "initial_cka": 0.3861240757713817,
    "trained_cka": 0.7688872508145991,
    "positive_changes": 23,
    "cells": 24
  }
]
