{"job_id": "d256_l4_peaks_s17", "status": "running", "step": 1000, "planned_steps": 20000, "validation_macro": 0.38761904761904764, "seconds": 12.29667317098938, "updated_unix": 1791211336.4406595}
{"job_id": "d256_l4_peaks_s17", "status": "running", "step": 2000, "planned_steps": 20000, "validation_macro": 0.42, "seconds": 24.164850769098848, "updated_unix": 1791211348.307392}
{"job_id": "d256_l4_peaks_s17", "status": "running", "step": 3000, "planned_steps": 20000, "validation_macro": 0.41285714285714287, "seconds": 36.25188868516125, "updated_unix": 1791211360.398741}
{"job_id": "d256_l4_peaks_s17", "status": "running", "step": 4000, "planned_steps": 20000, "validation_macro": 0.4195238095238095, "seconds": 48.36170564009808, "updated_unix": 1791211372.503498}
{"job_id": "d256_l4_peaks_s17", "status": "running", "step": 5000, "planned_steps": 20000, "validation_macro": 0.4228571428571429, "seconds": 59.97402960504405, "updated_unix": 1791211384.1768346}
{"job_id": "d256_l4_peaks_s17", "status": "running", "step": 6000, "planned_steps": 20000, "validation_macro": 0.4342857142857143, "seconds": 71.99428429710679, "updated_unix": 1791211396.1387892}
{"job_id": "d256_l4_peaks_s17", "status": "running", "step": 7000, "planned_steps": 20000, "validation_macro": 0.4419047619047619, "seconds": 84.22969408100471, "updated_unix": 1791211408.3727064}
{"job_id": "d256_l4_peaks_s17", "status": "running", "step": 8000, "planned_steps": 20000, "validation_macro": 0.4980952380952381, "seconds": 95.67897875211202, "updated_unix": 1791211419.8216276}
{"job_id": "d256_l4_peaks_s17", "status": "running", "step": 9000, "planned_steps": 20000, "validation_macro": 0.5323809523809524, "seconds": 107.93863470898941, "updated_unix": 1791211432.0813224}
{"job_id": "d256_l4_peaks_s17", "status": "running", "step": 10000, "planned_steps": 20000, "validation_macro": 0.5595238095238095, "seconds": 119.7297362650279, "updated_unix": 1791211443.9184327}
{"job_id": "d256_l4_peaks_s17", "status": "running", "step": 11000, "planned_steps": 20000, "validation_macro": 0.5857142857142857, "seconds": 131.49840849800967, "updated_unix": 1791211455.6420972}
{"job_id": "d256_l4_peaks_s17", "status": "running", "step": 12000, "planned_steps": 20000, "validation_macro": 0.6323809523809524, "seconds": 143.7876982530579, "updated_unix": 1791211467.931078}
{"job_id": "d256_l4_peaks_s17", "status": "running", "step": 13000, "planned_steps": 20000, "validation_macro": 0.6442857142857142, "seconds": 155.38044792111032, "updated_unix": 1791211479.5250368}
{"job_id": "d256_l4_peaks_s17", "status": "running", "step": 14000, "planned_steps": 20000, "validation_macro": 0.6766666666666666, "seconds": 167.28568647895008, "updated_unix": 1791211491.4278479}
{"job_id": "d256_l4_peaks_s17", "status": "running", "step": 15000, "planned_steps": 20000, "validation_macro": 0.709047619047619, "seconds": 179.51145426509902, "updated_unix": 1791211503.654329}
{"job_id": "d256_l4_peaks_s17", "status": "running", "step": 16000, "planned_steps": 20000, "validation_macro": 0.7366666666666667, "seconds": 191.567822676152, "updated_unix": 1791211515.7092671}
{"job_id": "d256_l4_peaks_s17", "status": "running", "step": 17000, "planned_steps": 20000, "validation_macro": 0.7452380952380953, "seconds": 203.4364982121624, "updated_unix": 1791211527.5880544}
{"job_id": "d256_l4_peaks_s17", "status": "running", "step": 18000, "planned_steps": 20000, "validation_macro": 0.7476190476190476, "seconds": 215.1464583829511, "updated_unix": 1791211539.2893014}
{"job_id": "d256_l4_peaks_s17", "status": "running", "step": 19000, "planned_steps": 20000, "validation_macro": 0.7533333333333333, "seconds": 227.24860096210614, "updated_unix": 1791211551.389258}
{"job_id": "d256_l4_peaks_s17", "status": "running", "step": 20000, "planned_steps": 20000, "validation_macro": 0.7647619047619048, "seconds": 238.6683725460898, "updated_unix": 1791211562.860394}
{"job_id": "d256_l4_valleys_s17", "status": "running", "step": 1000, "planned_steps": 20000, "validation_macro": 0.34095238095238095, "seconds": 11.677771131042391, "updated_unix": 1791211577.7762702}
{"job_id": "d256_l4_valleys_s17", "status": "running", "step": 2000, "planned_steps": 20000, "validation_macro": 0.3904761904761905, "seconds": 23.339960691984743, "updated_unix": 1791211589.4406826}
{"job_id": "d256_l4_valleys_s17", "status": "running", "step": 3000, "planned_steps": 20000, "validation_macro": 0.4104761904761905, "seconds": 35.322758972179145, "updated_unix": 1791211601.4231918}
{"job_id": "d256_l4_valleys_s17", "status": "running", "step": 4000, "planned_steps": 20000, "validation_macro": 0.4361904761904762, "seconds": 47.22717756801285, "updated_unix": 1791211613.3297334}
{"job_id": "d256_l4_valleys_s17", "status": "running", "step": 5000, "planned_steps": 20000, "validation_macro": 0.44857142857142857, "seconds": 58.76389405899681, "updated_unix": 1791211624.9098904}
{"job_id": "d256_l4_valleys_s17", "status": "running", "step": 6000, "planned_steps": 20000, "validation_macro": 0.46, "seconds": 70.58757961308584, "updated_unix": 1791211636.6880395}
{"job_id": "d256_l4_valleys_s17", "status": "running", "step": 7000, "planned_steps": 20000, "validation_macro": 0.4828571428571429, "seconds": 82.49678327213041, "updated_unix": 1791211648.5964677}
{"job_id": "d256_l4_valleys_s17", "status": "running", "step": 8000, "planned_steps": 20000, "validation_macro": 0.5004761904761905, "seconds": 94.22713579400443, "updated_unix": 1791211660.3279865}
{"job_id": "d256_l4_valleys_s17", "status": "running", "step": 9000, "planned_steps": 20000, "validation_macro": 0.5366666666666666, "seconds": 106.05333570414223, "updated_unix": 1791211672.151838}
{"job_id": "d256_l4_valleys_s17", "status": "running", "step": 10000, "planned_steps": 20000, "validation_macro": 0.5447619047619048, "seconds": 117.53477692604065, "updated_unix": 1791211683.6837955}
{"job_id": "d256_l4_valleys_s17", "status": "running", "step": 11000, "planned_steps": 20000, "validation_macro": 0.5414285714285715, "seconds": 129.81717961397953, "updated_unix": 1791211695.9189053}
{"job_id": "d256_l4_valleys_s17", "status": "running", "step": 12000, "planned_steps": 20000, "validation_macro": 0.6395238095238095, "seconds": 141.45281741116196, "updated_unix": 1791211707.5526874}
{"job_id": "d256_l4_valleys_s17", "status": "running", "step": 13000, "planned_steps": 20000, "validation_macro": 0.6485714285714286, "seconds": 152.90098233195022, "updated_unix": 1791211719.0001097}
{"job_id": "d256_l4_valleys_s17", "status": "running", "step": 14000, "planned_steps": 20000, "validation_macro": 0.6914285714285714, "seconds": 164.4293975061737, "updated_unix": 1791211730.5297568}
{"job_id": "d256_l4_valleys_s17", "status": "running", "step": 15000, "planned_steps": 20000, "validation_macro": 0.6957142857142857, "seconds": 175.89576373016462, "updated_unix": 1791211741.997026}
{"job_id": "d256_l4_valleys_s17", "status": "running", "step": 16000, "planned_steps": 20000, "validation_macro": 0.7095238095238096, "seconds": 187.77105002710596, "updated_unix": 1791211753.8721101}
{"job_id": "d256_l4_valleys_s17", "status": "running", "step": 17000, "planned_steps": 20000, "validation_macro": 0.7157142857142857, "seconds": 199.4397500960622, "updated_unix": 1791211765.5398684}
{"job_id": "d256_l4_valleys_s17", "status": "running", "step": 18000, "planned_steps": 20000, "validation_macro": 0.731904761904762, "seconds": 211.33385035116225, "updated_unix": 1791211777.434036}
{"job_id": "d256_l4_valleys_s17", "status": "running", "step": 19000, "planned_steps": 20000, "validation_macro": 0.7309523809523809, "seconds": 222.98903127596714, "updated_unix": 1791211789.0891047}
{"job_id": "d256_l4_valleys_s17", "status": "running", "step": 20000, "planned_steps": 20000, "validation_macro": 0.7371428571428571, "seconds": 234.48611865611747, "updated_unix": 1791211800.635332}
{"job_id": "d256_l4_double_ascents_s17", "status": "running", "step": 1000, "planned_steps": 20000, "validation_macro": 0.26285714285714284, "seconds": 11.565124360146001, "updated_unix": 1791211815.1756287}
{"job_id": "d256_l4_double_ascents_s17", "status": "running", "step": 2000, "planned_steps": 20000, "validation_macro": 0.26142857142857145, "seconds": 23.441949678119272, "updated_unix": 1791211827.0543807}
{"job_id": "d256_l4_double_ascents_s17", "status": "running", "step": 3000, "planned_steps": 20000, "validation_macro": 0.26, "seconds": 35.5566960030701, "updated_unix": 1791211839.1709616}
{"job_id": "d256_l4_double_ascents_s17", "status": "running", "step": 4000, "planned_steps": 20000, "validation_macro": 0.2919047619047619, "seconds": 47.52541236509569, "updated_unix": 1791211851.1375568}
{"job_id": "d256_l4_double_ascents_s17", "status": "running", "step": 5000, "planned_steps": 20000, "validation_macro": 0.370952380952381, "seconds": 59.169767880113795, "updated_unix": 1791211862.8291767}
{"job_id": "d256_l4_double_ascents_s17", "status": "running", "step": 6000, "planned_steps": 20000, "validation_macro": 0.5023809523809524, "seconds": 71.31671405304223, "updated_unix": 1791211874.9282196}
{"job_id": "d256_l4_double_ascents_s17", "status": "running", "step": 7000, "planned_steps": 20000, "validation_macro": 0.628095238095238, "seconds": 82.79978596395813, "updated_unix": 1791211886.4090567}
{"job_id": "d256_l4_double_ascents_s17", "status": "running", "step": 8000, "planned_steps": 20000, "validation_macro": 0.8223809523809524, "seconds": 94.80581132997759, "updated_unix": 1791211898.4172862}
{"job_id": "d256_l4_double_ascents_s17", "status": "running", "step": 9000, "planned_steps": 20000, "validation_macro": 0.8728571428571429, "seconds": 106.92715228814632, "updated_unix": 1791211910.5402534}
{"job_id": "d256_l4_double_ascents_s17", "status": "running", "step": 10000, "planned_steps": 20000, "validation_macro": 0.9233333333333333, "seconds": 118.87815052596852, "updated_unix": 1791211922.5368512}
{"job_id": "d256_l4_double_ascents_s17", "status": "running", "step": 11000, "planned_steps": 20000, "validation_macro": 0.9514285714285714, "seconds": 130.91041459306143, "updated_unix": 1791211934.521459}
{"job_id": "d256_l4_double_ascents_s17", "status": "running", "step": 12000, "planned_steps": 20000, "validation_macro": 0.9633333333333334, "seconds": 142.83508054213598, "updated_unix": 1791211946.4471483}
{"job_id": "d256_l4_double_ascents_s17", "status": "running", "step": 13000, "planned_steps": 20000, "validation_macro": 0.9676190476190476, "seconds": 154.27599900611676, "updated_unix": 1791211957.8868585}
{"job_id": "d256_l4_double_ascents_s17", "status": "running", "step": 14000, "planned_steps": 20000, "validation_macro": 0.9623809523809523, "seconds": 165.63778455299325, "updated_unix": 1791211969.2488918}
{"job_id": "d256_l4_double_ascents_s17", "status": "running", "step": 15000, "planned_steps": 20000, "validation_macro": 0.9785714285714285, "seconds": 177.58550130901858, "updated_unix": 1791211981.1979423}
{"job_id": "d256_l4_double_ascents_s17", "status": "running", "step": 16000, "planned_steps": 20000, "validation_macro": 0.98, "seconds": 189.31456247717142, "updated_unix": 1791211992.9256246}
{"job_id": "d256_l4_double_ascents_s17", "status": "running", "step": 17000, "planned_steps": 20000, "validation_macro": 0.9838095238095238, "seconds": 200.91630940511823, "updated_unix": 1791212004.5273297}
{"job_id": "d256_l4_double_ascents_s17", "status": "running", "step": 18000, "planned_steps": 20000, "validation_macro": 0.9857142857142858, "seconds": 212.43878845800646, "updated_unix": 1791212016.0510314}
{"job_id": "d256_l4_double_ascents_s17", "status": "running", "step": 19000, "planned_steps": 20000, "validation_macro": 0.991904761904762, "seconds": 224.48129536909983, "updated_unix": 1791212028.0924618}
{"job_id": "d256_l4_double_ascents_s17", "status": "running", "step": 20000, "planned_steps": 20000, "validation_macro": 0.9895238095238095, "seconds": 237.7059760130942, "updated_unix": 1791212041.3733044}
{"job_id": "d256_l4_double_descents_s17", "status": "running", "step": 1000, "planned_steps": 20000, "validation_macro": 0.2633333333333333, "seconds": 12.675324995070696, "updated_unix": 1791212057.4485571}
{"job_id": "d256_l4_double_descents_s17", "status": "running", "step": 2000, "planned_steps": 20000, "validation_macro": 0.2714285714285714, "seconds": 26.555840315995738, "updated_unix": 1791212071.3256843}
{"job_id": "d256_l4_double_descents_s17", "status": "running", "step": 3000, "planned_steps": 20000, "validation_macro": 0.2976190476190476, "seconds": 39.08720218017697, "updated_unix": 1791212083.859124}
{"job_id": "d256_l4_double_descents_s17", "status": "running", "step": 4000, "planned_steps": 20000, "validation_macro": 0.3142857142857143, "seconds": 52.73377697914839, "updated_unix": 1791212097.5050523}
{"job_id": "d256_l4_double_descents_s17", "status": "running", "step": 5000, "planned_steps": 20000, "validation_macro": 0.34, "seconds": 66.0263920291327, "updated_unix": 1791212110.84937}
{"job_id": "d256_l4_double_descents_s17", "status": "running", "step": 6000, "planned_steps": 20000, "validation_macro": 0.3852380952380952, "seconds": 79.58738191006705, "updated_unix": 1791212124.3619053}
{"job_id": "d256_l4_double_descents_s17", "status": "running", "step": 7000, "planned_steps": 20000, "validation_macro": 0.4195238095238095, "seconds": 92.27875104313716, "updated_unix": 1791212137.052361}
{"job_id": "d256_l4_double_descents_s17", "status": "running", "step": 8000, "planned_steps": 20000, "validation_macro": 0.44666666666666666, "seconds": 105.62384172715247, "updated_unix": 1791212150.3956442}
{"job_id": "d256_l4_double_descents_s17", "status": "running", "step": 9000, "planned_steps": 20000, "validation_macro": 0.49666666666666665, "seconds": 119.38988501718268, "updated_unix": 1791212164.1653976}
{"job_id": "d256_l4_double_descents_s17", "status": "running", "step": 10000, "planned_steps": 20000, "validation_macro": 0.5052380952380953, "seconds": 132.45399196003564, "updated_unix": 1791212177.277668}
{"job_id": "d256_l4_double_descents_s17", "status": "running", "step": 11000, "planned_steps": 20000, "validation_macro": 0.5795238095238096, "seconds": 146.9412397320848, "updated_unix": 1791212191.7180092}
{"job_id": "d256_l4_double_descents_s17", "status": "running", "step": 12000, "planned_steps": 20000, "validation_macro": 0.6266666666666667, "seconds": 159.68895781901665, "updated_unix": 1791212204.4633632}
{"job_id": "d256_l4_double_descents_s17", "status": "running", "step": 13000, "planned_steps": 20000, "validation_macro": 0.6566666666666666, "seconds": 173.46692368597724, "updated_unix": 1791212218.2395704}
{"job_id": "d256_l4_double_descents_s17", "status": "running", "step": 14000, "planned_steps": 20000, "validation_macro": 0.6852380952380952, "seconds": 187.48996268515475, "updated_unix": 1791212232.261591}
{"job_id": "d256_l4_double_descents_s17", "status": "running", "step": 15000, "planned_steps": 20000, "validation_macro": 0.7204761904761905, "seconds": 200.61411865917034, "updated_unix": 1791212245.3965998}
{"job_id": "d256_l4_double_descents_s17", "status": "running", "step": 16000, "planned_steps": 20000, "validation_macro": 0.7533333333333333, "seconds": 213.17142245103605, "updated_unix": 1791212257.9369936}
{"job_id": "d256_l4_double_descents_s17", "status": "running", "step": 17000, "planned_steps": 20000, "validation_macro": 0.7557142857142857, "seconds": 224.98644645605236, "updated_unix": 1791212269.7516537}
{"job_id": "d256_l4_double_descents_s17", "status": "running", "step": 18000, "planned_steps": 20000, "validation_macro": 0.7771428571428571, "seconds": 236.7160546281375, "updated_unix": 1791212281.4830472}
{"job_id": "d256_l4_double_descents_s17", "status": "running", "step": 19000, "planned_steps": 20000, "validation_macro": 0.7933333333333333, "seconds": 248.59694112511352, "updated_unix": 1791212293.3620155}
{"job_id": "d256_l4_double_descents_s17", "status": "running", "step": 20000, "planned_steps": 20000, "validation_macro": 0.8095238095238095, "seconds": 260.1141328490339, "updated_unix": 1791212304.927001}
{"job_id": "d256_l4_successions_s17", "status": "running", "step": 1000, "planned_steps": 20000, "validation_macro": 0.40285714285714286, "seconds": 11.86813338007778, "updated_unix": 1791212319.6695566}
{"job_id": "d256_l4_successions_s17", "status": "running", "step": 2000, "planned_steps": 20000, "validation_macro": 0.3780952380952381, "seconds": 23.437521232059225, "updated_unix": 1791212331.2416077}
{"job_id": "d256_l4_successions_s17", "status": "running", "step": 3000, "planned_steps": 20000, "validation_macro": 0.3780952380952381, "seconds": 35.46994608314708, "updated_unix": 1791212343.274778}
{"job_id": "d256_l4_successions_s17", "status": "running", "step": 4000, "planned_steps": 20000, "validation_macro": 0.3780952380952381, "seconds": 47.403374212095514, "updated_unix": 1791212355.208352}
{"job_id": "d256_l4_successions_s17", "status": "running", "step": 5000, "planned_steps": 20000, "validation_macro": 0.3780952380952381, "seconds": 59.38822185411118, "updated_unix": 1791212367.2387323}
{"job_id": "d256_l4_successions_s17", "status": "running", "step": 6000, "planned_steps": 20000, "validation_macro": 0.40285714285714286, "seconds": 70.69674306805246, "updated_unix": 1791212378.5069458}
{"job_id": "d256_l4_successions_s17", "status": "running", "step": 7000, "planned_steps": 20000, "validation_macro": 0.39904761904761904, "seconds": 82.10051586502232, "updated_unix": 1791212389.903187}
{"job_id": "d256_l4_successions_s17", "status": "running", "step": 8000, "planned_steps": 20000, "validation_macro": 0.40285714285714286, "seconds": 93.7438202269841, "updated_unix": 1791212401.5491385}
{"job_id": "d256_l4_successions_s17", "status": "running", "step": 9000, "planned_steps": 20000, "validation_macro": 0.4, "seconds": 105.58547111111693, "updated_unix": 1791212413.3893492}
{"job_id": "d256_l4_successions_s17", "status": "running", "step": 10000, "planned_steps": 20000, "validation_macro": 0.39285714285714285, "seconds": 117.58671895903535, "updated_unix": 1791212425.4369347}
{"job_id": "d256_l4_successions_s17", "status": "running", "step": 11000, "planned_steps": 20000, "validation_macro": 0.4042857142857143, "seconds": 129.54492776305415, "updated_unix": 1791212437.3489358}
{"job_id": "d256_l4_successions_s17", "status": "running", "step": 12000, "planned_steps": 20000, "validation_macro": 0.41333333333333333, "seconds": 141.3615704011172, "updated_unix": 1791212449.166686}
{"job_id": "d256_l4_successions_s17", "status": "running", "step": 13000, "planned_steps": 20000, "validation_macro": 0.4276190476190476, "seconds": 153.2371484930627, "updated_unix": 1791212461.041116}
{"job_id": "d256_l4_successions_s17", "status": "running", "step": 14000, "planned_steps": 20000, "validation_macro": 0.4061904761904762, "seconds": 164.8891004701145, "updated_unix": 1791212472.6927605}
{"job_id": "d256_l4_successions_s17", "status": "running", "step": 15000, "planned_steps": 20000, "validation_macro": 0.4461904761904762, "seconds": 176.81926863105036, "updated_unix": 1791212484.6229098}
{"job_id": "d256_l4_successions_s17", "status": "running", "step": 16000, "planned_steps": 20000, "validation_macro": 0.4438095238095238, "seconds": 188.54971552896313, "updated_unix": 1791212496.3552647}
{"job_id": "d256_l4_successions_s17", "status": "running", "step": 17000, "planned_steps": 20000, "validation_macro": 0.43047619047619046, "seconds": 200.19440626213327, "updated_unix": 1791212507.9975524}
{"job_id": "d256_l4_successions_s17", "status": "running", "step": 18000, "planned_steps": 20000, "validation_macro": 0.43476190476190474, "seconds": 212.4025211201515, "updated_unix": 1791212520.2055826}
{"job_id": "d256_l4_successions_s17", "status": "running", "step": 19000, "planned_steps": 20000, "validation_macro": 0.43523809523809526, "seconds": 224.2493669129908, "updated_unix": 1791212532.053683}
{"job_id": "d256_l4_successions_s17", "status": "running", "step": 20000, "planned_steps": 20000, "validation_macro": 0.4357142857142857, "seconds": 236.26265501813032, "updated_unix": 1791212544.1114752}
{"job_id": "d256_l4_adjacencies_s17", "status": "running", "step": 1000, "planned_steps": 20000, "validation_macro": 0.3, "seconds": 11.571963579859585, "updated_unix": 1791212558.5975316}
{"job_id": "d256_l4_adjacencies_s17", "status": "running", "step": 2000, "planned_steps": 20000, "validation_macro": 0.3, "seconds": 23.34671733295545, "updated_unix": 1791212570.372785}
{"job_id": "d256_l4_adjacencies_s17", "status": "running", "step": 3000, "planned_steps": 20000, "validation_macro": 0.2914285714285714, "seconds": 35.31558887590654, "updated_unix": 1791212582.3415885}
{"job_id": "d256_l4_adjacencies_s17", "status": "running", "step": 4000, "planned_steps": 20000, "validation_macro": 0.2823809523809524, "seconds": 47.415030838921666, "updated_unix": 1791212594.445345}
{"job_id": "d256_l4_adjacencies_s17", "status": "running", "step": 5000, "planned_steps": 20000, "validation_macro": 0.2838095238095238, "seconds": 59.168664030963555, "updated_unix": 1791212606.2436993}
{"job_id": "d256_l4_adjacencies_s17", "status": "running", "step": 6000, "planned_steps": 20000, "validation_macro": 0.30142857142857143, "seconds": 71.07365055684932, "updated_unix": 1791212618.1018896}
{"job_id": "d256_l4_adjacencies_s17", "status": "running", "step": 7000, "planned_steps": 20000, "validation_macro": 0.30904761904761907, "seconds": 82.73183315293863, "updated_unix": 1791212629.7606206}
{"job_id": "d256_l4_adjacencies_s17", "status": "running", "step": 8000, "planned_steps": 20000, "validation_macro": 0.30952380952380953, "seconds": 94.88835196197033, "updated_unix": 1791212641.9166253}
{"job_id": "d256_l4_adjacencies_s17", "status": "running", "step": 9000, "planned_steps": 20000, "validation_macro": 0.31666666666666665, "seconds": 107.22961848997511, "updated_unix": 1791212654.257382}
{"job_id": "d256_l4_adjacencies_s17", "status": "running", "step": 10000, "planned_steps": 20000, "validation_macro": 0.30142857142857143, "seconds": 118.85274135903455, "updated_unix": 1791212665.9260526}
{"job_id": "d256_l4_adjacencies_s17", "status": "running", "step": 11000, "planned_steps": 20000, "validation_macro": 0.31142857142857144, "seconds": 130.76729828491807, "updated_unix": 1791212677.7929082}
{"job_id": "d256_l4_adjacencies_s17", "status": "running", "step": 12000, "planned_steps": 20000, "validation_macro": 0.2966666666666667, "seconds": 142.75357411289588, "updated_unix": 1791212689.790854}
{"job_id": "d256_l4_adjacencies_s17", "status": "running", "step": 13000, "planned_steps": 20000, "validation_macro": 0.3219047619047619, "seconds": 154.96363002085127, "updated_unix": 1791212701.9937472}
{"job_id": "d256_l4_adjacencies_s17", "status": "running", "step": 14000, "planned_steps": 20000, "validation_macro": 0.31285714285714283, "seconds": 166.75581470690668, "updated_unix": 1791212713.7863166}
{"job_id": "d256_l4_adjacencies_s17", "status": "running", "step": 15000, "planned_steps": 20000, "validation_macro": 0.3295238095238095, "seconds": 179.1359557560645, "updated_unix": 1791212726.1627405}
{"job_id": "d256_l4_adjacencies_s17", "status": "running", "step": 16000, "planned_steps": 20000, "validation_macro": 0.30857142857142855, "seconds": 191.17527476791292, "updated_unix": 1791212738.2031126}
{"job_id": "d256_l4_adjacencies_s17", "status": "running", "step": 17000, "planned_steps": 20000, "validation_macro": 0.3242857142857143, "seconds": 203.58188598998822, "updated_unix": 1791212750.617093}
{"job_id": "d256_l4_adjacencies_s17", "status": "running", "step": 18000, "planned_steps": 20000, "validation_macro": 0.32142857142857145, "seconds": 215.4347615740262, "updated_unix": 1791212762.4658246}
{"job_id": "d256_l4_adjacencies_s17", "status": "running", "step": 19000, "planned_steps": 20000, "validation_macro": 0.3233333333333333, "seconds": 227.16817485005595, "updated_unix": 1791212774.1996493}
{"job_id": "d256_l4_adjacencies_s17", "status": "running", "step": 20000, "planned_steps": 20000, "validation_macro": 0.3180952380952381, "seconds": 239.18768275692128, "updated_unix": 1791212786.2648594}
{"job_id": "d256_l4_fixed_points_s17", "status": "running", "step": 1000, "planned_steps": 20000, "validation_macro": 0.8585714285714285, "seconds": 11.983177150133997, "updated_unix": 1791212801.4073603}
{"job_id": "d256_l4_fixed_points_s17", "status": "running", "step": 2000, "planned_steps": 20000, "validation_macro": 0.9657142857142857, "seconds": 23.862622183049098, "updated_unix": 1791212813.2891755}
{"job_id": "d256_l4_fixed_points_s17", "status": "running", "step": 3000, "planned_steps": 20000, "validation_macro": 0.9814285714285714, "seconds": 36.2268606571015, "updated_unix": 1791212825.6547792}
{"job_id": "d256_l4_fixed_points_s17", "status": "running", "step": 4000, "planned_steps": 20000, "validation_macro": 0.9704761904761905, "seconds": 48.42324432916939, "updated_unix": 1791212837.8507226}
{"job_id": "d256_l4_fixed_points_s17", "status": "running", "step": 5000, "planned_steps": 20000, "validation_macro": 0.9857142857142858, "seconds": 60.491388297174126, "updated_unix": 1791212849.966276}
{"job_id": "d256_l4_fixed_points_s17", "status": "running", "step": 6000, "planned_steps": 20000, "validation_macro": 0.9838095238095238, "seconds": 72.47021056711674, "updated_unix": 1791212861.8984535}
{"job_id": "d256_l4_fixed_points_s17", "status": "running", "step": 7000, "planned_steps": 20000, "validation_macro": 0.9938095238095238, "seconds": 84.19165072706528, "updated_unix": 1791212873.6209476}
{"job_id": "d256_l4_fixed_points_s17", "status": "running", "step": 8000, "planned_steps": 20000, "validation_macro": 0.991904761904762, "seconds": 96.13880483014509, "updated_unix": 1791212885.5667417}
{"job_id": "d256_l4_fixed_points_s17", "status": "running", "step": 9000, "planned_steps": 20000, "validation_macro": 0.9847619047619047, "seconds": 108.29817274212837, "updated_unix": 1791212897.7266612}
{"job_id": "d256_l4_fixed_points_s17", "status": "running", "step": 10000, "planned_steps": 20000, "validation_macro": 0.9876190476190476, "seconds": 120.44578291312791, "updated_unix": 1791212909.9282677}
{"job_id": "d256_l4_fixed_points_s17", "status": "running", "step": 11000, "planned_steps": 20000, "validation_macro": 0.9938095238095238, "seconds": 132.44399287109263, "updated_unix": 1791212921.871172}
{"job_id": "d256_l4_fixed_points_s17", "status": "running", "step": 12000, "planned_steps": 20000, "validation_macro": 0.9952380952380953, "seconds": 144.45049878302962, "updated_unix": 1791212933.8771055}
{"job_id": "d256_l4_fixed_points_s17", "status": "running", "step": 13000, "planned_steps": 20000, "validation_macro": 0.9971428571428571, "seconds": 156.7918534281198, "updated_unix": 1791212946.220532}
{"job_id": "d256_l4_fixed_points_s17", "status": "running", "step": 14000, "planned_steps": 20000, "validation_macro": 0.9976190476190476, "seconds": 168.75874337204732, "updated_unix": 1791212958.1888525}
{"job_id": "d256_l4_fixed_points_s17", "status": "running", "step": 15000, "planned_steps": 20000, "validation_macro": 1.0, "seconds": 180.57558896299452, "updated_unix": 1791212970.007284}
{"job_id": "d256_l4_fixed_points_s17", "status": "running", "step": 16000, "planned_steps": 20000, "validation_macro": 0.9976190476190476, "seconds": 192.2742513450794, "updated_unix": 1791212981.704811}
{"job_id": "d256_l4_fixed_points_s17", "status": "running", "step": 17000, "planned_steps": 20000, "validation_macro": 0.9990476190476191, "seconds": 204.6383739800658, "updated_unix": 1791212994.0682225}
{"job_id": "d256_l4_fixed_points_s17", "status": "running", "step": 18000, "planned_steps": 20000, "validation_macro": 0.9990476190476191, "seconds": 217.02008691919036, "updated_unix": 1791213006.449623}
{"job_id": "d256_l4_fixed_points_s17", "status": "running", "step": 19000, "planned_steps": 20000, "validation_macro": 0.9990476190476191, "seconds": 228.8336798180826, "updated_unix": 1791213018.2606878}
{"job_id": "d256_l4_fixed_points_s17", "status": "running", "step": 20000, "planned_steps": 20000, "validation_macro": 0.9990476190476191, "seconds": 240.59232974913903, "updated_unix": 1791213030.0693789}
{"job_id": "d256_l4_exceedances_s17", "status": "running", "step": 1000, "planned_steps": 20000, "validation_macro": 0.39380952380952383, "seconds": 12.259457064094022, "updated_unix": 1791213045.2852647}
{"job_id": "d256_l4_exceedances_s17", "status": "running", "step": 2000, "planned_steps": 20000, "validation_macro": 0.6571428571428571, "seconds": 23.86282628402114, "updated_unix": 1791213056.8910599}
{"job_id": "d256_l4_exceedances_s17", "status": "running", "step": 3000, "planned_steps": 20000, "validation_macro": 0.7333333333333333, "seconds": 35.6523404000327, "updated_unix": 1791213068.6790364}
{"job_id": "d256_l4_exceedances_s17", "status": "running", "step": 4000, "planned_steps": 20000, "validation_macro": 0.8823809523809524, "seconds": 48.01612559496425, "updated_unix": 1791213081.0420926}
{"job_id": "d256_l4_exceedances_s17", "status": "running", "step": 5000, "planned_steps": 20000, "validation_macro": 0.8995238095238095, "seconds": 59.911084935069084, "updated_unix": 1791213092.9817886}
{"job_id": "d256_l4_exceedances_s17", "status": "running", "step": 6000, "planned_steps": 20000, "validation_macro": 0.9414285714285714, "seconds": 71.87964008096606, "updated_unix": 1791213104.90661}
{"job_id": "d256_l4_exceedances_s17", "status": "running", "step": 7000, "planned_steps": 20000, "validation_macro": 0.8752380952380953, "seconds": 84.39911765907891, "updated_unix": 1791213117.423954}
{"job_id": "d256_l4_exceedances_s17", "status": "running", "step": 8000, "planned_steps": 20000, "validation_macro": 0.94, "seconds": 96.65658275899477, "updated_unix": 1791213129.683744}
{"job_id": "d256_l4_exceedances_s17", "status": "running", "step": 9000, "planned_steps": 20000, "validation_macro": 0.9376190476190476, "seconds": 108.50185905303806, "updated_unix": 1791213141.5275311}
{"job_id": "d256_l4_exceedances_s17", "status": "running", "step": 10000, "planned_steps": 20000, "validation_macro": 0.9885714285714285, "seconds": 120.70945102605037, "updated_unix": 1791213153.7816057}
{"job_id": "d256_l4_exceedances_s17", "status": "running", "step": 11000, "planned_steps": 20000, "validation_macro": 0.9557142857142857, "seconds": 132.69987671007402, "updated_unix": 1791213165.728075}
{"job_id": "d256_l4_exceedances_s17", "status": "running", "step": 12000, "planned_steps": 20000, "validation_macro": 0.9895238095238095, "seconds": 144.7027344519738, "updated_unix": 1791213177.7271132}
{"job_id": "d256_l4_exceedances_s17", "status": "running", "step": 13000, "planned_steps": 20000, "validation_macro": 0.9933333333333333, "seconds": 156.63276866613887, "updated_unix": 1791213189.6595418}
{"job_id": "d256_l4_exceedances_s17", "status": "running", "step": 14000, "planned_steps": 20000, "validation_macro": 0.9976190476190476, "seconds": 168.3245825280901, "updated_unix": 1791213201.3510425}
{"job_id": "d256_l4_exceedances_s17", "status": "running", "step": 15000, "planned_steps": 20000, "validation_macro": 0.9971428571428571, "seconds": 180.0738258350175, "updated_unix": 1791213213.0994146}
{"job_id": "d256_l4_exceedances_s17", "status": "running", "step": 16000, "planned_steps": 20000, "validation_macro": 0.9985714285714286, "seconds": 192.3411349270027, "updated_unix": 1791213225.370291}
{"job_id": "d256_l4_exceedances_s17", "status": "running", "step": 17000, "planned_steps": 20000, "validation_macro": 0.9995238095238095, "seconds": 204.78170779999346, "updated_unix": 1791213237.8100958}
{"job_id": "d256_l4_exceedances_s17", "status": "running", "step": 18000, "planned_steps": 20000, "validation_macro": 0.9985714285714286, "seconds": 216.7285508790519, "updated_unix": 1791213249.75724}
{"job_id": "d256_l4_exceedances_s17", "status": "running", "step": 19000, "planned_steps": 20000, "validation_macro": 0.9980952380952381, "seconds": 228.80299957306124, "updated_unix": 1791213261.8285863}
{"job_id": "d256_l4_exceedances_s17", "status": "running", "step": 20000, "planned_steps": 20000, "validation_macro": 1.0, "seconds": 240.76594204013236, "updated_unix": 1791213273.839424}
{"job_id": "d256_l4_deficiencies_s17", "status": "running", "step": 1000, "planned_steps": 20000, "validation_macro": 0.5147619047619048, "seconds": 11.946936802007258, "updated_unix": 1791213288.902279}
{"job_id": "d256_l4_deficiencies_s17", "status": "running", "step": 2000, "planned_steps": 20000, "validation_macro": 0.7228571428571429, "seconds": 23.398361674975604, "updated_unix": 1791213300.354386}
{"job_id": "d256_l4_deficiencies_s17", "status": "running", "step": 3000, "planned_steps": 20000, "validation_macro": 0.7738095238095238, "seconds": 35.65530191385187, "updated_unix": 1791213312.6122508}
{"job_id": "d256_l4_deficiencies_s17", "status": "running", "step": 4000, "planned_steps": 20000, "validation_macro": 0.9223809523809524, "seconds": 47.49070159182884, "updated_unix": 1791213324.446145}
{"job_id": "d256_l4_deficiencies_s17", "status": "running", "step": 5000, "planned_steps": 20000, "validation_macro": 0.9033333333333333, "seconds": 59.74992687185295, "updated_unix": 1791213336.7559133}
{"job_id": "d256_l4_deficiencies_s17", "status": "running", "step": 6000, "planned_steps": 20000, "validation_macro": 0.9523809523809523, "seconds": 71.62721499498002, "updated_unix": 1791213348.583489}
{"job_id": "d256_l4_deficiencies_s17", "status": "running", "step": 7000, "planned_steps": 20000, "validation_macro": 0.9342857142857143, "seconds": 83.86193939181976, "updated_unix": 1791213360.8209739}
{"job_id": "d256_l4_deficiencies_s17", "status": "running", "step": 8000, "planned_steps": 20000, "validation_macro": 0.9414285714285714, "seconds": 95.93228539987467, "updated_unix": 1791213372.8914385}
{"job_id": "d256_l4_deficiencies_s17", "status": "running", "step": 9000, "planned_steps": 20000, "validation_macro": 0.9857142857142858, "seconds": 107.98683646903373, "updated_unix": 1791213384.9434605}
{"job_id": "d256_l4_deficiencies_s17", "status": "running", "step": 10000, "planned_steps": 20000, "validation_macro": 0.9914285714285714, "seconds": 120.19007808086462, "updated_unix": 1791213397.1946464}
{"job_id": "d256_l4_deficiencies_s17", "status": "running", "step": 11000, "planned_steps": 20000, "validation_macro": 0.9966666666666667, "seconds": 131.99877666286193, "updated_unix": 1791213408.955703}
{"job_id": "d256_l4_deficiencies_s17", "status": "running", "step": 12000, "planned_steps": 20000, "validation_macro": 0.9933333333333333, "seconds": 143.92312624887563, "updated_unix": 1791213420.877411}
{"job_id": "d256_l4_deficiencies_s17", "status": "running", "step": 13000, "planned_steps": 20000, "validation_macro": 0.9957142857142857, "seconds": 156.1443562868517, "updated_unix": 1791213433.1011016}
{"job_id": "d256_l4_deficiencies_s17", "status": "running", "step": 14000, "planned_steps": 20000, "validation_macro": 0.9909523809523809, "seconds": 168.18319794582203, "updated_unix": 1791213445.1398559}
{"job_id": "d256_l4_deficiencies_s17", "status": "running", "step": 15000, "planned_steps": 20000, "validation_macro": 0.9976190476190476, "seconds": 180.3009569698479, "updated_unix": 1791213457.2577329}
{"job_id": "d256_l4_deficiencies_s17", "status": "running", "step": 16000, "planned_steps": 20000, "validation_macro": 0.9990476190476191, "seconds": 192.52638004696928, "updated_unix": 1791213469.483067}
{"job_id": "d256_l4_deficiencies_s17", "status": "running", "step": 17000, "planned_steps": 20000, "validation_macro": 0.9990476190476191, "seconds": 204.4374342339579, "updated_unix": 1791213481.3942108}
{"job_id": "d256_l4_deficiencies_s17", "status": "running", "step": 18000, "planned_steps": 20000, "validation_macro": 0.9985714285714286, "seconds": 216.65793158882298, "updated_unix": 1791213493.614615}
{"job_id": "d256_l4_deficiencies_s17", "status": "running", "step": 19000, "planned_steps": 20000, "validation_macro": 0.9995238095238095, "seconds": 228.34389827493578, "updated_unix": 1791213505.2996948}
{"job_id": "d256_l4_deficiencies_s17", "status": "running", "step": 20000, "planned_steps": 20000, "validation_macro": 0.9985714285714286, "seconds": 240.7068638058845, "updated_unix": 1791213517.7109911}
{"job_id": "d256_l4_left_to_right_maxima_s17", "status": "running", "step": 1000, "planned_steps": 20000, "validation_macro": 0.4723809523809524, "seconds": 11.788511895108968, "updated_unix": 1791213532.637457}
{"job_id": "d256_l4_left_to_right_maxima_s17", "status": "running", "step": 2000, "planned_steps": 20000, "validation_macro": 0.6685714285714286, "seconds": 24.001053204992786, "updated_unix": 1791213544.856892}
{"job_id": "d256_l4_left_to_right_maxima_s17", "status": "running", "step": 3000, "planned_steps": 20000, "validation_macro": 0.7285714285714285, "seconds": 35.78992024296895, "updated_unix": 1791213556.6428874}
{"job_id": "d256_l4_left_to_right_maxima_s17", "status": "running", "step": 4000, "planned_steps": 20000, "validation_macro": 0.8366666666666667, "seconds": 48.204017858952284, "updated_unix": 1791213569.0607457}
{"job_id": "d256_l4_left_to_right_maxima_s17", "status": "running", "step": 5000, "planned_steps": 20000, "validation_macro": 0.8604761904761905, "seconds": 59.98542083008215, "updated_unix": 1791213580.8919477}
{"job_id": "d256_l4_left_to_right_maxima_s17", "status": "running", "step": 6000, "planned_steps": 20000, "validation_macro": 0.9338095238095238, "seconds": 72.15246787993237, "updated_unix": 1791213593.0046797}
{"job_id": "d256_l4_left_to_right_maxima_s17", "status": "running", "step": 7000, "planned_steps": 20000, "validation_macro": 0.9466666666666667, "seconds": 84.34930217801593, "updated_unix": 1791213605.2009485}
{"job_id": "d256_l4_left_to_right_maxima_s17", "status": "running", "step": 8000, "planned_steps": 20000, "validation_macro": 0.9714285714285714, "seconds": 96.64847082505003, "updated_unix": 1791213617.5017812}
{"job_id": "d256_l4_left_to_right_maxima_s17", "status": "running", "step": 9000, "planned_steps": 20000, "validation_macro": 0.98, "seconds": 108.8833532850258, "updated_unix": 1791213629.7376235}
{"job_id": "d256_l4_left_to_right_maxima_s17", "status": "running", "step": 10000, "planned_steps": 20000, "validation_macro": 0.9833333333333333, "seconds": 121.11589119909331, "updated_unix": 1791213642.017261}
{"job_id": "d256_l4_left_to_right_maxima_s17", "status": "running", "step": 11000, "planned_steps": 20000, "validation_macro": 0.9914285714285714, "seconds": 132.8160788998939, "updated_unix": 1791213653.6685185}
{"job_id": "d256_l4_left_to_right_maxima_s17", "status": "running", "step": 12000, "planned_steps": 20000, "validation_macro": 0.9971428571428571, "seconds": 144.55399698507972, "updated_unix": 1791213665.4053984}
{"job_id": "d256_l4_left_to_right_maxima_s17", "status": "running", "step": 13000, "planned_steps": 20000, "validation_macro": 0.9942857142857143, "seconds": 156.6619787120726, "updated_unix": 1791213677.514171}
{"job_id": "d256_l4_left_to_right_maxima_s17", "status": "running", "step": 14000, "planned_steps": 20000, "validation_macro": 0.9966666666666667, "seconds": 168.31066617905162, "updated_unix": 1791213689.1624823}
{"job_id": "d256_l4_left_to_right_maxima_s17", "status": "running", "step": 15000, "planned_steps": 20000, "validation_macro": 0.9980952380952381, "seconds": 180.34475079504773, "updated_unix": 1791213701.1963131}
{"job_id": "d256_l4_left_to_right_maxima_s17", "status": "running", "step": 16000, "planned_steps": 20000, "validation_macro": 0.9966666666666667, "seconds": 192.26082168403082, "updated_unix": 1791213713.1104221}
{"job_id": "d256_l4_left_to_right_maxima_s17", "status": "running", "step": 17000, "planned_steps": 20000, "validation_macro": 0.9990476190476191, "seconds": 204.28592118690722, "updated_unix": 1791213725.1388547}
{"job_id": "d256_l4_left_to_right_maxima_s17", "status": "running", "step": 18000, "planned_steps": 20000, "validation_macro": 0.9990476190476191, "seconds": 216.3149449978955, "updated_unix": 1791213737.1669524}
{"job_id": "d256_l4_left_to_right_maxima_s17", "status": "running", "step": 19000, "planned_steps": 20000, "validation_macro": 0.9995238095238095, "seconds": 228.23138685594313, "updated_unix": 1791213749.0820065}
{"job_id": "d256_l4_left_to_right_maxima_s17", "status": "running", "step": 20000, "planned_steps": 20000, "validation_macro": 0.9995238095238095, "seconds": 239.94789637508802, "updated_unix": 1791213760.8456423}
