{
  "status": "passed_for_completed_artifacts",
  "source_models": {
    "calibration": 9,
    "multi": 24,
    "single": 18
  },
  "globally_disjoint_inputs": 52290,
  "nested_shared_supports": true,
  "heldout_targets_absent_from_sources": true,
  "six_exact_label_identities": true,
  "architecture_choice_recomputed_from_source_validation": true,
  "source_code_and_checkpoint_hashes": true,
  "target_tuning_complete": true,
  "validation_policy_choices_recomputed": 36,
  "completed_transfer_models": 27,
  "unique_transfer_endpoints": 1080,
  "training_code_sha256": "c40cede331cb3a92e61a3a501421c067db2ce862ad1a5934dd31ec28b6802bca",
  "verifier_sha256": "6039bfd1d1cffe9b95ee1d46dea43ba3983a74c136db45245a551660aac0d34c"
}
